
> frontend@0.0.0 test
> vitest googleSpeechService.test.js --run


[1m[46m RUN [49m[22m [36mv4.0.18 [39m[90mC:/Users/Girish Kumar/LinguaAble/Accessible-Language-Learning-Platform/frontend[39m

node.exe : 
[90mstderr[2m | src
/tests/googleSpeechSe
rvice.test.js[2m > 
[22m[2mGoogle 
Speech Service 
Tests[2m > 
[22m[2mSuccessful 
Transcription[2m > 
[22m[2mshould 
transcribe audio 
with single result
At line:1 char:1
+ & "C:\Program Files
\nodejs/node.exe" 
"C:\Program 
Files\nodejs/node_mo 
...
+ ~~~~~~~~~~~~~~~~~~~
~~~~~~~~~~~~~~~~~~~~~
~~~~~~~~~~~~~~~~~~~~~
~~~~~~~~
    + CategoryInfo   
           : NotSpe  
  cified: ([90mst   
 derr[2m...h sin    
gle result:Strin    
g) [], RemoteExc    
eption
    + FullyQualified 
   ErrorId : Native  
  CommandError
 
[22m[39m[vitest] 
The vi.fn() mock did 
not use 'function' 
or 'class' in its 
implementation, see h
ttps://vitest.dev/api
/vi#vi-spyon for 
examples.

[90mstderr[2m | src
/tests/googleSpeechSe
rvice.test.js[2m > 
[22m[2mGoogle 
Speech Service 
Tests[2m > 
[22m[2mSuccessful 
Transcription[2m > 
[22m[2mshould 
transcribe audio 
with single result
[22m[39mGoogle 
Speech API Error: 
TypeError: () => 
mockFileReader is 
not a constructor
    at new Mock [90m
(file:///C:/Users/Gir
ish%20Kumar/LinguaAbl
e/Accessible-Language
-Learning-Platform/fr
ontend/[39mnode_modu
les/[4m@vitest/spy[
24m/dist/index.js:262
:27[90m)[39m
    at 
C:/Users/Girish Kumar
/LinguaAble/Accessibl
e-Language-Learning-P
latform/frontend/src/
utils/googleSpeechSer
vice.js:12:24
    at new Promise 
(<anonymous>)
    at blobToBase64 
(C:/Users/Girish Kuma
r/LinguaAble/Accessib
le-Language-Learning-
Platform/frontend/src
/utils/googleSpeechSe
rvice.js:11:12)
    at Module.transcr
ibeAudio 
(C:/Users/Girish Kuma
r/LinguaAble/Accessib
le-Language-Learning-
Platform/frontend/src
/utils/googleSpeechSe
rvice.js:29:35)
    at 
C:/Users/Girish Kumar
/LinguaAble/Accessibl
e-Language-Learning-P
latform/frontend/src/
tests/googleSpeechSer
vice.test.js:54:34
    at [90mfile:///C
:/Users/Girish%20Kuma
r/LinguaAble/Accessib
le-Language-Learning-
Platform/frontend/[3
9mnode_modules/[4m@v
itest/runner[24m/dis
t/index.js:145:11
    at [90mfile:///C
:/Users/Girish%20Kuma
r/LinguaAble/Accessib
le-Language-Learning-
Platform/frontend/[3
9mnode_modules/[4m@v
itest/runner[24m/dis
t/index.js:915:26
    at [90mfile:///C
:/Users/Girish%20Kuma
r/LinguaAble/Accessib
le-Language-Learning-
Platform/frontend/[3
9mnode_modules/[4m@v
itest/runner[24m/dis
t/index.js:1243:20
    at new Promise 
(<anonymous>)

[90mstderr[2m | src
/tests/googleSpeechSe
rvice.test.js[2m > 
[22m[2mGoogle 
Speech Service 
Tests[2m > 
[22m[2mSuccessful 
Transcription[2m > 
[22m[2mshould 
combine multiple 
transcription results
[22m[39m[vitest] 
The vi.fn() mock did 
not use 'function' 
or 'class' in its 
implementation, see h
ttps://vitest.dev/api
/vi#vi-spyon for 
examples.

[90mstderr[2m | src
/tests/googleSpeechSe
rvice.test.js[2m > 
[22m[2mGoogle 
Speech Service 
Tests[2m > 
[22m[2mSuccessful 
Transcription[2m > 
[22m[2mshould 
combine multiple 
transcription results
[22m[39mGoogle 
Speech API Error: 
TypeError: () => 
mockFileReader is 
not a constructor
    at new Mock [90m
(file:///C:/Users/Gir
ish%20Kumar/LinguaAbl
e/Accessible-Language
-Learning-Platform/fr
ontend/[39mnode_modu
les/[4m@vitest/spy[
24m/dist/index.js:262
:27[90m)[39m
    at 
C:/Users/Girish Kumar
/LinguaAble/Accessibl
e-Language-Learning-P
latform/frontend/src/
utils/googleSpeechSer
vice.js:12:24
    at new Promise 
(<anonymous>)
    at blobToBase64 
(C:/Users/Girish Kuma
r/LinguaAble/Accessib
le-Language-Learning-
Platform/frontend/src
/utils/googleSpeechSe
rvice.js:11:12)
    at Module.transcr
ibeAudio 
(C:/Users/Girish Kuma
r/LinguaAble/Accessib
le-Language-Learning-
Platform/frontend/src
/utils/googleSpeechSe
rvice.js:29:35)
    at 
C:/Users/Girish Kumar
/LinguaAble/Accessibl
e-Language-Learning-P
latform/frontend/src/
tests/googleSpeechSer
vice.test.js:77:34
    at [90mfile:///C
:/Users/Girish%20Kuma
r/LinguaAble/Accessib
le-Language-Learning-
Platform/frontend/[3
9mnode_modules/[4m@v
itest/runner[24m/dis
t/index.js:145:11
    at [90mfile:///C
:/Users/Girish%20Kuma
r/LinguaAble/Accessib
le-Language-Learning-
Platform/frontend/[3
9mnode_modules/[4m@v
itest/runner[24m/dis
t/index.js:915:26
    at [90mfile:///C
:/Users/Girish%20Kuma
r/LinguaAble/Accessib
le-Language-Learning-
Platform/frontend/[3
9mnode_modules/[4m@v
itest/runner[24m/dis
t/index.js:1243:20
    at new Promise 
(<anonymous>)

[90mstderr[2m | src
/tests/googleSpeechSe
rvice.test.js[2m > 
[22m[2mGoogle 
Speech Service 
Tests[2m > 
[22m[2mSuccessful 
Transcription[2m > 
[22m[2mshould 
return empty string 
when no speech 
detected
[22m[39m[vitest] 
The vi.fn() mock did 
not use 'function' 
or 'class' in its 
implementation, see h
ttps://vitest.dev/api
/vi#vi-spyon for 
examples.

[90mstderr[2m | src
/tests/googleSpeechSe
rvice.test.js[2m > 
[22m[2mGoogle 
Speech Service 
Tests[2m > 
[22m[2mSuccessful 
Transcription[2m > 
[22m[2mshould 
return empty string 
when no speech 
detected
[22m[39mGoogle 
Speech API Error: 
TypeError: () => 
mockFileReader is 
not a constructor
    at new Mock [90m
(file:///C:/Users/Gir
ish%20Kumar/LinguaAbl
e/Accessible-Language
-Learning-Platform/fr
ontend/[39mnode_modu
les/[4m@vitest/spy[
24m/dist/index.js:262
:27[90m)[39m
    at 
C:/Users/Girish Kumar
/LinguaAble/Accessibl
e-Language-Learning-P
latform/frontend/src/
utils/googleSpeechSer
vice.js:12:24
    at new Promise 
(<anonymous>)
    at blobToBase64 
(C:/Users/Girish Kuma
r/LinguaAble/Accessib
le-Language-Learning-
Platform/frontend/src
/utils/googleSpeechSe
rvice.js:11:12)
    at Module.transcr
ibeAudio 
(C:/Users/Girish Kuma
r/LinguaAble/Accessib
le-Language-Learning-
Platform/frontend/src
/utils/googleSpeechSe
rvice.js:29:35)
    at 
C:/Users/Girish Kumar
/LinguaAble/Accessibl
e-Language-Learning-P
latform/frontend/src/
tests/googleSpeechSer
vice.test.js:95:34
    at [90mfile:///C
:/Users/Girish%20Kuma
r/LinguaAble/Accessib
le-Language-Learning-
Platform/frontend/[3
9mnode_modules/[4m@v
itest/runner[24m/dis
t/index.js:145:11
    at [90mfile:///C
:/Users/Girish%20Kuma
r/LinguaAble/Accessib
le-Language-Learning-
Platform/frontend/[3
9mnode_modules/[4m@v
itest/runner[24m/dis
t/index.js:915:26
    at [90mfile:///C
:/Users/Girish%20Kuma
r/LinguaAble/Accessib
le-Language-Learning-
Platform/frontend/[3
9mnode_modules/[4m@v
itest/runner[24m/dis
t/index.js:1243:20
    at new Promise 
(<anonymous>)

[90mstderr[2m | src
/tests/googleSpeechSe
rvice.test.js[2m > 
[22m[2mGoogle 
Speech Service 
Tests[2m > 
[22m[2mSuccessful 
Transcription[2m > 
[22m[2mshould 
return empty string 
when results is 
undefined
[22m[39m[vitest] 
The vi.fn() mock did 
not use 'function' 
or 'class' in its 
implementation, see h
ttps://vitest.dev/api
/vi#vi-spyon for 
examples.

[90mstderr[2m | src
/tests/googleSpeechSe
rvice.test.js[2m > 
[22m[2mGoogle 
Speech Service 
Tests[2m > 
[22m[2mSuccessful 
Transcription[2m > 
[22m[2mshould 
return empty string 
when results is 
undefined
[22m[39mGoogle 
Speech API Error: 
TypeError: () => 
mockFileReader is 
not a constructor
    at new Mock [90m
(file:///C:/Users/Gir
ish%20Kumar/LinguaAbl
e/Accessible-Language
-Learning-Platform/fr
ontend/[39mnode_modu
les/[4m@vitest/spy[
24m/dist/index.js:262
:27[90m)[39m
    at 
C:/Users/Girish Kumar
/LinguaAble/Accessibl
e-Language-Learning-P
latform/frontend/src/
utils/googleSpeechSer
vice.js:12:24
    at new Promise 
(<anonymous>)
    at blobToBase64 
(C:/Users/Girish Kuma
r/LinguaAble/Accessib
le-Language-Learning-
Platform/frontend/src
/utils/googleSpeechSe
rvice.js:11:12)
    at Module.transcr
ibeAudio 
(C:/Users/Girish Kuma
r/LinguaAble/Accessib
le-Language-Learning-
Platform/frontend/src
/utils/googleSpeechSe
rvice.js:29:35)
    at 
C:/Users/Girish Kumar
/LinguaAble/Accessibl
e-Language-Learning-P
latform/frontend/src/
tests/googleSpeechSer
vice.test.js:111:34
    at [90mfile:///C
:/Users/Girish%20Kuma
r/LinguaAble/Accessib
le-Language-Learning-
Platform/frontend/[3
9mnode_modules/[4m@v
itest/runner[24m/dis
t/index.js:145:11
    at [90mfile:///C
:/Users/Girish%20Kuma
r/LinguaAble/Accessib
le-Language-Learning-
Platform/frontend/[3
9mnode_modules/[4m@v
itest/runner[24m/dis
t/index.js:915:26
    at [90mfile:///C
:/Users/Girish%20Kuma
r/LinguaAble/Accessib
le-Language-Learning-
Platform/frontend/[3
9mnode_modules/[4m@v
itest/runner[24m/dis
t/index.js:1243:20
    at new Promise 
(<anonymous>)

[90mstderr[2m | src
/tests/googleSpeechSe
rvice.test.js[2m > 
[22m[2mGoogle 
Speech Service 
Tests[2m > 
[22m[2mSpeech 
Context (Phrase 
Boosting)[2m > 
[22m[2mshould 
include speech 
context when phrases 
provided
[22m[39m[vitest] 
The vi.fn() mock did 
not use 'function' 
or 'class' in its 
implementation, see h
ttps://vitest.dev/api
/vi#vi-spyon for 
examples.

[90mstderr[2m | src
/tests/googleSpeechSe
rvice.test.js[2m > 
[22m[2mGoogle 
Speech Service 
Tests[2m > 
[22m[2mSpeech 
Context (Phrase 
Boosting)[2m > 
[22m[2mshould 
include speech 
context when phrases 
provided
[22m[39mGoogle 
Speech API Error: 
TypeError: () => 
mockFileReader is 
not a constructor
    at new Mock [90m
(file:///C:/Users/Gir
ish%20Kumar/LinguaAbl
e/Accessible-Language
-Learning-Platform/fr
ontend/[39mnode_modu
les/[4m@vitest/spy[
24m/dist/index.js:262
:27[90m)[39m
    at 
C:/Users/Girish Kumar
/LinguaAble/Accessibl
e-Language-Learning-P
latform/frontend/src/
utils/googleSpeechSer
vice.js:12:24
    at new Promise 
(<anonymous>)
    at blobToBase64 
(C:/Users/Girish Kuma
r/LinguaAble/Accessib
le-Language-Learning-
Platform/frontend/src
/utils/googleSpeechSe
rvice.js:11:12)
    at Module.transcr
ibeAudio 
(C:/Users/Girish Kuma
r/LinguaAble/Accessib
le-Language-Learning-
Platform/frontend/src
/utils/googleSpeechSe
rvice.js:29:35)
    at 
C:/Users/Girish Kumar
/LinguaAble/Accessibl
e-Language-Learning-P
latform/frontend/src/
tests/googleSpeechSer
vice.test.js:135:19
    at [90mfile:///C
:/Users/Girish%20Kuma
r/LinguaAble/Accessib
le-Language-Learning-
Platform/frontend/[3
9mnode_modules/[4m@v
itest/runner[24m/dis
t/index.js:145:11
    at [90mfile:///C
:/Users/Girish%20Kuma
r/LinguaAble/Accessib
le-Language-Learning-
Platform/frontend/[3
9mnode_modules/[4m@v
itest/runner[24m/dis
t/index.js:915:26
    at [90mfile:///C
:/Users/Girish%20Kuma
r/LinguaAble/Accessib
le-Language-Learning-
Platform/frontend/[3
9mnode_modules/[4m@v
itest/runner[24m/dis
t/index.js:1243:20
    at new Promise 
(<anonymous>)

[90mstderr[2m | src
/tests/googleSpeechSe
rvice.test.js[2m > 
[22m[2mGoogle 
Speech Service 
Tests[2m > 
[22m[2mSpeech 
Context (Phrase 
Boosting)[2m > 
[22m[2mshould not 
include speech 
context when no 
phrases provided
[22m[39m[vitest] 
The vi.fn() mock did 
not use 'function' 
or 'class' in its 
implementation, see h
ttps://vitest.dev/api
/vi#vi-spyon for 
examples.

[90mstderr[2m | src
/tests/googleSpeechSe
rvice.test.js[2m > 
[22m[2mGoogle 
Speech Service 
Tests[2m > 
[22m[2mSpeech 
Context (Phrase 
Boosting)[2m > 
[22m[2mshould not 
include speech 
context when no 
phrases provided
[22m[39mGoogle 
Speech API Error: 
TypeError: () => 
mockFileReader is 
not a constructor
    at new Mock [90m
(file:///C:/Users/Gir
ish%20Kumar/LinguaAbl
e/Accessible-Language
-Learning-Platform/fr
ontend/[39mnode_modu
les/[4m@vitest/spy[
24m/dist/index.js:262
:27[90m)[39m
    at 
C:/Users/Girish Kumar
/LinguaAble/Accessibl
e-Language-Learning-P
latform/frontend/src/
utils/googleSpeechSer
vice.js:12:24
    at new Promise 
(<anonymous>)
    at blobToBase64 
(C:/Users/Girish Kuma
r/LinguaAble/Accessib
le-Language-Learning-
Platform/frontend/src
/utils/googleSpeechSe
rvice.js:11:12)
    at Module.transcr
ibeAudio 
(C:/Users/Girish Kuma
r/LinguaAble/Accessib
le-Language-Learning-
Platform/frontend/src
/utils/googleSpeechSe
rvice.js:29:35)
    at 
C:/Users/Girish Kumar
/LinguaAble/Accessibl
e-Language-Learning-P
latform/frontend/src/
tests/googleSpeechSer
vice.test.js:161:19
    at [90mfile:///C
:/Users/Girish%20Kuma
r/LinguaAble/Accessib
le-Language-Learning-
Platform/frontend/[3
9mnode_modules/[4m@v
itest/runner[24m/dis
t/index.js:145:11
    at [90mfile:///C
:/Users/Girish%20Kuma
r/LinguaAble/Accessib
le-Language-Learning-
Platform/frontend/[3
9mnode_modules/[4m@v
itest/runner[24m/dis
t/index.js:915:26
    at [90mfile:///C
:/Users/Girish%20Kuma
r/LinguaAble/Accessib
le-Language-Learning-
Platform/frontend/[3
9mnode_modules/[4m@v
itest/runner[24m/dis
t/index.js:1243:20
    at new Promise 
(<anonymous>)

[90mstderr[2m | src
/tests/googleSpeechSe
rvice.test.js[2m > 
[22m[2mGoogle 
Speech Service 
Tests[2m > 
[22m[2mSpeech 
Context (Phrase 
Boosting)[2m > 
[22m[2mshould not 
include speech 
context when empty 
array provided
[22m[39m[vitest] 
The vi.fn() mock did 
not use 'function' 
or 'class' in its 
implementation, see h
ttps://vitest.dev/api
/vi#vi-spyon for 
examples.

[90mstderr[2m | src
/tests/googleSpeechSe
rvice.test.js[2m > 
[22m[2mGoogle 
Speech Service 
Tests[2m > 
[22m[2mSpeech 
Context (Phrase 
Boosting)[2m > 
[22m[2mshould not 
include speech 
context when empty 
array provided
[22m[39mGoogle 
Speech API Error: 
TypeError: () => 
mockFileReader is 
not a constructor
    at new Mock [90m
(file:///C:/Users/Gir
ish%20Kumar/LinguaAbl
e/Accessible-Language
-Learning-Platform/fr
ontend/[39mnode_modu
les/[4m@vitest/spy[
24m/dist/index.js:262
:27[90m)[39m
    at 
C:/Users/Girish Kumar
/LinguaAble/Accessibl
e-Language-Learning-P
latform/frontend/src/
utils/googleSpeechSer
vice.js:12:24
    at new Promise 
(<anonymous>)
    at blobToBase64 
(C:/Users/Girish Kuma
r/LinguaAble/Accessib
le-Language-Learning-
Platform/frontend/src
/utils/googleSpeechSe
rvice.js:11:12)
    at Module.transcr
ibeAudio 
(C:/Users/Girish Kuma
r/LinguaAble/Accessib
le-Language-Learning-
Platform/frontend/src
/utils/googleSpeechSe
rvice.js:29:35)
    at 
C:/Users/Girish Kumar
/LinguaAble/Accessibl
e-Language-Learning-P
latform/frontend/src/
tests/googleSpeechSer
vice.test.js:182:19
    at [90mfile:///C
:/Users/Girish%20Kuma
r/LinguaAble/Accessib
le-Language-Learning-
Platform/frontend/[3
9mnode_modules/[4m@v
itest/runner[24m/dis
t/index.js:145:11
    at [90mfile:///C
:/Users/Girish%20Kuma
r/LinguaAble/Accessib
le-Language-Learning-
Platform/frontend/[3
9mnode_modules/[4m@v
itest/runner[24m/dis
t/index.js:915:26
    at [90mfile:///C
:/Users/Girish%20Kuma
r/LinguaAble/Accessib
le-Language-Learning-
Platform/frontend/[3
9mnode_modules/[4m@v
itest/runner[24m/dis
t/index.js:1243:20
    at new Promise 
(<anonymous>)

[90mstderr[2m | src
/tests/googleSpeechSe
rvice.test.js[2m > 
[22m[2mGoogle 
Speech Service 
Tests[2m > 
[22m[2mRequest 
Body Structure[2m > 
[22m[2mshould send 
correct audio 
encoding format
[22m[39m[vitest] 
The vi.fn() mock did 
not use 'function' 
or 'class' in its 
implementation, see h
ttps://vitest.dev/api
/vi#vi-spyon for 
examples.

[90mstderr[2m | src
/tests/googleSpeechSe
rvice.test.js[2m > 
[22m[2mGoogle 
Speech Service 
Tests[2m > 
[22m[2mRequest 
Body Structure[2m > 
[22m[2mshould send 
correct audio 
encoding format
[22m[39mGoogle 
Speech API Error: 
TypeError: () => 
mockFileReader is 
not a constructor
    at new Mock [90m
(file:///C:/Users/Gir
ish%20Kumar/LinguaAbl
e/Accessible-Language
-Learning-Platform/fr
ontend/[39mnode_modu
les/[4m@vitest/spy[
24m/dist/index.js:262
:27[90m)[39m
    at 
C:/Users/Girish Kumar
/LinguaAble/Accessibl
e-Language-Learning-P
latform/frontend/src/
utils/googleSpeechSer
vice.js:12:24
    at new Promise 
(<anonymous>)
    at blobToBase64 
(C:/Users/Girish Kuma
r/LinguaAble/Accessib
le-Language-Learning-
Platform/frontend/src
/utils/googleSpeechSe
rvice.js:11:12)
    at Module.transcr
ibeAudio 
(C:/Users/Girish Kuma
r/LinguaAble/Accessib
le-Language-Learning-
Platform/frontend/src
/utils/googleSpeechSe
rvice.js:29:35)
    at 
C:/Users/Girish Kumar
/LinguaAble/Accessibl
e-Language-Learning-P
latform/frontend/src/
tests/googleSpeechSer
vice.test.js:202:19
    at [90mfile:///C
:/Users/Girish%20Kuma
r/LinguaAble/Accessib
le-Language-Learning-
Platform/frontend/[3
9mnode_modules/[4m@v
itest/runner[24m/dis
t/index.js:145:11
    at [90mfile:///C
:/Users/Girish%20Kuma
r/LinguaAble/Accessib
le-Language-Learning-
Platform/frontend/[3
9mnode_modules/[4m@v
itest/runner[24m/dis
t/index.js:915:26
    at [90mfile:///C
:/Users/Girish%20Kuma
r/LinguaAble/Accessib
le-Language-Learning-
Platform/frontend/[3
9mnode_modules/[4m@v
itest/runner[24m/dis
t/index.js:1243:20
    at new Promise 
(<anonymous>)

[90mstderr[2m | src
/tests/googleSpeechSe
rvice.test.js[2m > 
[22m[2mGoogle 
Speech Service 
Tests[2m > 
[22m[2mRequest 
Body Structure[2m > 
[22m[2mshould send 
correct language code
[22m[39m[vitest] 
The vi.fn() mock did 
not use 'function' 
or 'class' in its 
implementation, see h
ttps://vitest.dev/api
/vi#vi-spyon for 
examples.

[90mstderr[2m | src
/tests/googleSpeechSe
rvice.test.js[2m > 
[22m[2mGoogle 
Speech Service 
Tests[2m > 
[22m[2mRequest 
Body Structure[2m > 
[22m[2mshould send 
correct language code
[22m[39mGoogle 
Speech API Error: 
TypeError: () => 
mockFileReader is 
not a constructor
    at new Mock [90m
(file:///C:/Users/Gir
ish%20Kumar/LinguaAbl
e/Accessible-Language
-Learning-Platform/fr
ontend/[39mnode_modu
les/[4m@vitest/spy[
24m/dist/index.js:262
:27[90m)[39m
    at 
C:/Users/Girish Kumar
/LinguaAble/Accessibl
e-Language-Learning-P
latform/frontend/src/
utils/googleSpeechSer
vice.js:12:24
    at new Promise 
(<anonymous>)
    at blobToBase64 
(C:/Users/Girish Kuma
r/LinguaAble/Accessib
le-Language-Learning-
Platform/frontend/src
/utils/googleSpeechSe
rvice.js:11:12)
    at Module.transcr
ibeAudio 
(C:/Users/Girish Kuma
r/LinguaAble/Accessib
le-Language-Learning-
Platform/frontend/src
/utils/googleSpeechSe
rvice.js:29:35)
    at 
C:/Users/Girish Kumar
/LinguaAble/Accessibl
e-Language-Learning-P
latform/frontend/src/
tests/googleSpeechSer
vice.test.js:219:19
    at [90mfile:///C
:/Users/Girish%20Kuma
r/LinguaAble/Accessib
le-Language-Learning-
Platform/frontend/[3
9mnode_modules/[4m@v
itest/runner[24m/dis
t/index.js:145:11
    at [90mfile:///C
:/Users/Girish%20Kuma
r/LinguaAble/Accessib
le-Language-Learning-
Platform/frontend/[3
9mnode_modules/[4m@v
itest/runner[24m/dis
t/index.js:915:26
    at [90mfile:///C
:/Users/Girish%20Kuma
r/LinguaAble/Accessib
le-Language-Learning-
Platform/frontend/[3
9mnode_modules/[4m@v
itest/runner[24m/dis
t/index.js:1243:20
    at new Promise 
(<anonymous>)

[90mstderr[2m | src
/tests/googleSpeechSe
rvice.test.js[2m > 
[22m[2mGoogle 
Speech Service 
Tests[2m > 
[22m[2mRequest 
Body Structure[2m > 
[22m[2mshould 
enable automatic 
punctuation
[22m[39m[vitest] 
The vi.fn() mock did 
not use 'function' 
or 'class' in its 
implementation, see h
ttps://vitest.dev/api
/vi#vi-spyon for 
examples.

[90mstderr[2m | src
/tests/googleSpeechSe
rvice.test.js[2m > 
[22m[2mGoogle 
Speech Service 
Tests[2m > 
[22m[2mRequest 
Body Structure[2m > 
[22m[2mshould 
enable automatic 
punctuation
[22m[39mGoogle 
Speech API Error: 
TypeError: () => 
mockFileReader is 
not a constructor
    at new Mock [90m
(file:///C:/Users/Gir
ish%20Kumar/LinguaAbl
e/Accessible-Language
-Learning-Platform/fr
ontend/[39mnode_modu
les/[4m@vitest/spy[
24m/dist/index.js:262
:27[90m)[39m
    at 
C:/Users/Girish Kumar
/LinguaAble/Accessibl
e-Language-Learning-P
latform/frontend/src/
utils/googleSpeechSer
vice.js:12:24
    at new Promise 
(<anonymous>)
    at blobToBase64 
(C:/Users/Girish Kuma
r/LinguaAble/Accessib
le-Language-Learning-
Platform/frontend/src
/utils/googleSpeechSe
rvice.js:11:12)
    at Module.transcr
ibeAudio 
(C:/Users/Girish Kuma
r/LinguaAble/Accessib
le-Language-Learning-
Platform/frontend/src
/utils/googleSpeechSe
rvice.js:29:35)
    at 
C:/Users/Girish Kumar
/LinguaAble/Accessibl
e-Language-Learning-P
latform/frontend/src/
tests/googleSpeechSer
vice.test.js:236:19
    at [90mfile:///C
:/Users/Girish%20Kuma
r/LinguaAble/Accessib
le-Language-Learning-
Platform/frontend/[3
9mnode_modules/[4m@v
itest/runner[24m/dis
t/index.js:145:11
    at [90mfile:///C
:/Users/Girish%20Kuma
r/LinguaAble/Accessib
le-Language-Learning-
Platform/frontend/[3
9mnode_modules/[4m@v
itest/runner[24m/dis
t/index.js:915:26
    at [90mfile:///C
:/Users/Girish%20Kuma
r/LinguaAble/Accessib
le-Language-Learning-
Platform/frontend/[3
9mnode_modules/[4m@v
itest/runner[24m/dis
t/index.js:1243:20
    at new Promise 
(<anonymous>)

[90mstderr[2m | src
/tests/googleSpeechSe
rvice.test.js[2m > 
[22m[2mGoogle 
Speech Service 
Tests[2m > 
[22m[2mRequest 
Body Structure[2m > 
[22m[2mshould use 
default model
[22m[39m[vitest] 
The vi.fn() mock did 
not use 'function' 
or 'class' in its 
implementation, see h
ttps://vitest.dev/api
/vi#vi-spyon for 
examples.

[90mstderr[2m | src
/tests/googleSpeechSe
rvice.test.js[2m > 
[22m[2mGoogle 
Speech Service 
Tests[2m > 
[22m[2mRequest 
Body Structure[2m > 
[22m[2mshould use 
default model
[22m[39mGoogle 
Speech API Error: 
TypeError: () => 
mockFileReader is 
not a constructor
    at new Mock [90m
(file:///C:/Users/Gir
ish%20Kumar/LinguaAbl
e/Accessible-Language
-Learning-Platform/fr
ontend/[39mnode_modu
les/[4m@vitest/spy[
24m/dist/index.js:262
:27[90m)[39m
    at 
C:/Users/Girish Kumar
/LinguaAble/Accessibl
e-Language-Learning-P
latform/frontend/src/
utils/googleSpeechSer
vice.js:12:24
    at new Promise 
(<anonymous>)
    at blobToBase64 
(C:/Users/Girish Kuma
r/LinguaAble/Accessib
le-Language-Learning-
Platform/frontend/src
/utils/googleSpeechSe
rvice.js:11:12)
    at Module.transcr
ibeAudio 
(C:/Users/Girish Kuma
r/LinguaAble/Accessib
le-Language-Learning-
Platform/frontend/src
/utils/googleSpeechSe
rvice.js:29:35)
    at 
C:/Users/Girish Kumar
/LinguaAble/Accessibl
e-Language-Learning-P
latform/frontend/src/
tests/googleSpeechSer
vice.test.js:253:19
    at [90mfile:///C
:/Users/Girish%20Kuma
r/LinguaAble/Accessib
le-Language-Learning-
Platform/frontend/[3
9mnode_modules/[4m@v
itest/runner[24m/dis
t/index.js:145:11
    at [90mfile:///C
:/Users/Girish%20Kuma
r/LinguaAble/Accessib
le-Language-Learning-
Platform/frontend/[3
9mnode_modules/[4m@v
itest/runner[24m/dis
t/index.js:915:26
    at [90mfile:///C
:/Users/Girish%20Kuma
r/LinguaAble/Accessib
le-Language-Learning-
Platform/frontend/[3
9mnode_modules/[4m@v
itest/runner[24m/dis
t/index.js:1243:20
    at new Promise 
(<anonymous>)

[90mstderr[2m | src
/tests/googleSpeechSe
rvice.test.js[2m > 
[22m[2mGoogle 
Speech Service 
Tests[2m > 
[22m[2mRequest 
Body Structure[2m > 
[22m[2mshould 
include base64 audio 
content
[22m[39m[vitest] 
The vi.fn() mock did 
not use 'function' 
or 'class' in its 
implementation, see h
ttps://vitest.dev/api
/vi#vi-spyon for 
examples.

[90mstderr[2m | src
/tests/googleSpeechSe
rvice.test.js[2m > 
[22m[2mGoogle 
Speech Service 
Tests[2m > 
[22m[2mRequest 
Body Structure[2m > 
[22m[2mshould 
include base64 audio 
content
[22m[39mGoogle 
Speech API Error: 
TypeError: () => 
mockFileReader is 
not a constructor
    at new Mock [90m
(file:///C:/Users/Gir
ish%20Kumar/LinguaAbl
e/Accessible-Language
-Learning-Platform/fr
ontend/[39mnode_modu
les/[4m@vitest/spy[
24m/dist/index.js:262
:27[90m)[39m
    at 
C:/Users/Girish Kumar
/LinguaAble/Accessibl
e-Language-Learning-P
latform/frontend/src/
utils/googleSpeechSer
vice.js:12:24
    at new Promise 
(<anonymous>)
    at blobToBase64 
(C:/Users/Girish Kuma
r/LinguaAble/Accessib
le-Language-Learning-
Platform/frontend/src
/utils/googleSpeechSe
rvice.js:11:12)
    at Module.transcr
ibeAudio 
(C:/Users/Girish Kuma
r/LinguaAble/Accessib
le-Language-Learning-
Platform/frontend/src
/utils/googleSpeechSe
rvice.js:29:35)
    at 
C:/Users/Girish Kumar
/LinguaAble/Accessibl
e-Language-Learning-P
latform/frontend/src/
tests/googleSpeechSer
vice.test.js:270:19
    at [90mfile:///C
:/Users/Girish%20Kuma
r/LinguaAble/Accessib
le-Language-Learning-
Platform/frontend/[3
9mnode_modules/[4m@v
itest/runner[24m/dis
t/index.js:145:11
    at [90mfile:///C
:/Users/Girish%20Kuma
r/LinguaAble/Accessib
le-Language-Learning-
Platform/frontend/[3
9mnode_modules/[4m@v
itest/runner[24m/dis
t/index.js:915:26
    at [90mfile:///C
:/Users/Girish%20Kuma
r/LinguaAble/Accessib
le-Language-Learning-
Platform/frontend/[3
9mnode_modules/[4m@v
itest/runner[24m/dis
t/index.js:1243:20
    at new Promise 
(<anonymous>)

[90mstderr[2m | src
/tests/googleSpeechSe
rvice.test.js[2m > 
[22m[2mGoogle 
Speech Service 
Tests[2m > 
[22m[2mError 
Handling[2m > 
[22m[2mshould 
throw error when API 
call fails
[22m[39m[vitest] 
The vi.fn() mock did 
not use 'function' 
or 'class' in its 
implementation, see h
ttps://vitest.dev/api
/vi#vi-spyon for 
examples.

[90mstderr[2m | src
/tests/googleSpeechSe
rvice.test.js[2m > 
[22m[2mGoogle 
Speech Service 
Tests[2m > 
[22m[2mError 
Handling[2m > 
[22m[2mshould 
throw error when API 
call fails
[22m[39mGoogle 
Speech API Error: 
TypeError: () => 
mockFileReader is 
not a constructor
    at new Mock [90m
(file:///C:/Users/Gir
ish%20Kumar/LinguaAbl
e/Accessible-Language
-Learning-Platform/fr
ontend/[39mnode_modu
les/[4m@vitest/spy[
24m/dist/index.js:262
:27[90m)[39m
    at 
C:/Users/Girish Kumar
/LinguaAble/Accessibl
e-Language-Learning-P
latform/frontend/src/
utils/googleSpeechSer
vice.js:12:24
    at new Promise 
(<anonymous>)
    at blobToBase64 
(C:/Users/Girish Kuma
r/LinguaAble/Accessib
le-Language-Learning-
Platform/frontend/src
/utils/googleSpeechSe
rvice.js:11:12)
    at Module.transcr
ibeAudio 
(C:/Users/Girish Kuma
r/LinguaAble/Accessib
le-Language-Learning-
Platform/frontend/src
/utils/googleSpeechSe
rvice.js:29:35)
    at 
C:/Users/Girish Kumar
/LinguaAble/Accessibl
e-Language-Learning-P
latform/frontend/src/
tests/googleSpeechSer
vice.test.js:289:26
    at [90mfile:///C
:/Users/Girish%20Kuma
r/LinguaAble/Accessib
le-Language-Learning-
Platform/frontend/[3
9mnode_modules/[4m@v
itest/runner[24m/dis
t/index.js:145:11
    at [90mfile:///C
:/Users/Girish%20Kuma
r/LinguaAble/Accessib
le-Language-Learning-
Platform/frontend/[3
9mnode_modules/[4m@v
itest/runner[24m/dis
t/index.js:915:26
    at [90mfile:///C
:/Users/Girish%20Kuma
r/LinguaAble/Accessib
le-Language-Learning-
Platform/frontend/[3
9mnode_modules/[4m@v
itest/runner[24m/dis
t/index.js:1243:20
    at new Promise 
(<anonymous>)

[90mstderr[2m | src
/tests/googleSpeechSe
rvice.test.js[2m > 
[22m[2mGoogle 
Speech Service 
Tests[2m > 
[22m[2mError 
Handling[2m > 
[22m[2mshould 
throw error when 
network fails
[22m[39m[vitest] 
The vi.fn() mock did 
not use 'function' 
or 'class' in its 
implementation, see h
ttps://vitest.dev/api
/vi#vi-spyon for 
examples.

[90mstderr[2m | src
/tests/googleSpeechSe
rvice.test.js[2m > 
[22m[2mGoogle 
Speech Service 
Tests[2m > 
[22m[2mError 
Handling[2m > 
[22m[2mshould 
throw error when 
network fails
[22m[39mGoogle 
Speech API Error: 
TypeError: () => 
mockFileReader is 
not a constructor
    at new Mock [90m
(file:///C:/Users/Gir
ish%20Kumar/LinguaAbl
e/Accessible-Language
-Learning-Platform/fr
ontend/[39mnode_modu
les/[4m@vitest/spy[
24m/dist/index.js:262
:27[90m)[39m
    at 
C:/Users/Girish Kumar
/LinguaAble/Accessibl
e-Language-Learning-P
latform/frontend/src/
utils/googleSpeechSer
vice.js:12:24
    at new Promise 
(<anonymous>)
    at blobToBase64 
(C:/Users/Girish Kuma
r/LinguaAble/Accessib
le-Language-Learning-
Platform/frontend/src
/utils/googleSpeechSe
rvice.js:11:12)
    at Module.transcr
ibeAudio 
(C:/Users/Girish Kuma
r/LinguaAble/Accessib
le-Language-Learning-
Platform/frontend/src
/utils/googleSpeechSe
rvice.js:29:35)
    at 
C:/Users/Girish Kumar
/LinguaAble/Accessibl
e-Language-Learning-P
latform/frontend/src/
tests/googleSpeechSer
vice.test.js:301:26
    at [90mfile:///C
:/Users/Girish%20Kuma
r/LinguaAble/Accessib
le-Language-Learning-
Platform/frontend/[3
9mnode_modules/[4m@v
itest/runner[24m/dis
t/index.js:145:11
    at [90mfile:///C
:/Users/Girish%20Kuma
r/LinguaAble/Accessib
le-Language-Learning-
Platform/frontend/[3
9mnode_modules/[4m@v
itest/runner[24m/dis
t/index.js:915:26
    at [90mfile:///C
:/Users/Girish%20Kuma
r/LinguaAble/Accessib
le-Language-Learning-
Platform/frontend/[3
9mnode_modules/[4m@v
itest/runner[24m/dis
t/index.js:1243:20
    at new Promise 
(<anonymous>)

[90mstderr[2m | src
/tests/googleSpeechSe
rvice.test.js[2m > 
[22m[2mGoogle 
Speech Service 
Tests[2m > 
[22m[2mError 
Handling[2m > 
[22m[2mshould 
handle FileReader 
error
[22m[39m[vitest] 
The vi.fn() mock did 
not use 'function' 
or 'class' in its 
implementation, see h
ttps://vitest.dev/api
/vi#vi-spyon for 
examples.

[90mstderr[2m | src
/tests/googleSpeechSe
rvice.test.js[2m > 
[22m[2mGoogle 
Speech Service 
Tests[2m > 
[22m[2mError 
Handling[2m > 
[22m[2mshould 
handle FileReader 
error
[22m[39mGoogle 
Speech API Error: 
TypeError: () => 
mockFileReader is 
not a constructor
    at new Mock [90m
(file:///C:/Users/Gir
ish%20Kumar/LinguaAbl
e/Accessible-Language
-Learning-Platform/fr
ontend/[39mnode_modu
les/[4m@vitest/spy[
24m/dist/index.js:262
:27[90m)[39m
    at 
C:/Users/Girish Kumar
/LinguaAble/Accessibl
e-Language-Learning-P
latform/frontend/src/
utils/googleSpeechSer
vice.js:12:24
    at new Promise 
(<anonymous>)
    at blobToBase64 
(C:/Users/Girish Kuma
r/LinguaAble/Accessib
le-Language-Learning-
Platform/frontend/src
/utils/googleSpeechSe
rvice.js:11:12)
    at Module.transcr
ibeAudio 
(C:/Users/Girish Kuma
r/LinguaAble/Accessib
le-Language-Learning-
Platform/frontend/src
/utils/googleSpeechSe
rvice.js:29:35)
    at 
C:/Users/Girish Kumar
/LinguaAble/Accessibl
e-Language-Learning-P
latform/frontend/src/
tests/googleSpeechSer
vice.test.js:311:26
    at [90mfile:///C
:/Users/Girish%20Kuma
r/LinguaAble/Accessib
le-Language-Learning-
Platform/frontend/[3
9mnode_modules/[4m@v
itest/runner[24m/dis
t/index.js:145:11
    at [90mfile:///C
:/Users/Girish%20Kuma
r/LinguaAble/Accessib
le-Language-Learning-
Platform/frontend/[3
9mnode_modules/[4m@v
itest/runner[24m/dis
t/index.js:915:26
    at [90mfile:///C
:/Users/Girish%20Kuma
r/LinguaAble/Accessib
le-Language-Learning-
Platform/frontend/[3
9mnode_modules/[4m@v
itest/runner[24m/dis
t/index.js:1243:20
    at new Promise 
(<anonymous>)

[90mstderr[2m | src
/tests/googleSpeechSe
rvice.test.js[2m > 
[22m[2mGoogle 
Speech Service 
Tests[2m > 
[22m[2mError 
Handling[2m > 
[22m[2mshould 
handle API rate 
limiting error
[22m[39m[vitest] 
The vi.fn() mock did 
not use 'function' 
or 'class' in its 
implementation, see h
ttps://vitest.dev/api
/vi#vi-spyon for 
examples.

[90mstderr[2m | src
/tests/googleSpeechSe
rvice.test.js[2m > 
[22m[2mGoogle 
Speech Service 
Tests[2m > 
[22m[2mError 
Handling[2m > 
[22m[2mshould 
handle API rate 
limiting error
[22m[39mGoogle 
Speech API Error: 
TypeError: () => 
mockFileReader is 
not a constructor
    at new Mock [90m
(file:///C:/Users/Gir
ish%20Kumar/LinguaAbl
e/Accessible-Language
-Learning-Platform/fr
ontend/[39mnode_modu
les/[4m@vitest/spy[
24m/dist/index.js:262
:27[90m)[39m
    at 
C:/Users/Girish Kumar
/LinguaAble/Accessibl
e-Language-Learning-P
latform/frontend/src/
utils/googleSpeechSer
vice.js:12:24
    at new Promise 
(<anonymous>)
    at blobToBase64 
(C:/Users/Girish Kuma
r/LinguaAble/Accessib
le-Language-Learning-
Platform/frontend/src
/utils/googleSpeechSe
rvice.js:11:12)
    at Module.transcr
ibeAudio 
(C:/Users/Girish Kuma
r/LinguaAble/Accessib
le-Language-Learning-
Platform/frontend/src
/utils/googleSpeechSe
rvice.js:29:35)
    at 
C:/Users/Girish Kumar
/LinguaAble/Accessibl
e-Language-Learning-P
latform/frontend/src/
tests/googleSpeechSer
vice.test.js:325:26
    at [90mfile:///C
:/Users/Girish%20Kuma
r/LinguaAble/Accessib
le-Language-Learning-
Platform/frontend/[3
9mnode_modules/[4m@v
itest/runner[24m/dis
t/index.js:145:11
    at [90mfile:///C
:/Users/Girish%20Kuma
r/LinguaAble/Accessib
le-Language-Learning-
Platform/frontend/[3
9mnode_modules/[4m@v
itest/runner[24m/dis
t/index.js:915:26
    at [90mfile:///C
:/Users/Girish%20Kuma
r/LinguaAble/Accessib
le-Language-Learning-
Platform/frontend/[3
9mnode_modules/[4m@v
itest/runner[24m/dis
t/index.js:1243:20
    at new Promise 
(<anonymous>)

[90mstderr[2m | src
/tests/googleSpeechSe
rvice.test.js[2m > 
[22m[2mGoogle 
Speech Service 
Tests[2m > 
[22m[2mError 
Handling[2m > 
[22m[2mshould 
handle unauthorized 
error
[22m[39m[vitest] 
The vi.fn() mock did 
not use 'function' 
or 'class' in its 
implementation, see h
ttps://vitest.dev/api
/vi#vi-spyon for 
examples.

[90mstderr[2m | src
/tests/googleSpeechSe
rvice.test.js[2m > 
[22m[2mGoogle 
Speech Service 
Tests[2m > 
[22m[2mError 
Handling[2m > 
[22m[2mshould 
handle unauthorized 
error
[22m[39mGoogle 
Speech API Error: 
TypeError: () => 
mockFileReader is 
not a constructor
    at new Mock [90m
(file:///C:/Users/Gir
ish%20Kumar/LinguaAbl
e/Accessible-Language
-Learning-Platform/fr
ontend/[39mnode_modu
les/[4m@vitest/spy[
24m/dist/index.js:262
:27[90m)[39m
    at 
C:/Users/Girish Kumar
/LinguaAble/Accessibl
e-Language-Learning-P
latform/frontend/src/
utils/googleSpeechSer
vice.js:12:24
    at new Promise 
(<anonymous>)
    at blobToBase64 
(C:/Users/Girish Kuma
r/LinguaAble/Accessib
le-Language-Learning-
Platform/frontend/src
/utils/googleSpeechSe
rvice.js:11:12)
    at Module.transcr
ibeAudio 
(C:/Users/Girish Kuma
r/LinguaAble/Accessib
le-Language-Learning-
Platform/frontend/src
/utils/googleSpeechSe
rvice.js:29:35)
    at 
C:/Users/Girish Kumar
/LinguaAble/Accessibl
e-Language-Learning-P
latform/frontend/src/
tests/googleSpeechSer
vice.test.js:339:26
    at [90mfile:///C
:/Users/Girish%20Kuma
r/LinguaAble/Accessib
le-Language-Learning-
Platform/frontend/[3
9mnode_modules/[4m@v
itest/runner[24m/dis
t/index.js:145:11
    at [90mfile:///C
:/Users/Girish%20Kuma
r/LinguaAble/Accessib
le-Language-Learning-
Platform/frontend/[3
9mnode_modules/[4m@v
itest/runner[24m/dis
t/index.js:915:26
    at [90mfile:///C
:/Users/Girish%20Kuma
r/LinguaAble/Accessib
le-Language-Learning-
Platform/frontend/[3
9mnode_modules/[4m@v
itest/runner[24m/dis
t/index.js:1243:20
    at new Promise 
(<anonymous>)

[90mstderr[2m | src
/tests/googleSpeechSe
rvice.test.js[2m > 
[22m[2mGoogle 
Speech Service 
Tests[2m > 
[22m[2mBase64 
Encoding[2m > 
[22m[2mshould 
correctly extract 
base64 from data URL
[22m[39m[vitest] 
The vi.fn() mock did 
not use 'function' 
or 'class' in its 
implementation, see h
ttps://vitest.dev/api
/vi#vi-spyon for 
examples.

[90mstderr[2m | src
/tests/googleSpeechSe
rvice.test.js[2m > 
[22m[2mGoogle 
Speech Service 
Tests[2m > 
[22m[2mBase64 
Encoding[2m > 
[22m[2mshould 
correctly extract 
base64 from data URL
[22m[39mGoogle 
Speech API Error: 
TypeError: () => 
mockFileReader is 
not a constructor
    at new Mock [90m
(file:///C:/Users/Gir
ish%20Kumar/LinguaAbl
e/Accessible-Language
-Learning-Platform/fr
ontend/[39mnode_modu
les/[4m@vitest/spy[
24m/dist/index.js:262
:27[90m)[39m
    at 
C:/Users/Girish Kumar
/LinguaAble/Accessibl
e-Language-Learning-P
latform/frontend/src/
utils/googleSpeechSer
vice.js:12:24
    at new Promise 
(<anonymous>)
    at blobToBase64 
(C:/Users/Girish Kuma
r/LinguaAble/Accessib
le-Language-Learning-
Platform/frontend/src
/utils/googleSpeechSe
rvice.js:11:12)
    at Module.transcr
ibeAudio 
(C:/Users/Girish Kuma
r/LinguaAble/Accessib
le-Language-Learning-
Platform/frontend/src
/utils/googleSpeechSe
rvice.js:29:35)
    at 
C:/Users/Girish Kumar
/LinguaAble/Accessibl
e-Language-Learning-P
latform/frontend/src/
tests/googleSpeechSer
vice.test.js:357:19
    at [90mfile:///C
:/Users/Girish%20Kuma
r/LinguaAble/Accessib
le-Language-Learning-
Platform/frontend/[3
9mnode_modules/[4m@v
itest/runner[24m/dis
t/index.js:145:11
    at [90mfile:///C
:/Users/Girish%20Kuma
r/LinguaAble/Accessib
le-Language-Learning-
Platform/frontend/[3
9mnode_modules/[4m@v
itest/runner[24m/dis
t/index.js:915:26
    at [90mfile:///C
:/Users/Girish%20Kuma
r/LinguaAble/Accessib
le-Language-Learning-
Platform/frontend/[3
9mnode_modules/[4m@v
itest/runner[24m/dis
t/index.js:1243:20
    at new Promise 
(<anonymous>)

[90mstderr[2m | src
/tests/googleSpeechSe
rvice.test.js[2m > 
[22m[2mGoogle 
Speech Service 
Tests[2m > 
[22m[2mBase64 
Encoding[2m > 
[22m[2mshould 
handle different 
audio formats in 
data URL
[22m[39m[vitest] 
The vi.fn() mock did 
not use 'function' 
or 'class' in its 
implementation, see h
ttps://vitest.dev/api
/vi#vi-spyon for 
examples.

[90mstderr[2m | src
/tests/googleSpeechSe
rvice.test.js[2m > 
[22m[2mGoogle 
Speech Service 
Tests[2m > 
[22m[2mBase64 
Encoding[2m > 
[22m[2mshould 
handle different 
audio formats in 
data URL
[22m[39mGoogle 
Speech API Error: 
TypeError: () => 
mockFileReader is 
not a constructor
    at new Mock [90m
(file:///C:/Users/Gir
ish%20Kumar/LinguaAbl
e/Accessible-Language
-Learning-Platform/fr
ontend/[39mnode_modu
les/[4m@vitest/spy[
24m/dist/index.js:262
:27[90m)[39m
    at 
C:/Users/Girish Kumar
/LinguaAble/Accessibl
e-Language-Learning-P
latform/frontend/src/
utils/googleSpeechSer
vice.js:12:24
    at new Promise 
(<anonymous>)
    at blobToBase64 
(C:/Users/Girish Kuma
r/LinguaAble/Accessib
le-Language-Learning-
Platform/frontend/src
/utils/googleSpeechSe
rvice.js:11:12)
    at Module.transcr
ibeAudio 
(C:/Users/Girish Kuma
r/LinguaAble/Accessib
le-Language-Learning-
Platform/frontend/src
/utils/googleSpeechSe
rvice.js:29:35)
    at 
C:/Users/Girish Kumar
/LinguaAble/Accessibl
e-Language-Learning-P
latform/frontend/src/
tests/googleSpeechSer
vice.test.js:375:19
    at [90mfile:///C
:/Users/Girish%20Kuma
r/LinguaAble/Accessib
le-Language-Learning-
Platform/frontend/[3
9mnode_modules/[4m@v
itest/runner[24m/dis
t/index.js:145:11
    at [90mfile:///C
:/Users/Girish%20Kuma
r/LinguaAble/Accessib
le-Language-Learning-
Platform/frontend/[3
9mnode_modules/[4m@v
itest/runner[24m/dis
t/index.js:915:26
    at [90mfile:///C
:/Users/Girish%20Kuma
r/LinguaAble/Accessib
le-Language-Learning-
Platform/frontend/[3
9mnode_modules/[4m@v
itest/runner[24m/dis
t/index.js:1243:20
    at new Promise 
(<anonymous>)

 [31mΓ¥»[39m src/tests/googleSpeechService.test.js [2m([22m[2m19 tests[22m[2m | [22m[31m19 failed[39m[2m)[22m[32m 64[2mms[22m[39m
[31m       [31m├ù[31m should transcribe audio with single result[39m[32m 14[2mms[22m[39m
[31m       [31m├ù[31m should combine multiple transcription results[39m[32m 2[2mms[22m[39m
[31m       [31m├ù[31m should return empty string when no speech detected[39m[32m 2[2mms[22m[39m
[31m       [31m├ù[31m should return empty string when results is undefined[39m[32m 2[2mms[22m[39m
[31m       [31m├ù[31m should include speech context when phrases provided[39m[32m 2[2mms[22m[39m
[31m       [31m├ù[31m should not include speech context when no phrases provided[39m[32m 2[2mms[22m[39m
[31m       [31m├ù[31m should not include speech context when empty array provided[39m[32m 2[2mms[22m[39m
[31m       [31m├ù[31m should send correct audio encoding format[39m[32m 2[2mms[22m[39m
[31m       [31m├ù[31m should send correct language code[39m[32m 2[2mms[22m[39m
[31m       [31m├ù[31m should enable automatic punctuation[39m[32m 3[2mms[22m[39m
[31m       [31m├ù[31m should use default model[39m[32m 1[2mms[22m[39m
[31m       [31m├ù[31m should include base64 audio content[39m[32m 5[2mms[22m[39m
[31m       [31m├ù[31m should throw error when API call fails[39m[32m 9[2mms[22m[39m
[31m       [31m├ù[31m should throw error when network fails[39m[32m 3[2mms[22m[39m
[31m       [31m├ù[31m should handle FileReader error[39m[32m 3[2mms[22m[39m
[31m       [31m├ù[31m should handle API rate limiting error[39m[32m 2[2mms[22m[39m
[31m       [31m├ù[31m should handle unauthorized error[39m[32m 2[2mms[22m[39m
[31m       [31m├ù[31m should correctly extract base64 from data URL[39m[32m 1[2mms[22m[39m
[31m       [31m├ù[31m should handle different audio formats in data URL[39m[32m 1[2mms[22m[39m

[31mΓÄ»ΓÄ»ΓÄ»ΓÄ»ΓÄ»Γ
Ä»[39m[1m[41m 
Failed Tests 19 [49m
[22m[31mΓÄ»ΓÄ»ΓÄ»ΓÄ
»ΓÄ»ΓÄ»ΓÄ»[39m

[41m[1m FAIL 
[22m[49m src/tests/
googleSpeechService.t
est.js[2m > 
[22mGoogle Speech 
Service Tests[2m > 
[22mSuccessful 
Transcription[2m > 
[22mshould 
transcribe audio 
with single result
[31m[1mTypeError[2
2m: () => 
mockFileReader is 
not a 
constructor[39m
[36m [2mΓ¥»[22m sr
c/utils/googleSpeechS
ervice.js:[2m12:24[
22m[39m
    [90m 10| 
[39m[35mconst[39m 
blobToBase64 
[33m=[39m (blob) 
[33m=>[39m {
    [90m 11| [39m  
  [35mreturn[39m 
[35mnew[39m [33mPr
omise[39m((resolve[
33m,[39m reject) 
[33m=>[39m {
    [90m 12| [39m  
      
[35mconst[39m 
reader [33m=[39m 
[35mnew[39m [33mFi
leReader[39m()[33m;
[39m
    [90m   | [39m  
                     
[31m^[39m
    [90m 13| [39m  
      reader[33m.[3
9m[34mreadAsDataURL
[39m(blob)[33m;[39m
    [90m 14| [39m  
      reader[33m.[3
9monloadend 
[33m=[39m () 
[33m=>[39m {
[90m [2mΓ¥»[22m 
blobToBase64 src/util
s/googleSpeechService
.js:[2m11:12[22m[3
9m
[90m [2mΓ¥»[22m Mo
dule.transcribeAudio 
src/utils/googleSpeec
hService.js:[2m29:35
[22m[39m
[90m [2mΓ¥»[22m sr
c/tests/googleSpeechS
ervice.test.js:[2m54
:34[22m[39m

[31m[2mΓÄ»ΓÄ»ΓÄ»ΓÄ»
ΓÄ»ΓÄ»ΓÄ»ΓÄ»ΓÄ»ΓÄ»ΓÄ»
ΓÄ»ΓÄ»ΓÄ»ΓÄ»ΓÄ»ΓÄ»ΓÄ»
ΓÄ»ΓÄ»ΓÄ»ΓÄ»ΓÄ»[1/19]
ΓÄ»[22m[39m

[41m[1m FAIL 
[22m[49m src/tests/
googleSpeechService.t
est.js[2m > 
[22mGoogle Speech 
Service Tests[2m > 
[22mSuccessful 
Transcription[2m > 
[22mshould combine 
multiple 
transcription results
[31m[1mTypeError[2
2m: () => 
mockFileReader is 
not a 
constructor[39m
[36m [2mΓ¥»[22m sr
c/utils/googleSpeechS
ervice.js:[2m12:24[
22m[39m
    [90m 10| 
[39m[35mconst[39m 
blobToBase64 
[33m=[39m (blob) 
[33m=>[39m {
    [90m 11| [39m  
  [35mreturn[39m 
[35mnew[39m [33mPr
omise[39m((resolve[
33m,[39m reject) 
[33m=>[39m {
    [90m 12| [39m  
      
[35mconst[39m 
reader [33m=[39m 
[35mnew[39m [33mFi
leReader[39m()[33m;
[39m
    [90m   | [39m  
                     
[31m^[39m
    [90m 13| [39m  
      reader[33m.[3
9m[34mreadAsDataURL
[39m(blob)[33m;[39m
    [90m 14| [39m  
      reader[33m.[3
9monloadend 
[33m=[39m () 
[33m=>[39m {
[90m [2mΓ¥»[22m 
blobToBase64 src/util
s/googleSpeechService
.js:[2m11:12[22m[3
9m
[90m [2mΓ¥»[22m Mo
dule.transcribeAudio 
src/utils/googleSpeec
hService.js:[2m29:35
[22m[39m
[90m [2mΓ¥»[22m sr
c/tests/googleSpeechS
ervice.test.js:[2m77
:34[22m[39m

[31m[2mΓÄ»ΓÄ»ΓÄ»ΓÄ»
ΓÄ»ΓÄ»ΓÄ»ΓÄ»ΓÄ»ΓÄ»ΓÄ»
ΓÄ»ΓÄ»ΓÄ»ΓÄ»ΓÄ»ΓÄ»ΓÄ»
ΓÄ»ΓÄ»ΓÄ»ΓÄ»ΓÄ»[2/19]
ΓÄ»[22m[39m

[41m[1m FAIL 
[22m[49m src/tests/
googleSpeechService.t
est.js[2m > 
[22mGoogle Speech 
Service Tests[2m > 
[22mSuccessful 
Transcription[2m > 
[22mshould return 
empty string when no 
speech detected
[31m[1mTypeError[2
2m: () => 
mockFileReader is 
not a 
constructor[39m
[36m [2mΓ¥»[22m sr
c/utils/googleSpeechS
ervice.js:[2m12:24[
22m[39m
    [90m 10| 
[39m[35mconst[39m 
blobToBase64 
[33m=[39m (blob) 
[33m=>[39m {
    [90m 11| [39m  
  [35mreturn[39m 
[35mnew[39m [33mPr
omise[39m((resolve[
33m,[39m reject) 
[33m=>[39m {
    [90m 12| [39m  
      
[35mconst[39m 
reader [33m=[39m 
[35mnew[39m [33mFi
leReader[39m()[33m;
[39m
    [90m   | [39m  
                     
[31m^[39m
    [90m 13| [39m  
      reader[33m.[3
9m[34mreadAsDataURL
[39m(blob)[33m;[39m
    [90m 14| [39m  
      reader[33m.[3
9monloadend 
[33m=[39m () 
[33m=>[39m {
[90m [2mΓ¥»[22m 
blobToBase64 src/util
s/googleSpeechService
.js:[2m11:12[22m[3
9m
[90m [2mΓ¥»[22m Mo
dule.transcribeAudio 
src/utils/googleSpeec
hService.js:[2m29:35
[22m[39m
[90m [2mΓ¥»[22m sr
c/tests/googleSpeechS
ervice.test.js:[2m95
:34[22m[39m

[31m[2mΓÄ»ΓÄ»ΓÄ»ΓÄ»
ΓÄ»ΓÄ»ΓÄ»ΓÄ»ΓÄ»ΓÄ»ΓÄ»
ΓÄ»ΓÄ»ΓÄ»ΓÄ»ΓÄ»ΓÄ»ΓÄ»
ΓÄ»ΓÄ»ΓÄ»ΓÄ»ΓÄ»[3/19]
ΓÄ»[22m[39m

[41m[1m FAIL 
[22m[49m src/tests/
googleSpeechService.t
est.js[2m > 
[22mGoogle Speech 
Service Tests[2m > 
[22mSuccessful 
Transcription[2m > 
[22mshould return 
empty string when 
results is undefined
[31m[1mTypeError[2
2m: () => 
mockFileReader is 
not a 
constructor[39m
[36m [2mΓ¥»[22m sr
c/utils/googleSpeechS
ervice.js:[2m12:24[
22m[39m
    [90m 10| 
[39m[35mconst[39m 
blobToBase64 
[33m=[39m (blob) 
[33m=>[39m {
    [90m 11| [39m  
  [35mreturn[39m 
[35mnew[39m [33mPr
omise[39m((resolve[
33m,[39m reject) 
[33m=>[39m {
    [90m 12| [39m  
      
[35mconst[39m 
reader [33m=[39m 
[35mnew[39m [33mFi
leReader[39m()[33m;
[39m
    [90m   | [39m  
                     
[31m^[39m
    [90m 13| [39m  
      reader[33m.[3
9m[34mreadAsDataURL
[39m(blob)[33m;[39m
    [90m 14| [39m  
      reader[33m.[3
9monloadend 
[33m=[39m () 
[33m=>[39m {
[90m [2mΓ¥»[22m 
blobToBase64 src/util
s/googleSpeechService
.js:[2m11:12[22m[3
9m
[90m [2mΓ¥»[22m Mo
dule.transcribeAudio 
src/utils/googleSpeec
hService.js:[2m29:35
[22m[39m
[90m [2mΓ¥»[22m sr
c/tests/googleSpeechS
ervice.test.js:[2m11
1:34[22m[39m

[31m[2mΓÄ»ΓÄ»ΓÄ»ΓÄ»
ΓÄ»ΓÄ»ΓÄ»ΓÄ»ΓÄ»ΓÄ»ΓÄ»
ΓÄ»ΓÄ»ΓÄ»ΓÄ»ΓÄ»ΓÄ»ΓÄ»
ΓÄ»ΓÄ»ΓÄ»ΓÄ»ΓÄ»[4/19]
ΓÄ»[22m[39m

[41m[1m FAIL 
[22m[49m src/tests/
googleSpeechService.t
est.js[2m > 
[22mGoogle Speech 
Service Tests[2m > 
[22mSpeech Context 
(Phrase 
Boosting)[2m > 
[22mshould include 
speech context when 
phrases provided
[31m[1mTypeError[2
2m: () => 
mockFileReader is 
not a 
constructor[39m
[36m [2mΓ¥»[22m sr
c/utils/googleSpeechS
ervice.js:[2m12:24[
22m[39m
    [90m 10| 
[39m[35mconst[39m 
blobToBase64 
[33m=[39m (blob) 
[33m=>[39m {
    [90m 11| [39m  
  [35mreturn[39m 
[35mnew[39m [33mPr
omise[39m((resolve[
33m,[39m reject) 
[33m=>[39m {
    [90m 12| [39m  
      
[35mconst[39m 
reader [33m=[39m 
[35mnew[39m [33mFi
leReader[39m()[33m;
[39m
    [90m   | [39m  
                     
[31m^[39m
    [90m 13| [39m  
      reader[33m.[3
9m[34mreadAsDataURL
[39m(blob)[33m;[39m
    [90m 14| [39m  
      reader[33m.[3
9monloadend 
[33m=[39m () 
[33m=>[39m {
[90m [2mΓ¥»[22m 
blobToBase64 src/util
s/googleSpeechService
.js:[2m11:12[22m[3
9m
[90m [2mΓ¥»[22m Mo
dule.transcribeAudio 
src/utils/googleSpeec
hService.js:[2m29:35
[22m[39m
[90m [2mΓ¥»[22m sr
c/tests/googleSpeechS
ervice.test.js:[2m13
5:19[22m[39m

[31m[2mΓÄ»ΓÄ»ΓÄ»ΓÄ»
ΓÄ»ΓÄ»ΓÄ»ΓÄ»ΓÄ»ΓÄ»ΓÄ»
ΓÄ»ΓÄ»ΓÄ»ΓÄ»ΓÄ»ΓÄ»ΓÄ»
ΓÄ»ΓÄ»ΓÄ»ΓÄ»ΓÄ»[5/19]
ΓÄ»[22m[39m

[41m[1m FAIL 
[22m[49m src/tests/
googleSpeechService.t
est.js[2m > 
[22mGoogle Speech 
Service Tests[2m > 
[22mSpeech Context 
(Phrase 
Boosting)[2m > 
[22mshould not 
include speech 
context when no 
phrases provided
[31m[1mTypeError[2
2m: () => 
mockFileReader is 
not a 
constructor[39m
[36m [2mΓ¥»[22m sr
c/utils/googleSpeechS
ervice.js:[2m12:24[
22m[39m
    [90m 10| 
[39m[35mconst[39m 
blobToBase64 
[33m=[39m (blob) 
[33m=>[39m {
    [90m 11| [39m  
  [35mreturn[39m 
[35mnew[39m [33mPr
omise[39m((resolve[
33m,[39m reject) 
[33m=>[39m {
    [90m 12| [39m  
      
[35mconst[39m 
reader [33m=[39m 
[35mnew[39m [33mFi
leReader[39m()[33m;
[39m
    [90m   | [39m  
                     
[31m^[39m
    [90m 13| [39m  
      reader[33m.[3
9m[34mreadAsDataURL
[39m(blob)[33m;[39m
    [90m 14| [39m  
      reader[33m.[3
9monloadend 
[33m=[39m () 
[33m=>[39m {
[90m [2mΓ¥»[22m 
blobToBase64 src/util
s/googleSpeechService
.js:[2m11:12[22m[3
9m
[90m [2mΓ¥»[22m Mo
dule.transcribeAudio 
src/utils/googleSpeec
hService.js:[2m29:35
[22m[39m
[90m [2mΓ¥»[22m sr
c/tests/googleSpeechS
ervice.test.js:[2m16
1:19[22m[39m

[31m[2mΓÄ»ΓÄ»ΓÄ»ΓÄ»
ΓÄ»ΓÄ»ΓÄ»ΓÄ»ΓÄ»ΓÄ»ΓÄ»
ΓÄ»ΓÄ»ΓÄ»ΓÄ»ΓÄ»ΓÄ»ΓÄ»
ΓÄ»ΓÄ»ΓÄ»ΓÄ»ΓÄ»[6/19]
ΓÄ»[22m[39m

[41m[1m FAIL 
[22m[49m src/tests/
googleSpeechService.t
est.js[2m > 
[22mGoogle Speech 
Service Tests[2m > 
[22mSpeech Context 
(Phrase 
Boosting)[2m > 
[22mshould not 
include speech 
context when empty 
array provided
[31m[1mTypeError[2
2m: () => 
mockFileReader is 
not a 
constructor[39m
[36m [2mΓ¥»[22m sr
c/utils/googleSpeechS
ervice.js:[2m12:24[
22m[39m
    [90m 10| 
[39m[35mconst[39m 
blobToBase64 
[33m=[39m (blob) 
[33m=>[39m {
    [90m 11| [39m  
  [35mreturn[39m 
[35mnew[39m [33mPr
omise[39m((resolve[
33m,[39m reject) 
[33m=>[39m {
    [90m 12| [39m  
      
[35mconst[39m 
reader [33m=[39m 
[35mnew[39m [33mFi
leReader[39m()[33m;
[39m
    [90m   | [39m  
                     
[31m^[39m
    [90m 13| [39m  
      reader[33m.[3
9m[34mreadAsDataURL
[39m(blob)[33m;[39m
    [90m 14| [39m  
      reader[33m.[3
9monloadend 
[33m=[39m () 
[33m=>[39m {
[90m [2mΓ¥»[22m 
blobToBase64 src/util
s/googleSpeechService
.js:[2m11:12[22m[3
9m
[90m [2mΓ¥»[22m Mo
dule.transcribeAudio 
src/utils/googleSpeec
hService.js:[2m29:35
[22m[39m
[90m [2mΓ¥»[22m sr
c/tests/googleSpeechS
ervice.test.js:[2m18
2:19[22m[39m

[31m[2mΓÄ»ΓÄ»ΓÄ»ΓÄ»
ΓÄ»ΓÄ»ΓÄ»ΓÄ»ΓÄ»ΓÄ»ΓÄ»
ΓÄ»ΓÄ»ΓÄ»ΓÄ»ΓÄ»ΓÄ»ΓÄ»
ΓÄ»ΓÄ»ΓÄ»ΓÄ»ΓÄ»[7/19]
ΓÄ»[22m[39m

[41m[1m FAIL 
[22m[49m src/tests/
googleSpeechService.t
est.js[2m > 
[22mGoogle Speech 
Service Tests[2m > 
[22mRequest Body 
Structure[2m > 
[22mshould send 
correct audio 
encoding format
[31m[1mTypeError[2
2m: () => 
mockFileReader is 
not a 
constructor[39m
[36m [2mΓ¥»[22m sr
c/utils/googleSpeechS
ervice.js:[2m12:24[
22m[39m
    [90m 10| 
[39m[35mconst[39m 
blobToBase64 
[33m=[39m (blob) 
[33m=>[39m {
    [90m 11| [39m  
  [35mreturn[39m 
[35mnew[39m [33mPr
omise[39m((resolve[
33m,[39m reject) 
[33m=>[39m {
    [90m 12| [39m  
      
[35mconst[39m 
reader [33m=[39m 
[35mnew[39m [33mFi
leReader[39m()[33m;
[39m
    [90m   | [39m  
                     
[31m^[39m
    [90m 13| [39m  
      reader[33m.[3
9m[34mreadAsDataURL
[39m(blob)[33m;[39m
    [90m 14| [39m  
      reader[33m.[3
9monloadend 
[33m=[39m () 
[33m=>[39m {
[90m [2mΓ¥»[22m 
blobToBase64 src/util
s/googleSpeechService
.js:[2m11:12[22m[3
9m
[90m [2mΓ¥»[22m Mo
dule.transcribeAudio 
src/utils/googleSpeec
hService.js:[2m29:35
[22m[39m
[90m [2mΓ¥»[22m sr
c/tests/googleSpeechS
ervice.test.js:[2m20
2:19[22m[39m

[31m[2mΓÄ»ΓÄ»ΓÄ»ΓÄ»
ΓÄ»ΓÄ»ΓÄ»ΓÄ»ΓÄ»ΓÄ»ΓÄ»
ΓÄ»ΓÄ»ΓÄ»ΓÄ»ΓÄ»ΓÄ»ΓÄ»
ΓÄ»ΓÄ»ΓÄ»ΓÄ»ΓÄ»[8/19]
ΓÄ»[22m[39m

[41m[1m FAIL 
[22m[49m src/tests/
googleSpeechService.t
est.js[2m > 
[22mGoogle Speech 
Service Tests[2m > 
[22mRequest Body 
Structure[2m > 
[22mshould send 
correct language code
[31m[1mTypeError[2
2m: () => 
mockFileReader is 
not a 
constructor[39m
[36m [2mΓ¥»[22m sr
c/utils/googleSpeechS
ervice.js:[2m12:24[
22m[39m
    [90m 10| 
[39m[35mconst[39m 
blobToBase64 
[33m=[39m (blob) 
[33m=>[39m {
    [90m 11| [39m  
  [35mreturn[39m 
[35mnew[39m [33mPr
omise[39m((resolve[
33m,[39m reject) 
[33m=>[39m {
    [90m 12| [39m  
      
[35mconst[39m 
reader [33m=[39m 
[35mnew[39m [33mFi
leReader[39m()[33m;
[39m
    [90m   | [39m  
                     
[31m^[39m
    [90m 13| [39m  
      reader[33m.[3
9m[34mreadAsDataURL
[39m(blob)[33m;[39m
    [90m 14| [39m  
      reader[33m.[3
9monloadend 
[33m=[39m () 
[33m=>[39m {
[90m [2mΓ¥»[22m 
blobToBase64 src/util
s/googleSpeechService
.js:[2m11:12[22m[3
9m
[90m [2mΓ¥»[22m Mo
dule.transcribeAudio 
src/utils/googleSpeec
hService.js:[2m29:35
[22m[39m
[90m [2mΓ¥»[22m sr
c/tests/googleSpeechS
ervice.test.js:[2m21
9:19[22m[39m

[31m[2mΓÄ»ΓÄ»ΓÄ»ΓÄ»
ΓÄ»ΓÄ»ΓÄ»ΓÄ»ΓÄ»ΓÄ»ΓÄ»
ΓÄ»ΓÄ»ΓÄ»ΓÄ»ΓÄ»ΓÄ»ΓÄ»
ΓÄ»ΓÄ»ΓÄ»ΓÄ»ΓÄ»[9/19]
ΓÄ»[22m[39m

[41m[1m FAIL 
[22m[49m src/tests/
googleSpeechService.t
est.js[2m > 
[22mGoogle Speech 
Service Tests[2m > 
[22mRequest Body 
Structure[2m > 
[22mshould enable 
automatic punctuation
[31m[1mTypeError[2
2m: () => 
mockFileReader is 
not a 
constructor[39m
[36m [2mΓ¥»[22m sr
c/utils/googleSpeechS
ervice.js:[2m12:24[
22m[39m
    [90m 10| 
[39m[35mconst[39m 
blobToBase64 
[33m=[39m (blob) 
[33m=>[39m {
    [90m 11| [39m  
  [35mreturn[39m 
[35mnew[39m [33mPr
omise[39m((resolve[
33m,[39m reject) 
[33m=>[39m {
    [90m 12| [39m  
      
[35mconst[39m 
reader [33m=[39m 
[35mnew[39m [33mFi
leReader[39m()[33m;
[39m
    [90m   | [39m  
                     
[31m^[39m
    [90m 13| [39m  
      reader[33m.[3
9m[34mreadAsDataURL
[39m(blob)[33m;[39m
    [90m 14| [39m  
      reader[33m.[3
9monloadend 
[33m=[39m () 
[33m=>[39m {
[90m [2mΓ¥»[22m 
blobToBase64 src/util
s/googleSpeechService
.js:[2m11:12[22m[3
9m
[90m [2mΓ¥»[22m Mo
dule.transcribeAudio 
src/utils/googleSpeec
hService.js:[2m29:35
[22m[39m
[90m [2mΓ¥»[22m sr
c/tests/googleSpeechS
ervice.test.js:[2m23
6:19[22m[39m

[31m[2mΓÄ»ΓÄ»ΓÄ»ΓÄ»
ΓÄ»ΓÄ»ΓÄ»ΓÄ»ΓÄ»ΓÄ»ΓÄ»
ΓÄ»ΓÄ»ΓÄ»ΓÄ»ΓÄ»ΓÄ»ΓÄ»
ΓÄ»ΓÄ»ΓÄ»ΓÄ»[10/19]ΓÄ
»[22m[39m

[41m[1m FAIL 
[22m[49m src/tests/
googleSpeechService.t
est.js[2m > 
[22mGoogle Speech 
Service Tests[2m > 
[22mRequest Body 
Structure[2m > 
[22mshould use 
default model
[31m[1mTypeError[2
2m: () => 
mockFileReader is 
not a 
constructor[39m
[36m [2mΓ¥»[22m sr
c/utils/googleSpeechS
ervice.js:[2m12:24[
22m[39m
    [90m 10| 
[39m[35mconst[39m 
blobToBase64 
[33m=[39m (blob) 
[33m=>[39m {
    [90m 11| [39m  
  [35mreturn[39m 
[35mnew[39m [33mPr
omise[39m((resolve[
33m,[39m reject) 
[33m=>[39m {
    [90m 12| [39m  
      
[35mconst[39m 
reader [33m=[39m 
[35mnew[39m [33mFi
leReader[39m()[33m;
[39m
    [90m   | [39m  
                     
[31m^[39m
    [90m 13| [39m  
      reader[33m.[3
9m[34mreadAsDataURL
[39m(blob)[33m;[39m
    [90m 14| [39m  
      reader[33m.[3
9monloadend 
[33m=[39m () 
[33m=>[39m {
[90m [2mΓ¥»[22m 
blobToBase64 src/util
s/googleSpeechService
.js:[2m11:12[22m[3
9m
[90m [2mΓ¥»[22m Mo
dule.transcribeAudio 
src/utils/googleSpeec
hService.js:[2m29:35
[22m[39m
[90m [2mΓ¥»[22m sr
c/tests/googleSpeechS
ervice.test.js:[2m25
3:19[22m[39m

[31m[2mΓÄ»ΓÄ»ΓÄ»ΓÄ»
ΓÄ»ΓÄ»ΓÄ»ΓÄ»ΓÄ»ΓÄ»ΓÄ»
ΓÄ»ΓÄ»ΓÄ»ΓÄ»ΓÄ»ΓÄ»ΓÄ»
ΓÄ»ΓÄ»ΓÄ»ΓÄ»[11/19]ΓÄ
»[22m[39m

[41m[1m FAIL 
[22m[49m src/tests/
googleSpeechService.t
est.js[2m > 
[22mGoogle Speech 
Service Tests[2m > 
[22mRequest Body 
Structure[2m > 
[22mshould include 
base64 audio content
[31m[1mTypeError[2
2m: () => 
mockFileReader is 
not a 
constructor[39m
[36m [2mΓ¥»[22m sr
c/utils/googleSpeechS
ervice.js:[2m12:24[
22m[39m
    [90m 10| 
[39m[35mconst[39m 
blobToBase64 
[33m=[39m (blob) 
[33m=>[39m {
    [90m 11| [39m  
  [35mreturn[39m 
[35mnew[39m [33mPr
omise[39m((resolve[
33m,[39m reject) 
[33m=>[39m {
    [90m 12| [39m  
      
[35mconst[39m 
reader [33m=[39m 
[35mnew[39m [33mFi
leReader[39m()[33m;
[39m
    [90m   | [39m  
                     
[31m^[39m
    [90m 13| [39m  
      reader[33m.[3
9m[34mreadAsDataURL
[39m(blob)[33m;[39m
    [90m 14| [39m  
      reader[33m.[3
9monloadend 
[33m=[39m () 
[33m=>[39m {
[90m [2mΓ¥»[22m 
blobToBase64 src/util
s/googleSpeechService
.js:[2m11:12[22m[3
9m
[90m [2mΓ¥»[22m Mo
dule.transcribeAudio 
src/utils/googleSpeec
hService.js:[2m29:35
[22m[39m
[90m [2mΓ¥»[22m sr
c/tests/googleSpeechS
ervice.test.js:[2m27
0:19[22m[39m

[31m[2mΓÄ»ΓÄ»ΓÄ»ΓÄ»
ΓÄ»ΓÄ»ΓÄ»ΓÄ»ΓÄ»ΓÄ»ΓÄ»
ΓÄ»ΓÄ»ΓÄ»ΓÄ»ΓÄ»ΓÄ»ΓÄ»
ΓÄ»ΓÄ»ΓÄ»ΓÄ»[12/19]ΓÄ
»[22m[39m

[41m[1m FAIL 
[22m[49m src/tests/
googleSpeechService.t
est.js[2m > 
[22mGoogle Speech 
Service Tests[2m > 
[22mError 
Handling[2m > 
[22mshould throw 
error when API call 
fails
[31m[1mAssertionErr
or[22m: expected 
[Function] to throw 
error including 'API 
Error' but got '() 
=> mockFileReader is 
not a 
construΓÇª'[39m

Expected: 
[32m"[7mAPI 
Err[27mor"[39m
Received: 
[31m"[7m() => 
mockFileReader is 
not a construct[27mo
r"[39m

[36m [2mΓ¥»[22m sr
c/tests/googleSpeechS
ervice.test.js:[2m28
9:13[22m[39m
    [90m287| [39m  
          axios[33m.
[39mpost[33m.[39m
[34mmockRejectedValue
[39m(apiError)[33m;
[39m
    [90m288| [39m
    [90m289| [39m  
          await expec
t(transcribeAudio(moc
kBlob)).rejects.toThr
ow('AΓÇª
    [90m   | [39m  
          [31m^[39m
    [90m290| [39m  
      })[33m;[39m
    [90m291| [39m

[31m[2mΓÄ»ΓÄ»ΓÄ»ΓÄ»
ΓÄ»ΓÄ»ΓÄ»ΓÄ»ΓÄ»ΓÄ»ΓÄ»
ΓÄ»ΓÄ»ΓÄ»ΓÄ»ΓÄ»ΓÄ»ΓÄ»
ΓÄ»ΓÄ»ΓÄ»ΓÄ»[13/19]ΓÄ
»[22m[39m

[41m[1m FAIL 
[22m[49m src/tests/
googleSpeechService.t
est.js[2m > 
[22mGoogle Speech 
Service Tests[2m > 
[22mError 
Handling[2m > 
[22mshould throw 
error when network 
fails
[31m[1mAssertionErr
or[22m: expected 
[Function] to throw 
error including 
'Network Error' but 
got '() => 
mockFileReader is 
not a 
construΓÇª'[39m

Expected: 
[32m"[7mNetwork 
Err[27mor"[39m
Received: 
[31m"[7m() => 
mockFileReader is 
not a construct[27mo
r"[39m

[36m [2mΓ¥»[22m sr
c/tests/googleSpeechS
ervice.test.js:[2m30
1:13[22m[39m
    [90m299| [39m  
          axios[33m.
[39mpost[33m.[39m
[34mmockRejectedValue
[39m([35mnew[39m 
[33mError[39m([32m'
Network Error'[39m))
[33m;[39m
    [90m300| [39m
    [90m301| [39m  
          await expec
t(transcribeAudio(moc
kBlob)).rejects.toThr
ow('NΓÇª
    [90m   | [39m  
          [31m^[39m
    [90m302| [39m  
      })[33m;[39m
    [90m303| [39m

[31m[2mΓÄ»ΓÄ»ΓÄ»ΓÄ»
ΓÄ»ΓÄ»ΓÄ»ΓÄ»ΓÄ»ΓÄ»ΓÄ»
ΓÄ»ΓÄ»ΓÄ»ΓÄ»ΓÄ»ΓÄ»ΓÄ»
ΓÄ»ΓÄ»ΓÄ»ΓÄ»[14/19]ΓÄ
»[22m[39m

[41m[1m FAIL 
[22m[49m src/tests/
googleSpeechService.t
est.js[2m > 
[22mGoogle Speech 
Service Tests[2m > 
[22mError 
Handling[2m > 
[22mshould handle 
FileReader error
[31m[1mAssertionErr
or[22m: expected 
[Function] to throw 
error including 
'FileReader Error' 
but got '() => 
mockFileReader is 
not a 
construΓÇª'[39m

Expected: 
[32m"[7mFileReader 
Err[27mor"[39m
Received: 
[31m"[7m() => 
mockFileReader is 
not a construct[27mo
r"[39m

[36m [2mΓ¥»[22m sr
c/tests/googleSpeechS
ervice.test.js:[2m31
1:13[22m[39m
    [90m309| [39m  
          
})[33m;[39m
    [90m310| [39m
    [90m311| [39m  
          await expec
t(transcribeAudio(moc
kBlob)).rejects.toThr
ow('FΓÇª
    [90m   | [39m  
          [31m^[39m
    [90m312| [39m  
      })[33m;[39m
    [90m313| [39m

[31m[2mΓÄ»ΓÄ»ΓÄ»ΓÄ»
ΓÄ»ΓÄ»ΓÄ»ΓÄ»ΓÄ»ΓÄ»ΓÄ»
ΓÄ»ΓÄ»ΓÄ»ΓÄ»ΓÄ»ΓÄ»ΓÄ»
ΓÄ»ΓÄ»ΓÄ»ΓÄ»[15/19]ΓÄ
»[22m[39m

[41m[1m FAIL 
[22m[49m src/tests/
googleSpeechService.t
est.js[2m > 
[22mGoogle Speech 
Service Tests[2m > 
[22mError 
Handling[2m > 
[22mshould handle 
API rate limiting 
error
[31m[1mAssertionErr
or[22m: expected 
[Function] to throw 
error including 
'Rate limit 
exceeded' but got 
'() => 
mockFileReader is 
not a 
construΓÇª'[39m

Expected: [32m"Rate 
limit exceeded"[39m
Received: [31m"() 
=> mockFileReader is 
not a 
constructor"[39m

[36m [2mΓ¥»[22m sr
c/tests/googleSpeechS
ervice.test.js:[2m32
5:13[22m[39m
    [90m323| [39m  
          axios[33m.
[39mpost[33m.[39m
[34mmockRejectedValue
[39m(rateLimitError)
[33m;[39m
    [90m324| [39m
    [90m325| [39m  
          await expec
t(transcribeAudio(moc
kBlob)).rejects.toThr
ow('RΓÇª
    [90m   | [39m  
          [31m^[39m
    [90m326| [39m  
      })[33m;[39m
    [90m327| [39m

[31m[2mΓÄ»ΓÄ»ΓÄ»ΓÄ»
ΓÄ»ΓÄ»ΓÄ»ΓÄ»ΓÄ»ΓÄ»ΓÄ»
ΓÄ»ΓÄ»ΓÄ»ΓÄ»ΓÄ»ΓÄ»ΓÄ»
ΓÄ»ΓÄ»ΓÄ»ΓÄ»[16/19]ΓÄ
»[22m[39m

[41m[1m FAIL 
[22m[49m src/tests/
googleSpeechService.t
est.js[2m > 
[22mGoogle Speech 
Service Tests[2m > 
[22mError 
Handling[2m > 
[22mshould handle 
unauthorized error
[31m[1mAssertionErr
or[22m: expected 
[Function] to throw 
error including 
'Unauthorized' but 
got '() => 
mockFileReader is 
not a 
construΓÇª'[39m

Expected: [32m"Unaut
horized"[39m
Received: [31m"() 
=> mockFileReader is 
not a 
constructor"[39m

[36m [2mΓ¥»[22m sr
c/tests/googleSpeechS
ervice.test.js:[2m33
9:13[22m[39m
    [90m337| [39m  
          axios[33m.
[39mpost[33m.[39m
[34mmockRejectedValue
[39m(authError)[33m
;[39m
    [90m338| [39m
    [90m339| [39m  
          await expec
t(transcribeAudio(moc
kBlob)).rejects.toThr
ow('UΓÇª
    [90m   | [39m  
          [31m^[39m
    [90m340| [39m  
      })[33m;[39m
    [90m341| [39m  
  })[33m;[39m

[31m[2mΓÄ»ΓÄ»ΓÄ»ΓÄ»
ΓÄ»ΓÄ»ΓÄ»ΓÄ»ΓÄ»ΓÄ»ΓÄ»
ΓÄ»ΓÄ»ΓÄ»ΓÄ»ΓÄ»ΓÄ»ΓÄ»
ΓÄ»ΓÄ»ΓÄ»ΓÄ»[17/19]ΓÄ
»[22m[39m

[41m[1m FAIL 
[22m[49m src/tests/
googleSpeechService.t
est.js[2m > 
[22mGoogle Speech 
Service Tests[2m > 
[22mBase64 
Encoding[2m > 
[22mshould 
correctly extract 
base64 from data URL
[31m[1mTypeError[2
2m: () => 
mockFileReader is 
not a 
constructor[39m
[36m [2mΓ¥»[22m sr
c/utils/googleSpeechS
ervice.js:[2m12:24[
22m[39m
    [90m 10| 
[39m[35mconst[39m 
blobToBase64 
[33m=[39m (blob) 
[33m=>[39m {
    [90m 11| [39m  
  [35mreturn[39m 
[35mnew[39m [33mPr
omise[39m((resolve[
33m,[39m reject) 
[33m=>[39m {
    [90m 12| [39m  
      
[35mconst[39m 
reader [33m=[39m 
[35mnew[39m [33mFi
leReader[39m()[33m;
[39m
    [90m   | [39m  
                     
[31m^[39m
    [90m 13| [39m  
      reader[33m.[3
9m[34mreadAsDataURL
[39m(blob)[33m;[39m
    [90m 14| [39m  
      reader[33m.[3
9monloadend 
[33m=[39m () 
[33m=>[39m {
[90m [2mΓ¥»[22m 
blobToBase64 src/util
s/googleSpeechService
.js:[2m11:12[22m[3
9m
[90m [2mΓ¥»[22m Mo
dule.transcribeAudio 
src/utils/googleSpeec
hService.js:[2m29:35
[22m[39m
[90m [2mΓ¥»[22m sr
c/tests/googleSpeechS
ervice.test.js:[2m35
7:19[22m[39m

[31m[2mΓÄ»ΓÄ»ΓÄ»ΓÄ»
ΓÄ»ΓÄ»ΓÄ»ΓÄ»ΓÄ»ΓÄ»ΓÄ»
ΓÄ»ΓÄ»ΓÄ»ΓÄ»ΓÄ»ΓÄ»ΓÄ»
ΓÄ»ΓÄ»ΓÄ»ΓÄ»[18/19]ΓÄ
»[22m[39m

[41m[1m FAIL 
[22m[49m src/tests/
googleSpeechService.t
est.js[2m > 
[22mGoogle Speech 
Service Tests[2m > 
[22mBase64 
Encoding[2m > 
[22mshould handle 
different audio 
formats in data URL
[31m[1mTypeError[2
2m: () => 
mockFileReader is 
not a 
constructor[39m
[36m [2mΓ¥»[22m sr
c/utils/googleSpeechS
ervice.js:[2m12:24[
22m[39m
    [90m 10| 
[39m[35mconst[39m 
blobToBase64 
[33m=[39m (blob) 
[33m=>[39m {
    [90m 11| [39m  
  [35mreturn[39m 
[35mnew[39m [33mPr
omise[39m((resolve[
33m,[39m reject) 
[33m=>[39m {
    [90m 12| [39m  
      
[35mconst[39m 
reader [33m=[39m 
[35mnew[39m [33mFi
leReader[39m()[33m;
[39m
    [90m   | [39m  
                     
[31m^[39m
    [90m 13| [39m  
      reader[33m.[3
9m[34mreadAsDataURL
[39m(blob)[33m;[39m
    [90m 14| [39m  
      reader[33m.[3
9monloadend 
[33m=[39m () 
[33m=>[39m {
[90m [2mΓ¥»[22m 
blobToBase64 src/util
s/googleSpeechService
.js:[2m11:12[22m[3
9m
[90m [2mΓ¥»[22m Mo
dule.transcribeAudio 
src/utils/googleSpeec
hService.js:[2m29:35
[22m[39m
[90m [2mΓ¥»[22m sr
c/tests/googleSpeechS
ervice.test.js:[2m37
5:19[22m[39m

[31m[2mΓÄ»ΓÄ»ΓÄ»ΓÄ»
ΓÄ»ΓÄ»ΓÄ»ΓÄ»ΓÄ»ΓÄ»ΓÄ»
ΓÄ»ΓÄ»ΓÄ»ΓÄ»ΓÄ»ΓÄ»ΓÄ»
ΓÄ»ΓÄ»ΓÄ»ΓÄ»[19/19]ΓÄ
»[22m[39m


[2m Test Files [22m [1m[31m1 failed[39m[22m[90m (1)[39m
[2m      Tests [22m [1m[31m19 failed[39m[22m[90m (19)[39m
[2m   Start at [22m 22:05:14
[2m   Duration [22m 1.74s[2m (transform 117ms, setup 255ms, import 214ms, tests 64ms, environment 903ms)[22m

