
 RUN  v4.0.18 C:/Users/Girish Kumar/LinguaAble/Accessible-Language-Learning-Platform/frontend

 Γ£ô src/tests/Sidebar.test.jsx > Sidebar Component Tests > Rendering Tests > Should render sidebar with logo and branding 146ms
 Γ£ô src/tests/Sidebar.test.jsx > Sidebar Component Tests > Rendering Tests > Should render all navigation items 128ms
 Γ£ô src/tests/Sidebar.test.jsx > Sidebar Component Tests > Rendering Tests > Should render navigation items with text labels 61ms
 Γ£ô src/tests/Sidebar.test.jsx > Sidebar Component Tests > Rendering Tests > Should have correct sidebar structure 25ms
 Γ£ô src/tests/UserProfile.test.jsx > UserProfile ΓÇô Loading & Error States > Should show loading state while profile is being fetched 197ms
 Γ£ô src/tests/Sidebar.test.jsx > Sidebar Component Tests > Rendering Tests > Should render branding with correct classes 54ms
 Γ£ô src/tests/Sidebar.test.jsx > Sidebar Component Tests > Rendering Tests > Should start in collapsed state 22ms
 Γ£ô src/tests/Sidebar.test.jsx > Sidebar Component Tests > Active State Tests > Should highlight Dashboard when on /dashboard 26ms
 Γ£ô src/tests/Sidebar.test.jsx > Sidebar Component Tests > Active State Tests > Should highlight Lessons when on /lessons 34ms
 Γ£ô src/tests/Sidebar.test.jsx > Sidebar Component Tests > Active State Tests > Should highlight Leaderboard when on /leaderboard 15ms
 Γ£ô src/tests/AccessibilityWidget.test.jsx > AccessibilityWidget Component Tests > Visibility Tests > Should render FAB button on normal pages 503ms
 Γ£ô src/tests/AccessibilityWidget.test.jsx > AccessibilityWidget Component Tests > Visibility Tests > Should return null on /learn route 22ms
 Γ£ô src/tests/AccessibilityWidget.test.jsx > AccessibilityWidget Component Tests > Visibility Tests > Should NOT show menu panel on initial render 17ms
 Γ£ô src/tests/AccessibilityWidget.test.jsx > AccessibilityWidget Component Tests > Visibility Tests > Should have accessibility-widget class on wrapper 21ms
 Γ£ô src/tests/LandingPage.test.jsx > LandingPage Component Tests > Should render landing page root container 165ms
 Γ£ô src/tests/LandingPage.test.jsx > LandingPage Component Tests > Should render logo image 61ms
 Γ£ô src/tests/LearningReport.test.jsx > LearningReport Component Tests > Rendering Tests > Should render the page title 536ms
 Γ£ô src/tests/LearningReport.test.jsx > LearningReport Component Tests > Rendering Tests > Should render subtitle text 78ms
 Γ£ô src/tests/Settings.test.jsx > Settings Component Tests > Should render Settings page with all sections 624ms
 ├ù src/tests/LandingPage.test.jsx > LandingPage Component Tests > Should render hero text correctly 121ms
   ΓåÆ Found multiple elements with the text: (content, element) => element.textContent.includes("Learn")

Here are the matching elements:

Ignored nodes: comments, script, style
[36m<body>[39m
  [36m<div>[39m
    [36m<div[39m
      [33mclass[39m=[32m"zn-root"[39m
    [36m>[39m
      [36m<div[39m
        [33maria-hidden[39m=[32m"true"[39m
        [33mclass[39m=[32m"zn-grain"[39m
      [36m/>[39m
      [36m<nav[39m
        [33mclass[39m=[32m"zn-nav"[39m
      [36m>[39m
        [36m<div[39m
          [33mclass[39m=[32m"zn-nav-logo"[39m
        [36m>[39m
          [36m<img[39m
            [33malt[39m=[32m"LinguaAble mascot"[39m
            [33mclass[39m=[32m"zn-logo-img"[39m
            [33msrc[39m=[32m"/src/assets/logo.png"[39m
          [36m/>[39m
          [36m<div[39m
            [33mclass[39m=[32m"zn-logo-text"[39m
          [36m>[39m
            [0mLingua[0m
            [36m<span>[39m
              [0mAble[0m
            [36m</span>[39m
          [36m</div>[39m
        [36m</div>[39m
        [36m<div[39m
          [33mclass[39m=[32m"zn-nav-links"[39m
        [36m>[39m
          [36m<button[39m
            [33mclass[39m=[32m"zn-link-btn"[39m
          [36m>[39m
            [0msign in[0m
          [36m</button>[39m
          [36m<button[39m
            [33mclass[39m=[32m"zn-stamp-btn"[39m
          [36m>[39m
            [0mSIGN UP[0m
          [36m</button>[39m
        [36m</div>[39m
      [36m</nav>[39m
      [36m<section[39m
        [33mclass[39m=[32m"zn-hero"[39m
      [36m>[39m
        [36m<div[39m
          [33maria-hidden[39m=[32m"true"[39m
          [33mclass[39m=[32m"zn-scrap zn-scrap-tl"[39m
        [36m>[39m
          [36m<span>[39m
            [0mαñ¿αñ«αñ╕αÑìαññαÑç[0m
          [36m</span>[39m
        [36m</div>[39m
        [36m<div[39m
          [33maria-hidden[39m=[32m"true"[39m
          [33mclass[39m=[32m"zn-tape zn-tape-1"[39m
        [36m/>[39m
        [36m<div[39m
          [33mclass[39m=[32m"zn-hero-center"[39m
        [36m>[39m
          [36m<p[39m
            [33mclass[39m=[32m"zn-eyebrow"[39m
          [36m>[39m
            [0mΓÇö a language app built for ADHD learners[0m
          [36m</p>[39m
          [36m<h1[39m
            [33mclass[39m=[32m"zn-h1"[39m
          [36m>[39m
            [36m<span[39m
              [33mclass[39m=[32m"zn-h1-learn"[39m
            [36m>[39m
              [0mLearn[0m
            [36m</span>[39m
            [36m<span[39m
              [33mclass[39m=[32m"zn-h1-hindi"[39m
            [36m>[39m
              [36m<span[39m
                [33mclass[39m=[32m"zn-h1-deva"[39m
              [36m>[39m
                [0mαñ╣αñ┐αñ¿αÑìαñªαÑÇ[0m
              [36m</span>[39m
              [36m<svg[39m
                [33maria-hidden[39m=[32m"true"[39m
                [33mclass[39m=[32m"zn-underline-svg"[39m
                [33mviewBox[39m=[32m"0 0 300 14"[39m
              [36m>[39m
                [36m<path[39m
                  [33md[39m=[32m"M4,10 C40,2 90,14 140,8 C190,2 240,13 296,7"[39m
                  [33mfill[39m=[32m"none"[39m
                  [33mstroke[39m=[32m"#E8462A"[39m
                  [33mstroke-linecap[39m=[32m"round"[39m
                  [33mstroke-width[39m=[32m"4"[39m
                [36m/>[39m
              [36m</svg>[39m
            [36m</span>[39m
            [36m<span[39m
              [33mclass[39m=[32m"zn-h1-if"[39m
            [36m>[39m
              [0mmade for the[0m
            [36m</span>[39m
            [36m<span[39m
              [33mclass[39m=[32m"zn-h1-swap-wrap"[39m
            [36m>[39m
              [36m<span[39m
                [33mclass[39m=[32m"zn-h1-swap"[39m
              [36m>[39m
                [0mCURIOUS[0m
              [36m</span>[39m
              [36m<span[39m
                [33maria-hidden[39m=[32m"true"[39m
                [33mclass[39m=[32m"zn-marker-box"[39m
              [36m/>[39m
            [36m</span>[39m
            [36m<span[39m
              [33mclass[39m=[32m"zn-h1-if"[39m
            [36m>[39m
              [0mminds[0m
            [36m</span>[39m
          [36m</h1>[39m
          [36m<p[39m
            [33mclass[39m=[32m"zn-hero-body"[39m
          [36m>[39m
            [0mShort bursts. Voice practice. Real Hindi. Zero overwhelm.[0m
            [36m<br />[39m
            [0mDesigned from scratch for neurodiverse minds.[0m
          [36m</p>[39m
          [36m<div[39m
            [33mclass[39m=[32m"zn-hero-btns"[39m
          [36m>[39m
            [36m<button[39m
              [33mclass[39m=[32m"zn-btn-main"[39m
            [36m>[39m
              [0mI want to try it ΓåÆ[0m
            [36m</button>[39m
            [36m<button[39m
              [33mclass[39m=[32m"zn-btn-ghost"[39m
            [36m>[39m
              [0malready learning[0m
            [36m</button>[39m
          [36m</div>[39m
        [36m</div>[39m
        [36m<div[39m
          [33mclass[39m=[32m"zn-hero-right"[39m
        [36m>[39m
          [36m<div[39m
            [33maria-hidden[39m=[32m"true"[39m
            [33mclass[39m=[32m"zn-tape zn-tape-2"[39m
          [36m/>[39m
          [36m<div[39m
            [33mclass[39m=[32m"zn-photo-scrap"[39m
          [36m>[39m
            [36m<img[39m
              [33malt[39m=[32m"LinguaAble zebra mascot"[39m
              [33mclass[39m=[32m"zn-mascot"[39m
              [33msrc[39m=[32m"/src/assets/logo.png"[39m
            [36m/>[39m
            [36m<div[39m
              [33mclass[39m=[32m"zn-caption"[39m
            [36m>[39m
              [0mour zebra mascot ≡ƒªô[0m
            [36m</div>[39m
          [36m</div>[39m
          [36m<div[39m
            [33mclass[39m=[32m"zn-sticky-note"[39m
          [36m>[39m
            [36m<p>[39m
              [0m45s lessons[0m
            [36m</p>[39m
            [36m<p>[39m
              [0mzero pressure[0m
            [36m</p>[39m
            [36m<p[39m
              [33mclass[39m=[32m"zn-sticky-emoji"[39m
            [36m>[39m
              [0m≡ƒÆ¢[0m
            [36m</p>[39m
          [36m</div>[39m
        [36m</div>[39m
        [36m<div[39m
          [33mclass[39m=[32m"zn-stats-row"[39m
        [36m>[39m
          [36m<div[39m
            [33mclass[39m=[32m"zn-stat-block"[39m
          [36m>[39m
            [36m<span[39m
              [33mclass[39m=[32m"zn-stat-n"[39m
            [36m>[39m
              [0m45s[0m
            [36m</span>[39m
            [36m<span[39m
              [33mclass[39m=[32m"zn-stat-t"[39m
            [36m>[39m
              [0mper lesson chunk[0m
            [36m</span>[39m
          [36m</div>[39m
          [36m<div[39m
            [33mclass[39m=[32m"zn-stat-block"[39m
          [36m>[39m
            [36m<span[39m
              [33mclass[39m=[32m"zn-stat-n"[39m
            [36m>[39m
              [0m3├ù[0m
            [36m</span>[39m
            [36m<span[39m
              [33mclass[39m=[32m"zn-stat-t"[39m
            [36m>[39m
              [0mbetter retention[0m
            [36m</span>[39m
          [36m</div>[39m
          [36m<div[39m
            [33mclass[39m=[32m"zn-stat-block"[39m
          [36m>[39m
            [36m<span[39m
              [33mclass[39m=[32m"zn-stat-n"[39m
            [36m>[39m
              [0m12+[0m
            [36m</span>[39m
            [36m<span[39m
              [33mclass[39m=[32m"zn-stat-t"[39m
            [36m>[39m
              [0maccessibility modes[0m
            [36m</span>[39m
          [36m</div>[39m
        [36m</div>[39m
      [36m</section>[39m
      [36m<div[39m
        [33maria-hidden[39m=[32m"true"[39m
        [33mclass[39m=[32m"zn-tear zn-tear-1"[39m
      [36m/>[39m
      [36m<section[39m
        [33mclass[39m=[32m"zn-features"[39m
      [36m>[39m
        [36m<div[39m
          [33mclass[39m=[32m"zn-features-header"[39m
        [36m>[39m
          [36m<div[39m
            [33mclass[39m=[32m"zn-section-tag"[39m
          [36m>[39m
            [0mwhat's inside[0m
          [36m</div>[39m
          [36m<h2[39m
            [33mclass[39m=[32m"zn-features-h2"[39m
          [36m>[39m
            [0mbuilt around[0m
            [36m<br />[39m
            [36m<em>[39m
              [0myour brain.[0m
            [36m</em>[39m
          [36m</h2>[39m
        [36m</div>[39m
        [36m<div[39m
          [33mclass[39m=[32m"zn-feat-grid"[39m
        [36m>[39m
          [36m<div[39m
            [33mclass[39m=[32m"zn-feat-card"[39m
            [33mstyle[39m=[32m"--tape-c: #F5C842; --rot: -1.5deg; --offset: 0px;"[39m
          [36m>[39m
            [36m<div[39m
              [33maria-hidden[39m=[32m"true"[39m
              [33mclass[39m=[32m"zn-feat-tape"[39m
            [36m/>[39m
            [36m<div[39m
              [33mclass[39m=[32m"zn-feat-icon"[39m
            [36m>[39m
              [0m≡ƒºá[0m
            [36m</div>[39m
            [36m<h3[39m
              [33mclass[39m=[32m"zn-feat-title"[39m
            [36m>[39m
              [0mADHD-First[0m
            [36m</h3>[39m
            [36m<p[39m
              [33mclass[39m=[32m"zn-feat-body"[39m
            [36m>[39m
              [0mOne idea per screen. 45-second bursts. No walls of text. Ever.[0m
            [36m</p>[39m
          [36m</div>[39m
          [36m<div[39m
            [33mclass[39m=[32m"zn-feat-card"[39m
            [33mstyle[39m=[32m"--tape-c: #4ABFFF; --rot: 1deg; --offset: 8px;"[39m
          [36m>[39m
            [36m<div[39m
              [33maria-hidden[39m=[32m"true"[39m
              [33mclass[39m=[32m"zn-feat-tape"[39m
            [36m/>[39m
            [36m<div[39m
              [33mclass[39m=[32m"zn-feat-icon"[39m
            [36m>[39m
              [0m≡ƒôû[0m
            [36m</div>[39m
            [36m<h3[39m
              [33mclass[39m=[32m"zn-feat-title"[39m
            [36m>[39m
              [0mDyslexia Mode[0m
            [36m</h3>[39m
            [36m<p[39m
              [33mclass[39m=[32m"zn-feat-body"[39m
            [36m>[39m
              [0mOpenDyslexic font, colour overlays, line spacing ΓÇö one toggle.[0m
            [36m</p>[39m
          [36m</div>[39m
          [36m<div[39m
            [33mclass[39m=[32m"zn-feat-card"[39m
            [33mstyle[39m=[32m"--tape-c: #FF8A65; --rot: -0.5deg; --offset: 4px;"[39m
          [36m>[39m
            [36m<div[39m
              [33maria-hidden[39m=[32m"true"[39m
              [33mclass[39m=[32m"zn-feat-tape"[39m
            [36m/>[39m
            [36m<div[39m
              [33mclass[39m=[32m"zn-feat-icon"[39m
            [36m>[39m
              [0m≡ƒÄñ[0m
            [36m</div>[39m
            [36m<h3[39m
              [33mclass[39m=[32m"zn-feat-title"[39m
            [36m>[39m
              [0mVoice AI[0m
            [36m</h3>[39m
            [36m<p[39m
              [33mclass[39m=[32m"zn-feat-body"[39m
            [36m>[39m
              [0mSpeak Hindi out loud. Real-time NLP scores your pronunciation.[0m
            [36m</p>[39m
          [36m</div>[39m
          [36m<div[39m
            [33mclass[39m=[32m"zn-feat-card"[39m
            [33mstyle[39m=[32m"--tape-c: #A5D6A7; --rot: 1.5deg; --offset: 0px;"[39m
          [36m>[39m
            [36m<div[39m
              [33maria-hidden[39m=[32m"true"[39m
              [33mclass[39m=[32m"zn-feat-tape"[39m
            [36m/>[39m
            [36m<div[39m
              [33mclass[39m=[32m"zn-feat-icon"[39m
            [36m>[39m
              [0m≡ƒÄ»[0m
            [36m</div>[39m
            [36m<h3[39m
              [33mclass[39m=[32m"zn-feat-title"[39m
            [36m>[39m
              [0mAdaptive Pace[0m
            [36m</h3>[39m
            [36m<p[39m
              [33mclass[39m=[32m"zn-feat-body"[39m
            [36m>[39m
              [0mEngine watches how you do. Slows down or speeds up. Auto.[0m
            [36m</p>[39m
          [36m</div>[39m
          [36m<div[39m
            [33mclass[39m=[32m"zn-feat-card"[39m
            [33mstyle[39m=[32m"--tape-c: #CE93D8; --rot: -1deg; --offset: 6px;"[39m
          [36m>[39m
            [36m<div[39m
              [33maria-hidden[39m=[32m"true"[39m
              [33mclass[39m=[32m"zn-feat-tape"[39m
            [36m/>[39m
            [36m<div[39m
              [33mclass[39m=[32m"zn-feat-icon"[39m
            [36m>[39m
              [0m≡ƒÅå[0m
            [36m</div>[39m
            [36m<h3[39m
              [33mclass[39m=[32m"zn-feat-title"[39m
            [36m>[39m
              [0mStreak XP[0m
            [36m</h3>[39m
            [36m<p[39m
              [33mclass[39m=[32m"zn-feat-body"[39m
            [36m>[39m
              [0mBadges, fire streaks, leaderboard. Rewards that actually land.[0m
            [36m</p>[39m
          [36m</div>[39m
          [36m<div[39m
            [33mclass[39m=[32m"zn-feat-card"[39m
            [33mstyle[39m=[32m"--tape-c: #F5C842; --rot: 0.8deg; --offset: 2px;"[39m
          [36m>[39m
            [36m<div[39m
              [33maria-hidden[39m=[32m"true"[39m
              [33mclass[39m=[32m"zn-feat-tape"[39m
            [36m/>[39m
            [36m<div[39m
              [33mclass[39m=[32m"zn-feat-icon"[39m
            [36m>[39m
              [0m≡ƒç«≡ƒç│[0m
            [36m</div>[39m
            [36m<h3[39m
              [33mclass[39m=[32m"zn-feat-title"[39m
            [36m>[39m
              [0mIndia-Built[0m
            [36m</h3>[39m
            [36m<p[39m
              [33mclass[39m=[32m"zn-feat-body"[39m
            [36m>[39m
              [0mAuthentic Hindi audio, Devanagari script, real cultural context.[0m
            [36m</p>[39m
          [36m</div>[39m
        [36m</div>[39m
      [36m</section>[39m
      [36m<div[39m
        [33maria-hidden[39m=[32m"true"[39m
        [33mclass[39m=[32m"zn-tear zn-tear-2"[39m
      [36m/>[39m
      [36m<section[39m
        [33mclass[39m=[32m"zn-how"[39m
      [36m>[39m
        [36m<div[39m
          [33mclass[39m=[32m"zn-how-label"[39m
        [36m>[39m
          [0mhow it works[0m
        [36m</div>[39m
        [36m<h2[39m
          [33mclass[39m=[32m"zn-how-h2"[39m
        [36m>[39m
          [0mthree steps.[0m
          [36m<br />[39m
          [36m<span>[39m
            [0mthat's all.[0m
          [36m</span>[39m
        [36m</h2>[39m
        [36m<div[39m
          [33mclass[39m=[32m"zn-steps"[39m
        [36m>[39m
          [36m<div[39m
            [33mclass[39m=[32m"zn-step"[39m
          [36m>[39m
            [36m<span[39m
              [33mclass[39m=[32m"zn-step-n"[39m
              [33mstyle[39m=[32m"color: rgb(232, 70, 42);"[39m
            [36m>[39m
              [0m1.[0m
            [36m</span>[39m
            [36m<div[39m
              [33mclass[39m=[32m"zn-step-rule"[39m
              [33mstyle[39m=[32m"background: rgb(232, 70, 42);"[39m
            [36m/>[39m
            [36m<h3[39m
              [33mclass[39m=[32m"zn-step-title"[39m
            [36m>[39m
              [0mtell us how you learn[0m
            [36m</h3>[39m
            [36m<p[39m
              [33mclass[39m=[32m"zn-step-body"[39m
            [36m>[39m
              [0mPick your style ΓÇö visual, audio, read/write, kinesthetic. We profile you.[0m
            [36m</p>[39m
          [36m</div>[39m
          [36m<div[39m
            [33mclass[39m=[32m"zn-step"[39m
          [36m>[39m
            [36m<span[39m
              [33mclass[39m=[32m"zn-step-n"[39m
              [33mstyle[39m=[32m"color: rgb(245, 166, 35);"[39m
            [36m>[39m
              [0m2.[0m
            [36m</span>[39m
            [36m<div[39m
              [33mclass[39m=[32m"zn-step-rule"[39m
              [33mstyle[39m=[32m"background: rgb(245, 166, 35);"[39m
            [36m/>[39m
            [36m<h3[39m
              [33mclass[39m=[32m"zn-step-title"[39m
            [36m>[39m
              [0mdo a tiny lesson[0m
            [36m</h3>[39m
            [36m<p[39m
              [33mclass[39m=[32m"zn-step-body"[39m
            [36m>[39m
              [0mAudio. Image. Speak. Type. Five minutes max. Stop whenever.[0m
            [36m</p>[39m
          [36m</div>[39m
          [36m<div[39m
            [33mclass[39m=[32m"zn-step"[39m
          [36m>[39m
            [36m<span[39m
              [33mclass[39m=[32m"zn-step-n"[39m
              [33mstyle[39m=[32m"color: rgb(39, 174, 96);"[39m
            [36m>[39m
              [0m3.[0m
            [36m</span>[39m
            [36m<div[39m
              [33mclass[39m=[32m"zn-step-rule"[39m
              [33mstyle[39m=[32m"background: rgb(39, 174, 96);"[39m
            [36m/>[39m
            [36m<h3[39m
              [33mclass[39m=[32m"zn-step-title"[39m
            [36m>[39m
              [0mwatch it stick[0m
            [36m</h3>[39m
            [36m<p[39m
              [33mclass[39m=[32m"zn-step-body"[39m
            [36m>[39m
              [0mSpaced repetition makes sure you remember it next week and next month.[0m
            [36m</p>[39m
          [36m</div>[39m
        [36m</div>[39m
      [36m</section>[39m
      [36m<div[39m
        [33maria-hidden[39m=[32m"true"[39m
        [33mclass[39m=[32m"zn-tear zn-tear-3"[39m
      [36m/>[39m
      [36m<section[39m
        [33mclass[39m=[32m"zn-final"[39m
      [36m>[39m
        [36m<div[39m
          [33maria-hidden[39m=[32m"true"[39m
          [33mclass[39m=[32m"zn-tape zn-tape-final"[39m
        [36m/>[39m
        [36m<div[39m
          [33mclass[39m=[32m"zn-final-inner"[39m
        [36m>[39m
          [36m<div[39m
            [33mclass[39m=[32m"zn-final-left"[39m
          [36m>[39m
            [36m<p[39m
              [33mclass[39m=[32m"zn-final-kicker"[39m
            [36m>[39m
              [0mno card. no pressure.[0m
            [36m</p>[39m
            [36m<h2[39m
              [33mclass[39m=[32m"zn-final-h2"[39m
            [36m>[39m
              [0myour first[0m
              [36m<br />[39m
              [0mHindi word[0m
              [36m<br />[39m
              [36m<span[39m
                [33mclass[39m=[32m"zn-final-free"[39m
              [36m>[39m
                [0mis free.[0m
              [36m</span>[39m
            [36m</h2>[39m
            [36m<div[39m
              [33mclass[39m=[32m"zn-final-btns"[39m
            [36m>[39m
              [36m<button[39m
                [33mclass[39m=[32m"zn-btn-main zn-btn-lg"[39m
              [36m>[39m
                [0mcreate account ΓåÆ[0m
              [36m</button>[39m
              [36m<button[39m
                [33mclass[39m=[32m"zn-btn-ghost zn-btn-ghost-inv"[39m
              [36m>[39m
                [0msign in[0m
              [36m</button>[39m
            [36m</div>[39m
          [36m</div>[39m
          [36m<div[39m
            [33maria-hidden[39m=[32m"true"[39m
            [33mclass[39m=[32m"zn-final-right"[39m
          [36m>[39m
            [36m<div[39m
              [33mclass[39m=[32m"zn-hindi-poster"[39m
            [36m>[39m
              [36m<span[39m
                [33mclass[39m=[32m"zn-poster-deva"[39m
              [36m>[39m
                [0mαñ¿αñ«αñ╕αÑìαññαÑç[0m
              [36m</span>[39m
              [36m<span[39m
                [33mclass[39m=[32m"zn-poster-en"[39m
              [36m>[39m
                [0mhello in hindi[0m
              [36m</span>[39m
            [36m</div>[39m
          [36m</div>[39m
        [36m</div>[39m
      [36m</section>[39m
      [36m<footer[39m
        [33mclass[39m=[32m"zn-footer"[39m
      [36m>[39m
        [36m<div[39m
          [33mclass[39m=[32m"zn-footer-brand"[39m
        [36m>[39m
          [36m<img[39m
            [33malt[39m=[32m""[39m
            [33mclass[39m=[32m"zn-footer-img"[39m
            [33msrc[39m=[32m"/src/assets/logo.png"[39m
          [36m/>[39m
          [36m<span>[39m
            [0mLinguaAble[0m
          [36m</span>[39m
        [36m</div>[39m
        [36m<p[39m
          [33mclass[39m=[32m"zn-footer-copy"[39m
        [36m>[39m
          [0mmade with ≡ƒÆ¢ for neurodiverse learners ┬╖ [0m
          [0m2026[0m
        [36m</p>[39m
      [36m</footer>[39m
    [36m</div>[39m
  [36m</div>[39m
[36m</body>[39m

Ignored nodes: comments, script, style
[36m<div>[39m
  [36m<div[39m
    [33mclass[39m=[32m"zn-root"[39m
  [36m>[39m
    [36m<div[39m
      [33maria-hidden[39m=[32m"true"[39m
      [33mclass[39m=[32m"zn-grain"[39m
    [36m/>[39m
    [36m<nav[39m
      [33mclass[39m=[32m"zn-nav"[39m
    [36m>[39m
      [36m<div[39m
        [33mclass[39m=[32m"zn-nav-logo"[39m
      [36m>[39m
        [36m<img[39m
          [33malt[39m=[32m"LinguaAble mascot"[39m
          [33mclass[39m=[32m"zn-logo-img"[39m
          [33msrc[39m=[32m"/src/assets/logo.png"[39m
        [36m/>[39m
        [36m<div[39m
          [33mclass[39m=[32m"zn-logo-text"[39m
        [36m>[39m
          [0mLingua[0m
          [36m<span>[39m
            [0mAble[0m
          [36m</span>[39m
        [36m</div>[39m
      [36m</div>[39m
      [36m<div[39m
        [33mclass[39m=[32m"zn-nav-links"[39m
      [36m>[39m
        [36m<button[39m
          [33mclass[39m=[32m"zn-link-btn"[39m
        [36m>[39m
          [0msign in[0m
        [36m</button>[39m
        [36m<button[39m
          [33mclass[39m=[32m"zn-stamp-btn"[39m
        [36m>[39m
          [0mSIGN UP[0m
        [36m</button>[39m
      [36m</div>[39m
    [36m</nav>[39m
    [36m<section[39m
      [33mclass[39m=[32m"zn-hero"[39m
    [36m>[39m
      [36m<div[39m
        [33maria-hidden[39m=[32m"true"[39m
        [33mclass[39m=[32m"zn-scrap zn-scrap-tl"[39m
      [36m>[39m
        [36m<span>[39m
          [0mαñ¿αñ«αñ╕αÑìαññαÑç[0m
        [36m</span>[39m
      [36m</div>[39m
      [36m<div[39m
        [33maria-hidden[39m=[32m"true"[39m
        [33mclass[39m=[32m"zn-tape zn-tape-1"[39m
      [36m/>[39m
      [36m<div[39m
        [33mclass[39m=[32m"zn-hero-center"[39m
      [36m>[39m
        [36m<p[39m
          [33mclass[39m=[32m"zn-eyebrow"[39m
        [36m>[39m
          [0mΓÇö a language app built for ADHD learners[0m
        [36m</p>[39m
        [36m<h1[39m
          [33mclass[39m=[32m"zn-h1"[39m
        [36m>[39m
          [36m<span[39m
            [33mclass[39m=[32m"zn-h1-learn"[39m
          [36m>[39m
            [0mLearn[0m
          [36m</span>[39m
          [36m<span[39m
            [33mclass[39m=[32m"zn-h1-hindi"[39m
          [36m>[39m
            [36m<span[39m
              [33mclass[39m=[32m"zn-h1-deva"[39m
            [36m>[39m
              [0mαñ╣αñ┐αñ¿αÑìαñªαÑÇ[0m
            [36m</span>[39m
            [36m<svg[39m
              [33maria-hidden[39m=[32m"true"[39m
              [33mclass[39m=[32m"zn-underline-svg"[39m
              [33mviewBox[39m=[32m"0 0 300 14"[39m
            [36m>[39m
              [36m<path[39m
                [33md[39m=[32m"M4,10 C40,2 90,14 140,8 C190,2 240,13 296,7"[39m
                [33mfill[39m=[32m"none"[39m
                [33mstroke[39m=[32m"#E8462A"[39m
                [33mstroke-linecap[39m=[32m"round"[39m
                [33mstroke-width[39m=[32m"4"[39m
              [36m/>[39m
            [36m</svg>[39m
          [36m</span>[39m
          [36m<span[39m
            [33mclass[39m=[32m"zn-h1-if"[39m
          [36m>[39m
            [0mmade for the[0m
          [36m</span>[39m
          [36m<span[39m
            [33mclass[39m=[32m"zn-h1-swap-wrap"[39m
          [36m>[39m
            [36m<span[39m
              [33mclass[39m=[32m"zn-h1-swap"[39m
            [36m>[39m
              [0mCURIOUS[0m
            [36m</span>[39m
            [36m<span[39m
              [33maria-hidden[39m=[32m"true"[39m
              [33mclass[39m=[32m"zn-marker-box"[39m
            [36m/>[39m
          [36m</span>[39m
          [36m<span[39m
            [33mclass[39m=[32m"zn-h1-if"[39m
          [36m>[39m
            [0mminds[0m
          [36m</span>[39m
        [36m</h1>[39m
        [36m<p[39m
          [33mclass[39m=[32m"zn-hero-body"[39m
        [36m>[39m
          [0mShort bursts. Voice practice. Real Hindi. Zero overwhelm.[0m
          [36m<br />[39m
          [0mDesigned from scratch for neurodiverse minds.[0m
        [36m</p>[39m
        [36m<div[39m
          [33mclass[39m=[32m"zn-hero-btns"[39m
        [36m>[39m
          [36m<button[39m
            [33mclass[39m=[32m"zn-btn-main"[39m
          [36m>[39m
            [0mI want to try it ΓåÆ[0m
          [36m</button>[39m
          [36m<button[39m
            [33mclass[39m=[32m"zn-btn-ghost"[39m
          [36m>[39m
            [0malready learning[0m
          [36m</button>[39m
        [36m</div>[39m
      [36m</div>[39m
      [36m<div[39m
        [33mclass[39m=[32m"zn-hero-right"[39m
      [36m>[39m
        [36m<div[39m
          [33maria-hidden[39m=[32m"true"[39m
          [33mclass[39m=[32m"zn-tape zn-tape-2"[39m
        [36m/>[39m
        [36m<div[39m
          [33mclass[39m=[32m"zn-photo-scrap"[39m
        [36m>[39m
          [36m<img[39m
            [33malt[39m=[32m"LinguaAble zebra mascot"[39m
            [33mclass[39m=[32m"zn-mascot"[39m
            [33msrc[39m=[32m"/src/assets/logo.png"[39m
          [36m/>[39m
          [36m<div[39m
            [33mclass[39m=[32m"zn-caption"[39m
          [36m>[39m
            [0mour zebra mascot ≡ƒªô[0m
          [36m</div>[39m
        [36m</div>[39m
        [36m<div[39m
          [33mclass[39m=[32m"zn-sticky-note"[39m
        [36m>[39m
          [36m<p>[39m
            [0m45s lessons[0m
          [36m</p>[39m
          [36m<p>[39m
            [0mzero pressure[0m
          [36m</p>[39m
          [36m<p[39m
            [33mclass[39m=[32m"zn-sticky-emoji"[39m
          [36m>[39m
            [0m≡ƒÆ¢[0m
          [36m</p>[39m
        [36m</div>[39m
      [36m</div>[39m
      [36m<div[39m
        [33mclass[39m=[32m"zn-stats-row"[39m
      [36m>[39m
        [36m<div[39m
          [33mclass[39m=[32m"zn-stat-block"[39m
        [36m>[39m
          [36m<span[39m
            [33mclass[39m=[32m"zn-stat-n"[39m
          [36m>[39m
            [0m45s[0m
          [36m</span>[39m
          [36m<span[39m
            [33mclass[39m=[32m"zn-stat-t"[39m
          [36m>[39m
            [0mper lesson chunk[0m
          [36m</span>[39m
        [36m</div>[39m
        [36m<div[39m
          [33mclass[39m=[32m"zn-stat-block"[39m
        [36m>[39m
          [36m<span[39m
            [33mclass[39m=[32m"zn-stat-n"[39m
          [36m>[39m
            [0m3├ù[0m
          [36m</span>[39m
          [36m<span[39m
            [33mclass[39m=[32m"zn-stat-t"[39m
          [36m>[39m
            [0mbetter retention[0m
          [36m</span>[39m
        [36m</div>[39m
        [36m<div[39m
          [33mclass[39m=[32m"zn-stat-block"[39m
        [36m>[39m
          [36m<span[39m
            [33mclass[39m=[32m"zn-stat-n"[39m
          [36m>[39m
            [0m12+[0m
          [36m</span>[39m
          [36m<span[39m
            [33mclass[39m=[32m"zn-stat-t"[39m
          [36m>[39m
            [0maccessibility modes[0m
          [36m</span>[39m
        [36m</div>[39m
      [36m</div>[39m
    [36m</section>[39m
    [36m<div[39m
      [33maria-hidden[39m=[32m"true"[39m
      [33mclass[39m=[32m"zn-tear zn-tear-1"[39m
    [36m/>[39m
    [36m<section[39m
      [33mclass[39m=[32m"zn-features"[39m
    [36m>[39m
      [36m<div[39m
        [33mclass[39m=[32m"zn-features-header"[39m
      [36m>[39m
        [36m<div[39m
          [33mclass[39m=[32m"zn-section-tag"[39m
        [36m>[39m
          [0mwhat's inside[0m
        [36m</div>[39m
        [36m<h2[39m
          [33mclass[39m=[32m"zn-features-h2"[39m
        [36m>[39m
          [0mbuilt around[0m
          [36m<br />[39m
          [36m<em>[39m
            [0myour brain.[0m
          [36m</em>[39m
        [36m</h2>[39m
      [36m</div>[39m
      [36m<div[39m
        [33mclass[39m=[32m"zn-feat-grid"[39m
      [36m>[39m
        [36m<div[39m
          [33mclass[39m=[32m"zn-feat-card"[39m
          [33mstyle[39m=[32m"--tape-c: #F5C842; --rot: -1.5deg; --offset: 0px;"[39m
        [36m>[39m
          [36m<div[39m
            [33maria-hidden[39m=[32m"true"[39m
            [33mclass[39m=[32m"zn-feat-tape"[39m
          [36m/>[39m
          [36m<div[39m
            [33mclass[39m=[32m"zn-feat-icon"[39m
          [36m>[39m
            [0m≡ƒºá[0m
          [36m</div>[39m
          [36m<h3[39m
            [33mclass[39m=[32m"zn-feat-title"[39m
          [36m>[39m
            [0mADHD-First[0m
          [36m</h3>[39m
          [36m<p[39m
            [33mclass[39m=[32m"zn-feat-body"[39m
          [36m>[39m
            [0mOne idea per screen. 45-second bursts. No walls of text. Ever.[0m
          [36m</p>[39m
        [36m</div>[39m
        [36m<div[39m
          [33mclass[39m=[32m"zn-feat-card"[39m
          [33mstyle[39m=[32m"--tape-c: #4ABFFF; --rot: 1deg; --offset: 8px;"[39m
        [36m>[39m
          [36m<div[39m
            [33maria-hidden[39m=[32m"true"[39m
            [33mclass[39m=[32m"zn-feat-tape"[39m
          [36m/>[39m
          [36m<div[39m
            [33mclass[39m=[32m"zn-feat-icon"[39m
          [36m>[39m
            [0m≡ƒôû[0m
          [36m</div>[39m
          [36m<h3[39m
            [33mclass[39m=[32m"zn-feat-title"[39m
          [36m>[39m
            [0mDyslexia Mode[0m
          [36m</h3>[39m
          [36m<p[39m
            [33mclass[39m=[32m"zn-feat-body"[39m
          [36m>[39m
            [0mOpenDyslexic font, colour overlays, line spacing ΓÇö one toggle.[0m
          [36m</p>[39m
        [36m</div>[39m
        [36m<div[39m
          [33mclass[39m=[32m"zn-feat-card"[39m
          [33mstyle[39m=[32m"--tape-c: #FF8A65; --rot: -0.5deg; --offset: 4px;"[39m
        [36m>[39m
          [36m<div[39m
            [33maria-hidden[39m=[32m"true"[39m
            [33mclass[39m=[32m"zn-feat-tape"[39m
          [36m/>[39m
          [36m<div[39m
            [33mclass[39m=[32m"zn-feat-icon"[39m
          [36m>[39m
            [0m≡ƒÄñ[0m
          [36m</div>[39m
          [36m<h3[39m
            [33mclass[39m=[32m"zn-feat-title"[39m
          [36m>[39m
            [0mVoice AI[0m
          [36m</h3>[39m
          [36m<p[39m
            [33mclass[39m=[32m"zn-feat-body"[39m
          [36m>[39m
            [0mSpeak Hindi out loud. Real-time NLP scores your pronunciation.[0m
          [36m</p>[39m
        [36m</div>[39m
        [36m<div[39m
          [33mclass[39m=[32m"zn-feat-card"[39m
          [33mstyle[39m=[32m"--tape-c: #A5D6A7; --rot: 1.5deg; --offset: 0px;"[39m
        [36m>[39m
          [36m<div[39m
            [33maria-hidden[39m=[32m"true"[39m
            [33mclass[39m=[32m"zn-feat-tape"[39m
          [36m/>[39m
          [36m<div[39m
            [33mclass[39m=[32m"zn-feat-icon"[39m
          [36m>[39m
            [0m≡ƒÄ»[0m
          [36m</div>[39m
          [36m<h3[39m
            [33mclass[39m=[32m"zn-feat-title"[39m
          [36m>[39m
            [0mAdaptive Pace[0m
          [36m</h3>[39m
          [36m<p[39m
            [33mclass[39m=[32m"zn-feat-body"[39m
          [36m>[39m
            [0mEngine watches how you do. Slows down or speeds up. Auto.[0m
          [36m</p>[39m
        [36m</div>[39m
        [36m<div[39m
          [33mclass[39m=[32m"zn-feat-card"[39m
          [33mstyle[39m=[32m"--tape-c: #CE93D8; --rot: -1deg; --offset: 6px;"[39m
        [36m>[39m
          [36m<div[39m
            [33maria-hidden[39m=[32m"true"[39m
            [33mclass[39m=[32m"zn-feat-tape"[39m
          [36m/>[39m
          [36m<div[39m
            [33mclass[39m=[32m"zn-feat-icon"[39m
          [36m>[39m
            [0m≡ƒÅå[0m
          [36m</div>[39m
          [36m<h3[39m
            [33mclass[39m=[32m"zn-feat-title"[39m
          [36m>[39m
            [0mStreak XP[0m
          [36m</h3>[39m
          [36m<p[39m
            [33mclass[39m=[32m"zn-feat-body"[39m
          [36m>[39m
            [0mBadges, fire streaks, leaderboard. Rewards that actually land.[0m
          [36m</p>[39m
        [36m</div>[39m
        [36m<div[39m
          [33mclass[39m=[32m"zn-feat-card"[39m
          [33mstyle[39m=[32m"--tape-c: #F5C842; --rot: 0.8deg; --offset: 2px;"[39m
        [36m>[39m
          [36m<div[39m
            [33maria-hidden[39m=[32m"true"[39m
            [33mclass[39m=[32m"zn-feat-tape"[39m
          [36m/>[39m
          [36m<div[39m
            [33mclass[39m=[32m"zn-feat-icon"[39m
          [36m>[39m
            [0m≡ƒç«≡ƒç│[0m
          [36m</div>[39m
          [36m<h3[39m
            [33mclass[39m=[32m"zn-feat-title"[39m
          [36m>[39m
            [0mIndia-Built[0m
          [36m</h3>[39m
          [36m<p[39m
            [33mclass[39m=[32m"zn-feat-body"[39m
          [36m>[39m
            [0mAuthentic Hindi audio, Devanagari script, real cultural context.[0m
          [36m</p>[39m
        [36m</div>[39m
      [36m</div>[39m
    [36m</section>[39m
    [36m<div[39m
      [33maria-hidden[39m=[32m"true"[39m
      [33mclass[39m=[32m"zn-tear zn-tear-2"[39m
    [36m/>[39m
    [36m<section[39m
      [33mclass[39m=[32m"zn-how"[39m
    [36m>[39m
      [36m<div[39m
        [33mclass[39m=[32m"zn-how-label"[39m
      [36m>[39m
        [0mhow it works[0m
      [36m</div>[39m
      [36m<h2[39m
        [33mclass[39m=[32m"zn-how-h2"[39m
      [36m>[39m
        [0mthree steps.[0m
        [36m<br />[39m
        [36m<span>[39m
          [0mthat's all.[0m
        [36m</span>[39m
      [36m</h2>[39m
      [36m<div[39m
        [33mclass[39m=[32m"zn-steps"[39m
      [36m>[39m
        [36m<div[39m
          [33mclass[39m=[32m"zn-step"[39m
        [36m>[39m
          [36m<span[39m
            [33mclass[39m=[32m"zn-step-n"[39m
            [33mstyle[39m=[32m"color: rgb(232, 70, 42);"[39m
          [36m>[39m
            [0m1.[0m
          [36m</span>[39m
          [36m<div[39m
            [33mclass[39m=[32m"zn-step-rule"[39m
            [33mstyle[39m=[32m"background: rgb(232, 70, 42);"[39m
          [36m/>[39m
          [36m<h3[39m
            [33mclass[39m=[32m"zn-step-title"[39m
          [36m>[39m
            [0mtell us how you learn[0m
          [36m</h3>[39m
          [36m<p[39m
            [33mclass[39m=[32m"zn-step-body"[39m
          [36m>[39m
            [0mPick your style ΓÇö visual, audio, read/write, kinesthetic. We profile you.[0m
          [36m</p>[39m
        [36m</div>[39m
        [36m<div[39m
          [33mclass[39m=[32m"zn-step"[39m
        [36m>[39m
          [36m<span[39m
            [33mclass[39m=[32m"zn-step-n"[39m
            [33mstyle[39m=[32m"color: rgb(245, 166, 35);"[39m
          [36m>[39m
            [0m2.[0m
          [36m</span>[39m
          [36m<div[39m
            [33mclass[39m=[32m"zn-step-rule"[39m
            [33mstyle[39m=[32m"background: rgb(245, 166, 35);"[39m
          [36m/>[39m
          [36m<h3[39m
            [33mclass[39m=[32m"zn-step-title"[39m
          [36m>[39m
            [0mdo a tiny lesson[0m
          [36m</h3>[39m
          [36m<p[39m
            [33mclass[39m=[32m"zn-step-body"[39m
          [36m>[39m
            [0mAudio. Image. Speak. Type. Five minutes max. Stop whenever.[0m
          [36m</p>[39m
        [36m</div>[39m
        [36m<div[39m
          [33mclass[39m=[32m"zn-step"[39m
        [36m>[39m
          [36m<span[39m
            [33mclass[39m=[32m"zn-step-n"[39m
            [33mstyle[39m=[32m"color: rgb(39, 174, 96);"[39m
          [36m>[39m
            [0m3.[0m
          [36m</span>[39m
          [36m<div[39m
            [33mclass[39m=[32m"zn-step-rule"[39m
            [33mstyle[39m=[32m"background: rgb(39, 174, 96);"[39m
          [36m/>[39m
          [36m<h3[39m
            [33mclass[39m=[32m"zn-step-title"[39m
          [36m>[39m
            [0mwatch it stick[0m
          [36m</h3>[39m
          [36m<p[39m
            [33mclass[39m=[32m"zn-step-body"[39m
          [36m>[39m
            [0mSpaced repetition makes sure you remember it next week and next month.[0m
          [36m</p>[39m
        [36m</div>[39m
      [36m</div>[39m
    [36m</section>[39m
    [36m<div[39m
      [33maria-hidden[39m=[32m"true"[39m
      [33mclass[39m=[32m"zn-tear zn-tear-3"[39m
    [36m/>[39m
    [36m<section[39m
      [33mclass[39m=[32m"zn-final"[39m
    [36m>[39m
      [36m<div[39m
        [33maria-hidden[39m=[32m"true"[39m
        [33mclass[39m=[32m"zn-tape zn-tape-final"[39m
      [36m/>[39m
      [36m<div[39m
        [33mclass[39m=[32m"zn-final-inner"[39m
      [36m>[39m
        [36m<div[39m
          [33mclass[39m=[32m"zn-final-left"[39m
        [36m>[39m
          [36m<p[39m
            [33mclass[39m=[32m"zn-final-kicker"[39m
          [36m>[39m
            [0mno card. no pressure.[0m
          [36m</p>[39m
          [36m<h2[39m
            [33mclass[39m=[32m"zn-final-h2"[39m
          [36m>[39m
            [0myour first[0m
            [36m<br />[39m
            [0mHindi word[0m
            [36m<br />[39m
            [36m<span[39m
              [33mclass[39m=[32m"zn-final-free"[39m
            [36m>[39m
              [0mis free.[0m
            [36m</span>[39m
          [36m</h2>[39m
          [36m<div[39m
            [33mclass[39m=[32m"zn-final-btns"[39m
          [36m>[39m
            [36m<button[39m
              [33mclass[39m=[32m"zn-btn-main zn-btn-lg"[39m
            [36m>[39m
              [0mcreate account ΓåÆ[0m
            [36m</button>[39m
            [36m<button[39m
              [33mclass[39m=[32m"zn-btn-ghost zn-btn-ghost-inv"[39m
            [36m>[39m
              [0msign in[0m
            [36m</button>[39m
          [36m</div>[39m
        [36m</div>[39m
        [36m<div[39m
          [33maria-hidden[39m=[32m"true"[39m
          [33mclass[39m=[32m"zn-final-right"[39m
        [36m>[39m
          [36m<div[39m
            [33mclass[39m=[32m"zn-hindi-poster"[39m
          [36m>[39m
            [36m<span[39m
              [33mclass[39m=[32m"zn-poster-deva"[39m
            [36m>[39m
              [0mαñ¿αñ«αñ╕αÑìαññαÑç[0m
            [36m</span>[39m
            [36m<span[39m
              [33mclass[39m=[32m"zn-poster-en"[39m
            [36m>[39m
              [0mhello in hindi[0m
            [36m</span>[39m
          [36m</div>[39m
        [36m</div>[39m
      [36m</div>[39m
    [36m</section>[39m
    [36m<footer[39m
      [33mclass[39m=[32m"zn-footer"[39m
    [36m>[39m
      [36m<div[39m
        [33mclass[39m=[32m"zn-footer-brand"[39m
      [36m>[39m
        [36m<img[39m
          [33malt[39m=[32m""[39m
          [33mclass[39m=[32m"zn-footer-img"[39m
          [33msrc[39m=[32m"/src/assets/logo.png"[39m
        [36m/>[39m
        [36m<span>[39m
          [0mLinguaAble[0m
        [36m</span>[39m
      [36m</div>[39m
      [36m<p[39m
        [33mclass[39m=[32m"zn-footer-copy"[39m
      [36m>[39m
        [0mmade with ≡ƒÆ¢ for neurodiverse learners ┬╖ [0m
        [0m2026[0m
      [36m</p>[39m
    [36m</footer>[39m
  [36m</div>[39m
[36m</div>[39m

Ignored nodes: comments, script, style
[36m<div[39m
  [33mclass[39m=[32m"zn-root"[39m
[36m>[39m
  [36m<div[39m
    [33maria-hidden[39m=[32m"true"[39m
    [33mclass[39m=[32m"zn-grain"[39m
  [36m/>[39m
  [36m<nav[39m
    [33mclass[39m=[32m"zn-nav"[39m
  [36m>[39m
    [36m<div[39m
      [33mclass[39m=[32m"zn-nav-logo"[39m
    [36m>[39m
      [36m<img[39m
        [33malt[39m=[32m"LinguaAble mascot"[39m
        [33mclass[39m=[32m"zn-logo-img"[39m
        [33msrc[39m=[32m"/src/assets/logo.png"[39m
      [36m/>[39m
      [36m<div[39m
        [33mclass[39m=[32m"zn-logo-text"[39m
      [36m>[39m
        [0mLingua[0m
        [36m<span>[39m
          [0mAble[0m
        [36m</span>[39m
      [36m</div>[39m
    [36m</div>[39m
    [36m<div[39m
      [33mclass[39m=[32m"zn-nav-links"[39m
    [36m>[39m
      [36m<button[39m
        [33mclass[39m=[32m"zn-link-btn"[39m
      [36m>[39m
        [0msign in[0m
      [36m</button>[39m
      [36m<button[39m
        [33mclass[39m=[32m"zn-stamp-btn"[39m
      [36m>[39m
        [0mSIGN UP[0m
      [36m</button>[39m
    [36m</div>[39m
  [36m</nav>[39m
  [36m<section[39m
    [33mclass[39m=[32m"zn-hero"[39m
  [36m>[39m
    [36m<div[39m
      [33maria-hidden[39m=[32m"true"[39m
      [33mclass[39m=[32m"zn-scrap zn-scrap-tl"[39m
    [36m>[39m
      [36m<span>[39m
        [0mαñ¿αñ«αñ╕αÑìαññαÑç[0m
      [36m</span>[39m
    [36m</div>[39m
    [36m<div[39m
      [33maria-hidden[39m=[32m"true"[39m
      [33mclass[39m=[32m"zn-tape zn-tape-1"[39m
    [36m/>[39m
    [36m<div[39m
      [33mclass[39m=[32m"zn-hero-center"[39m
    [36m>[39m
      [36m<p[39m
        [33mclass[39m=[32m"zn-eyebrow"[39m
      [36m>[39m
        [0mΓÇö a language app built for ADHD learners[0m
      [36m</p>[39m
      [36m<h1[39m
        [33mclass[39m=[32m"zn-h1"[39m
      [36m>[39m
        [36m<span[39m
          [33mclass[39m=[32m"zn-h1-learn"[39m
        [36m>[39m
          [0mLearn[0m
        [36m</span>[39m
        [36m<span[39m
          [33mclass[39m=[32m"zn-h1-hindi"[39m
        [36m>[39m
          [36m<span[39m
            [33mclass[39m=[32m"zn-h1-deva"[39m
          [36m>[39m
            [0mαñ╣αñ┐αñ¿αÑìαñªαÑÇ[0m
          [36m</span>[39m
          [36m<svg[39m
            [33maria-hidden[39m=[32m"true"[39m
            [33mclass[39m=[32m"zn-underline-svg"[39m
            [33mviewBox[39m=[32m"0 0 300 14"[39m
          [36m>[39m
            [36m<path[39m
              [33md[39m=[32m"M4,10 C40,2 90,14 140,8 C190,2 240,13 296,7"[39m
              [33mfill[39m=[32m"none"[39m
              [33mstroke[39m=[32m"#E8462A"[39m
              [33mstroke-linecap[39m=[32m"round"[39m
              [33mstroke-width[39m=[32m"4"[39m
            [36m/>[39m
          [36m</svg>[39m
        [36m</span>[39m
        [36m<span[39m
          [33mclass[39m=[32m"zn-h1-if"[39m
        [36m>[39m
          [0mmade for the[0m
        [36m</span>[39m
        [36m<span[39m
          [33mclass[39m=[32m"zn-h1-swap-wrap"[39m
        [36m>[39m
          [36m<span[39m
            [33mclass[39m=[32m"zn-h1-swap"[39m
          [36m>[39m
            [0mCURIOUS[0m
          [36m</span>[39m
          [36m<span[39m
            [33maria-hidden[39m=[32m"true"[39m
            [33mclass[39m=[32m"zn-marker-box"[39m
          [36m/>[39m
        [36m</span>[39m
        [36m<span[39m
          [33mclass[39m=[32m"zn-h1-if"[39m
        [36m>[39m
          [0mminds[0m
        [36m</span>[39m
      [36m</h1>[39m
      [36m<p[39m
        [33mclass[39m=[32m"zn-hero-body"[39m
      [36m>[39m
        [0mShort bursts. Voice practice. Real Hindi. Zero overwhelm.[0m
        [36m<br />[39m
        [0mDesigned from scratch for neurodiverse minds.[0m
      [36m</p>[39m
      [36m<div[39m
        [33mclass[39m=[32m"zn-hero-btns"[39m
      [36m>[39m
        [36m<button[39m
          [33mclass[39m=[32m"zn-btn-main"[39m
        [36m>[39m
          [0mI want to try it ΓåÆ[0m
        [36m</button>[39m
        [36m<button[39m
          [33mclass[39m=[32m"zn-btn-ghost"[39m
        [36m>[39m
          [0malready learning[0m
        [36m</button>[39m
      [36m</div>[39m
    [36m</div>[39m
    [36m<div[39m
      [33mclass[39m=[32m"zn-hero-right"[39m
    [36m>[39m
      [36m<div[39m
        [33maria-hidden[39m=[32m"true"[39m
        [33mclass[39m=[32m"zn-tape zn-tape-2"[39m
      [36m/>[39m
      [36m<div[39m
        [33mclass[39m=[32m"zn-photo-scrap"[39m
      [36m>[39m
        [36m<img[39m
          [33malt[39m=[32m"LinguaAble zebra mascot"[39m
          [33mclass[39m=[32m"zn-mascot"[39m
          [33msrc[39m=[32m"/src/assets/logo.png"[39m
        [36m/>[39m
        [36m<div[39m
          [33mclass[39m=[32m"zn-caption"[39m
        [36m>[39m
          [0mour zebra mascot ≡ƒªô[0m
        [36m</div>[39m
      [36m</div>[39m
      [36m<div[39m
        [33mclass[39m=[32m"zn-sticky-note"[39m
      [36m>[39m
        [36m<p>[39m
          [0m45s lessons[0m
        [36m</p>[39m
        [36m<p>[39m
          [0mzero pressure[0m
        [36m</p>[39m
        [36m<p[39m
          [33mclass[39m=[32m"zn-sticky-emoji"[39m
        [36m>[39m
          [0m≡ƒÆ¢[0m
        [36m</p>[39m
      [36m</div>[39m
    [36m</div>[39m
    [36m<div[39m
      [33mclass[39m=[32m"zn-stats-row"[39m
    [36m>[39m
      [36m<div[39m
        [33mclass[39m=[32m"zn-stat-block"[39m
      [36m>[39m
        [36m<span[39m
          [33mclass[39m=[32m"zn-stat-n"[39m
        [36m>[39m
          [0m45s[0m
        [36m</span>[39m
        [36m<span[39m
          [33mclass[39m=[32m"zn-stat-t"[39m
        [36m>[39m
          [0mper lesson chunk[0m
        [36m</span>[39m
      [36m</div>[39m
      [36m<div[39m
        [33mclass[39m=[32m"zn-stat-block"[39m
      [36m>[39m
        [36m<span[39m
          [33mclass[39m=[32m"zn-stat-n"[39m
        [36m>[39m
          [0m3├ù[0m
        [36m</span>[39m
        [36m<span[39m
          [33mclass[39m=[32m"zn-stat-t"[39m
        [36m>[39m
          [0mbetter retention[0m
        [36m</span>[39m
      [36m</div>[39m
      [36m<div[39m
        [33mclass[39m=[32m"zn-stat-block"[39m
      [36m>[39m
        [36m<span[39m
          [33mclass[39m=[32m"zn-stat-n"[39m
        [36m>[39m
          [0m12+[0m
        [36m</span>[39m
        [36m<span[39m
          [33mclass[39m=[32m"zn-stat-t"[39m
        [36m>[39m
          [0maccessibility modes[0m
        [36m</span>[39m
      [36m</div>[39m
    [36m</div>[39m
  [36m</section>[39m
  [36m<div[39m
    [33maria-hidden[39m=[32m"true"[39m
    [33mclass[39m=[32m"zn-tear zn-tear-1"[39m
  [36m/>[39m
  [36m<section[39m
    [33mclass[39m=[32m"zn-features"[39m
  [36m>[39m
    [36m<div[39m
      [33mclass[39m=[32m"zn-features-header"[39m
    [36m>[39m
      [36m<div[39m
        [33mclass[39m=[32m"zn-section-tag"[39m
      [36m>[39m
        [0mwhat's inside[0m
      [36m</div>[39m
      [36m<h2[39m
        [33mclass[39m=[32m"zn-features-h2"[39m
      [36m>[39m
        [0mbuilt around[0m
        [36m<br />[39m
        [36m<em>[39m
          [0myour brain.[0m
        [36m</em>[39m
      [36m</h2>[39m
    [36m</div>[39m
    [36m<div[39m
      [33mclass[39m=[32m"zn-feat-grid"[39m
    [36m>[39m
      [36m<div[39m
        [33mclass[39m=[32m"zn-feat-card"[39m
        [33mstyle[39m=[32m"--tape-c: #F5C842; --rot: -1.5deg; --offset: 0px;"[39m
      [36m>[39m
        [36m<div[39m
          [33maria-hidden[39m=[32m"true"[39m
          [33mclass[39m=[32m"zn-feat-tape"[39m
        [36m/>[39m
        [36m<div[39m
          [33mclass[39m=[32m"zn-feat-icon"[39m
        [36m>[39m
          [0m≡ƒºá[0m
        [36m</div>[39m
        [36m<h3[39m
          [33mclass[39m=[32m"zn-feat-title"[39m
        [36m>[39m
          [0mADHD-First[0m
        [36m</h3>[39m
        [36m<p[39m
          [33mclass[39m=[32m"zn-feat-body"[39m
        [36m>[39m
          [0mOne idea per screen. 45-second bursts. No walls of text. Ever.[0m
        [36m</p>[39m
      [36m</div>[39m
      [36m<div[39m
        [33mclass[39m=[32m"zn-feat-card"[39m
        [33mstyle[39m=[32m"--tape-c: #4ABFFF; --rot: 1deg; --offset: 8px;"[39m
      [36m>[39m
        [36m<div[39m
          [33maria-hidden[39m=[32m"true"[39m
          [33mclass[39m=[32m"zn-feat-tape"[39m
        [36m/>[39m
        [36m<div[39m
          [33mclass[39m=[32m"zn-feat-icon"[39m
        [36m>[39m
          [0m≡ƒôû[0m
        [36m</div>[39m
        [36m<h3[39m
          [33mclass[39m=[32m"zn-feat-title"[39m
        [36m>[39m
          [0mDyslexia Mode[0m
        [36m</h3>[39m
        [36m<p[39m
          [33mclass[39m=[32m"zn-feat-body"[39m
        [36m>[39m
          [0mOpenDyslexic font, colour overlays, line spacing ΓÇö one toggle.[0m
        [36m</p>[39m
      [36m</div>[39m
      [36m<div[39m
        [33mclass[39m=[32m"zn-feat-card"[39m
        [33mstyle[39m=[32m"--tape-c: #FF8A65; --rot: -0.5deg; --offset: 4px;"[39m
      [36m>[39m
        [36m<div[39m
          [33maria-hidden[39m=[32m"true"[39m
          [33mclass[39m=[32m"zn-feat-tape"[39m
        [36m/>[39m
        [36m<div[39m
          [33mclass[39m=[32m"zn-feat-icon"[39m
        [36m>[39m
          [0m≡ƒÄñ[0m
        [36m</div>[39m
        [36m<h3[39m
          [33mclass[39m=[32m"zn-feat-title"[39m
        [36m>[39m
          [0mVoice AI[0m
        [36m</h3>[39m
        [36m<p[39m
          [33mclass[39m=[32m"zn-feat-body"[39m
        [36m>[39m
          [0mSpeak Hindi out loud. Real-time NLP scores your pronunciation.[0m
        [36m</p>[39m
      [36m</div>[39m
      [36m<div[39m
        [33mclass[39m=[32m"zn-feat-card"[39m
        [33mstyle[39m=[32m"--tape-c: #A5D6A7; --rot: 1.5deg; --offset: 0px;"[39m
      [36m>[39m
        [36m<div[39m
          [33maria-hidden[39m=[32m"true"[39m
          [33mclass[39m=[32m"zn-feat-tape"[39m
        [36m/>[39m
        [36m<div[39m
          [33mclass[39m=[32m"zn-feat-icon"[39m
        [36m>[39m
          [0m≡ƒÄ»[0m
        [36m</div>[39m
        [36m<h3[39m
          [33mclass[39m=[32m"zn-feat-title"[39m
        [36m>[39m
          [0mAdaptive Pace[0m
        [36m</h3>[39m
        [36m<p[39m
          [33mclass[39m=[32m"zn-feat-body"[39m
        [36m>[39m
          [0mEngine watches how you do. Slows down or speeds up. Auto.[0m
        [36m</p>[39m
      [36m</div>[39m
      [36m<div[39m
        [33mclass[39m=[32m"zn-feat-card"[39m
        [33mstyle[39m=[32m"--tape-c: #CE93D8; --rot: -1deg; --offset: 6px;"[39m
      [36m>[39m
        [36m<div[39m
          [33maria-hidden[39m=[32m"true"[39m
          [33mclass[39m=[32m"zn-feat-tape"[39m
        [36m/>[39m
        [36m<div[39m
          [33mclass[39m=[32m"zn-feat-icon"[39m
        [36m>[39m
          [0m≡ƒÅå[0m
        [36m</div>[39m
        [36m<h3[39m
          [33mclass[39m=[32m"zn-feat-title"[39m
        [36m>[39m
          [0mStreak XP[0m
        [36m</h3>[39m
        [36m<p[39m
          [33mclass[39m=[32m"zn-feat-body"[39m
        [36m>[39m
          [0mBadges, fire streaks, leaderboard. Rewards that actually land.[0m
        [36m</p>[39m
      [36m</div>[39m
      [36m<div[39m
        [33mclass[39m=[32m"zn-feat-card"[39m
        [33mstyle[39m=[32m"--tape-c: #F5C842; --rot: 0.8deg; --offset: 2px;"[39m
      [36m>[39m
        [36m<div[39m
          [33maria-hidden[39m=[32m"true"[39m
          [33mclass[39m=[32m"zn-feat-tape"[39m
        [36m/>[39m
        [36m<div[39m
          [33mclass[39m=[32m"zn-feat-icon"[39m
        [36m>[39m
          [0m≡ƒç«≡ƒç│[0m
        [36m</div>[39m
        [36m<h3[39m
          [33mclass[39m=[32m"zn-feat-title"[39m
        [36m>[39m
          [0mIndia-Built[0m
        [36m</h3>[39m
        [36m<p[39m
          [33mclass[39m=[32m"zn-feat-body"[39m
        [36m>[39m
          [0mAuthentic Hindi audio, Devanagari script, real cultural context.[0m
        [36m</p>[39m
      [36m</div>[39m
    [36m</div>[39m
  [36m</section>[39m
  [36m<div[39m
    [33maria-hidden[39m=[32m"true"[39m
    [33mclass[39m=[32m"zn-tear zn-tear-2"[39m
  [36m/>[39m
  [36m<section[39m
    [33mclass[39m=[32m"zn-how"[39m
  [36m>[39m
    [36m<div[39m
      [33mclass[39m=[32m"zn-how-label"[39m
    [36m>[39m
      [0mhow it works[0m
    [36m</div>[39m
    [36m<h2[39m
      [33mclass[39m=[32m"zn-how-h2"[39m
    [36m>[39m
      [0mthree steps.[0m
      [36m<br />[39m
      [36m<span>[39m
        [0mthat's all.[0m
      [36m</span>[39m
    [36m</h2>[39m
    [36m<div[39m
      [33mclass[39m=[32m"zn-steps"[39m
    [36m>[39m
      [36m<div[39m
        [33mclass[39m=[32m"zn-step"[39m
      [36m>[39m
        [36m<span[39m
          [33mclass[39m=[32m"zn-step-n"[39m
          [33mstyle[39m=[32m"color: rgb(232, 70, 42);"[39m
        [36m>[39m
          [0m1.[0m
        [36m</span>[39m
        [36m<div[39m
          [33mclass[39m=[32m"zn-step-rule"[39m
          [33mstyle[39m=[32m"background: rgb(232, 70, 42);"[39m
        [36m/>[39m
        [36m<h3[39m
          [33mclass[39m=[32m"zn-step-title"[39m
        [36m>[39m
          [0mtell us how you learn[0m
        [36m</h3>[39m
        [36m<p[39m
          [33mclass[39m=[32m"zn-step-body"[39m
        [36m>[39m
          [0mPick your style ΓÇö visual, audio, read/write, kinesthetic. We profile you.[0m
        [36m</p>[39m
      [36m</div>[39m
      [36m<div[39m
        [33mclass[39m=[32m"zn-step"[39m
      [36m>[39m
        [36m<span[39m
          [33mclass[39m=[32m"zn-step-n"[39m
          [33mstyle[39m=[32m"color: rgb(245, 166, 35);"[39m
        [36m>[39m
          [0m2.[0m
        [36m</span>[39m
        [36m<div[39m
          [33mclass[39m=[32m"zn-step-rule"[39m
          [33mstyle[39m=[32m"background: rgb(245, 166, 35);"[39m
        [36m/>[39m
        [36m<h3[39m
          [33mclass[39m=[32m"zn-step-title"[39m
        [36m>[39m
          [0mdo a tiny lesson[0m
        [36m</h3>[39m
        [36m<p[39m
          [33mclass[39m=[32m"zn-step-body"[39m
        [36m>[39m
          [0mAudio. Image. Speak. Type. Five minutes max. Stop whenever.[0m
        [36m</p>[39m
      [36m</div>[39m
      [36m<div[39m
        [33mclass[39m=[32m"zn-step"[39m
      [36m>[39m
        [36m<span[39m
          [33mclass[39m=[32m"zn-step-n"[39m
          [33mstyle[39m=[32m"color: rgb(39, 174, 96);"[39m
        [36m>[39m
          [0m3.[0m
        [36m</span>[39m
        [36m<div[39m
          [33mclass[39m=[32m"zn-step-rule"[39m
          [33mstyle[39m=[32m"background: rgb(39, 174, 96);"[39m
        [36m/>[39m
        [36m<h3[39m
          [33mclass[39m=[32m"zn-step-title"[39m
        [36m>[39m
          [0mwatch it stick[0m
        [36m</h3>[39m
        [36m<p[39m
          [33mclass[39m=[32m"zn-step-body"[39m
        [36m>[39m
          [0mSpaced repetition makes sure you remember it next week and next month.[0m
        [36m</p>[39m
      [36m</div>[39m
    [36m</div>[39m
  [36m</section>[39m
  [36m<div[39m
    [33maria-hidden[39m=[32m"true"[39m
    [33mclass[39m=[32m"zn-tear zn-tear-3"[39m
  [36m/>[39m
  [36m<section[39m
    [33mclass[39m=[32m"zn-final"[39m
  [36m>[39m
    [36m<div[39m
      [33maria-hidden[39m=[32m"true"[39m
      [33mclass[39m=[32m"zn-tape zn-tape-final"[39m
    [36m/>[39m
    [36m<div[39m
      [33mclass[39m=[32m"zn-final-inner"[39m
    [36m>[39m
      [36m<div[39m
        [33mclass[39m=[32m"zn-final-left"[39m
      [36m>[39m
        [36m<p[39m
          [33mclass[39m=[32m"zn-final-kicker"[39m
        [36m>[39m
          [0mno card. no pressure.[0m
        [36m</p>[39m
        [36m<h2[39m
          [33mclass[39m=[32m"zn-final-h2"[39m
        [36m>[39m
          [0myour first[0m
          [36m<br />[39m
          [0mHindi word[0m
          [36m<br />[39m
          [36m<span[39m
            [33mclass[39m=[32m"zn-final-free"[39m
          [36m>[39m
            [0mis free.[0m
          [36m</span>[39m
        [36m</h2>[39m
        [36m<div[39m
          [33mclass[39m=[32m"zn-final-btns"[39m
        [36m>[39m
          [36m<button[39m
            [33mclass[39m=[32m"zn-btn-main zn-btn-lg"[39m
          [36m>[39m
            [0mcreate account ΓåÆ[0m
          [36m</button>[39m
          [36m<button[39m
            [33mclass[39m=[32m"zn-btn-ghost zn-btn-ghost-inv"[39m
          [36m>[39m
            [0msign in[0m
          [36m</button>[39m
        [36m</div>[39m
      [36m</div>[39m
      [36m<div[39m
        [33maria-hidden[39m=[32m"true"[39m
        [33mclass[39m=[32m"zn-final-right"[39m
      [36m>[39m
        [36m<div[39m
          [33mclass[39m=[32m"zn-hindi-poster"[39m
        [36m>[39m
          [36m<span[39m
            [33mclass[39m=[32m"zn-poster-deva"[39m
          [36m>[39m
            [0mαñ¿αñ«αñ╕αÑìαññαÑç[0m
          [36m</span>[39m
          [36m<span[39m
            [33mclass[39m=[32m"zn-poster-en"[39m
          [36m>[39m
            [0mhello in hindi[0m
          [36m</span>[39m
        [36m</div>[39m
      [36m</div>[39m
    [36m</div>[39m
  [36m</section>[39m
  [36m<footer[39m
    [33mclass[39m=[32m"zn-footer"[39m
  [36m>[39m
    [36m<div[39m
      [33mclass[39m=[32m"zn-footer-brand"[39m
    [36m>[39m
      [36m<img[39m
        [33malt[39m=[32m""[39m
        [33mclass[39m=[32m"zn-footer-img"[39m
        [33msrc[39m=[32m"/src/assets/logo.png"[39m
      [36m/>[39m
      [36m<span>[39m
        [0mLinguaAble[0m
      [36m</span>[39m
    [36m</div>[39m
    [36m<p[39m
      [33mclass[39m=[32m"zn-footer-copy"[39m
    [36m>[39m
      [0mmade with ≡ƒÆ¢ for neurodiverse learners ┬╖ [0m
      [0m2026[0m
    [36m</p>[39m
  [36m</footer>[39m
[36m</div>[39m

Ignored nodes: comments, script, style
[36m<section[39m
  [33mclass[39m=[32m"zn-hero"[39m
[36m>[39m
  [36m<div[39m
    [33maria-hidden[39m=[32m"true"[39m
    [33mclass[39m=[32m"zn-scrap zn-scrap-tl"[39m
  [36m>[39m
    [36m<span>[39m
      [0mαñ¿αñ«αñ╕αÑìαññαÑç[0m
    [36m</span>[39m
  [36m</div>[39m
  [36m<div[39m
    [33maria-hidden[39m=[32m"true"[39m
    [33mclass[39m=[32m"zn-tape zn-tape-1"[39m
  [36m/>[39m
  [36m<div[39m
    [33mclass[39m=[32m"zn-hero-center"[39m
  [36m>[39m
    [36m<p[39m
      [33mclass[39m=[32m"zn-eyebrow"[39m
    [36m>[39m
      [0mΓÇö a language app built for ADHD learners[0m
    [36m</p>[39m
    [36m<h1[39m
      [33mclass[39m=[32m"zn-h1"[39m
    [36m>[39m
      [36m<span[39m
        [33mclass[39m=[32m"zn-h1-learn"[39m
      [36m>[39m
        [0mLearn[0m
      [36m</span>[39m
      [36m<span[39m
        [33mclass[39m=[32m"zn-h1-hindi"[39m
      [36m>[39m
        [36m<span[39m
          [33mclass[39m=[32m"zn-h1-deva"[39m
        [36m>[39m
          [0mαñ╣αñ┐αñ¿αÑìαñªαÑÇ[0m
        [36m</span>[39m
        [36m<svg[39m
          [33maria-hidden[39m=[32m"true"[39m
          [33mclass[39m=[32m"zn-underline-svg"[39m
          [33mviewBox[39m=[32m"0 0 300 14"[39m
        [36m>[39m
          [36m<path[39m
            [33md[39m=[32m"M4,10 C40,2 90,14 140,8 C190,2 240,13 296,7"[39m
            [33mfill[39m=[32m"none"[39m
            [33mstroke[39m=[32m"#E8462A"[39m
            [33mstroke-linecap[39m=[32m"round"[39m
            [33mstroke-width[39m=[32m"4"[39m
          [36m/>[39m
        [36m</svg>[39m
      [36m</span>[39m
      [36m<span[39m
        [33mclass[39m=[32m"zn-h1-if"[39m
      [36m>[39m
        [0mmade for the[0m
      [36m</span>[39m
      [36m<span[39m
        [33mclass[39m=[32m"zn-h1-swap-wrap"[39m
      [36m>[39m
        [36m<span[39m
          [33mclass[39m=[32m"zn-h1-swap"[39m
        [36m>[39m
          [0mCURIOUS[0m
        [36m</span>[39m
        [36m<span[39m
          [33maria-hidden[39m=[32m"true"[39m
          [33mclass[39m=[32m"zn-marker-box"[39m
        [36m/>[39m
      [36m</span>[39m
      [36m<span[39m
        [33mclass[39m=[32m"zn-h1-if"[39m
      [36m>[39m
        [0mminds[0m
      [36m</span>[39m
    [36m</h1>[39m
    [36m<p[39m
      [33mclass[39m=[32m"zn-hero-body"[39m
    [36m>[39m
      [0mShort bursts. Voice practice. Real Hindi. Zero overwhelm.[0m
      [36m<br />[39m
      [0mDesigned from scratch for neurodiverse minds.[0m
    [36m</p>[39m
    [36m<div[39m
      [33mclass[39m=[32m"zn-hero-btns"[39m
    [36m>[39m
      [36m<button[39m
        [33mclass[39m=[32m"zn-btn-main"[39m
      [36m>[39m
        [0mI want to try it ΓåÆ[0m
      [36m</button>[39m
      [36m<button[39m
        [33mclass[39m=[32m"zn-btn-ghost"[39m
      [36m>[39m
        [0malready learning[0m
      [36m</button>[39m
    [36m</div>[39m
  [36m</div>[39m
  [36m<div[39m
    [33mclass[39m=[32m"zn-hero-right"[39m
  [36m>[39m
    [36m<div[39m
      [33maria-hidden[39m=[32m"true"[39m
      [33mclass[39m=[32m"zn-tape zn-tape-2"[39m
    [36m/>[39m
    [36m<div[39m
      [33mclass[39m=[32m"zn-photo-scrap"[39m
    [36m>[39m
      [36m<img[39m
        [33malt[39m=[32m"LinguaAble zebra mascot"[39m
        [33mclass[39m=[32m"zn-mascot"[39m
        [33msrc[39m=[32m"/src/assets/logo.png"[39m
      [36m/>[39m
      [36m<div[39m
        [33mclass[39m=[32m"zn-caption"[39m
      [36m>[39m
        [0mour zebra mascot ≡ƒªô[0m
      [36m</div>[39m
    [36m</div>[39m
    [36m<div[39m
      [33mclass[39m=[32m"zn-sticky-note"[39m
    [36m>[39m
      [36m<p>[39m
        [0m45s lessons[0m
      [36m</p>[39m
      [36m<p>[39m
        [0mzero pressure[0m
      [36m</p>[39m
      [36m<p[39m
        [33mclass[39m=[32m"zn-sticky-emoji"[39m
      [36m>[39m
        [0m≡ƒÆ¢[0m
      [36m</p>[39m
    [36m</div>[39m
  [36m</div>[39m
  [36m<div[39m
    [33mclass[39m=[32m"zn-stats-row"[39m
  [36m>[39m
    [36m<div[39m
      [33mclass[39m=[32m"zn-stat-block"[39m
    [36m>[39m
      [36m<span[39m
        [33mclass[39m=[32m"zn-stat-n"[39m
      [36m>[39m
        [0m45s[0m
      [36m</span>[39m
      [36m<span[39m
        [33mclass[39m=[32m"zn-stat-t"[39m
      [36m>[39m
        [0mper lesson chunk[0m
      [36m</span>[39m
    [36m</div>[39m
    [36m<div[39m
      [33mclass[39m=[32m"zn-stat-block"[39m
    [36m>[39m
      [36m<span[39m
        [33mclass[39m=[32m"zn-stat-n"[39m
      [36m>[39m
        [0m3├ù[0m
      [36m</span>[39m
      [36m<span[39m
        [33mclass[39m=[32m"zn-stat-t"[39m
      [36m>[39m
        [0mbetter retention[0m
      [36m</span>[39m
    [36m</div>[39m
    [36m<div[39m
      [33mclass[39m=[32m"zn-stat-block"[39m
    [36m>[39m
      [36m<span[39m
        [33mclass[39m=[32m"zn-stat-n"[39m
      [36m>[39m
        [0m12+[0m
      [36m</span>[39m
      [36m<span[39m
        [33mclass[39m=[32m"zn-stat-t"[39m
      [36m>[39m
        [0maccessibility modes[0m
      [36m</span>[39m
    [36m</div>[39m
  [36m</div>[39m
[36m</section>[39m

Ignored nodes: comments, script, style
[36m<div[39m
  [33mclass[39m=[32m"zn-hero-center"[39m
[36m>[39m
  [36m<p[39m
    [33mclass[39m=[32m"zn-eyebrow"[39m
  [36m>[39m
    [0mΓÇö a language app built for ADHD learners[0m
  [36m</p>[39m
  [36m<h1[39m
    [33mclass[39m=[32m"zn-h1"[39m
  [36m>[39m
    [36m<span[39m
      [33mclass[39m=[32m"zn-h1-learn"[39m
    [36m>[39m
      [0mLearn[0m
    [36m</span>[39m
    [36m<span[39m
      [33mclass[39m=[32m"zn-h1-hindi"[39m
    [36m>[39m
      [36m<span[39m
        [33mclass[39m=[32m"zn-h1-deva"[39m
      [36m>[39m
        [0mαñ╣αñ┐αñ¿αÑìαñªαÑÇ[0m
      [36m</span>[39m
      [36m<svg[39m
        [33maria-hidden[39m=[32m"true"[39m
        [33mclass[39m=[32m"zn-underline-svg"[39m
        [33mviewBox[39m=[32m"0 0 300 14"[39m
      [36m>[39m
        [36m<path[39m
          [33md[39m=[32m"M4,10 C40,2 90,14 140,8 C190,2 240,13 296,7"[39m
          [33mfill[39m=[32m"none"[39m
          [33mstroke[39m=[32m"#E8462A"[39m
          [33mstroke-linecap[39m=[32m"round"[39m
          [33mstroke-width[39m=[32m"4"[39m
        [36m/>[39m
      [36m</svg>[39m
    [36m</span>[39m
    [36m<span[39m
      [33mclass[39m=[32m"zn-h1-if"[39m
    [36m>[39m
      [0mmade for the[0m
    [36m</span>[39m
    [36m<span[39m
      [33mclass[39m=[32m"zn-h1-swap-wrap"[39m
    [36m>[39m
      [36m<span[39m
        [33mclass[39m=[32m"zn-h1-swap"[39m
      [36m>[39m
        [0mCURIOUS[0m
      [36m</span>[39m
      [36m<span[39m
        [33maria-hidden[39m=[32m"true"[39m
        [33mclass[39m=[32m"zn-marker-box"[39m
      [36m/>[39m
    [36m</span>[39m
    [36m<span[39m
      [33mclass[39m=[32m"zn-h1-if"[39m
    [36m>[39m
      [0mminds[0m
    [36m</span>[39m
  [36m</h1>[39m
  [36m<p[39m
    [33mclass[39m=[32m"zn-hero-body"[39m
  [36m>[39m
    [0mShort bursts. Voice practice. Real Hindi. Zero overwhelm.[0m
    [36m<br />[39m
    [0mDesigned from scratch for neurodiverse minds.[0m
  [36m</p>[39m
  [36m<div[39m
    [33mclass[39m=[32m"zn-hero-btns"[39m
  [36m>[39m
    [36m<button[39m
      [33mclass[39m=[32m"zn-btn-main"[39m
    [36m>[39m
      [0mI want to try it ΓåÆ[0m
    [36m</button>[39m
    [36m<button[39m
      [33mclass[39m=[32m"zn-btn-ghost"[39m
    [36m>[39m
      [0malready learning[0m
    [36m</button>[39m
  [36m</div>[39m
[36m</div>[39m

Ignored nodes: comments, script, style
[36m<h1[39m
  [33mclass[39m=[32m"zn-h1"[39m
[36m>[39m
  [36m<span[39m
    [33mclass[39m=[32m"zn-h1-learn"[39m
  [36m>[39m
    [0mLearn[0m
  [36m</span>[39m
  [36m<span[39m
    [33mclass[39m=[32m"zn-h1-hindi"[39m
  [36m>[39m
    [36m<span[39m
      [33mclass[39m=[32m"zn-h1-deva"[39m
    [36m>[39m
      [0mαñ╣αñ┐αñ¿αÑìαñªαÑÇ[0m
    [36m</span>[39m
    [36m<svg[39m
      [33maria-hidden[39m=[32m"true"[39m
      [33mclass[39m=[32m"zn-underline-svg"[39m
      [33mviewBox[39m=[32m"0 0 300 14"[39m
    [36m>[39m
      [36m<path[39m
        [33md[39m=[32m"M4,10 C40,2 90,14 140,8 C190,2 240,13 296,7"[39m
        [33mfill[39m=[32m"none"[39m
        [33mstroke[39m=[32m"#E8462A"[39m
        [33mstroke-linecap[39m=[32m"round"[39m
        [33mstroke-width[39m=[32m"4"[39m
      [36m/>[39m
    [36m</svg>[39m
  [36m</span>[39m
  [36m<span[39m
    [33mclass[39m=[32m"zn-h1-if"[39m
  [36m>[39m
    [0mmade for the[0m
  [36m</span>[39m
  [36m<span[39m
    [33mclass[39m=[32m"zn-h1-swap-wrap"[39m
  [36m>[39m
    [36m<span[39m
      [33mclass[39m=[32m"zn-h1-swap"[39m
    [36m>[39m
      [0mCURIOUS[0m
    [36m</span>[39m
    [36m<span[39m
      [33maria-hidden[39m=[32m"true"[39m
      [33mclass[39m=[32m"zn-marker-box"[39m
    [36m/>[39m
  [36m</span>[39m
  [36m<span[39m
    [33mclass[39m=[32m"zn-h1-if"[39m
  [36m>[39m
    [0mminds[0m
  [36m</span>[39m
[36m</h1>[39m

Ignored nodes: comments, script, style
[36m<span[39m
  [33mclass[39m=[32m"zn-h1-learn"[39m
[36m>[39m
  [0mLearn[0m
[36m</span>[39m

(If this is intentional, then use the `*AllBy*` variant of the query (like `queryAllByText`, `getAllByText`, or `findAllByText`)).

Ignored nodes: comments, script, style
[36m<body>[39m
  [36m<div>[39m
    [36m<div[39m
      [33mclass[39m=[32m"zn-root"[39m
    [36m>[39m
      [36m<div[39m
        [33maria-hidden[39m=[32m"true"[39m
        [33mclass[39m=[32m"zn-grain"[39m
      [36m/>[39m
      [36m<nav[39m
        [33mclass[39m=[32m"zn-nav"[39m
      [36m>[39m
        [36m<div[39m
          [33mclass[39m=[32m"zn-nav-logo"[39m
        [36m>[39m
          [36m<img[39m
            [33malt[39m=[32m"LinguaAble mascot"[39m
            [33mclass[39m=[32m"zn-logo-img"[39m
            [33msrc[39m=[32m"/src/assets/logo.png"[39m
          [36m/>[39m
          [36m<div[39m
            [33mclass[39m=[32m"zn-logo-text"[39m
          [36m>[39m
            [0mLingua[0m
            [36m<span>[39m
              [0mAble[0m
            [36m</span>[39m
          [36m</div>[39m
        [36m</div>[39m
        [36m<div[39m
          [33mclass[39m=[32m"zn-nav-links"[39m
        [36m>[39m
          [36m<button[39m
            [33mclass[39m=[32m"zn-link-btn"[39m
          [36m>[39m
            [0msign in[0m
          [36m</button>[39m
          [36m<button[39m
            [33mclass[39m=[32m"zn-stamp-btn"[39m
          [36m>[39m
            [0mSIGN UP[0m
          [36m</button>[39m
        [36m</div>[39m
      [36m</nav>[39m
      [36m<section[39m
        [33mclass[39m=[32m"zn-hero"[39m
      [36m>[39m
        [36m<div[39m
          [33maria-hidden[39m=[32m"true"[39m
          [33mclass[39m=[32m"zn-scrap zn-scrap-tl"[39m
        [36m>[39m
          [36m<span>[39m
            [0mαñ¿αñ«αñ╕αÑìαññαÑç[0m
          [36m</span>[39m
        [36m</div>[39m
        [36m<div[39m
          [33maria-hidden[39m=[32m"true"[39m
          [33mclass[39m=[32m"zn-tape zn-tape-1"[39m
        [36m/>[39m
        [36m<div[39m
          [33mclass[39m=[32m"zn-hero-center"[39m
        [36m>[39m
          [36m<p[39m
            [33mclass[39m=[32m"zn-eyebrow"[39m
          [36m>[39m
            [0mΓÇö a language app built for ADHD learners[0m
          [36m</p>[39m
          [36m<h1[39m
            [33mclass[39m=[32m"zn-h1"[39m
          [36m>[39m
            [36m<span[39m
              [33mclass[39m=[32m"zn-h1-learn"[39m
            [36m>[39m
              [0mLearn[0m
            [36m</span>[39m
            [36m<span[39m
              [33mclass[39m=[32m"zn-h1-hindi"[39m
            [36m>[39m
              [36m<span[39m
                [33mclass[39m=[32m"zn-h1-deva"[39m
              [36m>[39m
                [0mαñ╣αñ┐αñ¿αÑìαñªαÑÇ[0m
              [36m</span>[39m
              [36m<svg[39m
                [33maria-hidden[39m=[32m"true"[39m
                [33mclass[39m=[32m"zn-underline-svg"[39m
                [33mviewBox[39m=[32m"0 0 300 14"[39m
              [36m>[39m
                [36m<path[39m
                  [33md[39m=[32m"M4,10 C40,2 90,14 140,8 C190,2 240,13 296,7"[39m
                  [33mfill[39m=[32m"none"[39m
                  [33mstroke[39m=[32m"#E8462A"[39m
                  [33mstroke-linecap[39m=[32m"round"[39m
                  [33mstroke-width[39m=[32m"4"[39m
                [36m/>[39m
              [36m</svg>[39m
            [36m</span>[39m
            [36m<span[39m
              [33mclass[39m=[32m"zn-h1-if"[39m
            [36m>[39m
              [0mmade for the[0m
            [36m</span>[39m
            [36m<span[39m
              [33mclass[39m=[32m"zn-h1-swap-wrap"[39m
            [36m>[39m
              [36m<span[39m
                [33mclass[39m=[32m"zn-h1-swap"[39m
              [36m>[39m
                [0mCURIOUS[0m
              [36m</span>[39m
              [36m<span[39m
                [33maria-hidden[39m=[32m"true"[39m
                [33mclass[39m=[32m"zn-marker-box"[39m
              [36m/>[39m
            [36m</span>[39m
            [36m<span[39m
              [33mclass[39m=[32m"zn-h1-if"[39m
            [36m>[39m
              [0mminds[0m
            [36m</span>[39m
          [36m</h1>[39m
          [36m<p[39m
            [33mclass[39m=[32m"zn-hero-body"[39m
          [36m>[39m
            [0mShort bursts. Voice practice. Real Hindi. Zero overwhelm.[0m
            [36m<br />[39m
            [0mDesigned from scratch for neurodiverse minds.[0m
          [36m</p>[39m
          [36m<div[39m
            [33mclass[39m=[32m"zn-hero-btns"[39m
          [36m>[39m
            [36m<button[39m
              [33mclass[39m=[32m"zn-btn-main"[39m
            [36m>[39m
              [0mI want to try it ΓåÆ[0m
            [36m</button>[39m
            [36m<button[39m
              [33mclass[39m=[32m"zn-btn-ghost"[39m
            [36m>[39m
              [0malready learning[0m
            [36m</button>[39m
          [36m</div>[39m
        [36m</div>[39m
        [36m<div[39m
          [33mclass[39m=[32m"zn-hero-right"[39m
        [36m>[39m
          [36m<div[39m
            [33maria-hidden[39m=[32m"true"[39m
            [33mclass[39m=[32m"zn-tape zn-tape-2"[39m
          [36m/>[39m
          [36m<div[39m
            [33mclass[39m=[32m"zn-photo-scrap"[39m
          [36m>[39m
            [36m<img[39m
              [33malt[39m=[32m"LinguaAble zebra mascot"[39m
              [33mclass[39m=[32m"zn-mascot"[39m
              [33msrc[39m=[32m"/src/assets/logo.png"[39m
            [36m/>[39m
            [36m<div[39m
              [33mclass[39m=[32m"zn-caption"[39m
            [36m>[39m
              [0mour zebra mascot ≡ƒªô[0m
            [36m</div>[39m
          [36m</div>[39m
          [36m<div[39m
            [33mclass[39m=[32m"zn-sticky-note"[39m
          [36m>[39m
            [36m<p>[39m
              [0m45s lessons[0m
            [36m</p>[39m
            [36m<p>[39m
              [0mzero pressure[0m
            [36m</p>[39m
            [36m<p[39m
              [33mclass[39m=[32m"zn-sticky-emoji"[39m
            [36m>[39m
              [0m≡ƒÆ¢[0m
            [36m</p>[39m
          [36m</div>[39m
        [36m</div>[39m
        [36m<div[39m
          [33mclass[39m=[32m"zn-stats-row"[39m
        [36m>[39m
          [36m<div[39m
            [33mclass[39m=[32m"zn-stat-block"[39m
          [36m>[39m
            [36m<span[39m
              [33mclass[39m=[32m"zn-stat-n"[39m
            [36m>[39m
              [0m45s[0m
            [36m</span>[39m
            [36m<span[39m
              [33mclass[39m=[32m"zn-stat-t"[39m
            [36m>[39m
              [0mper lesson chunk[0m
            [36m</span>[39m
          [36m</div>[39m
          [36m<div[39m
            [33mclass[39m=[32m"zn-stat-block"[39m
          [36m>[39m
            [36m<span[39m
              [33mclass[39m=[32m"zn-stat-n"[39m
            [36m>[39m
              [0m3├ù[0m
            [36m</span>[39m
            [36m<span[39m
              [33mclass[39m=[32m"zn-stat-t"[39m
            [36m>[39m
              [0mbetter retention[0m
            [36m</span>[39m
          [36m</div>[39m
          [36m<div[39m
            [33mclass[39m=[32m"zn-stat-block"[39m
          [36m>[39m
            [36m<span[39m
              [33mclass[39m=[32m"zn-stat-n"[39m
            [36m>[39m
              [0m12+[0m
            [36m</span>[39m
            [36m<span[39m
              [33mclass[39m=[32m"zn-stat-t"[39m
            [36m>[39m
              [0maccessibility modes[0m
            [36m</span>[39m
          [36m</div>[39m
        [36m</div>[39m
      [36m</section>[39m
      [36m<div[39m
        [33maria-hidden[39m=[32m"true"[39m
        [33mclass[39m=[32m"zn-tear zn-tear-1"[39m
      [36m/>[39m
      [36m<section[39m
        [33mclass[39m=[32m"zn-features"[39m
      [36m>[39m
        [36m<div[39m
          [33mclass[39m=[32m"zn-features-header"[39m
        [36m>[39m
          [36m<div[39m
            [33mclass[39m=[32m"zn-section-tag"[39m
          [36m>[39m
            [0mwhat's inside[0m
          [36m</div>[39m
          [36m<h2[39m
            [33mclass[39m=[32m"zn-features-h2"[39m
          [36m>[39m
            [0mbuilt around[0m
            [36m<br />[39m
            [36m<em>[39m
              [0myour brain.[0m
            [36m</em>[39m
          [36m</h2>[39m
        [36m</div>[39m
        [36m<div[39m
          [33mclass[39m=[32m"zn-feat-grid"[39m
        [36m>[39m
          [36m<div[39m
            [33mclass[39m=[32m"zn-feat-card"[39m
            [33mstyle[39m=[32m"--tape-c: #F5C842; --rot: -1.5deg; --offset: 0px;"[39m
          [36m>[39m
            [36m<div[39m
              [33maria-hidden[39m=[32m"true"[39m
              [33mclass[39m=[32m"zn-feat-tape"[39m
            [36m/>[39m
            [36m<div[39m
              [33mclass[39m=[32m"zn-feat-icon"[39m
            [36m>[39m
              [0m≡ƒºá[0m
            [36m</div>[39m
            [36m<h3[39m
              [33mclass[39m=[32m"zn-feat-title"[39m
            [36m>[39m
              [0mADHD-First[0m
            [36m</h3>[39m
            [36m<p[39m
              [33mclass[39m=[32m"zn-feat-body"[39m
            [36m>[39m
              [0mOne idea per screen. 45-second bursts. No walls of text. Ever.[0m
            [36m</p>[39m
          [36m</div>[39m
          [36m<div[39m
            [33mclass[39m=[32m"zn-feat-card"[39m
            [33mstyle[39m=[32m"--tape-c: #4ABFFF; --rot: 1deg; --offset: 8px;"[39m
          [36m>[39m
            [36m<div[39m
              [33maria-hidden[39m=[32m"true"[39m
              [33mclass[39m=[32m"zn-feat-tape"[39m
            [36m/>[39m
            [36m<div[39m
              [33mclass[39m=[32m"zn-feat-icon"[39m
            [36m>[39m
              [0m≡ƒôû[0m
            [36m</div>[39m
            [36m<h3[39m
              [33mclass[39m=[32m"zn-feat-title"[39m
            [36m>[39m
              [0mDyslexia Mode[0m
            [36m</h3>[39m
            [36m<p[39m
              [33mclass[39m=[32m"zn-feat-body"[39m
            [36m>[39m
              [0mOpenDyslexic font, colour overlays, line spacing ΓÇö one toggle.[0m
            [36m</p>[39m
          [36m</div>[39m
          [36m<div[39m
            [33mclass[39m=[32m"zn-feat-card"[39m
            [33mstyle[39m=[32m"--tape-c: #FF8A65; --rot: -0.5deg; --offset: 4px;"[39m
          [36m>[39m
            [36m<div[39m
              [33maria-hidden[39m=[32m"true"[39m
              [33mclass[39m=[32m"zn-feat-tape"[39m
            [36m/>[39m
            [36m<div[39m
              [33mclass[39m=[32m"zn-feat-icon"[39m
            [36m>[39m
              [0m≡ƒÄñ[0m
            [36m</div>[39m
            [36m<h3[39m
              [33mclass[39m=[32m"zn-feat-title"[39m
            [36m>[39m
              [0mVoice AI[0m
            [36m</h3>[39m
            [36m<p[39m
              [33mclass[39m=[32m"zn-feat-body"[39m
            [36m>[39m
              [0mSpeak Hindi out loud. Real-time NLP scores your pronunciation.[0m
            [36m</p>[39m
          [36m</div>[39m
          [36m<div[39m
            [33mclass[39m=[32m"zn-feat-card"[39m
            [33mstyle[39m=[32m"--tape-c: #A5D6A7; --rot: 1.5deg; --offset: 0px;"[39m
          [36m>[39m
            [36m<div[39m
              [33maria-hidden[39m=[32m"true"[39m
              [33mclass[39m=[32m"zn-feat-tape"[39m
            [36m/>[39m
            [36m<div[39m
              [33mclass[39m=[32m"zn-feat-icon"[39m
            [36m>[39m
              [0m≡ƒÄ»[0m
            [36m</div>[39m
            [36m<h3[39m
              [33mclass[39m=[32m"zn-feat-title"[39m
            [36m>[39m
              [0mAdaptive Pace[0m
            [36m</h3>[39m
            [36m<p[39m
              [33mclass[39m=[32m"zn-feat-body"[39m
            [36m>[39m
              [0mEngine watches how you do. Slows down or speeds up. Auto.[0m
            [36m</p>[39m
          [36m</div>[39m
          [36m<div[39m
            [33mclass[39m=[32m"zn-feat-card"[39m
            [33mstyle[39m=[32m"--tape-c: #CE93D8; --rot: -1deg; --offset: 6px;"[39m
          [36m>[39m
            [36m<div[39m
              [33maria-hidden[39m=[32m"true"[39m
              [33mclass[39m=[32m"zn-feat-tape"[39m
            [36m/>[39m
            [36m<div[39m
              [33mclass[39m=[32m"zn-feat-icon"[39m
            [36m>[39m
              [0m≡ƒÅå[0m
            [36m</div>[39m
            [36m<h3[39m
              [33mclass[39m=[32m"zn-feat-title"[39m
            [36m>[39m
              [0mStreak XP[0m
            [36m</h3>[39m
            [36m<p[39m
              [33mclass[39m=[32m"zn-feat-body"[39m
            [36m>[39m
              [0mBadges, fire streaks, leaderboard. Rewards that actually land.[0m
            [36m</p>[39m
          [36m</div>[39m
          [36m<div[39m
            [33mclass[39m=[32m"zn-feat-card"[39m
            [33mstyle[39m=[32m"--tape-c: #F5C842; --rot: 0.8deg; --offset: 2px;"[39m
          [36m>[39m
            [36m<div[39m
              [33maria-hidden[39m=[32m"true"[39m
              [33mclass[39m=[32m"zn-feat-tape"[39m
            [36m/>[39m
            [36m<div[39m
              [33mclass[39m=[32m"zn-feat-icon"[39m
            [36m>[39m
              [0m≡ƒç«≡ƒç│[0m
            [36m</div>[39m
            [36m<h3[39m
              [33mclass[39m=[32m"zn-feat-title"[39m
            [36m>[39m
              [0mIndia-Built[0m
            [36m</h3>[39m
            [36m<p[39m
              [33mclass[39m=[32m"zn-feat-body"[39m
            [36m>[39m
              [0mAuthentic Hindi audio, Devanagari script, real cultural context.[0m
            [36m</p>[39m
          [36m</div>[39m
        [36m</div>[39m
      [36m</section>[39m
      [36m<div[39m
        [33maria-hidden[39m=[32m"true"[39m
        [33mclass[39m=[32m"zn-tear zn-tear-2"[39m
      [36m/>[39m
      [36m<section[39m
        [33mclass[39m=[32m"zn-how"[39m
      [36m>[39m
        [36m<div[39m
          [33mclass[39m=[32m"zn-how-label"[39m
        [36m>[39m
          [0mhow it works[0m
        [36m</div>[39m
        [36m<h2[39m
          [33mclass[39m=[32m"zn-how-h2"[39m
        [36m>[39m
          [0mthree steps.[0m
          [36m<br />[39m
          [36m<span>[39m
            [0mthat's all.[0m
          [36m</span>[39m
        [36m</h2>[39m
        [36m<div[39m
          [33mclass[39m=[32m"zn-steps"[39m
        [36m>[39m
          [36m<div[39m
            [33mclass[39m=[32m"zn-step"[39m
          [36m>[39m
            [36m<span[39m
              [33mclass[39m=[32m"zn-step-n"[39m
              [33mstyle[39m=[32m"color: rgb(232, 70, 42);"[39m
            [36m>[39m
              [0m1.[0m
            [36m</span>[39m
            [36m<div[39m
              [33mclass[39m=[32m"zn-step-rule"[39m
              [33mstyle[39m=[32m"background: rgb(232, 70, 42);"[39m
            [36m/>[39m
            [36m<h3[39m
              [33mclass[39m=[32m"zn-step-title"[39m
            [36m>[39m
              [0mtell us how you learn[0m
            [36m</h3>[39m
            [36m<p[39m
              [33mclass[39m=[32m"zn-step-body"[39m
            [36m>[39m
              [0mPick your style ΓÇö visual, audio, read/write, kinesthetic. We profile you.[0m
            [36m</p>[39m
          [36m</div>[39m
          [36m<div[39m
            [33mclass[39m=[32m"zn-step"[39m
          [36m>[39m
            [36m<span[39m
              [33mclass[39m=[32m"zn-step-n"[39m
              [33mstyle[39m=[32m"color: rgb(245, 166, 35);"[39m
            [36m>[39m
              [0m2.[0m
            [36m</span>[39m
            [36m<div[39m
              [33mclass[39m=[32m"zn-step-rule"[39m
              [33mstyle[39m=[32m"background: rgb(245, 166, 35);"[39m
            [36m/>[39m
            [36m<h3[39m
              [33mclass[39m=[32m"zn-step-title"[39m
            [36m>[39m
              [0mdo a tiny lesson[0m
            [36m</h3>[39m
            [36m<p[39m
              [33mclass[39m=[32m"zn-step-body"[39m
            [36m>[39m
              [0mAudio. Image. Speak. Type. Five minutes max. Stop whenever.[0m
            [36m</p>[39m
          [36m</div>[39m
          [36m<div[39m
            [33mclass[39m=[32m"zn-step"[39m
          [36m>[39m
            [36m<span[39m
              [33mclass[39m=[32m"zn-step-n"[39m
              [33mstyle[39m=[32m"color: rgb(39, 174, 96);"[39m
            [36m>[39m
              [0m3.[0m
            [36m</span>[39m
            [36m<div[39m
              [33mclass[39m=[32m"zn-step-rule"[39m
              [33mstyle[39m=[32m"background: rgb(39, 174, 96);"[39m
            [36m/>[39m
            [36m<h3[39m
              [33mclass[39m=[32m"zn-step-title"[39m
            [36m>[39m
              [0mwatch it stick[0m
            [36m</h3>[39m
            [36m<p[39m
              [33mclass[39m=[32m"zn-step-body"[39m
            [36m>[39m
              [0mSpaced repetition makes sure you remember it next week and next month.[0m
            [36m</p>[39m
          [36m</div>[39m
        [36m</div>[39m
      [36m</section>[39m
      [36m<div[39m
        [33maria-hidden[39m=[32m"true"[39m
        [33mclass[39m=[32m"zn-tear zn-tear-3"[39m
      [36m/>[39m
      [36m<section[39m
        [33mclass[39m=[32m"zn-final"[39m
      [36m>[39m
        [36m<div[39m
          [33maria-hidden[39m=[32m"true"[39m
          [33mclass[39m=[32m"zn-tape zn-tape-final"[39m
        [36m/>[39m
        [36m<div[39m
          [33mclass[39m=[32m"zn-final-inner"[39m
        [36m>[39m
          [36m<div[39m
            [33mclass[39m=[32m"zn-final-left"[39m
          [36m>[39m
            [36m<p[39m
              [33mclass[39m=[32m"zn-final-kicker"[39m
            [36m>[39m
              [0mno card. no pressure.[0m
            [36m</p>[39m
            [36m<h2[39m
              [33mclass[39m=[32m"zn-final-h2"[39m
            [36m>[39m
              [0myour first[0m
              [36m<br />[39m
              [0mHindi word[0m
              [36m<br />[39m
              [36m<span[39m
                [33mclass[39m=[32m"zn-final-free"[39m
              [36m>[39m
                [0mis free.[0m
              [36m</span>[39m
            [36m</h2>[39m
            [36m<div[39m
              [33mclass[39m=[32m"zn-final-btns"[39m
            [36m>[39m
              [36m<button[39m
                [33mclass[39m=[32m"zn-btn-main zn-btn-lg"[39m
              [36m>[39m
                [0mcreate account ΓåÆ[0m
              [36m</button>[39m
              [36m<button[39m
                [33mclass[39m=[32m"zn-btn-ghost zn-btn-ghost-inv"[39m
              [36m>[39m
                [0msign in[0m
              [36m</button>[39m
            [36m</div>[39m
          [36m</div>[39m
          [36m<div[39m
            [33maria-hidden[39m=[32m"true"[39m
            [33mclass[39m=[32m"zn-final-right"[39m
          [36m>[39m
            [36m<div[39m
              [33mclass[39m=[32m"zn-hindi-poster"[39m
            [36m>[39m
              [36m<span[39m
                [33mclass[39m=[32m"zn-poster-deva"[39m
              [36m>[39m
                [0mαñ¿αñ«αñ╕αÑìαññαÑç[0m
              [36m</span>[39m
              [36m<span[39m
                [33mclass[39m=[32m"zn-poster-en"[39m
              [36m>[39m
                [0mhello in hindi[0m
              [36m</span>[39m
            [36m</div>[39m
          [36m</div>[39m
        [36m</div>[39m
      [36m</section>[39m
      [36m<footer[39m
        [33mclass[39m=[32m"zn-footer"[39m
      [36m>[39m
        [36m<div[39m
          [33mclass[39m=[32m"zn-footer-brand"[39m
        [36m>[39m
          [36m<img[39m
            [33malt[39m=[32m""[39m
            [33mclass[39m=[32m"zn-footer-img"[39m
            [33msrc[39m=[32m"/src/assets/logo.png"[39m
          [36m/>[39m
          [36m<span>[39m
            [0mLinguaAble[0m
          [36m</span>[39m
        [36m</div>[39m
        [36m<p[39m
          [33mclass[39m=[32m"zn-footer-copy"[39m
        [36m>[39m
          [0mmade with ≡ƒÆ¢ for neurodiverse learners ┬╖ [0m
          [0m2026[0m
        [36m</p>[39m
      [36m</footer>[39m
    [36m</div>[39m
  [36m</div>[39m
[36m</body>[39m
 Γ£ô src/tests/LandingPage.test.jsx > LandingPage Component Tests > Should render Sign In and Sign Up buttons in nav 43ms
 Γ£ô src/tests/LandingPage.test.jsx > LandingPage Component Tests > Should render features section title 44ms
 Γ£ô src/tests/AccessibilityWidget.test.jsx > AccessibilityWidget Component Tests > Visibility Tests > Should have open class on wrapper when menu is open 167ms
 Γ£ô src/tests/ResetPassword.test.jsx > ResetPassword Component Tests > Should render reset password form with all elements 688ms
 Γ£ô src/tests/ResetPassword.test.jsx > ResetPassword Component Tests > Should render logo image 23ms
 Γ£ô src/tests/ResetPassword.test.jsx > ResetPassword Component Tests > Should render brand title with correct styling 25ms
 Γ£ô src/tests/ResetPassword.test.jsx > ResetPassword Component Tests > Should render page title 23ms
 Γ£ô src/tests/Signup.test.jsx > Signup Component Tests > Should render signup form with all fields 739ms
 ├ù src/tests/Signup.test.jsx > Signup Component Tests > Should have link to login page 43ms
   ΓåÆ Found multiple elements with the text: /Sign In/i

Here are the matching elements:

Ignored nodes: comments, script, style
[36m<button>[39m
  [0mSign in with Google[0m
[36m</button>[39m

Ignored nodes: comments, script, style
[36m<a[39m
  [33mhref[39m=[32m"/login"[39m
[36m>[39m
  [0mSign In[0m
[36m</a>[39m

(If this is intentional, then use the `*AllBy*` variant of the query (like `queryAllByText`, `getAllByText`, or `findAllByText`)).

Ignored nodes: comments, script, style
[36m<body>[39m
  [36m<div>[39m
    [36m<div[39m
      [33mclass[39m=[32m"login-container"[39m
    [36m>[39m
      [36m<div[39m
        [33mclass[39m=[32m"login-box"[39m
      [36m>[39m
        [36m<div[39m
          [33mclass[39m=[32m"logo-container"[39m
        [36m>[39m
          [36m<img[39m
            [33malt[39m=[32m"LinguaAble Zebra Mascot"[39m
            [33mclass[39m=[32m"app-logo"[39m
            [33msrc[39m=[32m"/src/assets/logo.png"[39m
          [36m/>[39m
        [36m</div>[39m
        [36m<h2[39m
          [33mclass[39m=[32m"welcome-text"[39m
        [36m>[39m
          [0mWelcome to[0m
        [36m</h2>[39m
        [36m<h1[39m
          [33mclass[39m=[32m"brand-title"[39m
        [36m>[39m
          [36m<span[39m
            [33mclass[39m=[32m"text-brand-blue"[39m
          [36m>[39m
            [0mLingua[0m
          [36m</span>[39m
          [36m<span[39m
            [33mclass[39m=[32m"text-brand-red"[39m
          [36m>[39m
            [0mAble[0m
          [36m</span>[39m
        [36m</h1>[39m
        [36m<p[39m
          [33mclass[39m=[32m"subtitle"[39m
        [36m>[39m
          [0mBuilt Around Learners, Not Limitations![0m
        [36m</p>[39m
        [36m<h2[39m
          [33mclass[39m=[32m"page-title"[39m
        [36m>[39m
          [0mCreate Account[0m
        [36m</h2>[39m
        [36m<form>[39m
          [36m<div[39m
            [33mclass[39m=[32m"input-group"[39m
          [36m>[39m
            [36m<label[39m
              [33mfor[39m=[32m"email"[39m
            [36m>[39m
              [0mEmail Address[0m
            [36m</label>[39m
            [36m<input[39m
              [33mid[39m=[32m"email"[39m
              [33mname[39m=[32m"email"[39m
              [33mplaceholder[39m=[32m"name@company.com"[39m
              [33mrequired[39m=[32m""[39m
              [33mtype[39m=[32m"email"[39m
              [33mvalue[39m=[32m""[39m
            [36m/>[39m
          [36m</div>[39m
          [36m<div[39m
            [33mclass[39m=[32m"input-group"[39m
          [36m>[39m
            [36m<label[39m
              [33mfor[39m=[32m"password"[39m
            [36m>[39m
              [0mPassword[0m
            [36m</label>[39m
            [36m<div[39m
              [33mstyle[39m=[32m"position: relative; margin-bottom: 30px;"[39m
            [36m>[39m
              [36m<input[39m
                [33mid[39m=[32m"password"[39m
                [33mname[39m=[32m"password"[39m
                [33mplaceholder[39m=[32m"Create a password"[39m
                [33mrequired[39m=[32m""[39m
                [33mstyle[39m=[32m"padding-right: 40px; margin-bottom: 0px;"[39m
                [33mtype[39m=[32m"password"[39m
                [33mvalue[39m=[32m""[39m
              [36m/>[39m
              [36m<button[39m
                [33mstyle[39m=[32m"position: absolute; right: 10px; top: 50%; transform: translateY(-50%); background: none; border: medium; cursor: pointer; color: rgb(107, 114, 128); z-index: 10; display: flex; align-items: center; padding: 0px;"[39m
                [33mtype[39m=[32m"button"[39m
              [36m>[39m
                [36m<svg[39m
                  [33maria-hidden[39m=[32m"true"[39m
                  [33mclass[39m=[32m"lucide lucide-eye"[39m
                  [33mfill[39m=[32m"none"[39m
                  [33mheight[39m=[32m"20"[39m
                  [33mstroke[39m=[32m"currentColor"[39m
                  [33mstroke-linecap[39m=[32m"round"[39m
                  [33mstroke-linejoin[39m=[32m"round"[39m
                  [33mstroke-width[39m=[32m"2"[39m
                  [33mviewBox[39m=[32m"0 0 24 24"[39m
                  [33mwidth[39m=[32m"20"[39m
                  [33mxmlns[39m=[32m"http://www.w3.org/2000/svg"[39m
                [36m>[39m
                  [36m<path[39m
                    [33md[39m=[32m"M2.062 12.348a1 1 0 0 1 0-.696 10.75 10.75 0 0 1 19.876 0 1 1 0 0 1 0 .696 10.75 10.75 0 0 1-19.876 0"[39m
                  [36m/>[39m
                  [36m<circle[39m
                    [33mcx[39m=[32m"12"[39m
                    [33mcy[39m=[32m"12"[39m
                    [33mr[39m=[32m"3"[39m
                  [36m/>[39m
                [36m</svg>[39m
              [36m</button>[39m
            [36m</div>[39m
          [36m</div>[39m
          [36m<div[39m
            [33mclass[39m=[32m"input-group"[39m
          [36m>[39m
            [36m<label[39m
              [33mfor[39m=[32m"confirmPassword"[39m
            [36m>[39m
              [0mConfirm Password[0m
            [36m</label>[39m
            [36m<div[39m
              [33mstyle[39m=[32m"position: relative;"[39m
            [36m>[39m
              [36m<input[39m
                [33mid[39m=[32m"confirmPassword"[39m
                [33mname[39m=[32m"confirmPassword"[39m
                [33mplaceholder[39m=[32m"Confirm your password"[39m
                [33mrequired[39m=[32m""[39m
                [33mstyle[39m=[32m"padding-right: 40px;"[39m
                [33mtype[39m=[32m"password"[39m
                [33mvalue[39m=[32m""[39m
              [36m/>[39m
              [36m<button[39m
                [33mstyle[39m=[32m"position: absolute; right: 10px; top: 50%; transform: translateY(-50%); background: none; border: medium; cursor: pointer; color: rgb(107, 114, 128); z-index: 10; display: flex; align-items: center; padding: 0px;"[39m
                [33mtype[39m=[32m"button"[39m
              [36m>[39m
                [36m<svg[39m
                  [33maria-hidden[39m=[32m"true"[39m
                  [33mclass[39m=[32m"lucide lucide-eye"[39m
                  [33mfill[39m=[32m"none"[39m
                  [33mheight[39m=[32m"20"[39m
                  [33mstroke[39m=[32m"currentColor"[39m
                  [33mstroke-linecap[39m=[32m"round"[39m
                  [33mstroke-linejoin[39m=[32m"round"[39m
                  [33mstroke-width[39m=[32m"2"[39m
                  [33mviewBox[39m=[32m"0 0 24 24"[39m
                  [33mwidth[39m=[32m"20"[39m
                  [33mxmlns[39m=[32m"http://www.w3.org/2000/svg"[39m
                [36m>[39m
                  [36m<path[39m
                    [33md[39m=[32m"M2.062 12.348a1 1 0 0 1 0-.696 10.75 10.75 0 0 1 19.876 0 1 1 0 0 1 0 .696 10.75 10.75 0 0 1-19.876 0"[39m
                  [36m/>[39m
                  [36m<circle[39m
                    [33mcx[39m=[32m"12"[39m
                    [33mcy[39m=[32m"12"[39m
                    [33mr[39m=[32m"3"[39m
                  [36m/>[39m
                [36m</svg>[39m
              [36m</button>[39m
            [36m</div>[39m
          [36m</div>[39m
          [36m<button[39m
            [33mclass[39m=[32m"login-btn"[39m
            [33mtype[39m=[32m"submit"[39m
          [36m>[39m
            [0mSign Up[0m
          [36m</button>[39m
          [36m<div[39m
            [33mstyle[39m=[32m"margin: 20px 0px; text-align: center; color: rgb(107, 114, 128); font-size: 0.9rem;"[39m
          [36m>[39m
            [0mOR[0m
          [36m</div>[39m
          [36m<div[39m
            [33mstyle[39m=[32m"display: flex; justify-content: center; margin-bottom: 15px;"[39m
          [36m>[39m
            [36m<button>[39m
              [0mSign in with Google[0m
            [36m</button>[39m
          [36m</div>[39m
        [36m</form>[39m
        [36m<p[39m
          [33mclass[39m=[32m"signup-text"[39m
        [36m>[39m
          [0mAlready have an account? [0m
          [36m<a[39m
            [33mhref[39m=[32m"/login"[39m
          [36m>[39m
            [0mSign In[0m
          [36m</a>[39m
        [36m</p>[39m
      [36m</div>[39m
    [36m</div>[39m
  [36m</div>[39m
[36m</body>[39m
 Γ£ô src/tests/LearningReport.test.jsx > LearningReport Component Tests > Rendering Tests > Should render Back to Dashboard button 166ms
 Γ£ô src/tests/LearningReport.test.jsx > LearningReport Component Tests > Rendering Tests > Should render LAST SYNCED badge 44ms
 Γ£ô src/tests/Sidebar.test.jsx > Sidebar Component Tests > Active State Tests > Should highlight Settings when on /settings 12ms
 Γ£ô src/tests/Sidebar.test.jsx > Sidebar Component Tests > Active State Tests > Should only highlight one nav item at a time 22ms
 Γ£ô src/tests/AccessibilityWidget.test.jsx > AccessibilityWidget Component Tests > Open / Close Tests > Should open menu when FAB is clicked 122ms
 Γ£ô src/tests/Leaderboard.test.jsx > Leaderboard ΓÇô Loading State > Should show loading spinner text while fetching 174ms
 Γ£ô src/tests/Leaderboard.test.jsx > Leaderboard ΓÇô Loading State > Should call the leaderboard API on mount 57ms
 Γ£ô src/tests/Community.test.jsx > Community Page ΓÇô Rendering Tests > Should render the Community page heading 438ms
 Γ£ô src/tests/Community.test.jsx > Community Page ΓÇô Rendering Tests > Should render the subtitle text 16ms
 Γ£ô src/tests/Community.test.jsx > Community Page ΓÇô Rendering Tests > Should render the search input field 23ms
 Γ£ô src/tests/Community.test.jsx > Community Page ΓÇô Rendering Tests > Should render the community-container div 16ms
 Γ£ô src/tests/Community.test.jsx > Community Page ΓÇô Rendering Tests > Should render the search-bar-wrapper div 26ms
 Γ£ô src/tests/Community.test.jsx > Community Page ΓÇô Rendering Tests > Should render search input with correct CSS class 10ms
 Γ£ô src/tests/ChatBot.test.jsx > ChatBot Component Tests > Rendering Tests > Should render the floating FAB button 213ms
 Γ£ô src/tests/LearningReport.test.jsx > LearningReport Component Tests > Rendering Tests > Should render Weekly Snapshot toggle button 123ms
 Γ£ô src/tests/Community.test.jsx > Community Page ΓÇô Rendering Tests > Should render content-header element 9ms
 Γ£ô src/tests/Community.test.jsx > Community Page ΓÇô Rendering Tests > Should render greeting div inside the header 11ms
 Γ£ô src/tests/Community.test.jsx > Community Page ΓÇô Rendering Tests > Should render the Your Friends section after data loads 47ms
 Γ£ô src/tests/Community.test.jsx > Community Page ΓÇô Rendering Tests > Should render the friends-list-section div 29ms
 Γ£ô src/tests/Settings.test.jsx > Settings Component Tests > Should display user profile information correctly 155ms
 Γ£ô src/tests/LearningScreen.test.jsx > LearningScreen Component Tests > Should render initial quiz slide correctly 260ms
 Γ£ô src/tests/ResetPassword.test.jsx > ResetPassword Component Tests > Should have password visibility toggle buttons 144ms
 Γ£ô src/tests/Sidebar.test.jsx > Sidebar Component Tests > Navigation Tests > Should navigate to Dashboard when Dashboard clicked 381ms
 Γ£ô src/tests/AccessibilityWidget.test.jsx > AccessibilityWidget Component Tests > Open / Close Tests > Should close menu when FAB is clicked again 164ms
 Γ£ô src/tests/LandingPage.test.jsx > LandingPage Component Tests > Should render feature cards 53ms
 Γ£ô src/tests/LandingPage.test.jsx > LandingPage Component Tests > Should render how it works section 59ms
 Γ£ô src/tests/Login.test.jsx > Login Component Tests > Should render login form with all elements 214ms
 Γ£ô src/tests/LearningReport.test.jsx > LearningReport Component Tests > Rendering Tests > Should render Overall Mastery toggle button 139ms
 Γ£ô src/tests/LearningReport.test.jsx > LearningReport Component Tests > Rendering Tests > Should default to weekly view on first render 53ms
 Γ£ô src/tests/Community.test.jsx > Community Page ΓÇô Data Fetching Tests > Should call the community/data API on mount 14ms
 Γ£ô src/tests/Community.test.jsx > Community Page ΓÇô Data Fetching Tests > Should include logged-in user email as a query param 11ms
 Γ£ô src/tests/Community.test.jsx > Community Page ΓÇô Data Fetching Tests > Should show Your Friends (0) when no friends returned 14ms
 Γ£ô src/tests/Community.test.jsx > Community Page ΓÇô Data Fetching Tests > Should show empty-state message when friends list is empty 11ms
 Γ£ô src/tests/Community.test.jsx > Community Page ΓÇô Data Fetching Tests > Should not crash when the community data API fails 43ms
 Γ£ô src/tests/Sidebar.test.jsx > Sidebar Component Tests > Navigation Tests > Should navigate to Lessons when Lessons clicked 125ms
 Γ£ô src/tests/Sidebar.test.jsx > Sidebar Component Tests > Navigation Tests > Should navigate to Leaderboard when Leaderboard clicked 79ms
 Γ£ô src/tests/LearningScreen.test.jsx > LearningScreen Component Tests > Should handle correct answer selection 560ms
 Γ£ô src/tests/Community.test.jsx > Community Page ΓÇô Data Fetching Tests > Should populate friends list when API returns friends 30ms
 Γ£ô src/tests/Community.test.jsx > Community Page ΓÇô Data Fetching Tests > Should show correct friends count when multiple friends returned 27ms
 Γ£ô src/tests/Community.test.jsx > Community Page ΓÇô Friends List Tests > Should display the full name of a friend 32ms
 Γ£ô src/tests/Community.test.jsx > Community Page ΓÇô Friends List Tests > Should display the username with @ prefix 25ms
 Γ£ô src/tests/LearningReport.test.jsx > LearningReport Component Tests > Rendering Tests > Should render all 7 day labels in weekly chart 83ms
 Γ£ô src/tests/LearningReport.test.jsx > LearningReport Component Tests > Rendering Tests > Should render Points this week label 70ms
 Γ£ô src/tests/Login.test.jsx > Login Component Tests > Should render password visibility toggle button 395ms
 Γ£ô src/tests/Login.test.jsx > Login Component Tests > Should render remember me checkbox 44ms
 Γ£ô src/tests/LandingPage.test.jsx > LandingPage Component Tests > Should navigate to login page when nav Sign In clicked 363ms
 Γ£ô src/tests/ResetPassword.test.jsx > ResetPassword Component Tests > Should toggle new password visibility 374ms
 Γ£ô src/tests/Sidebar.test.jsx > Sidebar Component Tests > Navigation Tests > Should navigate to Settings when Settings clicked 85ms
 Γ£ô src/tests/Leaderboard.test.jsx > Leaderboard ΓÇô Loading State > Should hide loading text after data loads 57ms
 Γ£ô src/tests/ChatBot.test.jsx > ChatBot Component Tests > Rendering Tests > Should render Ask LinguaBot label on FAB 165ms
 Γ£ô src/tests/Community.test.jsx > Community Page ΓÇô Friends List Tests > Should display streak count when streak is greater than 0 28ms
 Γ£ô src/tests/Community.test.jsx > Community Page ΓÇô Friends List Tests > Should NOT display streak row when streak is 0 40ms
 Γ£ô src/tests/Community.test.jsx > Community Page ΓÇô Friends List Tests > Should display the completed lessons count 19ms
 Γ£ô src/tests/Community.test.jsx > Community Page ΓÇô Friends List Tests > Should show 0 lessons when completedLessons is empty array 15ms
 Γ£ô src/tests/Community.test.jsx > Community Page ΓÇô Friends List Tests > Should show 0 lessons when completedLessons is undefined 16ms
 Γ£ô src/tests/AccessibilityWidget.test.jsx > AccessibilityWidget Component Tests > Open / Close Tests > Should close menu when X close button is clicked 278ms
 Γ£ô src/tests/LearningScreen.test.jsx > LearningScreen Component Tests > Should handle incorrect answer selection 185ms
 Γ£ô src/tests/LearningReport.test.jsx > LearningReport Component Tests > Rendering Tests > Should render Goal Completed mini card 43ms
 Γ£ô src/tests/LearningReport.test.jsx > LearningReport Component Tests > Rendering Tests > Should render Goal Completed mini card 89ms
 Γ£ô src/tests/LandingPage.test.jsx > LandingPage Component Tests > Should navigate to signup page when nav SIGN UP clicked 142ms
 Γ£ô src/tests/LandingPage.test.jsx > LandingPage Component Tests > Should check localStorage for existing token on mount 20ms
 Γ£ô src/tests/LandingPage.test.jsx > LandingPage Component Tests > Should redirect to dashboard if token exists 24ms
 Γ£ô src/tests/LandingPage.test.jsx > LandingPage Component Tests > Should not redirect if no token exists 28ms
 Γ£ô src/tests/Settings.test.jsx > Settings Component Tests > Should toggle theme from dark to minimalist 577ms
 Γ£ô src/tests/Sidebar.test.jsx > Sidebar Component Tests > Logout Tests > Should clear localStorage on logout 88ms
 Γ£ô src/tests/Leaderboard.test.jsx > Leaderboard ΓÇô Header > Should render "Leaderboard" heading 376ms
 Γ£ô src/tests/Leaderboard.test.jsx > Leaderboard ΓÇô Header > Should render the subtitle "Weekly rankings" 50ms
 Γ£ô src/tests/Leaderboard.test.jsx > Leaderboard ΓÇô Header > Should display the streak count from context 29ms
 Γ£ô src/tests/ChatBot.test.jsx > ChatBot Component Tests > Rendering Tests > FAB should have correct aria-label 375ms
 Γ£ô src/tests/ChatBot.test.jsx > ChatBot Component Tests > Rendering Tests > Chat window should be present in DOM but closed initially 18ms
 Γ£ô src/tests/ChatBot.test.jsx > ChatBot Component Tests > Rendering Tests > FAB should NOT have chatbot-fab-hidden class when closed 17ms
 ├ù src/tests/Dashboard.test.jsx > Dashboard Component Tests > Should render dashboard with main sections 314ms
   ΓåÆ Found multiple elements with the text: (content, element) => element.textContent.includes("TestUser")

Here are the matching elements:

Ignored nodes: comments, script, style
[36m<body>[39m
  [36m<div>[39m
    [36m<div[39m
      [33mclass[39m=[32m"main-content db-root"[39m
    [36m>[39m
      [36m<header[39m
        [33mclass[39m=[32m"db-header"[39m
      [36m>[39m
        [36m<div>[39m
          [36m<div[39m
            [33mclass[39m=[32m"db-namaste"[39m
          [36m>[39m
            [0mαñ¿αñ«αñ╕αÑìαññαÑç,[0m
          [36m</div>[39m
          [36m<h1[39m
            [33mclass[39m=[32m"db-name"[39m
          [36m>[39m
            [0mTestUser[0m
            [0m ≡ƒæï[0m
          [36m</h1>[39m
          [36m<p[39m
            [33mclass[39m=[32m"db-subtitle"[39m
          [36m>[39m
            [0mReady to continue your Hindi journey?[0m
          [36m</p>[39m
        [36m</div>[39m
        [36m<div[39m
          [33mclass[39m=[32m"db-header-right"[39m
        [36m>[39m
          [36m<div[39m
            [33mclass[39m=[32m"db-streak"[39m
          [36m>[39m
            [36m<svg[39m
              [33maria-hidden[39m=[32m"true"[39m
              [33mclass[39m=[32m"lucide lucide-flame"[39m
              [33mfill[39m=[32m"currentColor"[39m
              [33mheight[39m=[32m"15"[39m
              [33mstroke[39m=[32m"currentColor"[39m
              [33mstroke-linecap[39m=[32m"round"[39m
              [33mstroke-linejoin[39m=[32m"round"[39m
              [33mstroke-width[39m=[32m"2"[39m
              [33mviewBox[39m=[32m"0 0 24 24"[39m
              [33mwidth[39m=[32m"15"[39m
              [33mxmlns[39m=[32m"http://www.w3.org/2000/svg"[39m
            [36m>[39m
              [36m<path[39m
                [33md[39m=[32m"M12 3q1 4 4 6.5t3 5.5a1 1 0 0 1-14 0 5 5 0 0 1 1-3 1 1 0 0 0 5 0c0-2-1.5-3-1.5-5q0-2 2.5-4"[39m
              [36m/>[39m
            [36m</svg>[39m
            [0m1[0m
            [0m Day[0m
            [0m Streak[0m
          [36m</div>[39m
          [36m<div[39m
            [33mclass[39m=[32m"notification-container"[39m
          [36m>[39m
            [36m<div[39m
              [33mclass[39m=[32m"_nb"[39m
            [36m>[39m
              [36m<button[39m
                [33maria-label[39m=[32m"Notifications"[39m
                [33mclass[39m=[32m"db-icon-btn"[39m
              [36m>[39m
                [36m<svg[39m
                  [33maria-hidden[39m=[32m"true"[39m
                  [33mclass[39m=[32m"lucide lucide-bell"[39m
                  [33mfill[39m=[32m"none"[39m
                  [33mheight[39m=[32m"18"[39m
                  [33mstroke[39m=[32m"currentColor"[39m
                  [33mstroke-linecap[39m=[32m"round"[39m
                  [33mstroke-linejoin[39m=[32m"round"[39m
                  [33mstroke-width[39m=[32m"2"[39m
                  [33mviewBox[39m=[32m"0 0 24 24"[39m
                  [33mwidth[39m=[32m"18"[39m
                  [33mxmlns[39m=[32m"http://www.w3.org/2000/svg"[39m
                [36m>[39m
                  [36m<path[39m
                    [33md[39m=[32m"M10.268 21a2 2 0 0 0 3.464 0"[39m
                  [36m/>[39m
                  [36m<path[39m
                    [33md[39m=[32m"M3.262 15.326A1 1 0 0 0 4 17h16a1 1 0 0 0 .74-1.673C19.41 13.956 18 12.499 18 8A6 6 0 0 0 6 8c0 4.499-1.411 5.956-2.738 7.326"[39m
                  [36m/>[39m
                [36m</svg>[39m
              [36m</button>[39m
            [36m</div>[39m
          [36m</div>[39m
          [36m<div[39m
            [33mclass[39m=[32m"profile-avatar-container"[39m
          [36m>[39m
            [36m<div[39m
              [33mclass[39m=[32m"profile-avatar"[39m
              [33mstyle[39m=[32m"cursor: pointer;"[39m
            [36m>[39m
              [36m<img[39m
                [33malt[39m=[32m"User avatar"[39m
                [33msrc[39m=[32m"https://api.dicebear.com/7.x/avataaars/svg?seed=TestUser"[39m
                [33mstyle[39m=[32m"width: 100%; height: 100%; object-fit: cover; border-radius: 50%;"[39m
              [36m/>[39m
            [36m</div>[39m
          [36m</div>[39m
        [36m</div>[39m
      [36m</header>[39m
      [36m<div[39m
        [33mclass[39m=[32m"db-top-grid"[39m
      [36m>[39m
        [36m<div[39m
          [33mclass[39m=[32m"db-hero"[39m
        [36m>[39m
          [36m<span[39m
            [33mclass[39m=[32m"db-hero-badge"[39m
          [36m>[39m
            [0mΓåÆ CONTINUE LEARNING[0m
          [36m</span>[39m
          [36m<h2[39m
            [33mclass[39m=[32m"db-hero-title"[39m
          [36m>[39m
            [0mCommon Phrases[0m
          [36m</h2>[39m
          [36m<p[39m
            [33mclass[39m=[32m"db-hero-hindi"[39m
          [36m>[39m
            [0mαñåαñ« αñ╡αñ╛αñòαÑìαñ»αñ╛αñéαñ╢[0m
          [36m</p>[39m
          [36m<p[39m
            [33mclass[39m=[32m"db-hero-desc"[39m
          [36m>[39m
            [0mMaster 10 essential greetings for daily conversation[0m
          [36m</p>[39m
          [36m<button[39m
            [33mclass[39m=[32m"db-start-btn"[39m
          [36m>[39m
            [36m<svg[39m
              [33maria-hidden[39m=[32m"true"[39m
              [33mclass[39m=[32m"lucide lucide-circle-play"[39m
              [33mfill[39m=[32m"none"[39m
              [33mheight[39m=[32m"18"[39m
              [33mstroke[39m=[32m"currentColor"[39m
              [33mstroke-linecap[39m=[32m"round"[39m
              [33mstroke-linejoin[39m=[32m"round"[39m
              [33mstroke-width[39m=[32m"2"[39m
              [33mviewBox[39m=[32m"0 0 24 24"[39m
              [33mwidth[39m=[32m"18"[39m
              [33mxmlns[39m=[32m"http://www.w3.org/2000/svg"[39m
            [36m>[39m
              [36m<path[39m
                [33md[39m=[32m"M9 9.003a1 1 0 0 1 1.517-.859l4.997 2.997a1 1 0 0 1 0 1.718l-4.997 2.997A1 1 0 0 1 9 14.996z"[39m
              [36m/>[39m
              [36m<circle[39m
                [33mcx[39m=[32m"12"[39m
                [33mcy[39m=[32m"12"[39m
                [33mr[39m=[32m"10"[39m
              [36m/>[39m
            [36m</svg>[39m
            [0m START NOW[0m
          [36m</button>[39m
        [36m</div>[39m
        [36m<div[39m
          [33mclass[39m=[32m"db-right-col"[39m
        [36m>[39m
          [36m<div[39m
            [33mclass[39m=[32m"db-goal-card"[39m
          [36m>[39m
            [36m<div[39m
              [33mclass[39m=[32m"db-card-row"[39m
            [36m>[39m
              [36m<span[39m
                [33mclass[39m=[32m"db-label"[39m
              [36m>[39m
                [0mDaily Goal[0m
              [36m</span>[39m
            [36m</div>[39m
            [36m<div[39m
              [33mclass[39m=[32m"db-goal-body"[39m
            [36m>[39m
              [36m<div[39m
                [33mclass[3...

Ignored nodes: comments, script, style
[36m<div>[39m
  [36m<div[39m
    [33mclass[39m=[32m"main-content db-root"[39m
  [36m>[39m
    [36m<header[39m
      [33mclass[39m=[32m"db-header"[39m
    [36m>[39m
      [36m<div>[39m
        [36m<div[39m
          [33mclass[39m=[32m"db-namaste"[39m
        [36m>[39m
          [0mαñ¿αñ«αñ╕αÑìαññαÑç,[0m
        [36m</div>[39m
        [36m<h1[39m
          [33mclass[39m=[32m"db-name"[39m
        [36m>[39m
          [0mTestUser[0m
          [0m ≡ƒæï[0m
        [36m</h1>[39m
        [36m<p[39m
          [33mclass[39m=[32m"db-subtitle"[39m
        [36m>[39m
          [0mReady to continue your Hindi journey?[0m
        [36m</p>[39m
      [36m</div>[39m
      [36m<div[39m
        [33mclass[39m=[32m"db-header-right"[39m
      [36m>[39m
        [36m<div[39m
          [33mclass[39m=[32m"db-streak"[39m
        [36m>[39m
          [36m<svg[39m
            [33maria-hidden[39m=[32m"true"[39m
            [33mclass[39m=[32m"lucide lucide-flame"[39m
            [33mfill[39m=[32m"currentColor"[39m
            [33mheight[39m=[32m"15"[39m
            [33mstroke[39m=[32m"currentColor"[39m
            [33mstroke-linecap[39m=[32m"round"[39m
            [33mstroke-linejoin[39m=[32m"round"[39m
            [33mstroke-width[39m=[32m"2"[39m
            [33mviewBox[39m=[32m"0 0 24 24"[39m
            [33mwidth[39m=[32m"15"[39m
            [33mxmlns[39m=[32m"http://www.w3.org/2000/svg"[39m
          [36m>[39m
            [36m<path[39m
              [33md[39m=[32m"M12 3q1 4 4 6.5t3 5.5a1 1 0 0 1-14 0 5 5 0 0 1 1-3 1 1 0 0 0 5 0c0-2-1.5-3-1.5-5q0-2 2.5-4"[39m
            [36m/>[39m
          [36m</svg>[39m
          [0m1[0m
          [0m Day[0m
          [0m Streak[0m
        [36m</div>[39m
        [36m<div[39m
          [33mclass[39m=[32m"notification-container"[39m
        [36m>[39m
          [36m<div[39m
            [33mclass[39m=[32m"_nb"[39m
          [36m>[39m
            [36m<button[39m
              [33maria-label[39m=[32m"Notifications"[39m
              [33mclass[39m=[32m"db-icon-btn"[39m
            [36m>[39m
              [36m<svg[39m
                [33maria-hidden[39m=[32m"true"[39m
                [33mclass[39m=[32m"lucide lucide-bell"[39m
                [33mfill[39m=[32m"none"[39m
                [33mheight[39m=[32m"18"[39m
                [33mstroke[39m=[32m"currentColor"[39m
                [33mstroke-linecap[39m=[32m"round"[39m
                [33mstroke-linejoin[39m=[32m"round"[39m
                [33mstroke-width[39m=[32m"2"[39m
                [33mviewBox[39m=[32m"0 0 24 24"[39m
                [33mwidth[39m=[32m"18"[39m
                [33mxmlns[39m=[32m"http://www.w3.org/2000/svg"[39m
              [36m>[39m
                [36m<path[39m
                  [33md[39m=[32m"M10.268 21a2 2 0 0 0 3.464 0"[39m
                [36m/>[39m
                [36m<path[39m
                  [33md[39m=[32m"M3.262 15.326A1 1 0 0 0 4 17h16a1 1 0 0 0 .74-1.673C19.41 13.956 18 12.499 18 8A6 6 0 0 0 6 8c0 4.499-1.411 5.956-2.738 7.326"[39m
                [36m/>[39m
              [36m</svg>[39m
            [36m</button>[39m
          [36m</div>[39m
        [36m</div>[39m
        [36m<div[39m
          [33mclass[39m=[32m"profile-avatar-container"[39m
        [36m>[39m
          [36m<div[39m
            [33mclass[39m=[32m"profile-avatar"[39m
            [33mstyle[39m=[32m"cursor: pointer;"[39m
          [36m>[39m
            [36m<img[39m
              [33malt[39m=[32m"User avatar"[39m
              [33msrc[39m=[32m"https://api.dicebear.com/7.x/avataaars/svg?seed=TestUser"[39m
              [33mstyle[39m=[32m"width: 100%; height: 100%; object-fit: cover; border-radius: 50%;"[39m
            [36m/>[39m
          [36m</div>[39m
        [36m</div>[39m
      [36m</div>[39m
    [36m</header>[39m
    [36m<div[39m
      [33mclass[39m=[32m"db-top-grid"[39m
    [36m>[39m
      [36m<div[39m
        [33mclass[39m=[32m"db-hero"[39m
      [36m>[39m
        [36m<span[39m
          [33mclass[39m=[32m"db-hero-badge"[39m
        [36m>[39m
          [0mΓåÆ CONTINUE LEARNING[0m
        [36m</span>[39m
        [36m<h2[39m
          [33mclass[39m=[32m"db-hero-title"[39m
        [36m>[39m
          [0mCommon Phrases[0m
        [36m</h2>[39m
        [36m<p[39m
          [33mclass[39m=[32m"db-hero-hindi"[39m
        [36m>[39m
          [0mαñåαñ« αñ╡αñ╛αñòαÑìαñ»αñ╛αñéαñ╢[0m
        [36m</p>[39m
        [36m<p[39m
          [33mclass[39m=[32m"db-hero-desc"[39m
        [36m>[39m
          [0mMaster 10 essential greetings for daily conversation[0m
        [36m</p>[39m
        [36m<button[39m
          [33mclass[39m=[32m"db-start-btn"[39m
        [36m>[39m
          [36m<svg[39m
            [33maria-hidden[39m=[32m"true"[39m
            [33mclass[39m=[32m"lucide lucide-circle-play"[39m
            [33mfill[39m=[32m"none"[39m
            [33mheight[39m=[32m"18"[39m
            [33mstroke[39m=[32m"currentColor"[39m
            [33mstroke-linecap[39m=[32m"round"[39m
            [33mstroke-linejoin[39m=[32m"round"[39m
            [33mstroke-width[39m=[32m"2"[39m
            [33mviewBox[39m=[32m"0 0 24 24"[39m
            [33mwidth[39m=[32m"18"[39m
            [33mxmlns[39m=[32m"http://www.w3.org/2000/svg"[39m
          [36m>[39m
            [36m<path[39m
              [33md[39m=[32m"M9 9.003a1 1 0 0 1 1.517-.859l4.997 2.997a1 1 0 0 1 0 1.718l-4.997 2.997A1 1 0 0 1 9 14.996z"[39m
            [36m/>[39m
            [36m<circle[39m
              [33mcx[39m=[32m"12"[39m
              [33mcy[39m=[32m"12"[39m
              [33mr[39m=[32m"10"[39m
            [36m/>[39m
          [36m</svg>[39m
          [0m START NOW[0m
        [36m</button>[39m
      [36m</div>[39m
      [36m<div[39m
        [33mclass[39m=[32m"db-right-col"[39m
      [36m>[39m
        [36m<div[39m
          [33mclass[39m=[32m"db-goal-card"[39m
        [36m>[39m
          [36m<div[39m
            [33mclass[39m=[32m"db-card-row"[39m
          [36m>[39m
            [36m<span[39m
              [33mclass[39m=[32m"db-label"[39m
            [36m>[39m
              [0mDaily Goal[0m
            [36m</span>[39m
          [36m</div>[39m
          [36m<div[39m
            [33mclass[39m=[32m"db-goal-body"[39m
          [36m>[39m
            [36m<div[39m
              [33mclass[39m=[32m"progress-ring"[39m
            [36m>[39m
              [36m<svg[39m
                [33mheight[39m=[32m"72"[39m
                [33mwidth[39m=[32m"72"[39m
              [36m>[39m
                [36m<circle[39m
                  [33mclass[39m=[32m"ring-bg"[39m
                  [33mcx[39m=[32m"36"[39m
                  [33mcy[39m...

Ignored nodes: comments, script, style
[36m<div[39m
  [33mclass[39m=[32m"main-content db-root"[39m
[36m>[39m
  [36m<header[39m
    [33mclass[39m=[32m"db-header"[39m
  [36m>[39m
    [36m<div>[39m
      [36m<div[39m
        [33mclass[39m=[32m"db-namaste"[39m
      [36m>[39m
        [0mαñ¿αñ«αñ╕αÑìαññαÑç,[0m
      [36m</div>[39m
      [36m<h1[39m
        [33mclass[39m=[32m"db-name"[39m
      [36m>[39m
        [0mTestUser[0m
        [0m ≡ƒæï[0m
      [36m</h1>[39m
      [36m<p[39m
        [33mclass[39m=[32m"db-subtitle"[39m
      [36m>[39m
        [0mReady to continue your Hindi journey?[0m
      [36m</p>[39m
    [36m</div>[39m
    [36m<div[39m
      [33mclass[39m=[32m"db-header-right"[39m
    [36m>[39m
      [36m<div[39m
        [33mclass[39m=[32m"db-streak"[39m
      [36m>[39m
        [36m<svg[39m
          [33maria-hidden[39m=[32m"true"[39m
          [33mclass[39m=[32m"lucide lucide-flame"[39m
          [33mfill[39m=[32m"currentColor"[39m
          [33mheight[39m=[32m"15"[39m
          [33mstroke[39m=[32m"currentColor"[39m
          [33mstroke-linecap[39m=[32m"round"[39m
          [33mstroke-linejoin[39m=[32m"round"[39m
          [33mstroke-width[39m=[32m"2"[39m
          [33mviewBox[39m=[32m"0 0 24 24"[39m
          [33mwidth[39m=[32m"15"[39m
          [33mxmlns[39m=[32m"http://www.w3.org/2000/svg"[39m
        [36m>[39m
          [36m<path[39m
            [33md[39m=[32m"M12 3q1 4 4 6.5t3 5.5a1 1 0 0 1-14 0 5 5 0 0 1 1-3 1 1 0 0 0 5 0c0-2-1.5-3-1.5-5q0-2 2.5-4"[39m
          [36m/>[39m
        [36m</svg>[39m
        [0m1[0m
        [0m Day[0m
        [0m Streak[0m
      [36m</div>[39m
      [36m<div[39m
        [33mclass[39m=[32m"notification-container"[39m
      [36m>[39m
        [36m<div[39m
          [33mclass[39m=[32m"_nb"[39m
        [36m>[39m
          [36m<button[39m
            [33maria-label[39m=[32m"Notifications"[39m
            [33mclass[39m=[32m"db-icon-btn"[39m
          [36m>[39m
            [36m<svg[39m
              [33maria-hidden[39m=[32m"true"[39m
              [33mclass[39m=[32m"lucide lucide-bell"[39m
              [33mfill[39m=[32m"none"[39m
              [33mheight[39m=[32m"18"[39m
              [33mstroke[39m=[32m"currentColor"[39m
              [33mstroke-linecap[39m=[32m"round"[39m
              [33mstroke-linejoin[39m=[32m"round"[39m
              [33mstroke-width[39m=[32m"2"[39m
              [33mviewBox[39m=[32m"0 0 24 24"[39m
              [33mwidth[39m=[32m"18"[39m
              [33mxmlns[39m=[32m"http://www.w3.org/2000/svg"[39m
            [36m>[39m
              [36m<path[39m
                [33md[39m=[32m"M10.268 21a2 2 0 0 0 3.464 0"[39m
              [36m/>[39m
              [36m<path[39m
                [33md[39m=[32m"M3.262 15.326A1 1 0 0 0 4 17h16a1 1 0 0 0 .74-1.673C19.41 13.956 18 12.499 18 8A6 6 0 0 0 6 8c0 4.499-1.411 5.956-2.738 7.326"[39m
              [36m/>[39m
            [36m</svg>[39m
          [36m</button>[39m
        [36m</div>[39m
      [36m</div>[39m
      [36m<div[39m
        [33mclass[39m=[32m"profile-avatar-container"[39m
      [36m>[39m
        [36m<div[39m
          [33mclass[39m=[32m"profile-avatar"[39m
          [33mstyle[39m=[32m"cursor: pointer;"[39m
        [36m>[39m
          [36m<img[39m
            [33malt[39m=[32m"User avatar"[39m
            [33msrc[39m=[32m"https://api.dicebear.com/7.x/avataaars/svg?seed=TestUser"[39m
            [33mstyle[39m=[32m"width: 100%; height: 100%; object-fit: cover; border-radius: 50%;"[39m
          [36m/>[39m
        [36m</div>[39m
      [36m</div>[39m
    [36m</div>[39m
  [36m</header>[39m
  [36m<div[39m
    [33mclass[39m=[32m"db-top-grid"[39m
  [36m>[39m
    [36m<div[39m
      [33mclass[39m=[32m"db-hero"[39m
    [36m>[39m
      [36m<span[39m
        [33mclass[39m=[32m"db-hero-badge"[39m
      [36m>[39m
        [0mΓåÆ CONTINUE LEARNING[0m
      [36m</span>[39m
      [36m<h2[39m
        [33mclass[39m=[32m"db-hero-title"[39m
      [36m>[39m
        [0mCommon Phrases[0m
      [36m</h2>[39m
      [36m<p[39m
        [33mclass[39m=[32m"db-hero-hindi"[39m
      [36m>[39m
        [0mαñåαñ« αñ╡αñ╛αñòαÑìαñ»αñ╛αñéαñ╢[0m
      [36m</p>[39m
      [36m<p[39m
        [33mclass[39m=[32m"db-hero-desc"[39m
      [36m>[39m
        [0mMaster 10 essential greetings for daily conversation[0m
      [36m</p>[39m
      [36m<button[39m
        [33mclass[39m=[32m"db-start-btn"[39m
      [36m>[39m
        [36m<svg[39m
          [33maria-hidden[39m=[32m"true"[39m
          [33mclass[39m=[32m"lucide lucide-circle-play"[39m
          [33mfill[39m=[32m"none"[39m
          [33mheight[39m=[32m"18"[39m
          [33mstroke[39m=[32m"currentColor"[39m
          [33mstroke-linecap[39m=[32m"round"[39m
          [33mstroke-linejoin[39m=[32m"round"[39m
          [33mstroke-width[39m=[32m"2"[39m
          [33mviewBox[39m=[32m"0 0 24 24"[39m
          [33mwidth[39m=[32m"18"[39m
          [33mxmlns[39m=[32m"http://www.w3.org/2000/svg"[39m
        [36m>[39m
          [36m<path[39m
            [33md[39m=[32m"M9 9.003a1 1 0 0 1 1.517-.859l4.997 2.997a1 1 0 0 1 0 1.718l-4.997 2.997A1 1 0 0 1 9 14.996z"[39m
          [36m/>[39m
          [36m<circle[39m
            [33mcx[39m=[32m"12"[39m
            [33mcy[39m=[32m"12"[39m
            [33mr[39m=[32m"10"[39m
          [36m/>[39m
        [36m</svg>[39m
        [0m START NOW[0m
      [36m</button>[39m
    [36m</div>[39m
    [36m<div[39m
      [33mclass[39m=[32m"db-right-col"[39m
    [36m>[39m
      [36m<div[39m
        [33mclass[39m=[32m"db-goal-card"[39m
      [36m>[39m
        [36m<div[39m
          [33mclass[39m=[32m"db-card-row"[39m
        [36m>[39m
          [36m<span[39m
            [33mclass[39m=[32m"db-label"[39m
          [36m>[39m
            [0mDaily Goal[0m
          [36m</span>[39m
        [36m</div>[39m
        [36m<div[39m
          [33mclass[39m=[32m"db-goal-body"[39m
        [36m>[39m
          [36m<div[39m
            [33mclass[39m=[32m"progress-ring"[39m
          [36m>[39m
            [36m<svg[39m
              [33mheight[39m=[32m"72"[39m
              [33mwidth[39m=[32m"72"[39m
            [36m>[39m
              [36m<circle[39m
                [33mclass[39m=[32m"ring-bg"[39m
                [33mcx[39m=[32m"36"[39m
                [33mcy[39m=[32m"36"[39m
                [33mr[39m=[32m"30"[39m
              [36m/>[39m
              [36m<circle[39m
                [33mclass[39m=[32m"ring-fill"[39m
                [33mcx[39m=[32m"36"[39m
                [33mcy[39m=[32m"36"[39m
                [33mr[39m=[32m"30"[39m
                [33mstyle[39m=[32m"stroke-dasharray: 188; stroke-dashoffset:...

Ignored nodes: comments, script, style
[36m<header[39m
  [33mclass[39m=[32m"db-header"[39m
[36m>[39m
  [36m<div>[39m
    [36m<div[39m
      [33mclass[39m=[32m"db-namaste"[39m
    [36m>[39m
      [0mαñ¿αñ«αñ╕αÑìαññαÑç,[0m
    [36m</div>[39m
    [36m<h1[39m
      [33mclass[39m=[32m"db-name"[39m
    [36m>[39m
      [0mTestUser[0m
      [0m ≡ƒæï[0m
    [36m</h1>[39m
    [36m<p[39m
      [33mclass[39m=[32m"db-subtitle"[39m
    [36m>[39m
      [0mReady to continue your Hindi journey?[0m
    [36m</p>[39m
  [36m</div>[39m
  [36m<div[39m
    [33mclass[39m=[32m"db-header-right"[39m
  [36m>[39m
    [36m<div[39m
      [33mclass[39m=[32m"db-streak"[39m
    [36m>[39m
      [36m<svg[39m
        [33maria-hidden[39m=[32m"true"[39m
        [33mclass[39m=[32m"lucide lucide-flame"[39m
        [33mfill[39m=[32m"currentColor"[39m
        [33mheight[39m=[32m"15"[39m
        [33mstroke[39m=[32m"currentColor"[39m
        [33mstroke-linecap[39m=[32m"round"[39m
        [33mstroke-linejoin[39m=[32m"round"[39m
        [33mstroke-width[39m=[32m"2"[39m
        [33mviewBox[39m=[32m"0 0 24 24"[39m
        [33mwidth[39m=[32m"15"[39m
        [33mxmlns[39m=[32m"http://www.w3.org/2000/svg"[39m
      [36m>[39m
        [36m<path[39m
          [33md[39m=[32m"M12 3q1 4 4 6.5t3 5.5a1 1 0 0 1-14 0 5 5 0 0 1 1-3 1 1 0 0 0 5 0c0-2-1.5-3-1.5-5q0-2 2.5-4"[39m
        [36m/>[39m
      [36m</svg>[39m
      [0m1[0m
      [0m Day[0m
      [0m Streak[0m
    [36m</div>[39m
    [36m<div[39m
      [33mclass[39m=[32m"notification-container"[39m
    [36m>[39m
      [36m<div[39m
        [33mclass[39m=[32m"_nb"[39m
      [36m>[39m
        [36m<button[39m
          [33maria-label[39m=[32m"Notifications"[39m
          [33mclass[39m=[32m"db-icon-btn"[39m
        [36m>[39m
          [36m<svg[39m
            [33maria-hidden[39m=[32m"true"[39m
            [33mclass[39m=[32m"lucide lucide-bell"[39m
            [33mfill[39m=[32m"none"[39m
            [33mheight[39m=[32m"18"[39m
            [33mstroke[39m=[32m"currentColor"[39m
            [33mstroke-linecap[39m=[32m"round"[39m
            [33mstroke-linejoin[39m=[32m"round"[39m
            [33mstroke-width[39m=[32m"2"[39m
            [33mviewBox[39m=[32m"0 0 24 24"[39m
            [33mwidth[39m=[32m"18"[39m
            [33mxmlns[39m=[32m"http://www.w3.org/2000/svg"[39m
          [36m>[39m
            [36m<path[39m
              [33md[39m=[32m"M10.268 21a2 2 0 0 0 3.464 0"[39m
            [36m/>[39m
            [36m<path[39m
              [33md[39m=[32m"M3.262 15.326A1 1 0 0 0 4 17h16a1 1 0 0 0 .74-1.673C19.41 13.956 18 12.499 18 8A6 6 0 0 0 6 8c0 4.499-1.411 5.956-2.738 7.326"[39m
            [36m/>[39m
          [36m</svg>[39m
        [36m</button>[39m
      [36m</div>[39m
    [36m</div>[39m
    [36m<div[39m
      [33mclass[39m=[32m"profile-avatar-container"[39m
    [36m>[39m
      [36m<div[39m
        [33mclass[39m=[32m"profile-avatar"[39m
        [33mstyle[39m=[32m"cursor: pointer;"[39m
      [36m>[39m
        [36m<img[39m
          [33malt[39m=[32m"User avatar"[39m
          [33msrc[39m=[32m"https://api.dicebear.com/7.x/avataaars/svg?seed=TestUser"[39m
          [33mstyle[39m=[32m"width: 100%; height: 100%; object-fit: cover; border-radius: 50%;"[39m
        [36m/>[39m
      [36m</div>[39m
    [36m</div>[39m
  [36m</div>[39m
[36m</header>[39m

Ignored nodes: comments, script, style
[36m<div>[39m
  [36m<div[39m
    [33mclass[39m=[32m"db-namaste"[39m
  [36m>[39m
    [0mαñ¿αñ«αñ╕αÑìαññαÑç,[0m
  [36m</div>[39m
  [36m<h1[39m
    [33mclass[39m=[32m"db-name"[39m
  [36m>[39m
    [0mTestUser[0m
    [0m ≡ƒæï[0m
  [36m</h1>[39m
  [36m<p[39m
    [33mclass[39m=[32m"db-subtitle"[39m
  [36m>[39m
    [0mReady to continue your Hindi journey?[0m
  [36m</p>[39m
[36m</div>[39m

Ignored nodes: comments, script, style
[36m<h1[39m
  [33mclass[39m=[32m"db-name"[39m
[36m>[39m
  [0mTestUser[0m
  [0m ≡ƒæï[0m
[36m</h1>[39m

(If this is intentional, then use the `*AllBy*` variant of the query (like `queryAllByText`, `getAllByText`, or `findAllByText`)).

Ignored nodes: comments, script, style
[36m<body>[39m
  [36m<div>[39m
    [36m<div[39m
      [33mclass[39m=[32m"main-content db-root"[39m
    [36m>[39m
      [36m<header[39m
        [33mclass[39m=[32m"db-header"[39m
      [36m>[39m
        [36m<div>[39m
          [36m<div[39m
            [33mclass[39m=[32m"db-namaste"[39m
          [36m>[39m
            [0mαñ¿αñ«αñ╕αÑìαññαÑç,[0m
          [36m</div>[39m
          [36m<h1[39m
            [33mclass[39m=[32m"db-name"[39m
          [36m>[39m
            [0mTestUser[0m
            [0m ≡ƒæï[0m
          [36m</h1>[39m
          [36m<p[39m
            [33mclass[39m=[32m"db-subtitle"[39m
          [36m>[39m
            [0mReady to continue your Hindi journey?[0m
          [36m</p>[39m
        [36m</div>[39m
        [36m<div[39m
          [33mclass[39m=[32m"db-header-right"[39m
        [36m>[39m
          [36m<div[39m
            [33mclass[39m=[32m"db-streak"[39m
          [36m>[39m
            [36m<svg[39m
              [33maria-hidden[39m=[32m"true"[39m
              [33mclass[39m=[32m"lucide lucide-flame"[39m
              [33mfill[39m=[32m"currentColor"[39m
              [33mheight[39m=[32m"15"[39m
              [33mstroke[39m=[32m"currentColor"[39m
              [33mstroke-linecap[39m=[32m"round"[39m
              [33mstroke-linejoin[39m=[32m"round"[39m
              [33mstroke-width[39m=[32m"2"[39m
              [33mviewBox[39m=[32m"0 0 24 24"[39m
              [33mwidth[39m=[32m"15"[39m
              [33mxmlns[39m=[32m"http://www.w3.org/2000/svg"[39m
            [36m>[39m
              [36m<path[39m
                [33md[39m=[32m"M12 3q1 4 4 6.5t3 5.5a1 1 0 0 1-14 0 5 5 0 0 1 1-3 1 1 0 0 0 5 0c0-2-1.5-3-1.5-5q0-2 2.5-4"[39m
              [36m/>[39m
            [36m</svg>[39m
            [0m1[0m
            [0m Day[0m
            [0m Streak[0m
          [36m</div>[39m
          [36m<div[39m
            [33mclass[39m=[32m"notification-container"[39m
          [36m>[39m
            [36m<div[39m
              [33mclass[39m=[32m"_nb"[39m
            [36m>[39m
              [36m<button[39m
                [33maria-label[39m=[32m"Notifications"[39m
                [33mclass[39m=[32m"db-icon-btn"[39m
              [36m>[39m
                [36m<svg[39m
                  [33maria-hidden[39m=[32m"true"[39m
                  [33mclass[39m=[32m"lucide lucide-bell"[39m
                  [33mfill[39m=[32m"none"[39m
                  [33mheight[39m=[32m"18"[39m
                  [33mstroke[39m=[32m"currentColor"[39m
                  [33mstroke-linecap[39m=[32m"round"[39m
                  [33mstroke-linejoin[39m=[32m"round"[39m
                  [33mstroke-width[39m=[32m"2"[39m
                  [33mviewBox[39m=[32m"0 0 24 24"[39m
                  [33mwidth[39m=[32m"18"[39m
                  [33mxmlns[39m=[32m"http://www.w3.org/2000/svg"[39m
                [36m>[39m
                  [36m<path[39m
                    [33md[39m=[32m"M10.268 21a2 2 0 0 0 3.464 0"[39m
                  [36m/>[39m
                  [36m<path[39m
                    [33md[39m=[32m"M3.262 15.326A1 1 0 0 0 4 17h16a1 1 0 0 0 .74-1.673C19.41 13.956 18 12.499 18 8A6 6 0 0 0 6 8c0 4.499-1.411 5.956-2.738 7.326"[39m
                  [36m/>[39m
                [36m</svg>[39m
              [36m</button>[39m
            [36m</div>[39m
          [36m</div>[39m
          [36m<div[39m
            [33mclass[39m=[32m"profile-avatar-container"[39m
          [36m>[39m
            [36m<div[39m
              [33mclass[39m=[32m"profile-avatar"[39m
              [33mstyle[39m=[32m"cursor: pointer;"[39m
            [36m>[39m
              [36m<img[39m
                [33malt[39m=[32m"User avatar"[39m
                [33msrc[39m=[32m"https://api.dicebear.com/7.x/avataaars/svg?seed=TestUser"[39m
                [33mstyle[39m=[32m"width: 100%; height: 100%; object-fit: cover; border-radius: 50%;"[39m
              [36m/>[39m
            [36m</div>[39m
          [36m</div>[39m
        [36m</div>[39m
      [36m</header>[39m
      [36m<div[39m
        [33mclass[39m=[32m"db-top-grid"[39m
      [36m>[39m
        [36m<div[39m
          [33mclass[39m=[32m"db-hero"[39m
        [36m>[39m
          [36m<span[39m
            [33mclass[39m=[32m"db-hero-badge"[39m
          [36m>[39m
            [0mΓåÆ CONTINUE LEARNING[0m
          [36m</span>[39m
          [36m<h2[39m
            [33mclass[39m=[32m"db-hero-title"[39m
          [36m>[39m
            [0mCommon Phrases[0m
          [36m</h2>[39m
          [36m<p[39m
            [33mclass[39m=[32m"db-hero-hindi"[39m
          [36m>[39m
            [0mαñåαñ« αñ╡αñ╛αñòαÑìαñ»αñ╛αñéαñ╢[0m
          [36m</p>[39m
          [36m<p[39m
            [33mclass[39m=[32m"db-hero-desc"[39m
          [36m>[39m
            [0mMaster 10 essential greetings for daily conversation[0m
          [36m</p>[39m
          [36m<button[39m
            [33mclass[39m=[32m"db-start-btn"[39m
          [36m>[39m
            [36m<svg[39m
              [33maria-hidden[39m=[32m"true"[39m
              [33mclass[39m=[32m"lucide lucide-circle-play"[39m
              [33mfill[39m=[32m"none"[39m
              [33mheight[39m=[32m"18"[39m
              [33mstroke[39m=[32m"currentColor"[39m
              [33mstroke-linecap[39m=[32m"round"[39m
              [33mstroke-linejoin[39m=[32m"round"[39m
              [33mstroke-width[39m=[32m"2"[39m
              [33mviewBox[39m=[32m"0 0 24 24"[39m
              [33mwidth[39m=[32m"18"[39m
              [33mxmlns[39m=[32m"http://www.w3.org/2000/svg"[39m
            [36m>[39m
              [36m<path[39m
                [33md[39m=[32m"M9 9.003a1 1 0 0 1 1.517-.859l4.997 2.997a1 1 0 0 1 0 1.718l-4.997 2.997A1 1 0 0 1 9 14.996z"[39m
              [36m/>[39m
              [36m<circle[39m
                [33mcx[39m=[32m"12"[39m
                [33mcy[39m=[32m"12"[39m
                [33mr[39m=[32m"10"[39m
              [36m/>[39m
            [36m</svg>[39m
            [0m START NOW[0m
          [36m</button>[39m
        [36m</div>[39m
        [36m<div[39m
          [33mclass[39m=[32m"db-right-col"[39m
        [36m>[39m
          [36m<div[39m
            [33mclass[39m=[32m"db-goal-card"[39m
          [36m>[39m
            [36m<div[39m
              [33mclass[39m=[32m"db-card-row"[39m
            [36m>[39m
              [36m<span[39m
                [33mclass[39m=[32m"db-label"[39m
              [36m>[39m
                [0mDaily Goal[0m
              [36m</span>[39m
            [36m</div>[39m
            [36m<div[39m
              [33mclass[39m=[32m"db-goal-body"[39m
            [36m>[39m
              [36m<div[39m
                [33mclass[3...
 Γ£ô src/tests/Community.test.jsx > Community Page ΓÇô Friends List Tests > Should use username as fallback display name when fullName is missing 15ms
 Γ£ô src/tests/Community.test.jsx > Community Page ΓÇô Friends List Tests > Should render a user-avatar img for each friend 22ms
 Γ£ô src/tests/Community.test.jsx > Community Page ΓÇô Friends List Tests > Should use dicebear URL when avatarUrl is empty 19ms
 Γ£ô src/tests/Community.test.jsx > Community Page ΓÇô Friends List Tests > Should use provided avatarUrl when it is set 40ms
 Γ£ô src/tests/Sidebar.test.jsx > Sidebar Component Tests > Logout Tests > Should clear sessionStorage on logout 100ms
 Γ£ô src/tests/ResetPassword.test.jsx > ResetPassword Component Tests > Should toggle confirm password visibility 232ms
 Γ£ô src/tests/LearningReport.test.jsx > LearningReport Component Tests > Rendering Tests > Should render Study Intensity mini card 43ms
 Γ£ô src/tests/LearningReport.test.jsx > LearningReport Component Tests > Rendering Tests > Should render Weekly Recommendation section 91ms
 Γ£ô src/tests/Dashboard.test.jsx > Dashboard Component Tests > Should render all quick stat cards 106ms
 Γ£ô src/tests/AccessibilityWidget.test.jsx > AccessibilityWidget Component Tests > Open / Close Tests > Should close menu when clicking outside 219ms
 Γ£ô src/tests/AccessibilityWidget.test.jsx > AccessibilityWidget Component Tests > Open / Close Tests > Should show accessibility-menu element when open 97ms
 Γ£ô src/tests/Leaderboard.test.jsx > Leaderboard ΓÇô Header > Should render the refresh button 27ms
 Γ£ô src/tests/Leaderboard.test.jsx > Leaderboard ΓÇô Header > Should render the notifications icon button 70ms
 Γ£ô src/tests/ChatBot.test.jsx > ChatBot Component Tests > Open / Close Tests > Should open chat window when FAB is clicked 131ms
 Γ£ô src/tests/Settings.test.jsx > Settings Component Tests > Should toggle theme from minimalist to dark 142ms
 Γ£ô src/tests/Sidebar.test.jsx > Sidebar Component Tests > Logout Tests > Should navigate to root (/) after logout 113ms
 Γ£ô src/tests/Sidebar.test.jsx > Sidebar Component Tests > Logout Tests > Should have logout button in footer section 17ms
 Γ£ô src/tests/Sidebar.test.jsx > Sidebar Component Tests > Collapse/Expand Tests > Should expand sidebar on mouse enter 67ms
 Γ£ô src/tests/LearningReport.test.jsx > LearningReport Component Tests > Toggle / Tab Tests > Weekly Snapshot button should have active class by default 76ms
 ├ù src/tests/UserProfile.test.jsx > UserProfile ΓÇô Loading & Error States > Should show the error message when user not found 1050ms
   ΓåÆ Found multiple elements with the text: /User Not Found/i

Here are the matching elements:

Ignored nodes: comments, script, style
[36m<h3[39m
  [33mstyle[39m=[32m"color: var(--text-main); margin: 0px;"[39m
[36m>[39m
  [0mUser Not Found[0m
[36m</h3>[39m

Ignored nodes: comments, script, style
[36m<p[39m
  [33mstyle[39m=[32m"color: var(--text-muted); margin: 0px;"[39m
[36m>[39m
  [0mUser not found.[0m
[36m</p>[39m

(If this is intentional, then use the `*AllBy*` variant of the query (like `queryAllByText`, `getAllByText`, or `findAllByText`)).

Ignored nodes: comments, script, style
[36m<body>[39m
  [36m<div>[39m
    [36m<div[39m
      [33mstyle[39m=[32m"display: flex; align-items: center; justify-content: center; min-height: 60vh; flex-direction: column; gap: 16px;"[39m
    [36m>[39m
      [36m<svg[39m
        [33maria-hidden[39m=[32m"true"[39m
        [33mclass[39m=[32m"lucide lucide-shield-check"[39m
        [33mfill[39m=[32m"none"[39m
        [33mheight[39m=[32m"48"[39m
        [33mstroke[39m=[32m"var(--border-color)"[39m
        [33mstroke-linecap[39m=[32m"round"[39m
        [33mstroke-linejoin[39m=[32m"round"[39m
        [33mstroke-width[39m=[32m"2"[39m
        [33mviewBox[39m=[32m"0 0 24 24"[39m
        [33mwidth[39m=[32m"48"[39m
        [33mxmlns[39m=[32m"http://www.w3.org/2000/svg"[39m
      [36m>[39m
        [36m<path[39m
          [33md[39m=[32m"M20 13c0 5-3.5 7.5-7.66 8.95a1 1 0 0 1-.67-.01C7.5 20.5 4 18 4 13V6a1 1 0 0 1 1-1c2 0 4.5-1.2 6.24-2.72a1.17 1.17 0 0 1 1.52 0C14.51 3.81 17 5 19 5a1 1 0 0 1 1 1z"[39m
        [36m/>[39m
        [36m<path[39m
          [33md[39m=[32m"m9 12 2 2 4-4"[39m
        [36m/>[39m
      [36m</svg>[39m
      [36m<h3[39m
        [33mstyle[39m=[32m"color: var(--text-main); margin: 0px;"[39m
      [36m>[39m
        [0mUser Not Found[0m
      [36m</h3>[39m
      [36m<p[39m
        [33mstyle[39m=[32m"color: var(--text-muted); margin: 0px;"[39m
      [36m>[39m
        [0mUser not found.[0m
      [36m</p>[39m
      [36m<button[39m
        [33mstyle[39m=[32m"margin-top: 8px; padding: 10px 24px; background: var(--accent-color); color: rgb(255, 255, 255); border: medium; border-radius: 10px; cursor: pointer; font-weight: 700;"[39m
      [36m>[39m
        [0mBack to Community[0m
      [36m</button>[39m
    [36m</div>[39m
  [36m</div>[39m
[36m</body>[39m

Ignored nodes: comments, script, style
[36m<html>[39m
  [36m<head />[39m
  [36m<body>[39m
    [36m<div>[39m
      [36m<div[39m
        [33mstyle[39m=[32m"display: flex; align-items: center; justify-content: center; min-height: 60vh; flex-direction: column; gap: 16px;"[39m
      [36m>[39m
        [36m<svg[39m
          [33maria-hidden[39m=[32m"true"[39m
          [33mclass[39m=[32m"lucide lucide-shield-check"[39m
          [33mfill[39m=[32m"none"[39m
          [33mheight[39m=[32m"48"[39m
          [33mstroke[39m=[32m"var(--border-color)"[39m
          [33mstroke-linecap[39m=[32m"round"[39m
          [33mstroke-linejoin[39m=[32m"round"[39m
          [33mstroke-width[39m=[32m"2"[39m
          [33mviewBox[39m=[32m"0 0 24 24"[39m
          [33mwidth[39m=[32m"48"[39m
          [33mxmlns[39m=[32m"http://www.w3.org/2000/svg"[39m
        [36m>[39m
          [36m<path[39m
            [33md[39m=[32m"M20 13c0 5-3.5 7.5-7.66 8.95a1 1 0 0 1-.67-.01C7.5 20.5 4 18 4 13V6a1 1 0 0 1 1-1c2 0 4.5-1.2 6.24-2.72a1.17 1.17 0 0 1 1.52 0C14.51 3.81 17 5 19 5a1 1 0 0 1 1 1z"[39m
          [36m/>[39m
          [36m<path[39m
            [33md[39m=[32m"m9 12 2 2 4-4"[39m
          [36m/>[39m
        [36m</svg>[39m
        [36m<h3[39m
          [33mstyle[39m=[32m"color: var(--text-main); margin: 0px;"[39m
        [36m>[39m
          [0mUser Not Found[0m
        [36m</h3>[39m
        [36m<p[39m
          [33mstyle[39m=[32m"color: var(--text-muted); margin: 0px;"[39m
        [36m>[39m
          [0mUser not found.[0m
        [36m</p>[39m
        [36m<button[39m
          [33mstyle[39m=[32m"margin-top: 8px; padding: 10px 24px; background: var(--accent-color); color: rgb(255, 255, 255); border: medium; border-radius: 10px; cursor: pointer; font-weight: 700;"[39m
        [36m>[39m
          [0mBack to Community[0m
        [36m</button>[39m
      [36m</div>[39m
    [36m</div>[39m
  [36m</body>[39m
[36m</html>[39m
 Γ£ô src/tests/Lessons.test.jsx > Lessons Page Component Tests > Rendering Tests > Should render lessons page header and greeting 869ms
 Γ£ô src/tests/Community.test.jsx > Community Page ΓÇô Friends List Tests > Should navigate to friend profile when friend card is clicked 168ms
 Γ£ô src/tests/Community.test.jsx > Community Page ΓÇô Friends List Tests > Should render multiple friend cards when multiple friends exist 35ms
 Γ£ô src/tests/Community.test.jsx > Community Page ΓÇô Friends List Tests > Should render the friends-grid div when friends exist 20ms
 Γ£ô src/tests/Community.test.jsx > Community Page ΓÇô Friends List Tests > Should NOT render friends-grid when friends list is empty 16ms
 Γ£ô src/tests/Community.test.jsx > Community Page ΓÇô Friend Requests Tests > Should NOT show Friend Requests section when there are no pending requests 12ms
 Γ£ô src/tests/Dashboard.test.jsx > Dashboard Component Tests > Should render weekly progress chart 120ms
 Γ£ô src/tests/Dashboard.test.jsx > Dashboard Component Tests > Should render quick actions section 81ms
 Γ£ô src/tests/ChatBot.test.jsx > ChatBot Component Tests > Open / Close Tests > FAB should get chatbot-fab-hidden class when chat is open 91ms
 Γ£ô src/tests/AccessibilityWidget.test.jsx > AccessibilityWidget Component Tests > Structure Tests > Should render accessibility-header inside menu 104ms
 Γ£ô src/tests/LearningReport.test.jsx > LearningReport Component Tests > Toggle / Tab Tests > Overall Mastery button should NOT have active class by default 126ms
 Γ£ô src/tests/Settings.test.jsx > Settings Component Tests > Should toggle sound effects off 234ms
 Γ£ô src/tests/Community.test.jsx > Community Page ΓÇô Friend Requests Tests > Should show the Friend Requests section when requests exist 42ms
 Γ£ô src/tests/Community.test.jsx > Community Page ΓÇô Friend Requests Tests > Should display the badge with the correct pending count 28ms
 Γ£ô src/tests/Community.test.jsx > Community Page ΓÇô Friend Requests Tests > Should display the requester full name 35ms
 Γ£ô src/tests/Leaderboard.test.jsx > Leaderboard ΓÇô Header > Should navigate to /settings when notifications button is clicked 190ms
 Γ£ô src/tests/Leaderboard.test.jsx > Leaderboard ΓÇô Header > Should render the week date range 78ms
 Γ£ô src/tests/Dashboard.test.jsx > Dashboard Component Tests > Should render focus card with lesson info 74ms
 Γ£ô src/tests/Login.test.jsx > Login Component Tests > Should allow user to type in email field 576ms
 Γ£ô src/tests/AccessibilityWidget.test.jsx > AccessibilityWidget Component Tests > Structure Tests > Should render exactly 4 accessibility sections 97ms
 Γ£ô src/tests/AccessibilityWidget.test.jsx > AccessibilityWidget Component Tests > Structure Tests > FAB should have correct aria-label 10ms
 Γ£ô src/tests/AccessibilityWidget.test.jsx > AccessibilityWidget Component Tests > Structure Tests > FAB should have accessibility-fab class 5ms
 Γ£ô src/tests/Sidebar.test.jsx > Sidebar Component Tests > Collapse/Expand Tests > Should collapse sidebar on mouse leave 142ms
 Γ£ô src/tests/Lessons.test.jsx > Lessons Page Component Tests > Rendering Tests > Should render all chapters 290ms
 Γ£ô src/tests/ChatBot.test.jsx > ChatBot Component Tests > Open / Close Tests > Should close chat window when close button is clicked 191ms
 Γ£ô src/tests/Settings.test.jsx > Settings Component Tests > Should toggle sound effects on 157ms
 Γ£ô src/tests/Community.test.jsx > Community Page ΓÇô Friend Requests Tests > Should display the requester username with @ prefix 36ms
 Γ£ô src/tests/Community.test.jsx > Community Page ΓÇô Friend Requests Tests > Should render an Accept button for each request 22ms
 Γ£ô src/tests/Community.test.jsx > Community Page ΓÇô Friend Requests Tests > Should render a Decline button for each request 20ms
 Γ£ô src/tests/ResetPassword.test.jsx > ResetPassword Component Tests > Should allow user to type in new password field 408ms
 Γ£ô src/tests/Leaderboard.test.jsx > Leaderboard ΓÇô Error State > Should show error message when API fails 52ms
 Γ£ô src/tests/Sidebar.test.jsx > Sidebar Component Tests > Collapse/Expand Tests > Should toggle collapsed class between hover states 152ms
 Γ£ô src/tests/Sidebar.test.jsx > Sidebar Component Tests > Icon Tests > Should render all navigation icons 14ms
 Γ£ô src/tests/Sidebar.test.jsx > Sidebar Component Tests > Icon Tests > Should render LayoutDashboard icon for Dashboard 16ms
 Γ£ô src/tests/Sidebar.test.jsx > Sidebar Component Tests > Icon Tests > Should render logout icon with correct class 38ms
 Γ£ô src/tests/AccessibilityWidget.test.jsx > AccessibilityWidget Component Tests > Font Size Tests > Should render Font Size section label 102ms
 Γ£ô src/tests/LearningReport.test.jsx > LearningReport Component Tests > Toggle / Tab Tests > Should switch to Overall Mastery view when clicked 174ms
 Γ£ô src/tests/UserProfile.test.jsx > UserProfile ΓÇô Loading & Error States > Should navigate to /community when Back to Community is clicked on error 386ms
 ├ù src/tests/Dashboard.test.jsx > Dashboard Component Tests > Should display username when available 107ms
   ΓåÆ Found multiple elements with the text: (content, element) => element.textContent.includes("JohnDoe")

Here are the matching elements:

Ignored nodes: comments, script, style
[36m<body>[39m
  [36m<div>[39m
    [36m<div[39m
      [33mclass[39m=[32m"main-content db-root"[39m
    [36m>[39m
      [36m<header[39m
        [33mclass[39m=[32m"db-header"[39m
      [36m>[39m
        [36m<div>[39m
          [36m<div[39m
            [33mclass[39m=[32m"db-namaste"[39m
          [36m>[39m
            [0mαñ¿αñ«αñ╕αÑìαññαÑç,[0m
          [36m</div>[39m
          [36m<h1[39m
            [33mclass[39m=[32m"db-name"[39m
          [36m>[39m
            [0mJohnDoe[0m
            [0m ≡ƒæï[0m
          [36m</h1>[39m
          [36m<p[39m
            [33mclass[39m=[32m"db-subtitle"[39m
          [36m>[39m
            [0mReady to continue your Hindi journey?[0m
          [36m</p>[39m
        [36m</div>[39m
        [36m<div[39m
          [33mclass[39m=[32m"db-header-right"[39m
        [36m>[39m
          [36m<div[39m
            [33mclass[39m=[32m"db-streak"[39m
          [36m>[39m
            [36m<svg[39m
              [33maria-hidden[39m=[32m"true"[39m
              [33mclass[39m=[32m"lucide lucide-flame"[39m
              [33mfill[39m=[32m"currentColor"[39m
              [33mheight[39m=[32m"15"[39m
              [33mstroke[39m=[32m"currentColor"[39m
              [33mstroke-linecap[39m=[32m"round"[39m
              [33mstroke-linejoin[39m=[32m"round"[39m
              [33mstroke-width[39m=[32m"2"[39m
              [33mviewBox[39m=[32m"0 0 24 24"[39m
              [33mwidth[39m=[32m"15"[39m
              [33mxmlns[39m=[32m"http://www.w3.org/2000/svg"[39m
            [36m>[39m
              [36m<path[39m
                [33md[39m=[32m"M12 3q1 4 4 6.5t3 5.5a1 1 0 0 1-14 0 5 5 0 0 1 1-3 1 1 0 0 0 5 0c0-2-1.5-3-1.5-5q0-2 2.5-4"[39m
              [36m/>[39m
            [36m</svg>[39m
            [0m1[0m
            [0m Day[0m
            [0m Streak[0m
          [36m</div>[39m
          [36m<div[39m
            [33mclass[39m=[32m"notification-container"[39m
          [36m>[39m
            [36m<div[39m
              [33mclass[39m=[32m"_nb"[39m
            [36m>[39m
              [36m<button[39m
                [33maria-label[39m=[32m"Notifications"[39m
                [33mclass[39m=[32m"db-icon-btn"[39m
              [36m>[39m
                [36m<svg[39m
                  [33maria-hidden[39m=[32m"true"[39m
                  [33mclass[39m=[32m"lucide lucide-bell"[39m
                  [33mfill[39m=[32m"none"[39m
                  [33mheight[39m=[32m"18"[39m
                  [33mstroke[39m=[32m"currentColor"[39m
                  [33mstroke-linecap[39m=[32m"round"[39m
                  [33mstroke-linejoin[39m=[32m"round"[39m
                  [33mstroke-width[39m=[32m"2"[39m
                  [33mviewBox[39m=[32m"0 0 24 24"[39m
                  [33mwidth[39m=[32m"18"[39m
                  [33mxmlns[39m=[32m"http://www.w3.org/2000/svg"[39m
                [36m>[39m
                  [36m<path[39m
                    [33md[39m=[32m"M10.268 21a2 2 0 0 0 3.464 0"[39m
                  [36m/>[39m
                  [36m<path[39m
                    [33md[39m=[32m"M3.262 15.326A1 1 0 0 0 4 17h16a1 1 0 0 0 .74-1.673C19.41 13.956 18 12.499 18 8A6 6 0 0 0 6 8c0 4.499-1.411 5.956-2.738 7.326"[39m
                  [36m/>[39m
                [36m</svg>[39m
              [36m</button>[39m
            [36m</div>[39m
          [36m</div>[39m
          [36m<div[39m
            [33mclass[39m=[32m"profile-avatar-container"[39m
          [36m>[39m
            [36m<div[39m
              [33mclass[39m=[32m"profile-avatar"[39m
              [33mstyle[39m=[32m"cursor: pointer;"[39m
            [36m>[39m
              [36m<img[39m
                [33malt[39m=[32m"User avatar"[39m
                [33msrc[39m=[32m"https://api.dicebear.com/7.x/avataaars/svg?seed=JohnDoe"[39m
                [33mstyle[39m=[32m"width: 100%; height: 100%; object-fit: cover; border-radius: 50%;"[39m
              [36m/>[39m
            [36m</div>[39m
          [36m</div>[39m
        [36m</div>[39m
      [36m</header>[39m
      [36m<div[39m
        [33mclass[39m=[32m"db-top-grid"[39m
      [36m>[39m
        [36m<div[39m
          [33mclass[39m=[32m"db-hero"[39m
        [36m>[39m
          [36m<span[39m
            [33mclass[39m=[32m"db-hero-badge"[39m
          [36m>[39m
            [0mΓåÆ CONTINUE LEARNING[0m
          [36m</span>[39m
          [36m<h2[39m
            [33mclass[39m=[32m"db-hero-title"[39m
          [36m>[39m
            [0mCommon Phrases[0m
          [36m</h2>[39m
          [36m<p[39m
            [33mclass[39m=[32m"db-hero-hindi"[39m
          [36m>[39m
            [0mαñåαñ« αñ╡αñ╛αñòαÑìαñ»αñ╛αñéαñ╢[0m
          [36m</p>[39m
          [36m<p[39m
            [33mclass[39m=[32m"db-hero-desc"[39m
          [36m>[39m
            [0mMaster 10 essential greetings for daily conversation[0m
          [36m</p>[39m
          [36m<button[39m
            [33mclass[39m=[32m"db-start-btn"[39m
          [36m>[39m
            [36m<svg[39m
              [33maria-hidden[39m=[32m"true"[39m
              [33mclass[39m=[32m"lucide lucide-circle-play"[39m
              [33mfill[39m=[32m"none"[39m
              [33mheight[39m=[32m"18"[39m
              [33mstroke[39m=[32m"currentColor"[39m
              [33mstroke-linecap[39m=[32m"round"[39m
              [33mstroke-linejoin[39m=[32m"round"[39m
              [33mstroke-width[39m=[32m"2"[39m
              [33mviewBox[39m=[32m"0 0 24 24"[39m
              [33mwidth[39m=[32m"18"[39m
              [33mxmlns[39m=[32m"http://www.w3.org/2000/svg"[39m
            [36m>[39m
              [36m<path[39m
                [33md[39m=[32m"M9 9.003a1 1 0 0 1 1.517-.859l4.997 2.997a1 1 0 0 1 0 1.718l-4.997 2.997A1 1 0 0 1 9 14.996z"[39m
              [36m/>[39m
              [36m<circle[39m
                [33mcx[39m=[32m"12"[39m
                [33mcy[39m=[32m"12"[39m
                [33mr[39m=[32m"10"[39m
              [36m/>[39m
            [36m</svg>[39m
            [0m START NOW[0m
          [36m</button>[39m
        [36m</div>[39m
        [36m<div[39m
          [33mclass[39m=[32m"db-right-col"[39m
        [36m>[39m
          [36m<div[39m
            [33mclass[39m=[32m"db-goal-card"[39m
          [36m>[39m
            [36m<div[39m
              [33mclass[39m=[32m"db-card-row"[39m
            [36m>[39m
              [36m<span[39m
                [33mclass[39m=[32m"db-label"[39m
              [36m>[39m
                [0mDaily Goal[0m
              [36m</span>[39m
            [36m</div>[39m
            [36m<div[39m
              [33mclass[39m=[32m"db-goal-body"[39m
            [36m>[39m
              [36m<div[39m
                [33mclass[39m...

Ignored nodes: comments, script, style
[36m<div>[39m
  [36m<div[39m
    [33mclass[39m=[32m"main-content db-root"[39m
  [36m>[39m
    [36m<header[39m
      [33mclass[39m=[32m"db-header"[39m
    [36m>[39m
      [36m<div>[39m
        [36m<div[39m
          [33mclass[39m=[32m"db-namaste"[39m
        [36m>[39m
          [0mαñ¿αñ«αñ╕αÑìαññαÑç,[0m
        [36m</div>[39m
        [36m<h1[39m
          [33mclass[39m=[32m"db-name"[39m
        [36m>[39m
          [0mJohnDoe[0m
          [0m ≡ƒæï[0m
        [36m</h1>[39m
        [36m<p[39m
          [33mclass[39m=[32m"db-subtitle"[39m
        [36m>[39m
          [0mReady to continue your Hindi journey?[0m
        [36m</p>[39m
      [36m</div>[39m
      [36m<div[39m
        [33mclass[39m=[32m"db-header-right"[39m
      [36m>[39m
        [36m<div[39m
          [33mclass[39m=[32m"db-streak"[39m
        [36m>[39m
          [36m<svg[39m
            [33maria-hidden[39m=[32m"true"[39m
            [33mclass[39m=[32m"lucide lucide-flame"[39m
            [33mfill[39m=[32m"currentColor"[39m
            [33mheight[39m=[32m"15"[39m
            [33mstroke[39m=[32m"currentColor"[39m
            [33mstroke-linecap[39m=[32m"round"[39m
            [33mstroke-linejoin[39m=[32m"round"[39m
            [33mstroke-width[39m=[32m"2"[39m
            [33mviewBox[39m=[32m"0 0 24 24"[39m
            [33mwidth[39m=[32m"15"[39m
            [33mxmlns[39m=[32m"http://www.w3.org/2000/svg"[39m
          [36m>[39m
            [36m<path[39m
              [33md[39m=[32m"M12 3q1 4 4 6.5t3 5.5a1 1 0 0 1-14 0 5 5 0 0 1 1-3 1 1 0 0 0 5 0c0-2-1.5-3-1.5-5q0-2 2.5-4"[39m
            [36m/>[39m
          [36m</svg>[39m
          [0m1[0m
          [0m Day[0m
          [0m Streak[0m
        [36m</div>[39m
        [36m<div[39m
          [33mclass[39m=[32m"notification-container"[39m
        [36m>[39m
          [36m<div[39m
            [33mclass[39m=[32m"_nb"[39m
          [36m>[39m
            [36m<button[39m
              [33maria-label[39m=[32m"Notifications"[39m
              [33mclass[39m=[32m"db-icon-btn"[39m
            [36m>[39m
              [36m<svg[39m
                [33maria-hidden[39m=[32m"true"[39m
                [33mclass[39m=[32m"lucide lucide-bell"[39m
                [33mfill[39m=[32m"none"[39m
                [33mheight[39m=[32m"18"[39m
                [33mstroke[39m=[32m"currentColor"[39m
                [33mstroke-linecap[39m=[32m"round"[39m
                [33mstroke-linejoin[39m=[32m"round"[39m
                [33mstroke-width[39m=[32m"2"[39m
                [33mviewBox[39m=[32m"0 0 24 24"[39m
                [33mwidth[39m=[32m"18"[39m
                [33mxmlns[39m=[32m"http://www.w3.org/2000/svg"[39m
              [36m>[39m
                [36m<path[39m
                  [33md[39m=[32m"M10.268 21a2 2 0 0 0 3.464 0"[39m
                [36m/>[39m
                [36m<path[39m
                  [33md[39m=[32m"M3.262 15.326A1 1 0 0 0 4 17h16a1 1 0 0 0 .74-1.673C19.41 13.956 18 12.499 18 8A6 6 0 0 0 6 8c0 4.499-1.411 5.956-2.738 7.326"[39m
                [36m/>[39m
              [36m</svg>[39m
            [36m</button>[39m
          [36m</div>[39m
        [36m</div>[39m
        [36m<div[39m
          [33mclass[39m=[32m"profile-avatar-container"[39m
        [36m>[39m
          [36m<div[39m
            [33mclass[39m=[32m"profile-avatar"[39m
            [33mstyle[39m=[32m"cursor: pointer;"[39m
          [36m>[39m
            [36m<img[39m
              [33malt[39m=[32m"User avatar"[39m
              [33msrc[39m=[32m"https://api.dicebear.com/7.x/avataaars/svg?seed=JohnDoe"[39m
              [33mstyle[39m=[32m"width: 100%; height: 100%; object-fit: cover; border-radius: 50%;"[39m
            [36m/>[39m
          [36m</div>[39m
        [36m</div>[39m
      [36m</div>[39m
    [36m</header>[39m
    [36m<div[39m
      [33mclass[39m=[32m"db-top-grid"[39m
    [36m>[39m
      [36m<div[39m
        [33mclass[39m=[32m"db-hero"[39m
      [36m>[39m
        [36m<span[39m
          [33mclass[39m=[32m"db-hero-badge"[39m
        [36m>[39m
          [0mΓåÆ CONTINUE LEARNING[0m
        [36m</span>[39m
        [36m<h2[39m
          [33mclass[39m=[32m"db-hero-title"[39m
        [36m>[39m
          [0mCommon Phrases[0m
        [36m</h2>[39m
        [36m<p[39m
          [33mclass[39m=[32m"db-hero-hindi"[39m
        [36m>[39m
          [0mαñåαñ« αñ╡αñ╛αñòαÑìαñ»αñ╛αñéαñ╢[0m
        [36m</p>[39m
        [36m<p[39m
          [33mclass[39m=[32m"db-hero-desc"[39m
        [36m>[39m
          [0mMaster 10 essential greetings for daily conversation[0m
        [36m</p>[39m
        [36m<button[39m
          [33mclass[39m=[32m"db-start-btn"[39m
        [36m>[39m
          [36m<svg[39m
            [33maria-hidden[39m=[32m"true"[39m
            [33mclass[39m=[32m"lucide lucide-circle-play"[39m
            [33mfill[39m=[32m"none"[39m
            [33mheight[39m=[32m"18"[39m
            [33mstroke[39m=[32m"currentColor"[39m
            [33mstroke-linecap[39m=[32m"round"[39m
            [33mstroke-linejoin[39m=[32m"round"[39m
            [33mstroke-width[39m=[32m"2"[39m
            [33mviewBox[39m=[32m"0 0 24 24"[39m
            [33mwidth[39m=[32m"18"[39m
            [33mxmlns[39m=[32m"http://www.w3.org/2000/svg"[39m
          [36m>[39m
            [36m<path[39m
              [33md[39m=[32m"M9 9.003a1 1 0 0 1 1.517-.859l4.997 2.997a1 1 0 0 1 0 1.718l-4.997 2.997A1 1 0 0 1 9 14.996z"[39m
            [36m/>[39m
            [36m<circle[39m
              [33mcx[39m=[32m"12"[39m
              [33mcy[39m=[32m"12"[39m
              [33mr[39m=[32m"10"[39m
            [36m/>[39m
          [36m</svg>[39m
          [0m START NOW[0m
        [36m</button>[39m
      [36m</div>[39m
      [36m<div[39m
        [33mclass[39m=[32m"db-right-col"[39m
      [36m>[39m
        [36m<div[39m
          [33mclass[39m=[32m"db-goal-card"[39m
        [36m>[39m
          [36m<div[39m
            [33mclass[39m=[32m"db-card-row"[39m
          [36m>[39m
            [36m<span[39m
              [33mclass[39m=[32m"db-label"[39m
            [36m>[39m
              [0mDaily Goal[0m
            [36m</span>[39m
          [36m</div>[39m
          [36m<div[39m
            [33mclass[39m=[32m"db-goal-body"[39m
          [36m>[39m
            [36m<div[39m
              [33mclass[39m=[32m"progress-ring"[39m
            [36m>[39m
              [36m<svg[39m
                [33mheight[39m=[32m"72"[39m
                [33mwidth[39m=[32m"72"[39m
              [36m>[39m
                [36m<circle[39m
                  [33mclass[39m=[32m"ring-bg"[39m
                  [33mcx[39m=[32m"36"[39m
                  [33mcy[39m=...

Ignored nodes: comments, script, style
[36m<div[39m
  [33mclass[39m=[32m"main-content db-root"[39m
[36m>[39m
  [36m<header[39m
    [33mclass[39m=[32m"db-header"[39m
  [36m>[39m
    [36m<div>[39m
      [36m<div[39m
        [33mclass[39m=[32m"db-namaste"[39m
      [36m>[39m
        [0mαñ¿αñ«αñ╕αÑìαññαÑç,[0m
      [36m</div>[39m
      [36m<h1[39m
        [33mclass[39m=[32m"db-name"[39m
      [36m>[39m
        [0mJohnDoe[0m
        [0m ≡ƒæï[0m
      [36m</h1>[39m
      [36m<p[39m
        [33mclass[39m=[32m"db-subtitle"[39m
      [36m>[39m
        [0mReady to continue your Hindi journey?[0m
      [36m</p>[39m
    [36m</div>[39m
    [36m<div[39m
      [33mclass[39m=[32m"db-header-right"[39m
    [36m>[39m
      [36m<div[39m
        [33mclass[39m=[32m"db-streak"[39m
      [36m>[39m
        [36m<svg[39m
          [33maria-hidden[39m=[32m"true"[39m
          [33mclass[39m=[32m"lucide lucide-flame"[39m
          [33mfill[39m=[32m"currentColor"[39m
          [33mheight[39m=[32m"15"[39m
          [33mstroke[39m=[32m"currentColor"[39m
          [33mstroke-linecap[39m=[32m"round"[39m
          [33mstroke-linejoin[39m=[32m"round"[39m
          [33mstroke-width[39m=[32m"2"[39m
          [33mviewBox[39m=[32m"0 0 24 24"[39m
          [33mwidth[39m=[32m"15"[39m
          [33mxmlns[39m=[32m"http://www.w3.org/2000/svg"[39m
        [36m>[39m
          [36m<path[39m
            [33md[39m=[32m"M12 3q1 4 4 6.5t3 5.5a1 1 0 0 1-14 0 5 5 0 0 1 1-3 1 1 0 0 0 5 0c0-2-1.5-3-1.5-5q0-2 2.5-4"[39m
          [36m/>[39m
        [36m</svg>[39m
        [0m1[0m
        [0m Day[0m
        [0m Streak[0m
      [36m</div>[39m
      [36m<div[39m
        [33mclass[39m=[32m"notification-container"[39m
      [36m>[39m
        [36m<div[39m
          [33mclass[39m=[32m"_nb"[39m
        [36m>[39m
          [36m<button[39m
            [33maria-label[39m=[32m"Notifications"[39m
            [33mclass[39m=[32m"db-icon-btn"[39m
          [36m>[39m
            [36m<svg[39m
              [33maria-hidden[39m=[32m"true"[39m
              [33mclass[39m=[32m"lucide lucide-bell"[39m
              [33mfill[39m=[32m"none"[39m
              [33mheight[39m=[32m"18"[39m
              [33mstroke[39m=[32m"currentColor"[39m
              [33mstroke-linecap[39m=[32m"round"[39m
              [33mstroke-linejoin[39m=[32m"round"[39m
              [33mstroke-width[39m=[32m"2"[39m
              [33mviewBox[39m=[32m"0 0 24 24"[39m
              [33mwidth[39m=[32m"18"[39m
              [33mxmlns[39m=[32m"http://www.w3.org/2000/svg"[39m
            [36m>[39m
              [36m<path[39m
                [33md[39m=[32m"M10.268 21a2 2 0 0 0 3.464 0"[39m
              [36m/>[39m
              [36m<path[39m
                [33md[39m=[32m"M3.262 15.326A1 1 0 0 0 4 17h16a1 1 0 0 0 .74-1.673C19.41 13.956 18 12.499 18 8A6 6 0 0 0 6 8c0 4.499-1.411 5.956-2.738 7.326"[39m
              [36m/>[39m
            [36m</svg>[39m
          [36m</button>[39m
        [36m</div>[39m
      [36m</div>[39m
      [36m<div[39m
        [33mclass[39m=[32m"profile-avatar-container"[39m
      [36m>[39m
        [36m<div[39m
          [33mclass[39m=[32m"profile-avatar"[39m
          [33mstyle[39m=[32m"cursor: pointer;"[39m
        [36m>[39m
          [36m<img[39m
            [33malt[39m=[32m"User avatar"[39m
            [33msrc[39m=[32m"https://api.dicebear.com/7.x/avataaars/svg?seed=JohnDoe"[39m
            [33mstyle[39m=[32m"width: 100%; height: 100%; object-fit: cover; border-radius: 50%;"[39m
          [36m/>[39m
        [36m</div>[39m
      [36m</div>[39m
    [36m</div>[39m
  [36m</header>[39m
  [36m<div[39m
    [33mclass[39m=[32m"db-top-grid"[39m
  [36m>[39m
    [36m<div[39m
      [33mclass[39m=[32m"db-hero"[39m
    [36m>[39m
      [36m<span[39m
        [33mclass[39m=[32m"db-hero-badge"[39m
      [36m>[39m
        [0mΓåÆ CONTINUE LEARNING[0m
      [36m</span>[39m
      [36m<h2[39m
        [33mclass[39m=[32m"db-hero-title"[39m
      [36m>[39m
        [0mCommon Phrases[0m
      [36m</h2>[39m
      [36m<p[39m
        [33mclass[39m=[32m"db-hero-hindi"[39m
      [36m>[39m
        [0mαñåαñ« αñ╡αñ╛αñòαÑìαñ»αñ╛αñéαñ╢[0m
      [36m</p>[39m
      [36m<p[39m
        [33mclass[39m=[32m"db-hero-desc"[39m
      [36m>[39m
        [0mMaster 10 essential greetings for daily conversation[0m
      [36m</p>[39m
      [36m<button[39m
        [33mclass[39m=[32m"db-start-btn"[39m
      [36m>[39m
        [36m<svg[39m
          [33maria-hidden[39m=[32m"true"[39m
          [33mclass[39m=[32m"lucide lucide-circle-play"[39m
          [33mfill[39m=[32m"none"[39m
          [33mheight[39m=[32m"18"[39m
          [33mstroke[39m=[32m"currentColor"[39m
          [33mstroke-linecap[39m=[32m"round"[39m
          [33mstroke-linejoin[39m=[32m"round"[39m
          [33mstroke-width[39m=[32m"2"[39m
          [33mviewBox[39m=[32m"0 0 24 24"[39m
          [33mwidth[39m=[32m"18"[39m
          [33mxmlns[39m=[32m"http://www.w3.org/2000/svg"[39m
        [36m>[39m
          [36m<path[39m
            [33md[39m=[32m"M9 9.003a1 1 0 0 1 1.517-.859l4.997 2.997a1 1 0 0 1 0 1.718l-4.997 2.997A1 1 0 0 1 9 14.996z"[39m
          [36m/>[39m
          [36m<circle[39m
            [33mcx[39m=[32m"12"[39m
            [33mcy[39m=[32m"12"[39m
            [33mr[39m=[32m"10"[39m
          [36m/>[39m
        [36m</svg>[39m
        [0m START NOW[0m
      [36m</button>[39m
    [36m</div>[39m
    [36m<div[39m
      [33mclass[39m=[32m"db-right-col"[39m
    [36m>[39m
      [36m<div[39m
        [33mclass[39m=[32m"db-goal-card"[39m
      [36m>[39m
        [36m<div[39m
          [33mclass[39m=[32m"db-card-row"[39m
        [36m>[39m
          [36m<span[39m
            [33mclass[39m=[32m"db-label"[39m
          [36m>[39m
            [0mDaily Goal[0m
          [36m</span>[39m
        [36m</div>[39m
        [36m<div[39m
          [33mclass[39m=[32m"db-goal-body"[39m
        [36m>[39m
          [36m<div[39m
            [33mclass[39m=[32m"progress-ring"[39m
          [36m>[39m
            [36m<svg[39m
              [33mheight[39m=[32m"72"[39m
              [33mwidth[39m=[32m"72"[39m
            [36m>[39m
              [36m<circle[39m
                [33mclass[39m=[32m"ring-bg"[39m
                [33mcx[39m=[32m"36"[39m
                [33mcy[39m=[32m"36"[39m
                [33mr[39m=[32m"30"[39m
              [36m/>[39m
              [36m<circle[39m
                [33mclass[39m=[32m"ring-fill"[39m
                [33mcx[39m=[32m"36"[39m
                [33mcy[39m=[32m"36"[39m
                [33mr[39m=[32m"30"[39m
                [33mstyle[39m=[32m"stroke-dasharray: 188; stroke-dashoffset: 7...

Ignored nodes: comments, script, style
[36m<header[39m
  [33mclass[39m=[32m"db-header"[39m
[36m>[39m
  [36m<div>[39m
    [36m<div[39m
      [33mclass[39m=[32m"db-namaste"[39m
    [36m>[39m
      [0mαñ¿αñ«αñ╕αÑìαññαÑç,[0m
    [36m</div>[39m
    [36m<h1[39m
      [33mclass[39m=[32m"db-name"[39m
    [36m>[39m
      [0mJohnDoe[0m
      [0m ≡ƒæï[0m
    [36m</h1>[39m
    [36m<p[39m
      [33mclass[39m=[32m"db-subtitle"[39m
    [36m>[39m
      [0mReady to continue your Hindi journey?[0m
    [36m</p>[39m
  [36m</div>[39m
  [36m<div[39m
    [33mclass[39m=[32m"db-header-right"[39m
  [36m>[39m
    [36m<div[39m
      [33mclass[39m=[32m"db-streak"[39m
    [36m>[39m
      [36m<svg[39m
        [33maria-hidden[39m=[32m"true"[39m
        [33mclass[39m=[32m"lucide lucide-flame"[39m
        [33mfill[39m=[32m"currentColor"[39m
        [33mheight[39m=[32m"15"[39m
        [33mstroke[39m=[32m"currentColor"[39m
        [33mstroke-linecap[39m=[32m"round"[39m
        [33mstroke-linejoin[39m=[32m"round"[39m
        [33mstroke-width[39m=[32m"2"[39m
        [33mviewBox[39m=[32m"0 0 24 24"[39m
        [33mwidth[39m=[32m"15"[39m
        [33mxmlns[39m=[32m"http://www.w3.org/2000/svg"[39m
      [36m>[39m
        [36m<path[39m
          [33md[39m=[32m"M12 3q1 4 4 6.5t3 5.5a1 1 0 0 1-14 0 5 5 0 0 1 1-3 1 1 0 0 0 5 0c0-2-1.5-3-1.5-5q0-2 2.5-4"[39m
        [36m/>[39m
      [36m</svg>[39m
      [0m1[0m
      [0m Day[0m
      [0m Streak[0m
    [36m</div>[39m
    [36m<div[39m
      [33mclass[39m=[32m"notification-container"[39m
    [36m>[39m
      [36m<div[39m
        [33mclass[39m=[32m"_nb"[39m
      [36m>[39m
        [36m<button[39m
          [33maria-label[39m=[32m"Notifications"[39m
          [33mclass[39m=[32m"db-icon-btn"[39m
        [36m>[39m
          [36m<svg[39m
            [33maria-hidden[39m=[32m"true"[39m
            [33mclass[39m=[32m"lucide lucide-bell"[39m
            [33mfill[39m=[32m"none"[39m
            [33mheight[39m=[32m"18"[39m
            [33mstroke[39m=[32m"currentColor"[39m
            [33mstroke-linecap[39m=[32m"round"[39m
            [33mstroke-linejoin[39m=[32m"round"[39m
            [33mstroke-width[39m=[32m"2"[39m
            [33mviewBox[39m=[32m"0 0 24 24"[39m
            [33mwidth[39m=[32m"18"[39m
            [33mxmlns[39m=[32m"http://www.w3.org/2000/svg"[39m
          [36m>[39m
            [36m<path[39m
              [33md[39m=[32m"M10.268 21a2 2 0 0 0 3.464 0"[39m
            [36m/>[39m
            [36m<path[39m
              [33md[39m=[32m"M3.262 15.326A1 1 0 0 0 4 17h16a1 1 0 0 0 .74-1.673C19.41 13.956 18 12.499 18 8A6 6 0 0 0 6 8c0 4.499-1.411 5.956-2.738 7.326"[39m
            [36m/>[39m
          [36m</svg>[39m
        [36m</button>[39m
      [36m</div>[39m
    [36m</div>[39m
    [36m<div[39m
      [33mclass[39m=[32m"profile-avatar-container"[39m
    [36m>[39m
      [36m<div[39m
        [33mclass[39m=[32m"profile-avatar"[39m
        [33mstyle[39m=[32m"cursor: pointer;"[39m
      [36m>[39m
        [36m<img[39m
          [33malt[39m=[32m"User avatar"[39m
          [33msrc[39m=[32m"https://api.dicebear.com/7.x/avataaars/svg?seed=JohnDoe"[39m
          [33mstyle[39m=[32m"width: 100%; height: 100%; object-fit: cover; border-radius: 50%;"[39m
        [36m/>[39m
      [36m</div>[39m
    [36m</div>[39m
  [36m</div>[39m
[36m</header>[39m

Ignored nodes: comments, script, style
[36m<div>[39m
  [36m<div[39m
    [33mclass[39m=[32m"db-namaste"[39m
  [36m>[39m
    [0mαñ¿αñ«αñ╕αÑìαññαÑç,[0m
  [36m</div>[39m
  [36m<h1[39m
    [33mclass[39m=[32m"db-name"[39m
  [36m>[39m
    [0mJohnDoe[0m
    [0m ≡ƒæï[0m
  [36m</h1>[39m
  [36m<p[39m
    [33mclass[39m=[32m"db-subtitle"[39m
  [36m>[39m
    [0mReady to continue your Hindi journey?[0m
  [36m</p>[39m
[36m</div>[39m

Ignored nodes: comments, script, style
[36m<h1[39m
  [33mclass[39m=[32m"db-name"[39m
[36m>[39m
  [0mJohnDoe[0m
  [0m ≡ƒæï[0m
[36m</h1>[39m

(If this is intentional, then use the `*AllBy*` variant of the query (like `queryAllByText`, `getAllByText`, or `findAllByText`)).

Ignored nodes: comments, script, style
[36m<body>[39m
  [36m<div>[39m
    [36m<div[39m
      [33mclass[39m=[32m"main-content db-root"[39m
    [36m>[39m
      [36m<header[39m
        [33mclass[39m=[32m"db-header"[39m
      [36m>[39m
        [36m<div>[39m
          [36m<div[39m
            [33mclass[39m=[32m"db-namaste"[39m
          [36m>[39m
            [0mαñ¿αñ«αñ╕αÑìαññαÑç,[0m
          [36m</div>[39m
          [36m<h1[39m
            [33mclass[39m=[32m"db-name"[39m
          [36m>[39m
            [0mJohnDoe[0m
            [0m ≡ƒæï[0m
          [36m</h1>[39m
          [36m<p[39m
            [33mclass[39m=[32m"db-subtitle"[39m
          [36m>[39m
            [0mReady to continue your Hindi journey?[0m
          [36m</p>[39m
        [36m</div>[39m
        [36m<div[39m
          [33mclass[39m=[32m"db-header-right"[39m
        [36m>[39m
          [36m<div[39m
            [33mclass[39m=[32m"db-streak"[39m
          [36m>[39m
            [36m<svg[39m
              [33maria-hidden[39m=[32m"true"[39m
              [33mclass[39m=[32m"lucide lucide-flame"[39m
              [33mfill[39m=[32m"currentColor"[39m
              [33mheight[39m=[32m"15"[39m
              [33mstroke[39m=[32m"currentColor"[39m
              [33mstroke-linecap[39m=[32m"round"[39m
              [33mstroke-linejoin[39m=[32m"round"[39m
              [33mstroke-width[39m=[32m"2"[39m
              [33mviewBox[39m=[32m"0 0 24 24"[39m
              [33mwidth[39m=[32m"15"[39m
              [33mxmlns[39m=[32m"http://www.w3.org/2000/svg"[39m
            [36m>[39m
              [36m<path[39m
                [33md[39m=[32m"M12 3q1 4 4 6.5t3 5.5a1 1 0 0 1-14 0 5 5 0 0 1 1-3 1 1 0 0 0 5 0c0-2-1.5-3-1.5-5q0-2 2.5-4"[39m
              [36m/>[39m
            [36m</svg>[39m
            [0m1[0m
            [0m Day[0m
            [0m Streak[0m
          [36m</div>[39m
          [36m<div[39m
            [33mclass[39m=[32m"notification-container"[39m
          [36m>[39m
            [36m<div[39m
              [33mclass[39m=[32m"_nb"[39m
            [36m>[39m
              [36m<button[39m
                [33maria-label[39m=[32m"Notifications"[39m
                [33mclass[39m=[32m"db-icon-btn"[39m
              [36m>[39m
                [36m<svg[39m
                  [33maria-hidden[39m=[32m"true"[39m
                  [33mclass[39m=[32m"lucide lucide-bell"[39m
                  [33mfill[39m=[32m"none"[39m
                  [33mheight[39m=[32m"18"[39m
                  [33mstroke[39m=[32m"currentColor"[39m
                  [33mstroke-linecap[39m=[32m"round"[39m
                  [33mstroke-linejoin[39m=[32m"round"[39m
                  [33mstroke-width[39m=[32m"2"[39m
                  [33mviewBox[39m=[32m"0 0 24 24"[39m
                  [33mwidth[39m=[32m"18"[39m
                  [33mxmlns[39m=[32m"http://www.w3.org/2000/svg"[39m
                [36m>[39m
                  [36m<path[39m
                    [33md[39m=[32m"M10.268 21a2 2 0 0 0 3.464 0"[39m
                  [36m/>[39m
                  [36m<path[39m
                    [33md[39m=[32m"M3.262 15.326A1 1 0 0 0 4 17h16a1 1 0 0 0 .74-1.673C19.41 13.956 18 12.499 18 8A6 6 0 0 0 6 8c0 4.499-1.411 5.956-2.738 7.326"[39m
                  [36m/>[39m
                [36m</svg>[39m
              [36m</button>[39m
            [36m</div>[39m
          [36m</div>[39m
          [36m<div[39m
            [33mclass[39m=[32m"profile-avatar-container"[39m
          [36m>[39m
            [36m<div[39m
              [33mclass[39m=[32m"profile-avatar"[39m
              [33mstyle[39m=[32m"cursor: pointer;"[39m
            [36m>[39m
              [36m<img[39m
                [33malt[39m=[32m"User avatar"[39m
                [33msrc[39m=[32m"https://api.dicebear.com/7.x/avataaars/svg?seed=JohnDoe"[39m
                [33mstyle[39m=[32m"width: 100%; height: 100%; object-fit: cover; border-radius: 50%;"[39m
              [36m/>[39m
            [36m</div>[39m
          [36m</div>[39m
        [36m</div>[39m
      [36m</header>[39m
      [36m<div[39m
        [33mclass[39m=[32m"db-top-grid"[39m
      [36m>[39m
        [36m<div[39m
          [33mclass[39m=[32m"db-hero"[39m
        [36m>[39m
          [36m<span[39m
            [33mclass[39m=[32m"db-hero-badge"[39m
          [36m>[39m
            [0mΓåÆ CONTINUE LEARNING[0m
          [36m</span>[39m
          [36m<h2[39m
            [33mclass[39m=[32m"db-hero-title"[39m
          [36m>[39m
            [0mCommon Phrases[0m
          [36m</h2>[39m
          [36m<p[39m
            [33mclass[39m=[32m"db-hero-hindi"[39m
          [36m>[39m
            [0mαñåαñ« αñ╡αñ╛αñòαÑìαñ»αñ╛αñéαñ╢[0m
          [36m</p>[39m
          [36m<p[39m
            [33mclass[39m=[32m"db-hero-desc"[39m
          [36m>[39m
            [0mMaster 10 essential greetings for daily conversation[0m
          [36m</p>[39m
          [36m<button[39m
            [33mclass[39m=[32m"db-start-btn"[39m
          [36m>[39m
            [36m<svg[39m
              [33maria-hidden[39m=[32m"true"[39m
              [33mclass[39m=[32m"lucide lucide-circle-play"[39m
              [33mfill[39m=[32m"none"[39m
              [33mheight[39m=[32m"18"[39m
              [33mstroke[39m=[32m"currentColor"[39m
              [33mstroke-linecap[39m=[32m"round"[39m
              [33mstroke-linejoin[39m=[32m"round"[39m
              [33mstroke-width[39m=[32m"2"[39m
              [33mviewBox[39m=[32m"0 0 24 24"[39m
              [33mwidth[39m=[32m"18"[39m
              [33mxmlns[39m=[32m"http://www.w3.org/2000/svg"[39m
            [36m>[39m
              [36m<path[39m
                [33md[39m=[32m"M9 9.003a1 1 0 0 1 1.517-.859l4.997 2.997a1 1 0 0 1 0 1.718l-4.997 2.997A1 1 0 0 1 9 14.996z"[39m
              [36m/>[39m
              [36m<circle[39m
                [33mcx[39m=[32m"12"[39m
                [33mcy[39m=[32m"12"[39m
                [33mr[39m=[32m"10"[39m
              [36m/>[39m
            [36m</svg>[39m
            [0m START NOW[0m
          [36m</button>[39m
        [36m</div>[39m
        [36m<div[39m
          [33mclass[39m=[32m"db-right-col"[39m
        [36m>[39m
          [36m<div[39m
            [33mclass[39m=[32m"db-goal-card"[39m
          [36m>[39m
            [36m<div[39m
              [33mclass[39m=[32m"db-card-row"[39m
            [36m>[39m
              [36m<span[39m
                [33mclass[39m=[32m"db-label"[39m
              [36m>[39m
                [0mDaily Goal[0m
              [36m</span>[39m
            [36m</div>[39m
            [36m<div[39m
              [33mclass[39m=[32m"db-goal-body"[39m
            [36m>[39m
              [36m<div[39m
                [33mclass[39m...
 Γ£ô src/tests/ChatBot.test.jsx > ChatBot Component Tests > Open / Close Tests > FAB should reappear after chat is closed 214ms
 Γ£ô src/tests/ChatBot.test.jsx > ChatBot Component Tests > Open / Close Tests > Close button should have correct aria-label 13ms
 Γ£ô src/tests/ChatBot.test.jsx > ChatBot Component Tests > Header Tests > Should render LinguaBot name in header 16ms
 Γ£ô src/tests/Community.test.jsx > Community Page ΓÇô Friend Requests Tests > Should call the accept API with correct targetId 122ms
 Γ£ô src/tests/Leaderboard.test.jsx > Leaderboard ΓÇô Error State > Should show "Try Again" button on error 144ms
 Γ£ô src/tests/UserProfile.test.jsx > UserProfile ΓÇô Loading & Error States > Should call the profile API with correct username 218ms
 Γ£ô src/tests/UserProfile.test.jsx > UserProfile ΓÇô Header & Profile Card Rendering > Should render Back to Community button 66ms
 ├ù src/tests/Dashboard.test.jsx > Dashboard Component Tests > Should extract name from email when username not available 163ms
   ΓåÆ Found multiple elements with the text: (content, element) => element.textContent.includes("Arjun")

Here are the matching elements:

Ignored nodes: comments, script, style
[36m<body>[39m
  [36m<div>[39m
    [36m<div[39m
      [33mclass[39m=[32m"main-content db-root"[39m
    [36m>[39m
      [36m<header[39m
        [33mclass[39m=[32m"db-header"[39m
      [36m>[39m
        [36m<div>[39m
          [36m<div[39m
            [33mclass[39m=[32m"db-namaste"[39m
          [36m>[39m
            [0mαñ¿αñ«αñ╕αÑìαññαÑç,[0m
          [36m</div>[39m
          [36m<h1[39m
            [33mclass[39m=[32m"db-name"[39m
          [36m>[39m
            [0mArjun[0m
            [0m ≡ƒæï[0m
          [36m</h1>[39m
          [36m<p[39m
            [33mclass[39m=[32m"db-subtitle"[39m
          [36m>[39m
            [0mReady to continue your Hindi journey?[0m
          [36m</p>[39m
        [36m</div>[39m
        [36m<div[39m
          [33mclass[39m=[32m"db-header-right"[39m
        [36m>[39m
          [36m<div[39m
            [33mclass[39m=[32m"db-streak"[39m
          [36m>[39m
            [36m<svg[39m
              [33maria-hidden[39m=[32m"true"[39m
              [33mclass[39m=[32m"lucide lucide-flame"[39m
              [33mfill[39m=[32m"currentColor"[39m
              [33mheight[39m=[32m"15"[39m
              [33mstroke[39m=[32m"currentColor"[39m
              [33mstroke-linecap[39m=[32m"round"[39m
              [33mstroke-linejoin[39m=[32m"round"[39m
              [33mstroke-width[39m=[32m"2"[39m
              [33mviewBox[39m=[32m"0 0 24 24"[39m
              [33mwidth[39m=[32m"15"[39m
              [33mxmlns[39m=[32m"http://www.w3.org/2000/svg"[39m
            [36m>[39m
              [36m<path[39m
                [33md[39m=[32m"M12 3q1 4 4 6.5t3 5.5a1 1 0 0 1-14 0 5 5 0 0 1 1-3 1 1 0 0 0 5 0c0-2-1.5-3-1.5-5q0-2 2.5-4"[39m
              [36m/>[39m
            [36m</svg>[39m
            [0m1[0m
            [0m Day[0m
            [0m Streak[0m
          [36m</div>[39m
          [36m<div[39m
            [33mclass[39m=[32m"notification-container"[39m
          [36m>[39m
            [36m<div[39m
              [33mclass[39m=[32m"_nb"[39m
            [36m>[39m
              [36m<button[39m
                [33maria-label[39m=[32m"Notifications"[39m
                [33mclass[39m=[32m"db-icon-btn"[39m
              [36m>[39m
                [36m<svg[39m
                  [33maria-hidden[39m=[32m"true"[39m
                  [33mclass[39m=[32m"lucide lucide-bell"[39m
                  [33mfill[39m=[32m"none"[39m
                  [33mheight[39m=[32m"18"[39m
                  [33mstroke[39m=[32m"currentColor"[39m
                  [33mstroke-linecap[39m=[32m"round"[39m
                  [33mstroke-linejoin[39m=[32m"round"[39m
                  [33mstroke-width[39m=[32m"2"[39m
                  [33mviewBox[39m=[32m"0 0 24 24"[39m
                  [33mwidth[39m=[32m"18"[39m
                  [33mxmlns[39m=[32m"http://www.w3.org/2000/svg"[39m
                [36m>[39m
                  [36m<path[39m
                    [33md[39m=[32m"M10.268 21a2 2 0 0 0 3.464 0"[39m
                  [36m/>[39m
                  [36m<path[39m
                    [33md[39m=[32m"M3.262 15.326A1 1 0 0 0 4 17h16a1 1 0 0 0 .74-1.673C19.41 13.956 18 12.499 18 8A6 6 0 0 0 6 8c0 4.499-1.411 5.956-2.738 7.326"[39m
                  [36m/>[39m
                [36m</svg>[39m
              [36m</button>[39m
            [36m</div>[39m
          [36m</div>[39m
          [36m<div[39m
            [33mclass[39m=[32m"profile-avatar-container"[39m
          [36m>[39m
            [36m<div[39m
              [33mclass[39m=[32m"profile-avatar"[39m
              [33mstyle[39m=[32m"cursor: pointer;"[39m
            [36m>[39m
              [36m<img[39m
                [33malt[39m=[32m"User avatar"[39m
                [33msrc[39m=[32m"https://api.dicebear.com/7.x/avataaars/svg?seed=Arjun"[39m
                [33mstyle[39m=[32m"width: 100%; height: 100%; object-fit: cover; border-radius: 50%;"[39m
              [36m/>[39m
            [36m</div>[39m
          [36m</div>[39m
        [36m</div>[39m
      [36m</header>[39m
      [36m<div[39m
        [33mclass[39m=[32m"db-top-grid"[39m
      [36m>[39m
        [36m<div[39m
          [33mclass[39m=[32m"db-hero"[39m
        [36m>[39m
          [36m<span[39m
            [33mclass[39m=[32m"db-hero-badge"[39m
          [36m>[39m
            [0mΓåÆ CONTINUE LEARNING[0m
          [36m</span>[39m
          [36m<h2[39m
            [33mclass[39m=[32m"db-hero-title"[39m
          [36m>[39m
            [0mCommon Phrases[0m
          [36m</h2>[39m
          [36m<p[39m
            [33mclass[39m=[32m"db-hero-hindi"[39m
          [36m>[39m
            [0mαñåαñ« αñ╡αñ╛αñòαÑìαñ»αñ╛αñéαñ╢[0m
          [36m</p>[39m
          [36m<p[39m
            [33mclass[39m=[32m"db-hero-desc"[39m
          [36m>[39m
            [0mMaster 10 essential greetings for daily conversation[0m
          [36m</p>[39m
          [36m<button[39m
            [33mclass[39m=[32m"db-start-btn"[39m
          [36m>[39m
            [36m<svg[39m
              [33maria-hidden[39m=[32m"true"[39m
              [33mclass[39m=[32m"lucide lucide-circle-play"[39m
              [33mfill[39m=[32m"none"[39m
              [33mheight[39m=[32m"18"[39m
              [33mstroke[39m=[32m"currentColor"[39m
              [33mstroke-linecap[39m=[32m"round"[39m
              [33mstroke-linejoin[39m=[32m"round"[39m
              [33mstroke-width[39m=[32m"2"[39m
              [33mviewBox[39m=[32m"0 0 24 24"[39m
              [33mwidth[39m=[32m"18"[39m
              [33mxmlns[39m=[32m"http://www.w3.org/2000/svg"[39m
            [36m>[39m
              [36m<path[39m
                [33md[39m=[32m"M9 9.003a1 1 0 0 1 1.517-.859l4.997 2.997a1 1 0 0 1 0 1.718l-4.997 2.997A1 1 0 0 1 9 14.996z"[39m
              [36m/>[39m
              [36m<circle[39m
                [33mcx[39m=[32m"12"[39m
                [33mcy[39m=[32m"12"[39m
                [33mr[39m=[32m"10"[39m
              [36m/>[39m
            [36m</svg>[39m
            [0m START NOW[0m
          [36m</button>[39m
        [36m</div>[39m
        [36m<div[39m
          [33mclass[39m=[32m"db-right-col"[39m
        [36m>[39m
          [36m<div[39m
            [33mclass[39m=[32m"db-goal-card"[39m
          [36m>[39m
            [36m<div[39m
              [33mclass[39m=[32m"db-card-row"[39m
            [36m>[39m
              [36m<span[39m
                [33mclass[39m=[32m"db-label"[39m
              [36m>[39m
                [0mDaily Goal[0m
              [36m</span>[39m
            [36m</div>[39m
            [36m<div[39m
              [33mclass[39m=[32m"db-goal-body"[39m
            [36m>[39m
              [36m<div[39m
                [33mclass[39m=[3...

Ignored nodes: comments, script, style
[36m<div>[39m
  [36m<div[39m
    [33mclass[39m=[32m"main-content db-root"[39m
  [36m>[39m
    [36m<header[39m
      [33mclass[39m=[32m"db-header"[39m
    [36m>[39m
      [36m<div>[39m
        [36m<div[39m
          [33mclass[39m=[32m"db-namaste"[39m
        [36m>[39m
          [0mαñ¿αñ«αñ╕αÑìαññαÑç,[0m
        [36m</div>[39m
        [36m<h1[39m
          [33mclass[39m=[32m"db-name"[39m
        [36m>[39m
          [0mArjun[0m
          [0m ≡ƒæï[0m
        [36m</h1>[39m
        [36m<p[39m
          [33mclass[39m=[32m"db-subtitle"[39m
        [36m>[39m
          [0mReady to continue your Hindi journey?[0m
        [36m</p>[39m
      [36m</div>[39m
      [36m<div[39m
        [33mclass[39m=[32m"db-header-right"[39m
      [36m>[39m
        [36m<div[39m
          [33mclass[39m=[32m"db-streak"[39m
        [36m>[39m
          [36m<svg[39m
            [33maria-hidden[39m=[32m"true"[39m
            [33mclass[39m=[32m"lucide lucide-flame"[39m
            [33mfill[39m=[32m"currentColor"[39m
            [33mheight[39m=[32m"15"[39m
            [33mstroke[39m=[32m"currentColor"[39m
            [33mstroke-linecap[39m=[32m"round"[39m
            [33mstroke-linejoin[39m=[32m"round"[39m
            [33mstroke-width[39m=[32m"2"[39m
            [33mviewBox[39m=[32m"0 0 24 24"[39m
            [33mwidth[39m=[32m"15"[39m
            [33mxmlns[39m=[32m"http://www.w3.org/2000/svg"[39m
          [36m>[39m
            [36m<path[39m
              [33md[39m=[32m"M12 3q1 4 4 6.5t3 5.5a1 1 0 0 1-14 0 5 5 0 0 1 1-3 1 1 0 0 0 5 0c0-2-1.5-3-1.5-5q0-2 2.5-4"[39m
            [36m/>[39m
          [36m</svg>[39m
          [0m1[0m
          [0m Day[0m
          [0m Streak[0m
        [36m</div>[39m
        [36m<div[39m
          [33mclass[39m=[32m"notification-container"[39m
        [36m>[39m
          [36m<div[39m
            [33mclass[39m=[32m"_nb"[39m
          [36m>[39m
            [36m<button[39m
              [33maria-label[39m=[32m"Notifications"[39m
              [33mclass[39m=[32m"db-icon-btn"[39m
            [36m>[39m
              [36m<svg[39m
                [33maria-hidden[39m=[32m"true"[39m
                [33mclass[39m=[32m"lucide lucide-bell"[39m
                [33mfill[39m=[32m"none"[39m
                [33mheight[39m=[32m"18"[39m
                [33mstroke[39m=[32m"currentColor"[39m
                [33mstroke-linecap[39m=[32m"round"[39m
                [33mstroke-linejoin[39m=[32m"round"[39m
                [33mstroke-width[39m=[32m"2"[39m
                [33mviewBox[39m=[32m"0 0 24 24"[39m
                [33mwidth[39m=[32m"18"[39m
                [33mxmlns[39m=[32m"http://www.w3.org/2000/svg"[39m
              [36m>[39m
                [36m<path[39m
                  [33md[39m=[32m"M10.268 21a2 2 0 0 0 3.464 0"[39m
                [36m/>[39m
                [36m<path[39m
                  [33md[39m=[32m"M3.262 15.326A1 1 0 0 0 4 17h16a1 1 0 0 0 .74-1.673C19.41 13.956 18 12.499 18 8A6 6 0 0 0 6 8c0 4.499-1.411 5.956-2.738 7.326"[39m
                [36m/>[39m
              [36m</svg>[39m
            [36m</button>[39m
          [36m</div>[39m
        [36m</div>[39m
        [36m<div[39m
          [33mclass[39m=[32m"profile-avatar-container"[39m
        [36m>[39m
          [36m<div[39m
            [33mclass[39m=[32m"profile-avatar"[39m
            [33mstyle[39m=[32m"cursor: pointer;"[39m
          [36m>[39m
            [36m<img[39m
              [33malt[39m=[32m"User avatar"[39m
              [33msrc[39m=[32m"https://api.dicebear.com/7.x/avataaars/svg?seed=Arjun"[39m
              [33mstyle[39m=[32m"width: 100%; height: 100%; object-fit: cover; border-radius: 50%;"[39m
            [36m/>[39m
          [36m</div>[39m
        [36m</div>[39m
      [36m</div>[39m
    [36m</header>[39m
    [36m<div[39m
      [33mclass[39m=[32m"db-top-grid"[39m
    [36m>[39m
      [36m<div[39m
        [33mclass[39m=[32m"db-hero"[39m
      [36m>[39m
        [36m<span[39m
          [33mclass[39m=[32m"db-hero-badge"[39m
        [36m>[39m
          [0mΓåÆ CONTINUE LEARNING[0m
        [36m</span>[39m
        [36m<h2[39m
          [33mclass[39m=[32m"db-hero-title"[39m
        [36m>[39m
          [0mCommon Phrases[0m
        [36m</h2>[39m
        [36m<p[39m
          [33mclass[39m=[32m"db-hero-hindi"[39m
        [36m>[39m
          [0mαñåαñ« αñ╡αñ╛αñòαÑìαñ»αñ╛αñéαñ╢[0m
        [36m</p>[39m
        [36m<p[39m
          [33mclass[39m=[32m"db-hero-desc"[39m
        [36m>[39m
          [0mMaster 10 essential greetings for daily conversation[0m
        [36m</p>[39m
        [36m<button[39m
          [33mclass[39m=[32m"db-start-btn"[39m
        [36m>[39m
          [36m<svg[39m
            [33maria-hidden[39m=[32m"true"[39m
            [33mclass[39m=[32m"lucide lucide-circle-play"[39m
            [33mfill[39m=[32m"none"[39m
            [33mheight[39m=[32m"18"[39m
            [33mstroke[39m=[32m"currentColor"[39m
            [33mstroke-linecap[39m=[32m"round"[39m
            [33mstroke-linejoin[39m=[32m"round"[39m
            [33mstroke-width[39m=[32m"2"[39m
            [33mviewBox[39m=[32m"0 0 24 24"[39m
            [33mwidth[39m=[32m"18"[39m
            [33mxmlns[39m=[32m"http://www.w3.org/2000/svg"[39m
          [36m>[39m
            [36m<path[39m
              [33md[39m=[32m"M9 9.003a1 1 0 0 1 1.517-.859l4.997 2.997a1 1 0 0 1 0 1.718l-4.997 2.997A1 1 0 0 1 9 14.996z"[39m
            [36m/>[39m
            [36m<circle[39m
              [33mcx[39m=[32m"12"[39m
              [33mcy[39m=[32m"12"[39m
              [33mr[39m=[32m"10"[39m
            [36m/>[39m
          [36m</svg>[39m
          [0m START NOW[0m
        [36m</button>[39m
      [36m</div>[39m
      [36m<div[39m
        [33mclass[39m=[32m"db-right-col"[39m
      [36m>[39m
        [36m<div[39m
          [33mclass[39m=[32m"db-goal-card"[39m
        [36m>[39m
          [36m<div[39m
            [33mclass[39m=[32m"db-card-row"[39m
          [36m>[39m
            [36m<span[39m
              [33mclass[39m=[32m"db-label"[39m
            [36m>[39m
              [0mDaily Goal[0m
            [36m</span>[39m
          [36m</div>[39m
          [36m<div[39m
            [33mclass[39m=[32m"db-goal-body"[39m
          [36m>[39m
            [36m<div[39m
              [33mclass[39m=[32m"progress-ring"[39m
            [36m>[39m
              [36m<svg[39m
                [33mheight[39m=[32m"72"[39m
                [33mwidth[39m=[32m"72"[39m
              [36m>[39m
                [36m<circle[39m
                  [33mclass[39m=[32m"ring-bg"[39m
                  [33mcx[39m=[32m"36"[39m
                  [33mcy[39m=[32m...

Ignored nodes: comments, script, style
[36m<div[39m
  [33mclass[39m=[32m"main-content db-root"[39m
[36m>[39m
  [36m<header[39m
    [33mclass[39m=[32m"db-header"[39m
  [36m>[39m
    [36m<div>[39m
      [36m<div[39m
        [33mclass[39m=[32m"db-namaste"[39m
      [36m>[39m
        [0mαñ¿αñ«αñ╕αÑìαññαÑç,[0m
      [36m</div>[39m
      [36m<h1[39m
        [33mclass[39m=[32m"db-name"[39m
      [36m>[39m
        [0mArjun[0m
        [0m ≡ƒæï[0m
      [36m</h1>[39m
      [36m<p[39m
        [33mclass[39m=[32m"db-subtitle"[39m
      [36m>[39m
        [0mReady to continue your Hindi journey?[0m
      [36m</p>[39m
    [36m</div>[39m
    [36m<div[39m
      [33mclass[39m=[32m"db-header-right"[39m
    [36m>[39m
      [36m<div[39m
        [33mclass[39m=[32m"db-streak"[39m
      [36m>[39m
        [36m<svg[39m
          [33maria-hidden[39m=[32m"true"[39m
          [33mclass[39m=[32m"lucide lucide-flame"[39m
          [33mfill[39m=[32m"currentColor"[39m
          [33mheight[39m=[32m"15"[39m
          [33mstroke[39m=[32m"currentColor"[39m
          [33mstroke-linecap[39m=[32m"round"[39m
          [33mstroke-linejoin[39m=[32m"round"[39m
          [33mstroke-width[39m=[32m"2"[39m
          [33mviewBox[39m=[32m"0 0 24 24"[39m
          [33mwidth[39m=[32m"15"[39m
          [33mxmlns[39m=[32m"http://www.w3.org/2000/svg"[39m
        [36m>[39m
          [36m<path[39m
            [33md[39m=[32m"M12 3q1 4 4 6.5t3 5.5a1 1 0 0 1-14 0 5 5 0 0 1 1-3 1 1 0 0 0 5 0c0-2-1.5-3-1.5-5q0-2 2.5-4"[39m
          [36m/>[39m
        [36m</svg>[39m
        [0m1[0m
        [0m Day[0m
        [0m Streak[0m
      [36m</div>[39m
      [36m<div[39m
        [33mclass[39m=[32m"notification-container"[39m
      [36m>[39m
        [36m<div[39m
          [33mclass[39m=[32m"_nb"[39m
        [36m>[39m
          [36m<button[39m
            [33maria-label[39m=[32m"Notifications"[39m
            [33mclass[39m=[32m"db-icon-btn"[39m
          [36m>[39m
            [36m<svg[39m
              [33maria-hidden[39m=[32m"true"[39m
              [33mclass[39m=[32m"lucide lucide-bell"[39m
              [33mfill[39m=[32m"none"[39m
              [33mheight[39m=[32m"18"[39m
              [33mstroke[39m=[32m"currentColor"[39m
              [33mstroke-linecap[39m=[32m"round"[39m
              [33mstroke-linejoin[39m=[32m"round"[39m
              [33mstroke-width[39m=[32m"2"[39m
              [33mviewBox[39m=[32m"0 0 24 24"[39m
              [33mwidth[39m=[32m"18"[39m
              [33mxmlns[39m=[32m"http://www.w3.org/2000/svg"[39m
            [36m>[39m
              [36m<path[39m
                [33md[39m=[32m"M10.268 21a2 2 0 0 0 3.464 0"[39m
              [36m/>[39m
              [36m<path[39m
                [33md[39m=[32m"M3.262 15.326A1 1 0 0 0 4 17h16a1 1 0 0 0 .74-1.673C19.41 13.956 18 12.499 18 8A6 6 0 0 0 6 8c0 4.499-1.411 5.956-2.738 7.326"[39m
              [36m/>[39m
            [36m</svg>[39m
          [36m</button>[39m
        [36m</div>[39m
      [36m</div>[39m
      [36m<div[39m
        [33mclass[39m=[32m"profile-avatar-container"[39m
      [36m>[39m
        [36m<div[39m
          [33mclass[39m=[32m"profile-avatar"[39m
          [33mstyle[39m=[32m"cursor: pointer;"[39m
        [36m>[39m
          [36m<img[39m
            [33malt[39m=[32m"User avatar"[39m
            [33msrc[39m=[32m"https://api.dicebear.com/7.x/avataaars/svg?seed=Arjun"[39m
            [33mstyle[39m=[32m"width: 100%; height: 100%; object-fit: cover; border-radius: 50%;"[39m
          [36m/>[39m
        [36m</div>[39m
      [36m</div>[39m
    [36m</div>[39m
  [36m</header>[39m
  [36m<div[39m
    [33mclass[39m=[32m"db-top-grid"[39m
  [36m>[39m
    [36m<div[39m
      [33mclass[39m=[32m"db-hero"[39m
    [36m>[39m
      [36m<span[39m
        [33mclass[39m=[32m"db-hero-badge"[39m
      [36m>[39m
        [0mΓåÆ CONTINUE LEARNING[0m
      [36m</span>[39m
      [36m<h2[39m
        [33mclass[39m=[32m"db-hero-title"[39m
      [36m>[39m
        [0mCommon Phrases[0m
      [36m</h2>[39m
      [36m<p[39m
        [33mclass[39m=[32m"db-hero-hindi"[39m
      [36m>[39m
        [0mαñåαñ« αñ╡αñ╛αñòαÑìαñ»αñ╛αñéαñ╢[0m
      [36m</p>[39m
      [36m<p[39m
        [33mclass[39m=[32m"db-hero-desc"[39m
      [36m>[39m
        [0mMaster 10 essential greetings for daily conversation[0m
      [36m</p>[39m
      [36m<button[39m
        [33mclass[39m=[32m"db-start-btn"[39m
      [36m>[39m
        [36m<svg[39m
          [33maria-hidden[39m=[32m"true"[39m
          [33mclass[39m=[32m"lucide lucide-circle-play"[39m
          [33mfill[39m=[32m"none"[39m
          [33mheight[39m=[32m"18"[39m
          [33mstroke[39m=[32m"currentColor"[39m
          [33mstroke-linecap[39m=[32m"round"[39m
          [33mstroke-linejoin[39m=[32m"round"[39m
          [33mstroke-width[39m=[32m"2"[39m
          [33mviewBox[39m=[32m"0 0 24 24"[39m
          [33mwidth[39m=[32m"18"[39m
          [33mxmlns[39m=[32m"http://www.w3.org/2000/svg"[39m
        [36m>[39m
          [36m<path[39m
            [33md[39m=[32m"M9 9.003a1 1 0 0 1 1.517-.859l4.997 2.997a1 1 0 0 1 0 1.718l-4.997 2.997A1 1 0 0 1 9 14.996z"[39m
          [36m/>[39m
          [36m<circle[39m
            [33mcx[39m=[32m"12"[39m
            [33mcy[39m=[32m"12"[39m
            [33mr[39m=[32m"10"[39m
          [36m/>[39m
        [36m</svg>[39m
        [0m START NOW[0m
      [36m</button>[39m
    [36m</div>[39m
    [36m<div[39m
      [33mclass[39m=[32m"db-right-col"[39m
    [36m>[39m
      [36m<div[39m
        [33mclass[39m=[32m"db-goal-card"[39m
      [36m>[39m
        [36m<div[39m
          [33mclass[39m=[32m"db-card-row"[39m
        [36m>[39m
          [36m<span[39m
            [33mclass[39m=[32m"db-label"[39m
          [36m>[39m
            [0mDaily Goal[0m
          [36m</span>[39m
        [36m</div>[39m
        [36m<div[39m
          [33mclass[39m=[32m"db-goal-body"[39m
        [36m>[39m
          [36m<div[39m
            [33mclass[39m=[32m"progress-ring"[39m
          [36m>[39m
            [36m<svg[39m
              [33mheight[39m=[32m"72"[39m
              [33mwidth[39m=[32m"72"[39m
            [36m>[39m
              [36m<circle[39m
                [33mclass[39m=[32m"ring-bg"[39m
                [33mcx[39m=[32m"36"[39m
                [33mcy[39m=[32m"36"[39m
                [33mr[39m=[32m"30"[39m
              [36m/>[39m
              [36m<circle[39m
                [33mclass[39m=[32m"ring-fill"[39m
                [33mcx[39m=[32m"36"[39m
                [33mcy[39m=[32m"36"[39m
                [33mr[39m=[32m"30"[39m
                [33mstyle[39m=[32m"stroke-dasharray: 188; stroke-dashoffset: 75.2;...

Ignored nodes: comments, script, style
[36m<header[39m
  [33mclass[39m=[32m"db-header"[39m
[36m>[39m
  [36m<div>[39m
    [36m<div[39m
      [33mclass[39m=[32m"db-namaste"[39m
    [36m>[39m
      [0mαñ¿αñ«αñ╕αÑìαññαÑç,[0m
    [36m</div>[39m
    [36m<h1[39m
      [33mclass[39m=[32m"db-name"[39m
    [36m>[39m
      [0mArjun[0m
      [0m ≡ƒæï[0m
    [36m</h1>[39m
    [36m<p[39m
      [33mclass[39m=[32m"db-subtitle"[39m
    [36m>[39m
      [0mReady to continue your Hindi journey?[0m
    [36m</p>[39m
  [36m</div>[39m
  [36m<div[39m
    [33mclass[39m=[32m"db-header-right"[39m
  [36m>[39m
    [36m<div[39m
      [33mclass[39m=[32m"db-streak"[39m
    [36m>[39m
      [36m<svg[39m
        [33maria-hidden[39m=[32m"true"[39m
        [33mclass[39m=[32m"lucide lucide-flame"[39m
        [33mfill[39m=[32m"currentColor"[39m
        [33mheight[39m=[32m"15"[39m
        [33mstroke[39m=[32m"currentColor"[39m
        [33mstroke-linecap[39m=[32m"round"[39m
        [33mstroke-linejoin[39m=[32m"round"[39m
        [33mstroke-width[39m=[32m"2"[39m
        [33mviewBox[39m=[32m"0 0 24 24"[39m
        [33mwidth[39m=[32m"15"[39m
        [33mxmlns[39m=[32m"http://www.w3.org/2000/svg"[39m
      [36m>[39m
        [36m<path[39m
          [33md[39m=[32m"M12 3q1 4 4 6.5t3 5.5a1 1 0 0 1-14 0 5 5 0 0 1 1-3 1 1 0 0 0 5 0c0-2-1.5-3-1.5-5q0-2 2.5-4"[39m
        [36m/>[39m
      [36m</svg>[39m
      [0m1[0m
      [0m Day[0m
      [0m Streak[0m
    [36m</div>[39m
    [36m<div[39m
      [33mclass[39m=[32m"notification-container"[39m
    [36m>[39m
      [36m<div[39m
        [33mclass[39m=[32m"_nb"[39m
      [36m>[39m
        [36m<button[39m
          [33maria-label[39m=[32m"Notifications"[39m
          [33mclass[39m=[32m"db-icon-btn"[39m
        [36m>[39m
          [36m<svg[39m
            [33maria-hidden[39m=[32m"true"[39m
            [33mclass[39m=[32m"lucide lucide-bell"[39m
            [33mfill[39m=[32m"none"[39m
            [33mheight[39m=[32m"18"[39m
            [33mstroke[39m=[32m"currentColor"[39m
            [33mstroke-linecap[39m=[32m"round"[39m
            [33mstroke-linejoin[39m=[32m"round"[39m
            [33mstroke-width[39m=[32m"2"[39m
            [33mviewBox[39m=[32m"0 0 24 24"[39m
            [33mwidth[39m=[32m"18"[39m
            [33mxmlns[39m=[32m"http://www.w3.org/2000/svg"[39m
          [36m>[39m
            [36m<path[39m
              [33md[39m=[32m"M10.268 21a2 2 0 0 0 3.464 0"[39m
            [36m/>[39m
            [36m<path[39m
              [33md[39m=[32m"M3.262 15.326A1 1 0 0 0 4 17h16a1 1 0 0 0 .74-1.673C19.41 13.956 18 12.499 18 8A6 6 0 0 0 6 8c0 4.499-1.411 5.956-2.738 7.326"[39m
            [36m/>[39m
          [36m</svg>[39m
        [36m</button>[39m
      [36m</div>[39m
    [36m</div>[39m
    [36m<div[39m
      [33mclass[39m=[32m"profile-avatar-container"[39m
    [36m>[39m
      [36m<div[39m
        [33mclass[39m=[32m"profile-avatar"[39m
        [33mstyle[39m=[32m"cursor: pointer;"[39m
      [36m>[39m
        [36m<img[39m
          [33malt[39m=[32m"User avatar"[39m
          [33msrc[39m=[32m"https://api.dicebear.com/7.x/avataaars/svg?seed=Arjun"[39m
          [33mstyle[39m=[32m"width: 100%; height: 100%; object-fit: cover; border-radius: 50%;"[39m
        [36m/>[39m
      [36m</div>[39m
    [36m</div>[39m
  [36m</div>[39m
[36m</header>[39m

Ignored nodes: comments, script, style
[36m<div>[39m
  [36m<div[39m
    [33mclass[39m=[32m"db-namaste"[39m
  [36m>[39m
    [0mαñ¿αñ«αñ╕αÑìαññαÑç,[0m
  [36m</div>[39m
  [36m<h1[39m
    [33mclass[39m=[32m"db-name"[39m
  [36m>[39m
    [0mArjun[0m
    [0m ≡ƒæï[0m
  [36m</h1>[39m
  [36m<p[39m
    [33mclass[39m=[32m"db-subtitle"[39m
  [36m>[39m
    [0mReady to continue your Hindi journey?[0m
  [36m</p>[39m
[36m</div>[39m

Ignored nodes: comments, script, style
[36m<h1[39m
  [33mclass[39m=[32m"db-name"[39m
[36m>[39m
  [0mArjun[0m
  [0m ≡ƒæï[0m
[36m</h1>[39m

(If this is intentional, then use the `*AllBy*` variant of the query (like `queryAllByText`, `getAllByText`, or `findAllByText`)).

Ignored nodes: comments, script, style
[36m<body>[39m
  [36m<div>[39m
    [36m<div[39m
      [33mclass[39m=[32m"main-content db-root"[39m
    [36m>[39m
      [36m<header[39m
        [33mclass[39m=[32m"db-header"[39m
      [36m>[39m
        [36m<div>[39m
          [36m<div[39m
            [33mclass[39m=[32m"db-namaste"[39m
          [36m>[39m
            [0mαñ¿αñ«αñ╕αÑìαññαÑç,[0m
          [36m</div>[39m
          [36m<h1[39m
            [33mclass[39m=[32m"db-name"[39m
          [36m>[39m
            [0mArjun[0m
            [0m ≡ƒæï[0m
          [36m</h1>[39m
          [36m<p[39m
            [33mclass[39m=[32m"db-subtitle"[39m
          [36m>[39m
            [0mReady to continue your Hindi journey?[0m
          [36m</p>[39m
        [36m</div>[39m
        [36m<div[39m
          [33mclass[39m=[32m"db-header-right"[39m
        [36m>[39m
          [36m<div[39m
            [33mclass[39m=[32m"db-streak"[39m
          [36m>[39m
            [36m<svg[39m
              [33maria-hidden[39m=[32m"true"[39m
              [33mclass[39m=[32m"lucide lucide-flame"[39m
              [33mfill[39m=[32m"currentColor"[39m
              [33mheight[39m=[32m"15"[39m
              [33mstroke[39m=[32m"currentColor"[39m
              [33mstroke-linecap[39m=[32m"round"[39m
              [33mstroke-linejoin[39m=[32m"round"[39m
              [33mstroke-width[39m=[32m"2"[39m
              [33mviewBox[39m=[32m"0 0 24 24"[39m
              [33mwidth[39m=[32m"15"[39m
              [33mxmlns[39m=[32m"http://www.w3.org/2000/svg"[39m
            [36m>[39m
              [36m<path[39m
                [33md[39m=[32m"M12 3q1 4 4 6.5t3 5.5a1 1 0 0 1-14 0 5 5 0 0 1 1-3 1 1 0 0 0 5 0c0-2-1.5-3-1.5-5q0-2 2.5-4"[39m
              [36m/>[39m
            [36m</svg>[39m
            [0m1[0m
            [0m Day[0m
            [0m Streak[0m
          [36m</div>[39m
          [36m<div[39m
            [33mclass[39m=[32m"notification-container"[39m
          [36m>[39m
            [36m<div[39m
              [33mclass[39m=[32m"_nb"[39m
            [36m>[39m
              [36m<button[39m
                [33maria-label[39m=[32m"Notifications"[39m
                [33mclass[39m=[32m"db-icon-btn"[39m
              [36m>[39m
                [36m<svg[39m
                  [33maria-hidden[39m=[32m"true"[39m
                  [33mclass[39m=[32m"lucide lucide-bell"[39m
                  [33mfill[39m=[32m"none"[39m
                  [33mheight[39m=[32m"18"[39m
                  [33mstroke[39m=[32m"currentColor"[39m
                  [33mstroke-linecap[39m=[32m"round"[39m
                  [33mstroke-linejoin[39m=[32m"round"[39m
                  [33mstroke-width[39m=[32m"2"[39m
                  [33mviewBox[39m=[32m"0 0 24 24"[39m
                  [33mwidth[39m=[32m"18"[39m
                  [33mxmlns[39m=[32m"http://www.w3.org/2000/svg"[39m
                [36m>[39m
                  [36m<path[39m
                    [33md[39m=[32m"M10.268 21a2 2 0 0 0 3.464 0"[39m
                  [36m/>[39m
                  [36m<path[39m
                    [33md[39m=[32m"M3.262 15.326A1 1 0 0 0 4 17h16a1 1 0 0 0 .74-1.673C19.41 13.956 18 12.499 18 8A6 6 0 0 0 6 8c0 4.499-1.411 5.956-2.738 7.326"[39m
                  [36m/>[39m
                [36m</svg>[39m
              [36m</button>[39m
            [36m</div>[39m
          [36m</div>[39m
          [36m<div[39m
            [33mclass[39m=[32m"profile-avatar-container"[39m
          [36m>[39m
            [36m<div[39m
              [33mclass[39m=[32m"profile-avatar"[39m
              [33mstyle[39m=[32m"cursor: pointer;"[39m
            [36m>[39m
              [36m<img[39m
                [33malt[39m=[32m"User avatar"[39m
                [33msrc[39m=[32m"https://api.dicebear.com/7.x/avataaars/svg?seed=Arjun"[39m
                [33mstyle[39m=[32m"width: 100%; height: 100%; object-fit: cover; border-radius: 50%;"[39m
              [36m/>[39m
            [36m</div>[39m
          [36m</div>[39m
        [36m</div>[39m
      [36m</header>[39m
      [36m<div[39m
        [33mclass[39m=[32m"db-top-grid"[39m
      [36m>[39m
        [36m<div[39m
          [33mclass[39m=[32m"db-hero"[39m
        [36m>[39m
          [36m<span[39m
            [33mclass[39m=[32m"db-hero-badge"[39m
          [36m>[39m
            [0mΓåÆ CONTINUE LEARNING[0m
          [36m</span>[39m
          [36m<h2[39m
            [33mclass[39m=[32m"db-hero-title"[39m
          [36m>[39m
            [0mCommon Phrases[0m
          [36m</h2>[39m
          [36m<p[39m
            [33mclass[39m=[32m"db-hero-hindi"[39m
          [36m>[39m
            [0mαñåαñ« αñ╡αñ╛αñòαÑìαñ»αñ╛αñéαñ╢[0m
          [36m</p>[39m
          [36m<p[39m
            [33mclass[39m=[32m"db-hero-desc"[39m
          [36m>[39m
            [0mMaster 10 essential greetings for daily conversation[0m
          [36m</p>[39m
          [36m<button[39m
            [33mclass[39m=[32m"db-start-btn"[39m
          [36m>[39m
            [36m<svg[39m
              [33maria-hidden[39m=[32m"true"[39m
              [33mclass[39m=[32m"lucide lucide-circle-play"[39m
              [33mfill[39m=[32m"none"[39m
              [33mheight[39m=[32m"18"[39m
              [33mstroke[39m=[32m"currentColor"[39m
              [33mstroke-linecap[39m=[32m"round"[39m
              [33mstroke-linejoin[39m=[32m"round"[39m
              [33mstroke-width[39m=[32m"2"[39m
              [33mviewBox[39m=[32m"0 0 24 24"[39m
              [33mwidth[39m=[32m"18"[39m
              [33mxmlns[39m=[32m"http://www.w3.org/2000/svg"[39m
            [36m>[39m
              [36m<path[39m
                [33md[39m=[32m"M9 9.003a1 1 0 0 1 1.517-.859l4.997 2.997a1 1 0 0 1 0 1.718l-4.997 2.997A1 1 0 0 1 9 14.996z"[39m
              [36m/>[39m
              [36m<circle[39m
                [33mcx[39m=[32m"12"[39m
                [33mcy[39m=[32m"12"[39m
                [33mr[39m=[32m"10"[39m
              [36m/>[39m
            [36m</svg>[39m
            [0m START NOW[0m
          [36m</button>[39m
        [36m</div>[39m
        [36m<div[39m
          [33mclass[39m=[32m"db-right-col"[39m
        [36m>[39m
          [36m<div[39m
            [33mclass[39m=[32m"db-goal-card"[39m
          [36m>[39m
            [36m<div[39m
              [33mclass[39m=[32m"db-card-row"[39m
            [36m>[39m
              [36m<span[39m
                [33mclass[39m=[32m"db-label"[39m
              [36m>[39m
                [0mDaily Goal[0m
              [36m</span>[39m
            [36m</div>[39m
            [36m<div[39m
              [33mclass[39m=[32m"db-goal-body"[39m
            [36m>[39m
              [36m<div[39m
                [33mclass[39m=[3...
 Γ£ô src/tests/ChatBot.test.jsx > ChatBot Component Tests > Header Tests > Should render Hindi Learning Assistant status text in header 23ms
 Γ£ô src/tests/ChatBot.test.jsx > ChatBot Component Tests > Header Tests > Should render chatbot-header container 13ms
 Γ£ô src/tests/ChatBot.test.jsx > ChatBot Component Tests > Header Tests > Should render chatbot-avatar container 16ms
 Γ£ô src/tests/ChatBot.test.jsx > ChatBot Component Tests > Initial Greeting Message Tests > Should show greeting message on load 12ms
 Γ£ô src/tests/ChatBot.test.jsx > ChatBot Component Tests > Initial Greeting Message Tests > Should show full greeting content 15ms
 Γ£ô src/tests/ChatBot.test.jsx > ChatBot Component Tests > Initial Greeting Message Tests > Greeting should be rendered as a bot message 21ms
 Γ£ô src/tests/ChatBot.test.jsx > ChatBot Component Tests > Initial Greeting Message Tests > Should render message bubble for greeting 10ms
 Γ£ô src/tests/ChatBot.test.jsx > ChatBot Component Tests > Input Field Tests > Should render the input field 11ms
 Γ£ô src/tests/Sidebar.test.jsx > Sidebar Component Tests > Accessibility Tests > Should have title attributes for all nav items 13ms
 Γ£ô src/tests/Sidebar.test.jsx > Sidebar Component Tests > Accessibility Tests > Should have semantic nav element 38ms
 Γ£ô src/tests/Sidebar.test.jsx > Sidebar Component Tests > Accessibility Tests > Should have aside element for sidebar 18ms
 Γ£ô src/tests/Sidebar.test.jsx > Sidebar Component Tests > Accessibility Tests > Should have alt text for logo image 12ms
 Γ£ô src/tests/Lessons.test.jsx > Lessons Page Component Tests > Rendering Tests > Should render lessons for a chapter 201ms
 Γ£ô src/tests/LearningReport.test.jsx > LearningReport Component Tests > Toggle / Tab Tests > Overall Mastery button should have active class after click 201ms
 Γ£ô src/tests/Community.test.jsx > Community Page ΓÇô Friend Requests Tests > Should include currentEmail in the accept request body 117ms
 Γ£ô src/tests/AccessibilityWidget.test.jsx > AccessibilityWidget Component Tests > Font Size Tests > Should call updatePreferences with small for first font button 237ms
 Γ£ô src/tests/Signup.test.jsx > Signup Component Tests > Should allow user to fill in all form fields 1414ms
 Γ£ô src/tests/Login.test.jsx > Login Component Tests > Should allow user to type in password field 443ms
 Γ£ô src/tests/Sidebar.test.jsx > Sidebar Component Tests > Accessibility Tests > Should have clickable buttons for navigation 112ms
 Γ£ô src/tests/Sidebar.test.jsx > Sidebar Component Tests > Structure Tests > Should have logo section at top 31ms
 Γ£ô src/tests/Sidebar.test.jsx > Sidebar Component Tests > Structure Tests > Should have navigation section in middle 20ms
 Γ£ô src/tests/Sidebar.test.jsx > Sidebar Component Tests > Structure Tests > Should have footer section at bottom 12ms
 Γ£ô src/tests/Sidebar.test.jsx > Sidebar Component Tests > Structure Tests > Should have Settings and Logout in footer 13ms
 Γ£ô src/tests/Sidebar.test.jsx > Sidebar Component Tests > Structure Tests > Should have main nav items in side-nav 19ms
 Γ£ô src/tests/Settings.test.jsx > Settings Component Tests > Should toggle reduce motion on 281ms
 Γ£ô src/tests/Leaderboard.test.jsx > Leaderboard ΓÇô Error State > Should retry the API call when "Try Again" is clicked 225ms
 Γ£ô src/tests/Community.test.jsx > Community Page ΓÇô Friend Requests Tests > Should call the reject API with correct targetId 113ms
 Γ£ô src/tests/ChatBot.test.jsx > ChatBot Component Tests > Input Field Tests > Should have correct placeholder 31ms
 Γ£ô src/tests/UserProfile.test.jsx > UserProfile ΓÇô Header & Profile Card Rendering > Should navigate to /community when back button is clicked 170ms
 Γ£ô src/tests/UserProfile.test.jsx > UserProfile ΓÇô Header & Profile Card Rendering > Should render the user's full name 41ms
 Γ£ô src/tests/UserProfile.test.jsx > UserProfile ΓÇô Header & Profile Card Rendering > Should render the username with @ prefix 35ms
 Γ£ô src/tests/AccessibilityWidget.test.jsx > AccessibilityWidget Component Tests > Font Size Tests > Should call updatePreferences with medium for second font button 153ms
 Γ£ô src/tests/Signup.test.jsx > Signup Component Tests > Should toggle password visibility 172ms
 Γ£ô src/tests/Leaderboard.test.jsx > Leaderboard ΓÇô Error State > Should clear error after successful retry 152ms
 Γ£ô src/tests/Leaderboard.test.jsx > Leaderboard ΓÇô Empty State > Should show "No players yet!" when leaderboard is empty 22ms
 Γ£ô src/tests/ResetPassword.test.jsx > ResetPassword Component Tests > Should allow user to type in confirm password field 483ms
 Γ£ô src/tests/Community.test.jsx > Community Page ΓÇô Friend Requests Tests > Should navigate to requester profile when their name is clicked 108ms
 Γ£ô src/tests/Community.test.jsx > Community Page ΓÇô Friend Requests Tests > Should render the friend-requests-section div 16ms
 Γ£ô src/tests/Community.test.jsx > Community Page ΓÇô Friend Requests Tests > Should render the requests-grid div 15ms
 Γ£ô src/tests/Community.test.jsx > Community Page ΓÇô Friend Requests Tests > Should render request-card div for each request 15ms
 Γ£ô src/tests/Community.test.jsx > Community Page ΓÇô Friend Requests Tests > Should render user avatar in request card 23ms
 Γ£ô src/tests/UserProfile.test.jsx > UserProfile ΓÇô Header & Profile Card Rendering > Should render the bio when it is present 48ms
 Γ£ô src/tests/UserProfile.test.jsx > UserProfile ΓÇô Header & Profile Card Rendering > Should NOT render bio section when bio is absent 53ms
 Γ£ô src/tests/Login.test.jsx > Login Component Tests > Should toggle password visibility when eye icon clicked 184ms
 Γ£ô src/tests/Settings.test.jsx > Settings Component Tests > Should change font size to small 233ms
 ├ù src/tests/Dashboard.test.jsx > Dashboard Component Tests > Should display "Learner" when no email or username 134ms
   ΓåÆ Found multiple elements with the text: (content, element) => element.textContent.includes("Learner")

Here are the matching elements:

Ignored nodes: comments, script, style
[36m<body>[39m
  [36m<div>[39m
    [36m<div[39m
      [33mclass[39m=[32m"main-content db-root"[39m
    [36m>[39m
      [36m<header[39m
        [33mclass[39m=[32m"db-header"[39m
      [36m>[39m
        [36m<div>[39m
          [36m<div[39m
            [33mclass[39m=[32m"db-namaste"[39m
          [36m>[39m
            [0mαñ¿αñ«αñ╕αÑìαññαÑç,[0m
          [36m</div>[39m
          [36m<h1[39m
            [33mclass[39m=[32m"db-name"[39m
          [36m>[39m
            [0mLearner[0m
            [0m ≡ƒæï[0m
          [36m</h1>[39m
          [36m<p[39m
            [33mclass[39m=[32m"db-subtitle"[39m
          [36m>[39m
            [0mReady to continue your Hindi journey?[0m
          [36m</p>[39m
        [36m</div>[39m
        [36m<div[39m
          [33mclass[39m=[32m"db-header-right"[39m
        [36m>[39m
          [36m<div[39m
            [33mclass[39m=[32m"db-streak"[39m
          [36m>[39m
            [36m<svg[39m
              [33maria-hidden[39m=[32m"true"[39m
              [33mclass[39m=[32m"lucide lucide-flame"[39m
              [33mfill[39m=[32m"currentColor"[39m
              [33mheight[39m=[32m"15"[39m
              [33mstroke[39m=[32m"currentColor"[39m
              [33mstroke-linecap[39m=[32m"round"[39m
              [33mstroke-linejoin[39m=[32m"round"[39m
              [33mstroke-width[39m=[32m"2"[39m
              [33mviewBox[39m=[32m"0 0 24 24"[39m
              [33mwidth[39m=[32m"15"[39m
              [33mxmlns[39m=[32m"http://www.w3.org/2000/svg"[39m
            [36m>[39m
              [36m<path[39m
                [33md[39m=[32m"M12 3q1 4 4 6.5t3 5.5a1 1 0 0 1-14 0 5 5 0 0 1 1-3 1 1 0 0 0 5 0c0-2-1.5-3-1.5-5q0-2 2.5-4"[39m
              [36m/>[39m
            [36m</svg>[39m
            [0m1[0m
            [0m Day[0m
            [0m Streak[0m
          [36m</div>[39m
          [36m<div[39m
            [33mclass[39m=[32m"notification-container"[39m
          [36m>[39m
            [36m<div[39m
              [33mclass[39m=[32m"_nb"[39m
            [36m>[39m
              [36m<button[39m
                [33maria-label[39m=[32m"Notifications"[39m
                [33mclass[39m=[32m"db-icon-btn"[39m
              [36m>[39m
                [36m<svg[39m
                  [33maria-hidden[39m=[32m"true"[39m
                  [33mclass[39m=[32m"lucide lucide-bell"[39m
                  [33mfill[39m=[32m"none"[39m
                  [33mheight[39m=[32m"18"[39m
                  [33mstroke[39m=[32m"currentColor"[39m
                  [33mstroke-linecap[39m=[32m"round"[39m
                  [33mstroke-linejoin[39m=[32m"round"[39m
                  [33mstroke-width[39m=[32m"2"[39m
                  [33mviewBox[39m=[32m"0 0 24 24"[39m
                  [33mwidth[39m=[32m"18"[39m
                  [33mxmlns[39m=[32m"http://www.w3.org/2000/svg"[39m
                [36m>[39m
                  [36m<path[39m
                    [33md[39m=[32m"M10.268 21a2 2 0 0 0 3.464 0"[39m
                  [36m/>[39m
                  [36m<path[39m
                    [33md[39m=[32m"M3.262 15.326A1 1 0 0 0 4 17h16a1 1 0 0 0 .74-1.673C19.41 13.956 18 12.499 18 8A6 6 0 0 0 6 8c0 4.499-1.411 5.956-2.738 7.326"[39m
                  [36m/>[39m
                [36m</svg>[39m
              [36m</button>[39m
            [36m</div>[39m
          [36m</div>[39m
          [36m<div[39m
            [33mclass[39m=[32m"profile-avatar-container"[39m
          [36m>[39m
            [36m<div[39m
              [33mclass[39m=[32m"profile-avatar"[39m
              [33mstyle[39m=[32m"cursor: pointer;"[39m
            [36m>[39m
              [36m<img[39m
                [33malt[39m=[32m"User avatar"[39m
                [33msrc[39m=[32m"https://api.dicebear.com/7.x/avataaars/svg?seed=Learner"[39m
                [33mstyle[39m=[32m"width: 100%; height: 100%; object-fit: cover; border-radius: 50%;"[39m
              [36m/>[39m
            [36m</div>[39m
          [36m</div>[39m
        [36m</div>[39m
      [36m</header>[39m
      [36m<div[39m
        [33mclass[39m=[32m"db-top-grid"[39m
      [36m>[39m
        [36m<div[39m
          [33mclass[39m=[32m"db-hero"[39m
        [36m>[39m
          [36m<span[39m
            [33mclass[39m=[32m"db-hero-badge"[39m
          [36m>[39m
            [0mΓåÆ CONTINUE LEARNING[0m
          [36m</span>[39m
          [36m<h2[39m
            [33mclass[39m=[32m"db-hero-title"[39m
          [36m>[39m
            [0mCommon Phrases[0m
          [36m</h2>[39m
          [36m<p[39m
            [33mclass[39m=[32m"db-hero-hindi"[39m
          [36m>[39m
            [0mαñåαñ« αñ╡αñ╛αñòαÑìαñ»αñ╛αñéαñ╢[0m
          [36m</p>[39m
          [36m<p[39m
            [33mclass[39m=[32m"db-hero-desc"[39m
          [36m>[39m
            [0mMaster 10 essential greetings for daily conversation[0m
          [36m</p>[39m
          [36m<button[39m
            [33mclass[39m=[32m"db-start-btn"[39m
          [36m>[39m
            [36m<svg[39m
              [33maria-hidden[39m=[32m"true"[39m
              [33mclass[39m=[32m"lucide lucide-circle-play"[39m
              [33mfill[39m=[32m"none"[39m
              [33mheight[39m=[32m"18"[39m
              [33mstroke[39m=[32m"currentColor"[39m
              [33mstroke-linecap[39m=[32m"round"[39m
              [33mstroke-linejoin[39m=[32m"round"[39m
              [33mstroke-width[39m=[32m"2"[39m
              [33mviewBox[39m=[32m"0 0 24 24"[39m
              [33mwidth[39m=[32m"18"[39m
              [33mxmlns[39m=[32m"http://www.w3.org/2000/svg"[39m
            [36m>[39m
              [36m<path[39m
                [33md[39m=[32m"M9 9.003a1 1 0 0 1 1.517-.859l4.997 2.997a1 1 0 0 1 0 1.718l-4.997 2.997A1 1 0 0 1 9 14.996z"[39m
              [36m/>[39m
              [36m<circle[39m
                [33mcx[39m=[32m"12"[39m
                [33mcy[39m=[32m"12"[39m
                [33mr[39m=[32m"10"[39m
              [36m/>[39m
            [36m</svg>[39m
            [0m START NOW[0m
          [36m</button>[39m
        [36m</div>[39m
        [36m<div[39m
          [33mclass[39m=[32m"db-right-col"[39m
        [36m>[39m
          [36m<div[39m
            [33mclass[39m=[32m"db-goal-card"[39m
          [36m>[39m
            [36m<div[39m
              [33mclass[39m=[32m"db-card-row"[39m
            [36m>[39m
              [36m<span[39m
                [33mclass[39m=[32m"db-label"[39m
              [36m>[39m
                [0mDaily Goal[0m
              [36m</span>[39m
            [36m</div>[39m
            [36m<div[39m
              [33mclass[39m=[32m"db-goal-body"[39m
            [36m>[39m
              [36m<div[39m
                [33mclass[39m...

Ignored nodes: comments, script, style
[36m<div>[39m
  [36m<div[39m
    [33mclass[39m=[32m"main-content db-root"[39m
  [36m>[39m
    [36m<header[39m
      [33mclass[39m=[32m"db-header"[39m
    [36m>[39m
      [36m<div>[39m
        [36m<div[39m
          [33mclass[39m=[32m"db-namaste"[39m
        [36m>[39m
          [0mαñ¿αñ«αñ╕αÑìαññαÑç,[0m
        [36m</div>[39m
        [36m<h1[39m
          [33mclass[39m=[32m"db-name"[39m
        [36m>[39m
          [0mLearner[0m
          [0m ≡ƒæï[0m
        [36m</h1>[39m
        [36m<p[39m
          [33mclass[39m=[32m"db-subtitle"[39m
        [36m>[39m
          [0mReady to continue your Hindi journey?[0m
        [36m</p>[39m
      [36m</div>[39m
      [36m<div[39m
        [33mclass[39m=[32m"db-header-right"[39m
      [36m>[39m
        [36m<div[39m
          [33mclass[39m=[32m"db-streak"[39m
        [36m>[39m
          [36m<svg[39m
            [33maria-hidden[39m=[32m"true"[39m
            [33mclass[39m=[32m"lucide lucide-flame"[39m
            [33mfill[39m=[32m"currentColor"[39m
            [33mheight[39m=[32m"15"[39m
            [33mstroke[39m=[32m"currentColor"[39m
            [33mstroke-linecap[39m=[32m"round"[39m
            [33mstroke-linejoin[39m=[32m"round"[39m
            [33mstroke-width[39m=[32m"2"[39m
            [33mviewBox[39m=[32m"0 0 24 24"[39m
            [33mwidth[39m=[32m"15"[39m
            [33mxmlns[39m=[32m"http://www.w3.org/2000/svg"[39m
          [36m>[39m
            [36m<path[39m
              [33md[39m=[32m"M12 3q1 4 4 6.5t3 5.5a1 1 0 0 1-14 0 5 5 0 0 1 1-3 1 1 0 0 0 5 0c0-2-1.5-3-1.5-5q0-2 2.5-4"[39m
            [36m/>[39m
          [36m</svg>[39m
          [0m1[0m
          [0m Day[0m
          [0m Streak[0m
        [36m</div>[39m
        [36m<div[39m
          [33mclass[39m=[32m"notification-container"[39m
        [36m>[39m
          [36m<div[39m
            [33mclass[39m=[32m"_nb"[39m
          [36m>[39m
            [36m<button[39m
              [33maria-label[39m=[32m"Notifications"[39m
              [33mclass[39m=[32m"db-icon-btn"[39m
            [36m>[39m
              [36m<svg[39m
                [33maria-hidden[39m=[32m"true"[39m
                [33mclass[39m=[32m"lucide lucide-bell"[39m
                [33mfill[39m=[32m"none"[39m
                [33mheight[39m=[32m"18"[39m
                [33mstroke[39m=[32m"currentColor"[39m
                [33mstroke-linecap[39m=[32m"round"[39m
                [33mstroke-linejoin[39m=[32m"round"[39m
                [33mstroke-width[39m=[32m"2"[39m
                [33mviewBox[39m=[32m"0 0 24 24"[39m
                [33mwidth[39m=[32m"18"[39m
                [33mxmlns[39m=[32m"http://www.w3.org/2000/svg"[39m
              [36m>[39m
                [36m<path[39m
                  [33md[39m=[32m"M10.268 21a2 2 0 0 0 3.464 0"[39m
                [36m/>[39m
                [36m<path[39m
                  [33md[39m=[32m"M3.262 15.326A1 1 0 0 0 4 17h16a1 1 0 0 0 .74-1.673C19.41 13.956 18 12.499 18 8A6 6 0 0 0 6 8c0 4.499-1.411 5.956-2.738 7.326"[39m
                [36m/>[39m
              [36m</svg>[39m
            [36m</button>[39m
          [36m</div>[39m
        [36m</div>[39m
        [36m<div[39m
          [33mclass[39m=[32m"profile-avatar-container"[39m
        [36m>[39m
          [36m<div[39m
            [33mclass[39m=[32m"profile-avatar"[39m
            [33mstyle[39m=[32m"cursor: pointer;"[39m
          [36m>[39m
            [36m<img[39m
              [33malt[39m=[32m"User avatar"[39m
              [33msrc[39m=[32m"https://api.dicebear.com/7.x/avataaars/svg?seed=Learner"[39m
              [33mstyle[39m=[32m"width: 100%; height: 100%; object-fit: cover; border-radius: 50%;"[39m
            [36m/>[39m
          [36m</div>[39m
        [36m</div>[39m
      [36m</div>[39m
    [36m</header>[39m
    [36m<div[39m
      [33mclass[39m=[32m"db-top-grid"[39m
    [36m>[39m
      [36m<div[39m
        [33mclass[39m=[32m"db-hero"[39m
      [36m>[39m
        [36m<span[39m
          [33mclass[39m=[32m"db-hero-badge"[39m
        [36m>[39m
          [0mΓåÆ CONTINUE LEARNING[0m
        [36m</span>[39m
        [36m<h2[39m
          [33mclass[39m=[32m"db-hero-title"[39m
        [36m>[39m
          [0mCommon Phrases[0m
        [36m</h2>[39m
        [36m<p[39m
          [33mclass[39m=[32m"db-hero-hindi"[39m
        [36m>[39m
          [0mαñåαñ« αñ╡αñ╛αñòαÑìαñ»αñ╛αñéαñ╢[0m
        [36m</p>[39m
        [36m<p[39m
          [33mclass[39m=[32m"db-hero-desc"[39m
        [36m>[39m
          [0mMaster 10 essential greetings for daily conversation[0m
        [36m</p>[39m
        [36m<button[39m
          [33mclass[39m=[32m"db-start-btn"[39m
        [36m>[39m
          [36m<svg[39m
            [33maria-hidden[39m=[32m"true"[39m
            [33mclass[39m=[32m"lucide lucide-circle-play"[39m
            [33mfill[39m=[32m"none"[39m
            [33mheight[39m=[32m"18"[39m
            [33mstroke[39m=[32m"currentColor"[39m
            [33mstroke-linecap[39m=[32m"round"[39m
            [33mstroke-linejoin[39m=[32m"round"[39m
            [33mstroke-width[39m=[32m"2"[39m
            [33mviewBox[39m=[32m"0 0 24 24"[39m
            [33mwidth[39m=[32m"18"[39m
            [33mxmlns[39m=[32m"http://www.w3.org/2000/svg"[39m
          [36m>[39m
            [36m<path[39m
              [33md[39m=[32m"M9 9.003a1 1 0 0 1 1.517-.859l4.997 2.997a1 1 0 0 1 0 1.718l-4.997 2.997A1 1 0 0 1 9 14.996z"[39m
            [36m/>[39m
            [36m<circle[39m
              [33mcx[39m=[32m"12"[39m
              [33mcy[39m=[32m"12"[39m
              [33mr[39m=[32m"10"[39m
            [36m/>[39m
          [36m</svg>[39m
          [0m START NOW[0m
        [36m</button>[39m
      [36m</div>[39m
      [36m<div[39m
        [33mclass[39m=[32m"db-right-col"[39m
      [36m>[39m
        [36m<div[39m
          [33mclass[39m=[32m"db-goal-card"[39m
        [36m>[39m
          [36m<div[39m
            [33mclass[39m=[32m"db-card-row"[39m
          [36m>[39m
            [36m<span[39m
              [33mclass[39m=[32m"db-label"[39m
            [36m>[39m
              [0mDaily Goal[0m
            [36m</span>[39m
          [36m</div>[39m
          [36m<div[39m
            [33mclass[39m=[32m"db-goal-body"[39m
          [36m>[39m
            [36m<div[39m
              [33mclass[39m=[32m"progress-ring"[39m
            [36m>[39m
              [36m<svg[39m
                [33mheight[39m=[32m"72"[39m
                [33mwidth[39m=[32m"72"[39m
              [36m>[39m
                [36m<circle[39m
                  [33mclass[39m=[32m"ring-bg"[39m
                  [33mcx[39m=[32m"36"[39m
                  [33mcy[39m=...

Ignored nodes: comments, script, style
[36m<div[39m
  [33mclass[39m=[32m"main-content db-root"[39m
[36m>[39m
  [36m<header[39m
    [33mclass[39m=[32m"db-header"[39m
  [36m>[39m
    [36m<div>[39m
      [36m<div[39m
        [33mclass[39m=[32m"db-namaste"[39m
      [36m>[39m
        [0mαñ¿αñ«αñ╕αÑìαññαÑç,[0m
      [36m</div>[39m
      [36m<h1[39m
        [33mclass[39m=[32m"db-name"[39m
      [36m>[39m
        [0mLearner[0m
        [0m ≡ƒæï[0m
      [36m</h1>[39m
      [36m<p[39m
        [33mclass[39m=[32m"db-subtitle"[39m
      [36m>[39m
        [0mReady to continue your Hindi journey?[0m
      [36m</p>[39m
    [36m</div>[39m
    [36m<div[39m
      [33mclass[39m=[32m"db-header-right"[39m
    [36m>[39m
      [36m<div[39m
        [33mclass[39m=[32m"db-streak"[39m
      [36m>[39m
        [36m<svg[39m
          [33maria-hidden[39m=[32m"true"[39m
          [33mclass[39m=[32m"lucide lucide-flame"[39m
          [33mfill[39m=[32m"currentColor"[39m
          [33mheight[39m=[32m"15"[39m
          [33mstroke[39m=[32m"currentColor"[39m
          [33mstroke-linecap[39m=[32m"round"[39m
          [33mstroke-linejoin[39m=[32m"round"[39m
          [33mstroke-width[39m=[32m"2"[39m
          [33mviewBox[39m=[32m"0 0 24 24"[39m
          [33mwidth[39m=[32m"15"[39m
          [33mxmlns[39m=[32m"http://www.w3.org/2000/svg"[39m
        [36m>[39m
          [36m<path[39m
            [33md[39m=[32m"M12 3q1 4 4 6.5t3 5.5a1 1 0 0 1-14 0 5 5 0 0 1 1-3 1 1 0 0 0 5 0c0-2-1.5-3-1.5-5q0-2 2.5-4"[39m
          [36m/>[39m
        [36m</svg>[39m
        [0m1[0m
        [0m Day[0m
        [0m Streak[0m
      [36m</div>[39m
      [36m<div[39m
        [33mclass[39m=[32m"notification-container"[39m
      [36m>[39m
        [36m<div[39m
          [33mclass[39m=[32m"_nb"[39m
        [36m>[39m
          [36m<button[39m
            [33maria-label[39m=[32m"Notifications"[39m
            [33mclass[39m=[32m"db-icon-btn"[39m
          [36m>[39m
            [36m<svg[39m
              [33maria-hidden[39m=[32m"true"[39m
              [33mclass[39m=[32m"lucide lucide-bell"[39m
              [33mfill[39m=[32m"none"[39m
              [33mheight[39m=[32m"18"[39m
              [33mstroke[39m=[32m"currentColor"[39m
              [33mstroke-linecap[39m=[32m"round"[39m
              [33mstroke-linejoin[39m=[32m"round"[39m
              [33mstroke-width[39m=[32m"2"[39m
              [33mviewBox[39m=[32m"0 0 24 24"[39m
              [33mwidth[39m=[32m"18"[39m
              [33mxmlns[39m=[32m"http://www.w3.org/2000/svg"[39m
            [36m>[39m
              [36m<path[39m
                [33md[39m=[32m"M10.268 21a2 2 0 0 0 3.464 0"[39m
              [36m/>[39m
              [36m<path[39m
                [33md[39m=[32m"M3.262 15.326A1 1 0 0 0 4 17h16a1 1 0 0 0 .74-1.673C19.41 13.956 18 12.499 18 8A6 6 0 0 0 6 8c0 4.499-1.411 5.956-2.738 7.326"[39m
              [36m/>[39m
            [36m</svg>[39m
          [36m</button>[39m
        [36m</div>[39m
      [36m</div>[39m
      [36m<div[39m
        [33mclass[39m=[32m"profile-avatar-container"[39m
      [36m>[39m
        [36m<div[39m
          [33mclass[39m=[32m"profile-avatar"[39m
          [33mstyle[39m=[32m"cursor: pointer;"[39m
        [36m>[39m
          [36m<img[39m
            [33malt[39m=[32m"User avatar"[39m
            [33msrc[39m=[32m"https://api.dicebear.com/7.x/avataaars/svg?seed=Learner"[39m
            [33mstyle[39m=[32m"width: 100%; height: 100%; object-fit: cover; border-radius: 50%;"[39m
          [36m/>[39m
        [36m</div>[39m
      [36m</div>[39m
    [36m</div>[39m
  [36m</header>[39m
  [36m<div[39m
    [33mclass[39m=[32m"db-top-grid"[39m
  [36m>[39m
    [36m<div[39m
      [33mclass[39m=[32m"db-hero"[39m
    [36m>[39m
      [36m<span[39m
        [33mclass[39m=[32m"db-hero-badge"[39m
      [36m>[39m
        [0mΓåÆ CONTINUE LEARNING[0m
      [36m</span>[39m
      [36m<h2[39m
        [33mclass[39m=[32m"db-hero-title"[39m
      [36m>[39m
        [0mCommon Phrases[0m
      [36m</h2>[39m
      [36m<p[39m
        [33mclass[39m=[32m"db-hero-hindi"[39m
      [36m>[39m
        [0mαñåαñ« αñ╡αñ╛αñòαÑìαñ»αñ╛αñéαñ╢[0m
      [36m</p>[39m
      [36m<p[39m
        [33mclass[39m=[32m"db-hero-desc"[39m
      [36m>[39m
        [0mMaster 10 essential greetings for daily conversation[0m
      [36m</p>[39m
      [36m<button[39m
        [33mclass[39m=[32m"db-start-btn"[39m
      [36m>[39m
        [36m<svg[39m
          [33maria-hidden[39m=[32m"true"[39m
          [33mclass[39m=[32m"lucide lucide-circle-play"[39m
          [33mfill[39m=[32m"none"[39m
          [33mheight[39m=[32m"18"[39m
          [33mstroke[39m=[32m"currentColor"[39m
          [33mstroke-linecap[39m=[32m"round"[39m
          [33mstroke-linejoin[39m=[32m"round"[39m
          [33mstroke-width[39m=[32m"2"[39m
          [33mviewBox[39m=[32m"0 0 24 24"[39m
          [33mwidth[39m=[32m"18"[39m
          [33mxmlns[39m=[32m"http://www.w3.org/2000/svg"[39m
        [36m>[39m
          [36m<path[39m
            [33md[39m=[32m"M9 9.003a1 1 0 0 1 1.517-.859l4.997 2.997a1 1 0 0 1 0 1.718l-4.997 2.997A1 1 0 0 1 9 14.996z"[39m
          [36m/>[39m
          [36m<circle[39m
            [33mcx[39m=[32m"12"[39m
            [33mcy[39m=[32m"12"[39m
            [33mr[39m=[32m"10"[39m
          [36m/>[39m
        [36m</svg>[39m
        [0m START NOW[0m
      [36m</button>[39m
    [36m</div>[39m
    [36m<div[39m
      [33mclass[39m=[32m"db-right-col"[39m
    [36m>[39m
      [36m<div[39m
        [33mclass[39m=[32m"db-goal-card"[39m
      [36m>[39m
        [36m<div[39m
          [33mclass[39m=[32m"db-card-row"[39m
        [36m>[39m
          [36m<span[39m
            [33mclass[39m=[32m"db-label"[39m
          [36m>[39m
            [0mDaily Goal[0m
          [36m</span>[39m
        [36m</div>[39m
        [36m<div[39m
          [33mclass[39m=[32m"db-goal-body"[39m
        [36m>[39m
          [36m<div[39m
            [33mclass[39m=[32m"progress-ring"[39m
          [36m>[39m
            [36m<svg[39m
              [33mheight[39m=[32m"72"[39m
              [33mwidth[39m=[32m"72"[39m
            [36m>[39m
              [36m<circle[39m
                [33mclass[39m=[32m"ring-bg"[39m
                [33mcx[39m=[32m"36"[39m
                [33mcy[39m=[32m"36"[39m
                [33mr[39m=[32m"30"[39m
              [36m/>[39m
              [36m<circle[39m
                [33mclass[39m=[32m"ring-fill"[39m
                [33mcx[39m=[32m"36"[39m
                [33mcy[39m=[32m"36"[39m
                [33mr[39m=[32m"30"[39m
                [33mstyle[39m=[32m"stroke-dasharray: 188; stroke-dashoffset: 7...

Ignored nodes: comments, script, style
[36m<header[39m
  [33mclass[39m=[32m"db-header"[39m
[36m>[39m
  [36m<div>[39m
    [36m<div[39m
      [33mclass[39m=[32m"db-namaste"[39m
    [36m>[39m
      [0mαñ¿αñ«αñ╕αÑìαññαÑç,[0m
    [36m</div>[39m
    [36m<h1[39m
      [33mclass[39m=[32m"db-name"[39m
    [36m>[39m
      [0mLearner[0m
      [0m ≡ƒæï[0m
    [36m</h1>[39m
    [36m<p[39m
      [33mclass[39m=[32m"db-subtitle"[39m
    [36m>[39m
      [0mReady to continue your Hindi journey?[0m
    [36m</p>[39m
  [36m</div>[39m
  [36m<div[39m
    [33mclass[39m=[32m"db-header-right"[39m
  [36m>[39m
    [36m<div[39m
      [33mclass[39m=[32m"db-streak"[39m
    [36m>[39m
      [36m<svg[39m
        [33maria-hidden[39m=[32m"true"[39m
        [33mclass[39m=[32m"lucide lucide-flame"[39m
        [33mfill[39m=[32m"currentColor"[39m
        [33mheight[39m=[32m"15"[39m
        [33mstroke[39m=[32m"currentColor"[39m
        [33mstroke-linecap[39m=[32m"round"[39m
        [33mstroke-linejoin[39m=[32m"round"[39m
        [33mstroke-width[39m=[32m"2"[39m
        [33mviewBox[39m=[32m"0 0 24 24"[39m
        [33mwidth[39m=[32m"15"[39m
        [33mxmlns[39m=[32m"http://www.w3.org/2000/svg"[39m
      [36m>[39m
        [36m<path[39m
          [33md[39m=[32m"M12 3q1 4 4 6.5t3 5.5a1 1 0 0 1-14 0 5 5 0 0 1 1-3 1 1 0 0 0 5 0c0-2-1.5-3-1.5-5q0-2 2.5-4"[39m
        [36m/>[39m
      [36m</svg>[39m
      [0m1[0m
      [0m Day[0m
      [0m Streak[0m
    [36m</div>[39m
    [36m<div[39m
      [33mclass[39m=[32m"notification-container"[39m
    [36m>[39m
      [36m<div[39m
        [33mclass[39m=[32m"_nb"[39m
      [36m>[39m
        [36m<button[39m
          [33maria-label[39m=[32m"Notifications"[39m
          [33mclass[39m=[32m"db-icon-btn"[39m
        [36m>[39m
          [36m<svg[39m
            [33maria-hidden[39m=[32m"true"[39m
            [33mclass[39m=[32m"lucide lucide-bell"[39m
            [33mfill[39m=[32m"none"[39m
            [33mheight[39m=[32m"18"[39m
            [33mstroke[39m=[32m"currentColor"[39m
            [33mstroke-linecap[39m=[32m"round"[39m
            [33mstroke-linejoin[39m=[32m"round"[39m
            [33mstroke-width[39m=[32m"2"[39m
            [33mviewBox[39m=[32m"0 0 24 24"[39m
            [33mwidth[39m=[32m"18"[39m
            [33mxmlns[39m=[32m"http://www.w3.org/2000/svg"[39m
          [36m>[39m
            [36m<path[39m
              [33md[39m=[32m"M10.268 21a2 2 0 0 0 3.464 0"[39m
            [36m/>[39m
            [36m<path[39m
              [33md[39m=[32m"M3.262 15.326A1 1 0 0 0 4 17h16a1 1 0 0 0 .74-1.673C19.41 13.956 18 12.499 18 8A6 6 0 0 0 6 8c0 4.499-1.411 5.956-2.738 7.326"[39m
            [36m/>[39m
          [36m</svg>[39m
        [36m</button>[39m
      [36m</div>[39m
    [36m</div>[39m
    [36m<div[39m
      [33mclass[39m=[32m"profile-avatar-container"[39m
    [36m>[39m
      [36m<div[39m
        [33mclass[39m=[32m"profile-avatar"[39m
        [33mstyle[39m=[32m"cursor: pointer;"[39m
      [36m>[39m
        [36m<img[39m
          [33malt[39m=[32m"User avatar"[39m
          [33msrc[39m=[32m"https://api.dicebear.com/7.x/avataaars/svg?seed=Learner"[39m
          [33mstyle[39m=[32m"width: 100%; height: 100%; object-fit: cover; border-radius: 50%;"[39m
        [36m/>[39m
      [36m</div>[39m
    [36m</div>[39m
  [36m</div>[39m
[36m</header>[39m

Ignored nodes: comments, script, style
[36m<div>[39m
  [36m<div[39m
    [33mclass[39m=[32m"db-namaste"[39m
  [36m>[39m
    [0mαñ¿αñ«αñ╕αÑìαññαÑç,[0m
  [36m</div>[39m
  [36m<h1[39m
    [33mclass[39m=[32m"db-name"[39m
  [36m>[39m
    [0mLearner[0m
    [0m ≡ƒæï[0m
  [36m</h1>[39m
  [36m<p[39m
    [33mclass[39m=[32m"db-subtitle"[39m
  [36m>[39m
    [0mReady to continue your Hindi journey?[0m
  [36m</p>[39m
[36m</div>[39m

Ignored nodes: comments, script, style
[36m<h1[39m
  [33mclass[39m=[32m"db-name"[39m
[36m>[39m
  [0mLearner[0m
  [0m ≡ƒæï[0m
[36m</h1>[39m

(If this is intentional, then use the `*AllBy*` variant of the query (like `queryAllByText`, `getAllByText`, or `findAllByText`)).

Ignored nodes: comments, script, style
[36m<body>[39m
  [36m<div>[39m
    [36m<div[39m
      [33mclass[39m=[32m"main-content db-root"[39m
    [36m>[39m
      [36m<header[39m
        [33mclass[39m=[32m"db-header"[39m
      [36m>[39m
        [36m<div>[39m
          [36m<div[39m
            [33mclass[39m=[32m"db-namaste"[39m
          [36m>[39m
            [0mαñ¿αñ«αñ╕αÑìαññαÑç,[0m
          [36m</div>[39m
          [36m<h1[39m
            [33mclass[39m=[32m"db-name"[39m
          [36m>[39m
            [0mLearner[0m
            [0m ≡ƒæï[0m
          [36m</h1>[39m
          [36m<p[39m
            [33mclass[39m=[32m"db-subtitle"[39m
          [36m>[39m
            [0mReady to continue your Hindi journey?[0m
          [36m</p>[39m
        [36m</div>[39m
        [36m<div[39m
          [33mclass[39m=[32m"db-header-right"[39m
        [36m>[39m
          [36m<div[39m
            [33mclass[39m=[32m"db-streak"[39m
          [36m>[39m
            [36m<svg[39m
              [33maria-hidden[39m=[32m"true"[39m
              [33mclass[39m=[32m"lucide lucide-flame"[39m
              [33mfill[39m=[32m"currentColor"[39m
              [33mheight[39m=[32m"15"[39m
              [33mstroke[39m=[32m"currentColor"[39m
              [33mstroke-linecap[39m=[32m"round"[39m
              [33mstroke-linejoin[39m=[32m"round"[39m
              [33mstroke-width[39m=[32m"2"[39m
              [33mviewBox[39m=[32m"0 0 24 24"[39m
              [33mwidth[39m=[32m"15"[39m
              [33mxmlns[39m=[32m"http://www.w3.org/2000/svg"[39m
            [36m>[39m
              [36m<path[39m
                [33md[39m=[32m"M12 3q1 4 4 6.5t3 5.5a1 1 0 0 1-14 0 5 5 0 0 1 1-3 1 1 0 0 0 5 0c0-2-1.5-3-1.5-5q0-2 2.5-4"[39m
              [36m/>[39m
            [36m</svg>[39m
            [0m1[0m
            [0m Day[0m
            [0m Streak[0m
          [36m</div>[39m
          [36m<div[39m
            [33mclass[39m=[32m"notification-container"[39m
          [36m>[39m
            [36m<div[39m
              [33mclass[39m=[32m"_nb"[39m
            [36m>[39m
              [36m<button[39m
                [33maria-label[39m=[32m"Notifications"[39m
                [33mclass[39m=[32m"db-icon-btn"[39m
              [36m>[39m
                [36m<svg[39m
                  [33maria-hidden[39m=[32m"true"[39m
                  [33mclass[39m=[32m"lucide lucide-bell"[39m
                  [33mfill[39m=[32m"none"[39m
                  [33mheight[39m=[32m"18"[39m
                  [33mstroke[39m=[32m"currentColor"[39m
                  [33mstroke-linecap[39m=[32m"round"[39m
                  [33mstroke-linejoin[39m=[32m"round"[39m
                  [33mstroke-width[39m=[32m"2"[39m
                  [33mviewBox[39m=[32m"0 0 24 24"[39m
                  [33mwidth[39m=[32m"18"[39m
                  [33mxmlns[39m=[32m"http://www.w3.org/2000/svg"[39m
                [36m>[39m
                  [36m<path[39m
                    [33md[39m=[32m"M10.268 21a2 2 0 0 0 3.464 0"[39m
                  [36m/>[39m
                  [36m<path[39m
                    [33md[39m=[32m"M3.262 15.326A1 1 0 0 0 4 17h16a1 1 0 0 0 .74-1.673C19.41 13.956 18 12.499 18 8A6 6 0 0 0 6 8c0 4.499-1.411 5.956-2.738 7.326"[39m
                  [36m/>[39m
                [36m</svg>[39m
              [36m</button>[39m
            [36m</div>[39m
          [36m</div>[39m
          [36m<div[39m
            [33mclass[39m=[32m"profile-avatar-container"[39m
          [36m>[39m
            [36m<div[39m
              [33mclass[39m=[32m"profile-avatar"[39m
              [33mstyle[39m=[32m"cursor: pointer;"[39m
            [36m>[39m
              [36m<img[39m
                [33malt[39m=[32m"User avatar"[39m
                [33msrc[39m=[32m"https://api.dicebear.com/7.x/avataaars/svg?seed=Learner"[39m
                [33mstyle[39m=[32m"width: 100%; height: 100%; object-fit: cover; border-radius: 50%;"[39m
              [36m/>[39m
            [36m</div>[39m
          [36m</div>[39m
        [36m</div>[39m
      [36m</header>[39m
      [36m<div[39m
        [33mclass[39m=[32m"db-top-grid"[39m
      [36m>[39m
        [36m<div[39m
          [33mclass[39m=[32m"db-hero"[39m
        [36m>[39m
          [36m<span[39m
            [33mclass[39m=[32m"db-hero-badge"[39m
          [36m>[39m
            [0mΓåÆ CONTINUE LEARNING[0m
          [36m</span>[39m
          [36m<h2[39m
            [33mclass[39m=[32m"db-hero-title"[39m
          [36m>[39m
            [0mCommon Phrases[0m
          [36m</h2>[39m
          [36m<p[39m
            [33mclass[39m=[32m"db-hero-hindi"[39m
          [36m>[39m
            [0mαñåαñ« αñ╡αñ╛αñòαÑìαñ»αñ╛αñéαñ╢[0m
          [36m</p>[39m
          [36m<p[39m
            [33mclass[39m=[32m"db-hero-desc"[39m
          [36m>[39m
            [0mMaster 10 essential greetings for daily conversation[0m
          [36m</p>[39m
          [36m<button[39m
            [33mclass[39m=[32m"db-start-btn"[39m
          [36m>[39m
            [36m<svg[39m
              [33maria-hidden[39m=[32m"true"[39m
              [33mclass[39m=[32m"lucide lucide-circle-play"[39m
              [33mfill[39m=[32m"none"[39m
              [33mheight[39m=[32m"18"[39m
              [33mstroke[39m=[32m"currentColor"[39m
              [33mstroke-linecap[39m=[32m"round"[39m
              [33mstroke-linejoin[39m=[32m"round"[39m
              [33mstroke-width[39m=[32m"2"[39m
              [33mviewBox[39m=[32m"0 0 24 24"[39m
              [33mwidth[39m=[32m"18"[39m
              [33mxmlns[39m=[32m"http://www.w3.org/2000/svg"[39m
            [36m>[39m
              [36m<path[39m
                [33md[39m=[32m"M9 9.003a1 1 0 0 1 1.517-.859l4.997 2.997a1 1 0 0 1 0 1.718l-4.997 2.997A1 1 0 0 1 9 14.996z"[39m
              [36m/>[39m
              [36m<circle[39m
                [33mcx[39m=[32m"12"[39m
                [33mcy[39m=[32m"12"[39m
                [33mr[39m=[32m"10"[39m
              [36m/>[39m
            [36m</svg>[39m
            [0m START NOW[0m
          [36m</button>[39m
        [36m</div>[39m
        [36m<div[39m
          [33mclass[39m=[32m"db-right-col"[39m
        [36m>[39m
          [36m<div[39m
            [33mclass[39m=[32m"db-goal-card"[39m
          [36m>[39m
            [36m<div[39m
              [33mclass[39m=[32m"db-card-row"[39m
            [36m>[39m
              [36m<span[39m
                [33mclass[39m=[32m"db-label"[39m
              [36m>[39m
                [0mDaily Goal[0m
              [36m</span>[39m
            [36m</div>[39m
            [36m<div[39m
              [33mclass[39m=[32m"db-goal-body"[39m
            [36m>[39m
              [36m<div[39m
                [33mclass[39m...
 Γ£ô src/tests/AccessibilityWidget.test.jsx > AccessibilityWidget Component Tests > Font Size Tests > Should call updatePreferences with large for third font button 110ms
 Γ£ô src/tests/AccessibilityWidget.test.jsx > AccessibilityWidget Component Tests > Font Size Tests > Should mark medium button active when fontSize is medium 48ms
 Γ£ô src/tests/LearningReport.test.jsx > LearningReport Component Tests > Toggle / Tab Tests > Should switch back to Weekly view when Weekly Snapshot is clicked again 337ms
 Γ£ô src/tests/UserProfile.test.jsx > UserProfile ΓÇô Header & Profile Card Rendering > Should use dicebear URL when avatarUrl is empty 52ms
 Γ£ô src/tests/UserProfile.test.jsx > UserProfile ΓÇô Header & Profile Card Rendering > Should use provided avatarUrl when it is set 90ms
 Γ£ô src/tests/Settings.test.jsx > Settings Component Tests > Should change font size to large 155ms
 Γ£ô src/tests/AccessibilityWidget.test.jsx > AccessibilityWidget Component Tests > Font Size Tests > Should mark small button active when fontSize is small 72ms
 Γ£ô src/tests/AccessibilityWidget.test.jsx > AccessibilityWidget Component Tests > Font Size Tests > Should mark large button active when fontSize is large 64ms
 Γ£ô src/tests/Community.test.jsx > Community Page ΓÇô Search Tests > Should show Search Results heading when user starts typing 85ms
 Γ£ô src/tests/Community.test.jsx > Community Page ΓÇô Search Tests > Should show "Searching for learners..." while debounce is pending 73ms
 Γ£ô src/tests/Login.test.jsx > Login Component Tests > Should toggle remember me checkbox 154ms
 Γ£ô src/tests/Dashboard.test.jsx > Dashboard Component Tests > Should display user avatar 356ms
 Γ£ô src/tests/LearningReport.test.jsx > LearningReport Component Tests > Toggle / Tab Tests > Should NOT show Weekly content when Overall Mastery is active 197ms
 Γ£ô src/tests/Leaderboard.test.jsx > Leaderboard ΓÇô Empty State > Should show prompt to complete a lesson in empty state 58ms
 Γ£ô src/tests/Leaderboard.test.jsx > Leaderboard ΓÇô Empty State > Should NOT render the podium in empty state 52ms
 Γ£ô src/tests/ChatBot.test.jsx > ChatBot Component Tests > Input Field Tests > Should allow typing in the input field 413ms
 Γ£ô src/tests/ChatBot.test.jsx > ChatBot Component Tests > Input Field Tests > Send button should be disabled when input is empty 10ms
 Γ£ô src/tests/Sidebar.test.jsx > Sidebar Component Tests > Interaction Tests > Should be able to click all navigation items 356ms
 Γ£ô src/tests/Settings.test.jsx > Settings Component Tests > Should display active state for current font size 112ms
 Γ£ô src/tests/LearningReport.test.jsx > LearningReport Component Tests > Toggle / Tab Tests > Should NOT show Overall content when Weekly is active 61ms
 Γ£ô src/tests/Leaderboard.test.jsx > Leaderboard ΓÇô Top 3 Podium > Should render the podium area when top 3 exist 205ms
 Γ£ô src/tests/Dashboard.test.jsx > Dashboard Component Tests > Should use custom avatar URL when provided 137ms
 ├ù src/tests/LearningScreen.test.jsx > LearningScreen Component Tests > Should handle pronunciation slide interaction 1386ms
   ΓåÆ expected "vi.fn()" to be called at least once

Ignored nodes: comments, script, style
[36m<html>[39m
  [36m<head />[39m
  [36m<body>[39m
    [36m<div>[39m
      [36m<div[39m
        [33mclass[39m=[32m"learning-container"[39m
      [36m>[39m
        [36m<div[39m
          [33mclass[39m=[32m"learning-header"[39m
        [36m>[39m
          [36m<button[39m
            [33mclass[39m=[32m"close-btn"[39m
          [36m>[39m
            [36m<svg[39m
              [33maria-hidden[39m=[32m"true"[39m
              [33mclass[39m=[32m"lucide lucide-x"[39m
              [33mfill[39m=[32m"none"[39m
              [33mheight[39m=[32m"24"[39m
              [33mstroke[39m=[32m"currentColor"[39m
              [33mstroke-linecap[39m=[32m"round"[39m
              [33mstroke-linejoin[39m=[32m"round"[39m
              [33mstroke-width[39m=[32m"2"[39m
              [33mviewBox[39m=[32m"0 0 24 24"[39m
              [33mwidth[39m=[32m"24"[39m
              [33mxmlns[39m=[32m"http://www.w3.org/2000/svg"[39m
            [36m>[39m
              [36m<path[39m
                [33md[39m=[32m"M18 6 6 18"[39m
              [36m/>[39m
              [36m<path[39m
                [33md[39m=[32m"m6 6 12 12"[39m
              [36m/>[39m
            [36m</svg>[39m
          [36m</button>[39m
          [36m<div[39m
            [33mclass[39m=[32m"progress-track"[39m
          [36m>[39m
            [36m<div[39m
              [33mclass[39m=[32m"progress-fill"[39m
              [33mstyle[39m=[32m"width: 37.5%; background-color: rgb(88, 204, 2);"[39m
            [36m/>[39m
          [36m</div>[39m
          [36m<button[39m
            [33maria-label[39m=[32m"Enter focus mode"[39m
            [33mclass[39m=[32m"focus-mode-btn"[39m
            [33mtitle[39m=[32m"Enter Focus Mode ΓÇö hide distractions"[39m
          [36m>[39m
            [36m<svg[39m
              [33maria-hidden[39m=[32m"true"[39m
              [33mclass[39m=[32m"lucide lucide-eye"[39m
              [33mfill[39m=[32m"none"[39m
              [33mheight[39m=[32m"18"[39m
              [33mstroke[39m=[32m"currentColor"[39m
              [33mstroke-linecap[39m=[32m"round"[39m
              [33mstroke-linejoin[39m=[32m"round"[39m
              [33mstroke-width[39m=[32m"2"[39m
              [33mviewBox[39m=[32m"0 0 24 24"[39m
              [33mwidth[39m=[32m"18"[39m
              [33mxmlns[39m=[32m"http://www.w3.org/2000/svg"[39m
            [36m>[39m
              [36m<path[39m
                [33md[39m=[32m"M2.062 12.348a1 1 0 0 1 0-.696 10.75 10.75 0 0 1 19.876 0 1 1 0 0 1 0 .696 10.75 10.75 0 0 1-19.876 0"[39m
              [36m/>[39m
              [36m<circle[39m
                [33mcx[39m=[32m"12"[39m
                [33mcy[39m=[32m"12"[39m
                [33mr[39m=[32m"3"[39m
              [36m/>[39m
            [36m</svg>[39m
            [36m<span>[39m
              [0mFocus[0m
            [36m</span>[39m
          [36m</button>[39m
        [36m</div>[39m
        [36m<div[39m
          [33mclass[39m=[32m"slide-content"[39m
        [36m>[39m
          [36m<h2[39m
            [33mclass[39m=[32m"quiz-question"[39m
          [36m>[39m
            [0mSpeak this sound[0m
          [36m</h2>[39m
          [36m<div[39m
            [33mclass[39m=[32m"card-container text-center fade-in"[39m
          [36m>[39m
            [36m<div[39m
              [33mclass[39m=[32m"card-display"[39m
            [36m>[39m
              [36m<h1[39m
                [33mclass[39m=[32m"hindi-large"[39m
              [36m>[39m
                [0mαñà[0m
              [36m</h1>[39m
              [36m<p[39m
                [33mclass[39m=[32m"hint-text"[39m
              [36m>[39m
                [0mLike 'a' in America[0m
              [36m</p>[39m
              [36m<div[39m
                [33mclass[39m=[32m"mic-container"[39m
                [33mstyle[39m=[32m"margin-top: 40px;"[39m
              [36m>[39m
                [36m<button[39m
                  [33mclass[39m=[32m"mic-btn  "[39m
                [36m>[39m
                  [36m<svg[39m
                    [33maria-hidden[39m=[32m"true"[39m
                    [33mclass[39m=[32m"lucide lucide-mic"[39m
                    [33mfill[39m=[32m"none"[39m
                    [33mheight[39m=[32m"40"[39m
                    [33mstroke[39m=[32m"currentColor"[39m
                    [33mstroke-linecap[39m=[32m"round"[39m
                    [33mstroke-linejoin[39m=[32m"round"[39m
                    [33mstroke-width[39m=[32m"2"[39m
                    [33mviewBox[39m=[32m"0 0 24 24"[39m
                    [33mwidth[39m=[32m"40"[39m
                    [33mxmlns[39m=[32m"http://www.w3.org/2000/svg"[39m
                  [36m>[39m
                    [36m<path[39m
                      [33md[39m=[32m"M12 19v3"[39m
                    [36m/>[39m
                    [36m<path[39m
                      [33md[39m=[32m"M19 10v2a7 7 0 0 1-14 0v-2"[39m
                    [36m/>[39m
                    [36m<rect[39m
                      [33mheight[39m=[32m"13"[39m
                      [33mrx[39m=[32m"3"[39m
                      [33mwidth[39m=[32m"6"[39m
                      [33mx[39m=[32m"9"[39m
                      [33my[39m=[32m"2"[39m
                    [36m/>[39m
                  [36m</svg>[39m
                [36m</button>[39m
                [36m<div[39m
                  [33mstyle[39m=[32m"margin-top: 14px; min-height: 70px;"[39m
                [36m>[39m
                  [36m<p[39m
                    [33mclass[39m=[32m"listening-status"[39m
                    [33mstyle[39m=[32m"margin-top: 10px; min-height: 24px;"[39m
                  [36m>[39m
                    [0mTap the mic and say the sound[0m
                  [36m</p>[39m
                [36m</div>[39m
              [36m</div>[39m
            [36m</div>[39m
          [36m</div>[39m
        [36m</div>[39m
        [36m<div[39m
          [33mclass[39m=[32m"learning-footer  "[39m
        [36m>[39m
          [36m<div[39m
            [33mclass[39m=[32m"footer-feedback-content"[39m
          [36m/>[39m
          [36m<button[39m
            [33mclass[39m=[32m"next-btn "[39m
            [33mdisabled[39m=[32m""[39m
          [36m>[39m
            [0mNext[0m
            [36m<svg[39m
              [33maria-hidden[39m=[32m"true"[39m
              [33mclass[39m=[32m"lucide lucide-chevron-right"[39m
              [33mfill[39m=[32m"none"[39m
              [33mheight[39m=[32m"20"[39m
              [33mstroke[39m=[32m"currentColor"[39m
              [33mstroke-linecap[39m=[32m"round"[39m
              [33mstroke-linejoin[39m=[32m"round"[39m
              [33mstroke-width[39m=[32m"2"[39m
              [33mviewBox[39m=[32m"0 0 24 24"[39m
              [33mwidth[39m=[32m"20"[39m
              [33mxmlns[39m=[32m"http://www.w3.org/2000/svg"[39m
            [36m>[39m
              [36m<path[39m
                [33md[39m=[32m"m9 18 6-6-6-6"[39m
              [36m/>[39m
            [36m</svg>[39m
          [36m</button>[39m
        [36m</div>[39m
      [36m</div>[39m
    [36m</div>[39m
  [36m</body>[39m
[36m</html>[39m
 Γ£ô src/tests/AccessibilityWidget.test.jsx > AccessibilityWidget Component Tests > Theme Tests > Should render Theme Design section label 85ms
 Γ£ô src/tests/Community.test.jsx > Community Page ΓÇô Search Tests > Should display full name of a search result 119ms
 Γ£ô src/tests/UserProfile.test.jsx > UserProfile ΓÇô Relationship: "friends" > Should show Day Streak stat card 42ms
 Γ£ô src/tests/UserProfile.test.jsx > UserProfile ΓÇô Relationship: "friends" > Should show Lessons Done stat card 31ms
 Γ£ô src/tests/UserProfile.test.jsx > UserProfile ΓÇô Relationship: "friends" > Should show Points This Week stat card 54ms
 Γ£ô src/tests/AccessibilityWidget.test.jsx > AccessibilityWidget Component Tests > Theme Tests > Should render Light and Dark buttons 167ms
 Γ£ô src/tests/Leaderboard.test.jsx > Leaderboard ΓÇô Top 3 Podium > Should show "Top Performers" label above podium 114ms
 Γ£ô src/tests/Leaderboard.test.jsx > Leaderboard ΓÇô Top 3 Podium > Should display rank-1 username in podium 73ms
 ├ù src/tests/Dashboard.test.jsx > Dashboard Component Tests > Should show 1 day streak when lessons completed 132ms
   ΓåÆ Found multiple elements with the text: (content, element) => element.textContent.replace(/\s+/g, " ").includes("1 Day Streak")

Here are the matching elements:

Ignored nodes: comments, script, style
[36m<body>[39m
  [36m<div>[39m
    [36m<div[39m
      [33mclass[39m=[32m"main-content db-root"[39m
    [36m>[39m
      [36m<header[39m
        [33mclass[39m=[32m"db-header"[39m
      [36m>[39m
        [36m<div>[39m
          [36m<div[39m
            [33mclass[39m=[32m"db-namaste"[39m
          [36m>[39m
            [0mαñ¿αñ«αñ╕αÑìαññαÑç,[0m
          [36m</div>[39m
          [36m<h1[39m
            [33mclass[39m=[32m"db-name"[39m
          [36m>[39m
            [0mTestUser[0m
            [0m ≡ƒæï[0m
          [36m</h1>[39m
          [36m<p[39m
            [33mclass[39m=[32m"db-subtitle"[39m
          [36m>[39m
            [0mReady to continue your Hindi journey?[0m
          [36m</p>[39m
        [36m</div>[39m
        [36m<div[39m
          [33mclass[39m=[32m"db-header-right"[39m
        [36m>[39m
          [36m<div[39m
            [33mclass[39m=[32m"db-streak"[39m
          [36m>[39m
            [36m<svg[39m
              [33maria-hidden[39m=[32m"true"[39m
              [33mclass[39m=[32m"lucide lucide-flame"[39m
              [33mfill[39m=[32m"currentColor"[39m
              [33mheight[39m=[32m"15"[39m
              [33mstroke[39m=[32m"currentColor"[39m
              [33mstroke-linecap[39m=[32m"round"[39m
              [33mstroke-linejoin[39m=[32m"round"[39m
              [33mstroke-width[39m=[32m"2"[39m
              [33mviewBox[39m=[32m"0 0 24 24"[39m
              [33mwidth[39m=[32m"15"[39m
              [33mxmlns[39m=[32m"http://www.w3.org/2000/svg"[39m
            [36m>[39m
              [36m<path[39m
                [33md[39m=[32m"M12 3q1 4 4 6.5t3 5.5a1 1 0 0 1-14 0 5 5 0 0 1 1-3 1 1 0 0 0 5 0c0-2-1.5-3-1.5-5q0-2 2.5-4"[39m
              [36m/>[39m
            [36m</svg>[39m
            [0m1[0m
            [0m Day[0m
            [0m Streak[0m
          [36m</div>[39m
          [36m<div[39m
            [33mclass[39m=[32m"notification-container"[39m
          [36m>[39m
            [36m<div[39m
              [33mclass[39m=[32m"_nb"[39m
            [36m>[39m
              [36m<button[39m
                [33maria-label[39m=[32m"Notifications"[39m
                [33mclass[39m=[32m"db-icon-btn"[39m
              [36m>[39m
                [36m<svg[39m
                  [33maria-hidden[39m=[32m"true"[39m
                  [33mclass[39m=[32m"lucide lucide-bell"[39m
                  [33mfill[39m=[32m"none"[39m
                  [33mheight[39m=[32m"18"[39m
                  [33mstroke[39m=[32m"currentColor"[39m
                  [33mstroke-linecap[39m=[32m"round"[39m
                  [33mstroke-linejoin[39m=[32m"round"[39m
                  [33mstroke-width[39m=[32m"2"[39m
                  [33mviewBox[39m=[32m"0 0 24 24"[39m
                  [33mwidth[39m=[32m"18"[39m
                  [33mxmlns[39m=[32m"http://www.w3.org/2000/svg"[39m
                [36m>[39m
                  [36m<path[39m
                    [33md[39m=[32m"M10.268 21a2 2 0 0 0 3.464 0"[39m
                  [36m/>[39m
                  [36m<path[39m
                    [33md[39m=[32m"M3.262 15.326A1 1 0 0 0 4 17h16a1 1 0 0 0 .74-1.673C19.41 13.956 18 12.499 18 8A6 6 0 0 0 6 8c0 4.499-1.411 5.956-2.738 7.326"[39m
                  [36m/>[39m
                [36m</svg>[39m
              [36m</button>[39m
            [36m</div>[39m
          [36m</div>[39m
          [36m<div[39m
            [33mclass[39m=[32m"profile-avatar-container"[39m
          [36m>[39m
            [36m<div[39m
              [33mclass[39m=[32m"profile-avatar"[39m
              [33mstyle[39m=[32m"cursor: pointer;"[39m
            [36m>[39m
              [36m<img[39m
                [33malt[39m=[32m"User avatar"[39m
                [33msrc[39m=[32m"https://api.dicebear.com/7.x/avataaars/svg?seed=TestUser"[39m
                [33mstyle[39m=[32m"width: 100%; height: 100%; object-fit: cover; border-radius: 50%;"[39m
              [36m/>[39m
            [36m</div>[39m
          [36m</div>[39m
        [36m</div>[39m
      [36m</header>[39m
      [36m<div[39m
        [33mclass[39m=[32m"db-top-grid"[39m
      [36m>[39m
        [36m<div[39m
          [33mclass[39m=[32m"db-hero"[39m
        [36m>[39m
          [36m<span[39m
            [33mclass[39m=[32m"db-hero-badge"[39m
          [36m>[39m
            [0mΓåÆ CONTINUE LEARNING[0m
          [36m</span>[39m
          [36m<h2[39m
            [33mclass[39m=[32m"db-hero-title"[39m
          [36m>[39m
            [0mCommon Phrases[0m
          [36m</h2>[39m
          [36m<p[39m
            [33mclass[39m=[32m"db-hero-hindi"[39m
          [36m>[39m
            [0mαñåαñ« αñ╡αñ╛αñòαÑìαñ»αñ╛αñéαñ╢[0m
          [36m</p>[39m
          [36m<p[39m
            [33mclass[39m=[32m"db-hero-desc"[39m
          [36m>[39m
            [0mMaster 10 essential greetings for daily conversation[0m
          [36m</p>[39m
          [36m<button[39m
            [33mclass[39m=[32m"db-start-btn"[39m
          [36m>[39m
            [36m<svg[39m
              [33maria-hidden[39m=[32m"true"[39m
              [33mclass[39m=[32m"lucide lucide-circle-play"[39m
              [33mfill[39m=[32m"none"[39m
              [33mheight[39m=[32m"18"[39m
              [33mstroke[39m=[32m"currentColor"[39m
              [33mstroke-linecap[39m=[32m"round"[39m
              [33mstroke-linejoin[39m=[32m"round"[39m
              [33mstroke-width[39m=[32m"2"[39m
              [33mviewBox[39m=[32m"0 0 24 24"[39m
              [33mwidth[39m=[32m"18"[39m
              [33mxmlns[39m=[32m"http://www.w3.org/2000/svg"[39m
            [36m>[39m
              [36m<path[39m
                [33md[39m=[32m"M9 9.003a1 1 0 0 1 1.517-.859l4.997 2.997a1 1 0 0 1 0 1.718l-4.997 2.997A1 1 0 0 1 9 14.996z"[39m
              [36m/>[39m
              [36m<circle[39m
                [33mcx[39m=[32m"12"[39m
                [33mcy[39m=[32m"12"[39m
                [33mr[39m=[32m"10"[39m
              [36m/>[39m
            [36m</svg>[39m
            [0m START NOW[0m
          [36m</button>[39m
        [36m</div>[39m
        [36m<div[39m
          [33mclass[39m=[32m"db-right-col"[39m
        [36m>[39m
          [36m<div[39m
            [33mclass[39m=[32m"db-goal-card"[39m
          [36m>[39m
            [36m<div[39m
              [33mclass[39m=[32m"db-card-row"[39m
            [36m>[39m
              [36m<span[39m
                [33mclass[39m=[32m"db-label"[39m
              [36m>[39m
                [0mDaily Goal[0m
              [36m</span>[39m
            [36m</div>[39m
            [36m<div[39m
              [33mclass[39m=[32m"db-goal-body"[39m
            [36m>[39m
              [36m<div[39m
                [33mclass[3...

Ignored nodes: comments, script, style
[36m<div>[39m
  [36m<div[39m
    [33mclass[39m=[32m"main-content db-root"[39m
  [36m>[39m
    [36m<header[39m
      [33mclass[39m=[32m"db-header"[39m
    [36m>[39m
      [36m<div>[39m
        [36m<div[39m
          [33mclass[39m=[32m"db-namaste"[39m
        [36m>[39m
          [0mαñ¿αñ«αñ╕αÑìαññαÑç,[0m
        [36m</div>[39m
        [36m<h1[39m
          [33mclass[39m=[32m"db-name"[39m
        [36m>[39m
          [0mTestUser[0m
          [0m ≡ƒæï[0m
        [36m</h1>[39m
        [36m<p[39m
          [33mclass[39m=[32m"db-subtitle"[39m
        [36m>[39m
          [0mReady to continue your Hindi journey?[0m
        [36m</p>[39m
      [36m</div>[39m
      [36m<div[39m
        [33mclass[39m=[32m"db-header-right"[39m
      [36m>[39m
        [36m<div[39m
          [33mclass[39m=[32m"db-streak"[39m
        [36m>[39m
          [36m<svg[39m
            [33maria-hidden[39m=[32m"true"[39m
            [33mclass[39m=[32m"lucide lucide-flame"[39m
            [33mfill[39m=[32m"currentColor"[39m
            [33mheight[39m=[32m"15"[39m
            [33mstroke[39m=[32m"currentColor"[39m
            [33mstroke-linecap[39m=[32m"round"[39m
            [33mstroke-linejoin[39m=[32m"round"[39m
            [33mstroke-width[39m=[32m"2"[39m
            [33mviewBox[39m=[32m"0 0 24 24"[39m
            [33mwidth[39m=[32m"15"[39m
            [33mxmlns[39m=[32m"http://www.w3.org/2000/svg"[39m
          [36m>[39m
            [36m<path[39m
              [33md[39m=[32m"M12 3q1 4 4 6.5t3 5.5a1 1 0 0 1-14 0 5 5 0 0 1 1-3 1 1 0 0 0 5 0c0-2-1.5-3-1.5-5q0-2 2.5-4"[39m
            [36m/>[39m
          [36m</svg>[39m
          [0m1[0m
          [0m Day[0m
          [0m Streak[0m
        [36m</div>[39m
        [36m<div[39m
          [33mclass[39m=[32m"notification-container"[39m
        [36m>[39m
          [36m<div[39m
            [33mclass[39m=[32m"_nb"[39m
          [36m>[39m
            [36m<button[39m
              [33maria-label[39m=[32m"Notifications"[39m
              [33mclass[39m=[32m"db-icon-btn"[39m
            [36m>[39m
              [36m<svg[39m
                [33maria-hidden[39m=[32m"true"[39m
                [33mclass[39m=[32m"lucide lucide-bell"[39m
                [33mfill[39m=[32m"none"[39m
                [33mheight[39m=[32m"18"[39m
                [33mstroke[39m=[32m"currentColor"[39m
                [33mstroke-linecap[39m=[32m"round"[39m
                [33mstroke-linejoin[39m=[32m"round"[39m
                [33mstroke-width[39m=[32m"2"[39m
                [33mviewBox[39m=[32m"0 0 24 24"[39m
                [33mwidth[39m=[32m"18"[39m
                [33mxmlns[39m=[32m"http://www.w3.org/2000/svg"[39m
              [36m>[39m
                [36m<path[39m
                  [33md[39m=[32m"M10.268 21a2 2 0 0 0 3.464 0"[39m
                [36m/>[39m
                [36m<path[39m
                  [33md[39m=[32m"M3.262 15.326A1 1 0 0 0 4 17h16a1 1 0 0 0 .74-1.673C19.41 13.956 18 12.499 18 8A6 6 0 0 0 6 8c0 4.499-1.411 5.956-2.738 7.326"[39m
                [36m/>[39m
              [36m</svg>[39m
            [36m</button>[39m
          [36m</div>[39m
        [36m</div>[39m
        [36m<div[39m
          [33mclass[39m=[32m"profile-avatar-container"[39m
        [36m>[39m
          [36m<div[39m
            [33mclass[39m=[32m"profile-avatar"[39m
            [33mstyle[39m=[32m"cursor: pointer;"[39m
          [36m>[39m
            [36m<img[39m
              [33malt[39m=[32m"User avatar"[39m
              [33msrc[39m=[32m"https://api.dicebear.com/7.x/avataaars/svg?seed=TestUser"[39m
              [33mstyle[39m=[32m"width: 100%; height: 100%; object-fit: cover; border-radius: 50%;"[39m
            [36m/>[39m
          [36m</div>[39m
        [36m</div>[39m
      [36m</div>[39m
    [36m</header>[39m
    [36m<div[39m
      [33mclass[39m=[32m"db-top-grid"[39m
    [36m>[39m
      [36m<div[39m
        [33mclass[39m=[32m"db-hero"[39m
      [36m>[39m
        [36m<span[39m
          [33mclass[39m=[32m"db-hero-badge"[39m
        [36m>[39m
          [0mΓåÆ CONTINUE LEARNING[0m
        [36m</span>[39m
        [36m<h2[39m
          [33mclass[39m=[32m"db-hero-title"[39m
        [36m>[39m
          [0mCommon Phrases[0m
        [36m</h2>[39m
        [36m<p[39m
          [33mclass[39m=[32m"db-hero-hindi"[39m
        [36m>[39m
          [0mαñåαñ« αñ╡αñ╛αñòαÑìαñ»αñ╛αñéαñ╢[0m
        [36m</p>[39m
        [36m<p[39m
          [33mclass[39m=[32m"db-hero-desc"[39m
        [36m>[39m
          [0mMaster 10 essential greetings for daily conversation[0m
        [36m</p>[39m
        [36m<button[39m
          [33mclass[39m=[32m"db-start-btn"[39m
        [36m>[39m
          [36m<svg[39m
            [33maria-hidden[39m=[32m"true"[39m
            [33mclass[39m=[32m"lucide lucide-circle-play"[39m
            [33mfill[39m=[32m"none"[39m
            [33mheight[39m=[32m"18"[39m
            [33mstroke[39m=[32m"currentColor"[39m
            [33mstroke-linecap[39m=[32m"round"[39m
            [33mstroke-linejoin[39m=[32m"round"[39m
            [33mstroke-width[39m=[32m"2"[39m
            [33mviewBox[39m=[32m"0 0 24 24"[39m
            [33mwidth[39m=[32m"18"[39m
            [33mxmlns[39m=[32m"http://www.w3.org/2000/svg"[39m
          [36m>[39m
            [36m<path[39m
              [33md[39m=[32m"M9 9.003a1 1 0 0 1 1.517-.859l4.997 2.997a1 1 0 0 1 0 1.718l-4.997 2.997A1 1 0 0 1 9 14.996z"[39m
            [36m/>[39m
            [36m<circle[39m
              [33mcx[39m=[32m"12"[39m
              [33mcy[39m=[32m"12"[39m
              [33mr[39m=[32m"10"[39m
            [36m/>[39m
          [36m</svg>[39m
          [0m START NOW[0m
        [36m</button>[39m
      [36m</div>[39m
      [36m<div[39m
        [33mclass[39m=[32m"db-right-col"[39m
      [36m>[39m
        [36m<div[39m
          [33mclass[39m=[32m"db-goal-card"[39m
        [36m>[39m
          [36m<div[39m
            [33mclass[39m=[32m"db-card-row"[39m
          [36m>[39m
            [36m<span[39m
              [33mclass[39m=[32m"db-label"[39m
            [36m>[39m
              [0mDaily Goal[0m
            [36m</span>[39m
          [36m</div>[39m
          [36m<div[39m
            [33mclass[39m=[32m"db-goal-body"[39m
          [36m>[39m
            [36m<div[39m
              [33mclass[39m=[32m"progress-ring"[39m
            [36m>[39m
              [36m<svg[39m
                [33mheight[39m=[32m"72"[39m
                [33mwidth[39m=[32m"72"[39m
              [36m>[39m
                [36m<circle[39m
                  [33mclass[39m=[32m"ring-bg"[39m
                  [33mcx[39m=[32m"36"[39m
                  [33mcy[39m...

Ignored nodes: comments, script, style
[36m<div[39m
  [33mclass[39m=[32m"main-content db-root"[39m
[36m>[39m
  [36m<header[39m
    [33mclass[39m=[32m"db-header"[39m
  [36m>[39m
    [36m<div>[39m
      [36m<div[39m
        [33mclass[39m=[32m"db-namaste"[39m
      [36m>[39m
        [0mαñ¿αñ«αñ╕αÑìαññαÑç,[0m
      [36m</div>[39m
      [36m<h1[39m
        [33mclass[39m=[32m"db-name"[39m
      [36m>[39m
        [0mTestUser[0m
        [0m ≡ƒæï[0m
      [36m</h1>[39m
      [36m<p[39m
        [33mclass[39m=[32m"db-subtitle"[39m
      [36m>[39m
        [0mReady to continue your Hindi journey?[0m
      [36m</p>[39m
    [36m</div>[39m
    [36m<div[39m
      [33mclass[39m=[32m"db-header-right"[39m
    [36m>[39m
      [36m<div[39m
        [33mclass[39m=[32m"db-streak"[39m
      [36m>[39m
        [36m<svg[39m
          [33maria-hidden[39m=[32m"true"[39m
          [33mclass[39m=[32m"lucide lucide-flame"[39m
          [33mfill[39m=[32m"currentColor"[39m
          [33mheight[39m=[32m"15"[39m
          [33mstroke[39m=[32m"currentColor"[39m
          [33mstroke-linecap[39m=[32m"round"[39m
          [33mstroke-linejoin[39m=[32m"round"[39m
          [33mstroke-width[39m=[32m"2"[39m
          [33mviewBox[39m=[32m"0 0 24 24"[39m
          [33mwidth[39m=[32m"15"[39m
          [33mxmlns[39m=[32m"http://www.w3.org/2000/svg"[39m
        [36m>[39m
          [36m<path[39m
            [33md[39m=[32m"M12 3q1 4 4 6.5t3 5.5a1 1 0 0 1-14 0 5 5 0 0 1 1-3 1 1 0 0 0 5 0c0-2-1.5-3-1.5-5q0-2 2.5-4"[39m
          [36m/>[39m
        [36m</svg>[39m
        [0m1[0m
        [0m Day[0m
        [0m Streak[0m
      [36m</div>[39m
      [36m<div[39m
        [33mclass[39m=[32m"notification-container"[39m
      [36m>[39m
        [36m<div[39m
          [33mclass[39m=[32m"_nb"[39m
        [36m>[39m
          [36m<button[39m
            [33maria-label[39m=[32m"Notifications"[39m
            [33mclass[39m=[32m"db-icon-btn"[39m
          [36m>[39m
            [36m<svg[39m
              [33maria-hidden[39m=[32m"true"[39m
              [33mclass[39m=[32m"lucide lucide-bell"[39m
              [33mfill[39m=[32m"none"[39m
              [33mheight[39m=[32m"18"[39m
              [33mstroke[39m=[32m"currentColor"[39m
              [33mstroke-linecap[39m=[32m"round"[39m
              [33mstroke-linejoin[39m=[32m"round"[39m
              [33mstroke-width[39m=[32m"2"[39m
              [33mviewBox[39m=[32m"0 0 24 24"[39m
              [33mwidth[39m=[32m"18"[39m
              [33mxmlns[39m=[32m"http://www.w3.org/2000/svg"[39m
            [36m>[39m
              [36m<path[39m
                [33md[39m=[32m"M10.268 21a2 2 0 0 0 3.464 0"[39m
              [36m/>[39m
              [36m<path[39m
                [33md[39m=[32m"M3.262 15.326A1 1 0 0 0 4 17h16a1 1 0 0 0 .74-1.673C19.41 13.956 18 12.499 18 8A6 6 0 0 0 6 8c0 4.499-1.411 5.956-2.738 7.326"[39m
              [36m/>[39m
            [36m</svg>[39m
          [36m</button>[39m
        [36m</div>[39m
      [36m</div>[39m
      [36m<div[39m
        [33mclass[39m=[32m"profile-avatar-container"[39m
      [36m>[39m
        [36m<div[39m
          [33mclass[39m=[32m"profile-avatar"[39m
          [33mstyle[39m=[32m"cursor: pointer;"[39m
        [36m>[39m
          [36m<img[39m
            [33malt[39m=[32m"User avatar"[39m
            [33msrc[39m=[32m"https://api.dicebear.com/7.x/avataaars/svg?seed=TestUser"[39m
            [33mstyle[39m=[32m"width: 100%; height: 100%; object-fit: cover; border-radius: 50%;"[39m
          [36m/>[39m
        [36m</div>[39m
      [36m</div>[39m
    [36m</div>[39m
  [36m</header>[39m
  [36m<div[39m
    [33mclass[39m=[32m"db-top-grid"[39m
  [36m>[39m
    [36m<div[39m
      [33mclass[39m=[32m"db-hero"[39m
    [36m>[39m
      [36m<span[39m
        [33mclass[39m=[32m"db-hero-badge"[39m
      [36m>[39m
        [0mΓåÆ CONTINUE LEARNING[0m
      [36m</span>[39m
      [36m<h2[39m
        [33mclass[39m=[32m"db-hero-title"[39m
      [36m>[39m
        [0mCommon Phrases[0m
      [36m</h2>[39m
      [36m<p[39m
        [33mclass[39m=[32m"db-hero-hindi"[39m
      [36m>[39m
        [0mαñåαñ« αñ╡αñ╛αñòαÑìαñ»αñ╛αñéαñ╢[0m
      [36m</p>[39m
      [36m<p[39m
        [33mclass[39m=[32m"db-hero-desc"[39m
      [36m>[39m
        [0mMaster 10 essential greetings for daily conversation[0m
      [36m</p>[39m
      [36m<button[39m
        [33mclass[39m=[32m"db-start-btn"[39m
      [36m>[39m
        [36m<svg[39m
          [33maria-hidden[39m=[32m"true"[39m
          [33mclass[39m=[32m"lucide lucide-circle-play"[39m
          [33mfill[39m=[32m"none"[39m
          [33mheight[39m=[32m"18"[39m
          [33mstroke[39m=[32m"currentColor"[39m
          [33mstroke-linecap[39m=[32m"round"[39m
          [33mstroke-linejoin[39m=[32m"round"[39m
          [33mstroke-width[39m=[32m"2"[39m
          [33mviewBox[39m=[32m"0 0 24 24"[39m
          [33mwidth[39m=[32m"18"[39m
          [33mxmlns[39m=[32m"http://www.w3.org/2000/svg"[39m
        [36m>[39m
          [36m<path[39m
            [33md[39m=[32m"M9 9.003a1 1 0 0 1 1.517-.859l4.997 2.997a1 1 0 0 1 0 1.718l-4.997 2.997A1 1 0 0 1 9 14.996z"[39m
          [36m/>[39m
          [36m<circle[39m
            [33mcx[39m=[32m"12"[39m
            [33mcy[39m=[32m"12"[39m
            [33mr[39m=[32m"10"[39m
          [36m/>[39m
        [36m</svg>[39m
        [0m START NOW[0m
      [36m</button>[39m
    [36m</div>[39m
    [36m<div[39m
      [33mclass[39m=[32m"db-right-col"[39m
    [36m>[39m
      [36m<div[39m
        [33mclass[39m=[32m"db-goal-card"[39m
      [36m>[39m
        [36m<div[39m
          [33mclass[39m=[32m"db-card-row"[39m
        [36m>[39m
          [36m<span[39m
            [33mclass[39m=[32m"db-label"[39m
          [36m>[39m
            [0mDaily Goal[0m
          [36m</span>[39m
        [36m</div>[39m
        [36m<div[39m
          [33mclass[39m=[32m"db-goal-body"[39m
        [36m>[39m
          [36m<div[39m
            [33mclass[39m=[32m"progress-ring"[39m
          [36m>[39m
            [36m<svg[39m
              [33mheight[39m=[32m"72"[39m
              [33mwidth[39m=[32m"72"[39m
            [36m>[39m
              [36m<circle[39m
                [33mclass[39m=[32m"ring-bg"[39m
                [33mcx[39m=[32m"36"[39m
                [33mcy[39m=[32m"36"[39m
                [33mr[39m=[32m"30"[39m
              [36m/>[39m
              [36m<circle[39m
                [33mclass[39m=[32m"ring-fill"[39m
                [33mcx[39m=[32m"36"[39m
                [33mcy[39m=[32m"36"[39m
                [33mr[39m=[32m"30"[39m
                [33mstyle[39m=[32m"stroke-dasharray: 188; stroke-dashoffset:...

Ignored nodes: comments, script, style
[36m<header[39m
  [33mclass[39m=[32m"db-header"[39m
[36m>[39m
  [36m<div>[39m
    [36m<div[39m
      [33mclass[39m=[32m"db-namaste"[39m
    [36m>[39m
      [0mαñ¿αñ«αñ╕αÑìαññαÑç,[0m
    [36m</div>[39m
    [36m<h1[39m
      [33mclass[39m=[32m"db-name"[39m
    [36m>[39m
      [0mTestUser[0m
      [0m ≡ƒæï[0m
    [36m</h1>[39m
    [36m<p[39m
      [33mclass[39m=[32m"db-subtitle"[39m
    [36m>[39m
      [0mReady to continue your Hindi journey?[0m
    [36m</p>[39m
  [36m</div>[39m
  [36m<div[39m
    [33mclass[39m=[32m"db-header-right"[39m
  [36m>[39m
    [36m<div[39m
      [33mclass[39m=[32m"db-streak"[39m
    [36m>[39m
      [36m<svg[39m
        [33maria-hidden[39m=[32m"true"[39m
        [33mclass[39m=[32m"lucide lucide-flame"[39m
        [33mfill[39m=[32m"currentColor"[39m
        [33mheight[39m=[32m"15"[39m
        [33mstroke[39m=[32m"currentColor"[39m
        [33mstroke-linecap[39m=[32m"round"[39m
        [33mstroke-linejoin[39m=[32m"round"[39m
        [33mstroke-width[39m=[32m"2"[39m
        [33mviewBox[39m=[32m"0 0 24 24"[39m
        [33mwidth[39m=[32m"15"[39m
        [33mxmlns[39m=[32m"http://www.w3.org/2000/svg"[39m
      [36m>[39m
        [36m<path[39m
          [33md[39m=[32m"M12 3q1 4 4 6.5t3 5.5a1 1 0 0 1-14 0 5 5 0 0 1 1-3 1 1 0 0 0 5 0c0-2-1.5-3-1.5-5q0-2 2.5-4"[39m
        [36m/>[39m
      [36m</svg>[39m
      [0m1[0m
      [0m Day[0m
      [0m Streak[0m
    [36m</div>[39m
    [36m<div[39m
      [33mclass[39m=[32m"notification-container"[39m
    [36m>[39m
      [36m<div[39m
        [33mclass[39m=[32m"_nb"[39m
      [36m>[39m
        [36m<button[39m
          [33maria-label[39m=[32m"Notifications"[39m
          [33mclass[39m=[32m"db-icon-btn"[39m
        [36m>[39m
          [36m<svg[39m
            [33maria-hidden[39m=[32m"true"[39m
            [33mclass[39m=[32m"lucide lucide-bell"[39m
            [33mfill[39m=[32m"none"[39m
            [33mheight[39m=[32m"18"[39m
            [33mstroke[39m=[32m"currentColor"[39m
            [33mstroke-linecap[39m=[32m"round"[39m
            [33mstroke-linejoin[39m=[32m"round"[39m
            [33mstroke-width[39m=[32m"2"[39m
            [33mviewBox[39m=[32m"0 0 24 24"[39m
            [33mwidth[39m=[32m"18"[39m
            [33mxmlns[39m=[32m"http://www.w3.org/2000/svg"[39m
          [36m>[39m
            [36m<path[39m
              [33md[39m=[32m"M10.268 21a2 2 0 0 0 3.464 0"[39m
            [36m/>[39m
            [36m<path[39m
              [33md[39m=[32m"M3.262 15.326A1 1 0 0 0 4 17h16a1 1 0 0 0 .74-1.673C19.41 13.956 18 12.499 18 8A6 6 0 0 0 6 8c0 4.499-1.411 5.956-2.738 7.326"[39m
            [36m/>[39m
          [36m</svg>[39m
        [36m</button>[39m
      [36m</div>[39m
    [36m</div>[39m
    [36m<div[39m
      [33mclass[39m=[32m"profile-avatar-container"[39m
    [36m>[39m
      [36m<div[39m
        [33mclass[39m=[32m"profile-avatar"[39m
        [33mstyle[39m=[32m"cursor: pointer;"[39m
      [36m>[39m
        [36m<img[39m
          [33malt[39m=[32m"User avatar"[39m
          [33msrc[39m=[32m"https://api.dicebear.com/7.x/avataaars/svg?seed=TestUser"[39m
          [33mstyle[39m=[32m"width: 100%; height: 100%; object-fit: cover; border-radius: 50%;"[39m
        [36m/>[39m
      [36m</div>[39m
    [36m</div>[39m
  [36m</div>[39m
[36m</header>[39m

Ignored nodes: comments, script, style
[36m<div[39m
  [33mclass[39m=[32m"db-header-right"[39m
[36m>[39m
  [36m<div[39m
    [33mclass[39m=[32m"db-streak"[39m
  [36m>[39m
    [36m<svg[39m
      [33maria-hidden[39m=[32m"true"[39m
      [33mclass[39m=[32m"lucide lucide-flame"[39m
      [33mfill[39m=[32m"currentColor"[39m
      [33mheight[39m=[32m"15"[39m
      [33mstroke[39m=[32m"currentColor"[39m
      [33mstroke-linecap[39m=[32m"round"[39m
      [33mstroke-linejoin[39m=[32m"round"[39m
      [33mstroke-width[39m=[32m"2"[39m
      [33mviewBox[39m=[32m"0 0 24 24"[39m
      [33mwidth[39m=[32m"15"[39m
      [33mxmlns[39m=[32m"http://www.w3.org/2000/svg"[39m
    [36m>[39m
      [36m<path[39m
        [33md[39m=[32m"M12 3q1 4 4 6.5t3 5.5a1 1 0 0 1-14 0 5 5 0 0 1 1-3 1 1 0 0 0 5 0c0-2-1.5-3-1.5-5q0-2 2.5-4"[39m
      [36m/>[39m
    [36m</svg>[39m
    [0m1[0m
    [0m Day[0m
    [0m Streak[0m
  [36m</div>[39m
  [36m<div[39m
    [33mclass[39m=[32m"notification-container"[39m
  [36m>[39m
    [36m<div[39m
      [33mclass[39m=[32m"_nb"[39m
    [36m>[39m
      [36m<button[39m
        [33maria-label[39m=[32m"Notifications"[39m
        [33mclass[39m=[32m"db-icon-btn"[39m
      [36m>[39m
        [36m<svg[39m
          [33maria-hidden[39m=[32m"true"[39m
          [33mclass[39m=[32m"lucide lucide-bell"[39m
          [33mfill[39m=[32m"none"[39m
          [33mheight[39m=[32m"18"[39m
          [33mstroke[39m=[32m"currentColor"[39m
          [33mstroke-linecap[39m=[32m"round"[39m
          [33mstroke-linejoin[39m=[32m"round"[39m
          [33mstroke-width[39m=[32m"2"[39m
          [33mviewBox[39m=[32m"0 0 24 24"[39m
          [33mwidth[39m=[32m"18"[39m
          [33mxmlns[39m=[32m"http://www.w3.org/2000/svg"[39m
        [36m>[39m
          [36m<path[39m
            [33md[39m=[32m"M10.268 21a2 2 0 0 0 3.464 0"[39m
          [36m/>[39m
          [36m<path[39m
            [33md[39m=[32m"M3.262 15.326A1 1 0 0 0 4 17h16a1 1 0 0 0 .74-1.673C19.41 13.956 18 12.499 18 8A6 6 0 0 0 6 8c0 4.499-1.411 5.956-2.738 7.326"[39m
          [36m/>[39m
        [36m</svg>[39m
      [36m</button>[39m
    [36m</div>[39m
  [36m</div>[39m
  [36m<div[39m
    [33mclass[39m=[32m"profile-avatar-container"[39m
  [36m>[39m
    [36m<div[39m
      [33mclass[39m=[32m"profile-avatar"[39m
      [33mstyle[39m=[32m"cursor: pointer;"[39m
    [36m>[39m
      [36m<img[39m
        [33malt[39m=[32m"User avatar"[39m
        [33msrc[39m=[32m"https://api.dicebear.com/7.x/avataaars/svg?seed=TestUser"[39m
        [33mstyle[39m=[32m"width: 100%; height: 100%; object-fit: cover; border-radius: 50%;"[39m
      [36m/>[39m
    [36m</div>[39m
  [36m</div>[39m
[36m</div>[39m

Ignored nodes: comments, script, style
[36m<div[39m
  [33mclass[39m=[32m"db-streak"[39m
[36m>[39m
  [36m<svg[39m
    [33maria-hidden[39m=[32m"true"[39m
    [33mclass[39m=[32m"lucide lucide-flame"[39m
    [33mfill[39m=[32m"currentColor"[39m
    [33mheight[39m=[32m"15"[39m
    [33mstroke[39m=[32m"currentColor"[39m
    [33mstroke-linecap[39m=[32m"round"[39m
    [33mstroke-linejoin[39m=[32m"round"[39m
    [33mstroke-width[39m=[32m"2"[39m
    [33mviewBox[39m=[32m"0 0 24 24"[39m
    [33mwidth[39m=[32m"15"[39m
    [33mxmlns[39m=[32m"http://www.w3.org/2000/svg"[39m
  [36m>[39m
    [36m<path[39m
      [33md[39m=[32m"M12 3q1 4 4 6.5t3 5.5a1 1 0 0 1-14 0 5 5 0 0 1 1-3 1 1 0 0 0 5 0c0-2-1.5-3-1.5-5q0-2 2.5-4"[39m
    [36m/>[39m
  [36m</svg>[39m
  [0m1[0m
  [0m Day[0m
  [0m Streak[0m
[36m</div>[39m

(If this is intentional, then use the `*AllBy*` variant of the query (like `queryAllByText`, `getAllByText`, or `findAllByText`)).

Ignored nodes: comments, script, style
[36m<body>[39m
  [36m<div>[39m
    [36m<div[39m
      [33mclass[39m=[32m"main-content db-root"[39m
    [36m>[39m
      [36m<header[39m
        [33mclass[39m=[32m"db-header"[39m
      [36m>[39m
        [36m<div>[39m
          [36m<div[39m
            [33mclass[39m=[32m"db-namaste"[39m
          [36m>[39m
            [0mαñ¿αñ«αñ╕αÑìαññαÑç,[0m
          [36m</div>[39m
          [36m<h1[39m
            [33mclass[39m=[32m"db-name"[39m
          [36m>[39m
            [0mTestUser[0m
            [0m ≡ƒæï[0m
          [36m</h1>[39m
          [36m<p[39m
            [33mclass[39m=[32m"db-subtitle"[39m
          [36m>[39m
            [0mReady to continue your Hindi journey?[0m
          [36m</p>[39m
        [36m</div>[39m
        [36m<div[39m
          [33mclass[39m=[32m"db-header-right"[39m
        [36m>[39m
          [36m<div[39m
            [33mclass[39m=[32m"db-streak"[39m
          [36m>[39m
            [36m<svg[39m
              [33maria-hidden[39m=[32m"true"[39m
              [33mclass[39m=[32m"lucide lucide-flame"[39m
              [33mfill[39m=[32m"currentColor"[39m
              [33mheight[39m=[32m"15"[39m
              [33mstroke[39m=[32m"currentColor"[39m
              [33mstroke-linecap[39m=[32m"round"[39m
              [33mstroke-linejoin[39m=[32m"round"[39m
              [33mstroke-width[39m=[32m"2"[39m
              [33mviewBox[39m=[32m"0 0 24 24"[39m
              [33mwidth[39m=[32m"15"[39m
              [33mxmlns[39m=[32m"http://www.w3.org/2000/svg"[39m
            [36m>[39m
              [36m<path[39m
                [33md[39m=[32m"M12 3q1 4 4 6.5t3 5.5a1 1 0 0 1-14 0 5 5 0 0 1 1-3 1 1 0 0 0 5 0c0-2-1.5-3-1.5-5q0-2 2.5-4"[39m
              [36m/>[39m
            [36m</svg>[39m
            [0m1[0m
            [0m Day[0m
            [0m Streak[0m
          [36m</div>[39m
          [36m<div[39m
            [33mclass[39m=[32m"notification-container"[39m
          [36m>[39m
            [36m<div[39m
              [33mclass[39m=[32m"_nb"[39m
            [36m>[39m
              [36m<button[39m
                [33maria-label[39m=[32m"Notifications"[39m
                [33mclass[39m=[32m"db-icon-btn"[39m
              [36m>[39m
                [36m<svg[39m
                  [33maria-hidden[39m=[32m"true"[39m
                  [33mclass[39m=[32m"lucide lucide-bell"[39m
                  [33mfill[39m=[32m"none"[39m
                  [33mheight[39m=[32m"18"[39m
                  [33mstroke[39m=[32m"currentColor"[39m
                  [33mstroke-linecap[39m=[32m"round"[39m
                  [33mstroke-linejoin[39m=[32m"round"[39m
                  [33mstroke-width[39m=[32m"2"[39m
                  [33mviewBox[39m=[32m"0 0 24 24"[39m
                  [33mwidth[39m=[32m"18"[39m
                  [33mxmlns[39m=[32m"http://www.w3.org/2000/svg"[39m
                [36m>[39m
                  [36m<path[39m
                    [33md[39m=[32m"M10.268 21a2 2 0 0 0 3.464 0"[39m
                  [36m/>[39m
                  [36m<path[39m
                    [33md[39m=[32m"M3.262 15.326A1 1 0 0 0 4 17h16a1 1 0 0 0 .74-1.673C19.41 13.956 18 12.499 18 8A6 6 0 0 0 6 8c0 4.499-1.411 5.956-2.738 7.326"[39m
                  [36m/>[39m
                [36m</svg>[39m
              [36m</button>[39m
            [36m</div>[39m
          [36m</div>[39m
          [36m<div[39m
            [33mclass[39m=[32m"profile-avatar-container"[39m
          [36m>[39m
            [36m<div[39m
              [33mclass[39m=[32m"profile-avatar"[39m
              [33mstyle[39m=[32m"cursor: pointer;"[39m
            [36m>[39m
              [36m<img[39m
                [33malt[39m=[32m"User avatar"[39m
                [33msrc[39m=[32m"https://api.dicebear.com/7.x/avataaars/svg?seed=TestUser"[39m
                [33mstyle[39m=[32m"width: 100%; height: 100%; object-fit: cover; border-radius: 50%;"[39m
              [36m/>[39m
            [36m</div>[39m
          [36m</div>[39m
        [36m</div>[39m
      [36m</header>[39m
      [36m<div[39m
        [33mclass[39m=[32m"db-top-grid"[39m
      [36m>[39m
        [36m<div[39m
          [33mclass[39m=[32m"db-hero"[39m
        [36m>[39m
          [36m<span[39m
            [33mclass[39m=[32m"db-hero-badge"[39m
          [36m>[39m
            [0mΓåÆ CONTINUE LEARNING[0m
          [36m</span>[39m
          [36m<h2[39m
            [33mclass[39m=[32m"db-hero-title"[39m
          [36m>[39m
            [0mCommon Phrases[0m
          [36m</h2>[39m
          [36m<p[39m
            [33mclass[39m=[32m"db-hero-hindi"[39m
          [36m>[39m
            [0mαñåαñ« αñ╡αñ╛αñòαÑìαñ»αñ╛αñéαñ╢[0m
          [36m</p>[39m
          [36m<p[39m
            [33mclass[39m=[32m"db-hero-desc"[39m
          [36m>[39m
            [0mMaster 10 essential greetings for daily conversation[0m
          [36m</p>[39m
          [36m<button[39m
            [33mclass[39m=[32m"db-start-btn"[39m
          [36m>[39m
            [36m<svg[39m
              [33maria-hidden[39m=[32m"true"[39m
              [33mclass[39m=[32m"lucide lucide-circle-play"[39m
              [33mfill[39m=[32m"none"[39m
              [33mheight[39m=[32m"18"[39m
              [33mstroke[39m=[32m"currentColor"[39m
              [33mstroke-linecap[39m=[32m"round"[39m
              [33mstroke-linejoin[39m=[32m"round"[39m
              [33mstroke-width[39m=[32m"2"[39m
              [33mviewBox[39m=[32m"0 0 24 24"[39m
              [33mwidth[39m=[32m"18"[39m
              [33mxmlns[39m=[32m"http://www.w3.org/2000/svg"[39m
            [36m>[39m
              [36m<path[39m
                [33md[39m=[32m"M9 9.003a1 1 0 0 1 1.517-.859l4.997 2.997a1 1 0 0 1 0 1.718l-4.997 2.997A1 1 0 0 1 9 14.996z"[39m
              [36m/>[39m
              [36m<circle[39m
                [33mcx[39m=[32m"12"[39m
                [33mcy[39m=[32m"12"[39m
                [33mr[39m=[32m"10"[39m
              [36m/>[39m
            [36m</svg>[39m
            [0m START NOW[0m
          [36m</button>[39m
        [36m</div>[39m
        [36m<div[39m
          [33mclass[39m=[32m"db-right-col"[39m
        [36m>[39m
          [36m<div[39m
            [33mclass[39m=[32m"db-goal-card"[39m
          [36m>[39m
            [36m<div[39m
              [33mclass[39m=[32m"db-card-row"[39m
            [36m>[39m
              [36m<span[39m
                [33mclass[39m=[32m"db-label"[39m
              [36m>[39m
                [0mDaily Goal[0m
              [36m</span>[39m
            [36m</div>[39m
            [36m<div[39m
              [33mclass[39m=[32m"db-goal-body"[39m
            [36m>[39m
              [36m<div[39m
                [33mclass[3...
 Γ£ô src/tests/Community.test.jsx > Community Page ΓÇô Search Tests > Should display username with @ prefix in search results 214ms
 Γ£ô src/tests/Settings.test.jsx > Settings Component Tests > Should change daily goal to 5 minutes 197ms
 Γ£ô src/tests/LearningReport.test.jsx > LearningReport Component Tests > Overall Mastery View Tests > Should render Skill Proficiency card 224ms
 Γ£ô src/tests/Leaderboard.test.jsx > Leaderboard ΓÇô Top 3 Podium > Should display rank-2 username in podium 41ms
 Γ£ô src/tests/Leaderboard.test.jsx > Leaderboard ΓÇô Top 3 Podium > Should display rank-3 username in podium 57ms
 Γ£ô src/tests/AccessibilityWidget.test.jsx > AccessibilityWidget Component Tests > Theme Tests > Should call updatePreferences with light when Light clicked 91ms
 Γ£ô src/tests/ChatBot.test.jsx > ChatBot Component Tests > Input Field Tests > Send button should be enabled when input has text 327ms
 Γ£ô src/tests/ChatBot.test.jsx > ChatBot Component Tests > Input Field Tests > Send button should have correct aria-label 90ms
 Γ£ô src/tests/Sidebar.test.jsx > Sidebar Component Tests > Interaction Tests > Should handle rapid navigation clicks 318ms
 Γ£ô src/tests/Sidebar.test.jsx > Sidebar Component Tests > Interaction Tests > Should navigate even when sidebar is collapsed 88ms
 ├ù src/tests/Dashboard.test.jsx > Dashboard Component Tests > Should show 0 day streak when no lessons completed 170ms
   ΓåÆ Found multiple elements with the text: (content, element) => element.textContent.replace(/\s+/g, " ").includes("0 Days Streak") || element.textContent.replace(/\s+/g, " ").includes("0 Day Streak")

Here are the matching elements:

Ignored nodes: comments, script, style
[36m<body>[39m
  [36m<div>[39m
    [36m<div[39m
      [33mclass[39m=[32m"main-content db-root"[39m
    [36m>[39m
      [36m<header[39m
        [33mclass[39m=[32m"db-header"[39m
      [36m>[39m
        [36m<div>[39m
          [36m<div[39m
            [33mclass[39m=[32m"db-namaste"[39m
          [36m>[39m
            [0mαñ¿αñ«αñ╕αÑìαññαÑç,[0m
          [36m</div>[39m
          [36m<h1[39m
            [33mclass[39m=[32m"db-name"[39m
          [36m>[39m
            [0mTestUser[0m
            [0m ≡ƒæï[0m
          [36m</h1>[39m
          [36m<p[39m
            [33mclass[39m=[32m"db-subtitle"[39m
          [36m>[39m
            [0mReady to continue your Hindi journey?[0m
          [36m</p>[39m
        [36m</div>[39m
        [36m<div[39m
          [33mclass[39m=[32m"db-header-right"[39m
        [36m>[39m
          [36m<div[39m
            [33mclass[39m=[32m"db-streak"[39m
          [36m>[39m
            [36m<svg[39m
              [33maria-hidden[39m=[32m"true"[39m
              [33mclass[39m=[32m"lucide lucide-flame"[39m
              [33mfill[39m=[32m"currentColor"[39m
              [33mheight[39m=[32m"15"[39m
              [33mstroke[39m=[32m"currentColor"[39m
              [33mstroke-linecap[39m=[32m"round"[39m
              [33mstroke-linejoin[39m=[32m"round"[39m
              [33mstroke-width[39m=[32m"2"[39m
              [33mviewBox[39m=[32m"0 0 24 24"[39m
              [33mwidth[39m=[32m"15"[39m
              [33mxmlns[39m=[32m"http://www.w3.org/2000/svg"[39m
            [36m>[39m
              [36m<path[39m
                [33md[39m=[32m"M12 3q1 4 4 6.5t3 5.5a1 1 0 0 1-14 0 5 5 0 0 1 1-3 1 1 0 0 0 5 0c0-2-1.5-3-1.5-5q0-2 2.5-4"[39m
              [36m/>[39m
            [36m</svg>[39m
            [0m0[0m
            [0m Day[0m
            [0ms[0m
            [0m Streak[0m
          [36m</div>[39m
          [36m<div[39m
            [33mclass[39m=[32m"notification-container"[39m
          [36m>[39m
            [36m<div[39m
              [33mclass[39m=[32m"_nb"[39m
            [36m>[39m
              [36m<button[39m
                [33maria-label[39m=[32m"Notifications"[39m
                [33mclass[39m=[32m"db-icon-btn"[39m
              [36m>[39m
                [36m<svg[39m
                  [33maria-hidden[39m=[32m"true"[39m
                  [33mclass[39m=[32m"lucide lucide-bell"[39m
                  [33mfill[39m=[32m"none"[39m
                  [33mheight[39m=[32m"18"[39m
                  [33mstroke[39m=[32m"currentColor"[39m
                  [33mstroke-linecap[39m=[32m"round"[39m
                  [33mstroke-linejoin[39m=[32m"round"[39m
                  [33mstroke-width[39m=[32m"2"[39m
                  [33mviewBox[39m=[32m"0 0 24 24"[39m
                  [33mwidth[39m=[32m"18"[39m
                  [33mxmlns[39m=[32m"http://www.w3.org/2000/svg"[39m
                [36m>[39m
                  [36m<path[39m
                    [33md[39m=[32m"M10.268 21a2 2 0 0 0 3.464 0"[39m
                  [36m/>[39m
                  [36m<path[39m
                    [33md[39m=[32m"M3.262 15.326A1 1 0 0 0 4 17h16a1 1 0 0 0 .74-1.673C19.41 13.956 18 12.499 18 8A6 6 0 0 0 6 8c0 4.499-1.411 5.956-2.738 7.326"[39m
                  [36m/>[39m
                [36m</svg>[39m
              [36m</button>[39m
            [36m</div>[39m
          [36m</div>[39m
          [36m<div[39m
            [33mclass[39m=[32m"profile-avatar-container"[39m
          [36m>[39m
            [36m<div[39m
              [33mclass[39m=[32m"profile-avatar"[39m
              [33mstyle[39m=[32m"cursor: pointer;"[39m
            [36m>[39m
              [36m<img[39m
                [33malt[39m=[32m"User avatar"[39m
                [33msrc[39m=[32m"https://api.dicebear.com/7.x/avataaars/svg?seed=TestUser"[39m
                [33mstyle[39m=[32m"width: 100%; height: 100%; object-fit: cover; border-radius: 50%;"[39m
              [36m/>[39m
            [36m</div>[39m
          [36m</div>[39m
        [36m</div>[39m
      [36m</header>[39m
      [36m<div[39m
        [33mclass[39m=[32m"db-top-grid"[39m
      [36m>[39m
        [36m<div[39m
          [33mclass[39m=[32m"db-hero"[39m
        [36m>[39m
          [36m<span[39m
            [33mclass[39m=[32m"db-hero-badge"[39m
          [36m>[39m
            [0mΓåÆ CONTINUE LEARNING[0m
          [36m</span>[39m
          [36m<h2[39m
            [33mclass[39m=[32m"db-hero-title"[39m
          [36m>[39m
            [0mCommon Phrases[0m
          [36m</h2>[39m
          [36m<p[39m
            [33mclass[39m=[32m"db-hero-hindi"[39m
          [36m>[39m
            [0mαñåαñ« αñ╡αñ╛αñòαÑìαñ»αñ╛αñéαñ╢[0m
          [36m</p>[39m
          [36m<p[39m
            [33mclass[39m=[32m"db-hero-desc"[39m
          [36m>[39m
            [0mMaster 10 essential greetings for daily conversation[0m
          [36m</p>[39m
          [36m<button[39m
            [33mclass[39m=[32m"db-start-btn"[39m
          [36m>[39m
            [36m<svg[39m
              [33maria-hidden[39m=[32m"true"[39m
              [33mclass[39m=[32m"lucide lucide-circle-play"[39m
              [33mfill[39m=[32m"none"[39m
              [33mheight[39m=[32m"18"[39m
              [33mstroke[39m=[32m"currentColor"[39m
              [33mstroke-linecap[39m=[32m"round"[39m
              [33mstroke-linejoin[39m=[32m"round"[39m
              [33mstroke-width[39m=[32m"2"[39m
              [33mviewBox[39m=[32m"0 0 24 24"[39m
              [33mwidth[39m=[32m"18"[39m
              [33mxmlns[39m=[32m"http://www.w3.org/2000/svg"[39m
            [36m>[39m
              [36m<path[39m
                [33md[39m=[32m"M9 9.003a1 1 0 0 1 1.517-.859l4.997 2.997a1 1 0 0 1 0 1.718l-4.997 2.997A1 1 0 0 1 9 14.996z"[39m
              [36m/>[39m
              [36m<circle[39m
                [33mcx[39m=[32m"12"[39m
                [33mcy[39m=[32m"12"[39m
                [33mr[39m=[32m"10"[39m
              [36m/>[39m
            [36m</svg>[39m
            [0m START NOW[0m
          [36m</button>[39m
        [36m</div>[39m
        [36m<div[39m
          [33mclass[39m=[32m"db-right-col"[39m
        [36m>[39m
          [36m<div[39m
            [33mclass[39m=[32m"db-goal-card"[39m
          [36m>[39m
            [36m<div[39m
              [33mclass[39m=[32m"db-card-row"[39m
            [36m>[39m
              [36m<span[39m
                [33mclass[39m=[32m"db-label"[39m
              [36m>[39m
                [0mDaily Goal[0m
              [36m</span>[39m
            [36m</div>[39m
            [36m<div[39m
              [33mclass[39m=[32m"db-goal-body"[39m
            [36m>[39m
              [36m<div[39m
       ...

Ignored nodes: comments, script, style
[36m<div>[39m
  [36m<div[39m
    [33mclass[39m=[32m"main-content db-root"[39m
  [36m>[39m
    [36m<header[39m
      [33mclass[39m=[32m"db-header"[39m
    [36m>[39m
      [36m<div>[39m
        [36m<div[39m
          [33mclass[39m=[32m"db-namaste"[39m
        [36m>[39m
          [0mαñ¿αñ«αñ╕αÑìαññαÑç,[0m
        [36m</div>[39m
        [36m<h1[39m
          [33mclass[39m=[32m"db-name"[39m
        [36m>[39m
          [0mTestUser[0m
          [0m ≡ƒæï[0m
        [36m</h1>[39m
        [36m<p[39m
          [33mclass[39m=[32m"db-subtitle"[39m
        [36m>[39m
          [0mReady to continue your Hindi journey?[0m
        [36m</p>[39m
      [36m</div>[39m
      [36m<div[39m
        [33mclass[39m=[32m"db-header-right"[39m
      [36m>[39m
        [36m<div[39m
          [33mclass[39m=[32m"db-streak"[39m
        [36m>[39m
          [36m<svg[39m
            [33maria-hidden[39m=[32m"true"[39m
            [33mclass[39m=[32m"lucide lucide-flame"[39m
            [33mfill[39m=[32m"currentColor"[39m
            [33mheight[39m=[32m"15"[39m
            [33mstroke[39m=[32m"currentColor"[39m
            [33mstroke-linecap[39m=[32m"round"[39m
            [33mstroke-linejoin[39m=[32m"round"[39m
            [33mstroke-width[39m=[32m"2"[39m
            [33mviewBox[39m=[32m"0 0 24 24"[39m
            [33mwidth[39m=[32m"15"[39m
            [33mxmlns[39m=[32m"http://www.w3.org/2000/svg"[39m
          [36m>[39m
            [36m<path[39m
              [33md[39m=[32m"M12 3q1 4 4 6.5t3 5.5a1 1 0 0 1-14 0 5 5 0 0 1 1-3 1 1 0 0 0 5 0c0-2-1.5-3-1.5-5q0-2 2.5-4"[39m
            [36m/>[39m
          [36m</svg>[39m
          [0m0[0m
          [0m Day[0m
          [0ms[0m
          [0m Streak[0m
        [36m</div>[39m
        [36m<div[39m
          [33mclass[39m=[32m"notification-container"[39m
        [36m>[39m
          [36m<div[39m
            [33mclass[39m=[32m"_nb"[39m
          [36m>[39m
            [36m<button[39m
              [33maria-label[39m=[32m"Notifications"[39m
              [33mclass[39m=[32m"db-icon-btn"[39m
            [36m>[39m
              [36m<svg[39m
                [33maria-hidden[39m=[32m"true"[39m
                [33mclass[39m=[32m"lucide lucide-bell"[39m
                [33mfill[39m=[32m"none"[39m
                [33mheight[39m=[32m"18"[39m
                [33mstroke[39m=[32m"currentColor"[39m
                [33mstroke-linecap[39m=[32m"round"[39m
                [33mstroke-linejoin[39m=[32m"round"[39m
                [33mstroke-width[39m=[32m"2"[39m
                [33mviewBox[39m=[32m"0 0 24 24"[39m
                [33mwidth[39m=[32m"18"[39m
                [33mxmlns[39m=[32m"http://www.w3.org/2000/svg"[39m
              [36m>[39m
                [36m<path[39m
                  [33md[39m=[32m"M10.268 21a2 2 0 0 0 3.464 0"[39m
                [36m/>[39m
                [36m<path[39m
                  [33md[39m=[32m"M3.262 15.326A1 1 0 0 0 4 17h16a1 1 0 0 0 .74-1.673C19.41 13.956 18 12.499 18 8A6 6 0 0 0 6 8c0 4.499-1.411 5.956-2.738 7.326"[39m
                [36m/>[39m
              [36m</svg>[39m
            [36m</button>[39m
          [36m</div>[39m
        [36m</div>[39m
        [36m<div[39m
          [33mclass[39m=[32m"profile-avatar-container"[39m
        [36m>[39m
          [36m<div[39m
            [33mclass[39m=[32m"profile-avatar"[39m
            [33mstyle[39m=[32m"cursor: pointer;"[39m
          [36m>[39m
            [36m<img[39m
              [33malt[39m=[32m"User avatar"[39m
              [33msrc[39m=[32m"https://api.dicebear.com/7.x/avataaars/svg?seed=TestUser"[39m
              [33mstyle[39m=[32m"width: 100%; height: 100%; object-fit: cover; border-radius: 50%;"[39m
            [36m/>[39m
          [36m</div>[39m
        [36m</div>[39m
      [36m</div>[39m
    [36m</header>[39m
    [36m<div[39m
      [33mclass[39m=[32m"db-top-grid"[39m
    [36m>[39m
      [36m<div[39m
        [33mclass[39m=[32m"db-hero"[39m
      [36m>[39m
        [36m<span[39m
          [33mclass[39m=[32m"db-hero-badge"[39m
        [36m>[39m
          [0mΓåÆ CONTINUE LEARNING[0m
        [36m</span>[39m
        [36m<h2[39m
          [33mclass[39m=[32m"db-hero-title"[39m
        [36m>[39m
          [0mCommon Phrases[0m
        [36m</h2>[39m
        [36m<p[39m
          [33mclass[39m=[32m"db-hero-hindi"[39m
        [36m>[39m
          [0mαñåαñ« αñ╡αñ╛αñòαÑìαñ»αñ╛αñéαñ╢[0m
        [36m</p>[39m
        [36m<p[39m
          [33mclass[39m=[32m"db-hero-desc"[39m
        [36m>[39m
          [0mMaster 10 essential greetings for daily conversation[0m
        [36m</p>[39m
        [36m<button[39m
          [33mclass[39m=[32m"db-start-btn"[39m
        [36m>[39m
          [36m<svg[39m
            [33maria-hidden[39m=[32m"true"[39m
            [33mclass[39m=[32m"lucide lucide-circle-play"[39m
            [33mfill[39m=[32m"none"[39m
            [33mheight[39m=[32m"18"[39m
            [33mstroke[39m=[32m"currentColor"[39m
            [33mstroke-linecap[39m=[32m"round"[39m
            [33mstroke-linejoin[39m=[32m"round"[39m
            [33mstroke-width[39m=[32m"2"[39m
            [33mviewBox[39m=[32m"0 0 24 24"[39m
            [33mwidth[39m=[32m"18"[39m
            [33mxmlns[39m=[32m"http://www.w3.org/2000/svg"[39m
          [36m>[39m
            [36m<path[39m
              [33md[39m=[32m"M9 9.003a1 1 0 0 1 1.517-.859l4.997 2.997a1 1 0 0 1 0 1.718l-4.997 2.997A1 1 0 0 1 9 14.996z"[39m
            [36m/>[39m
            [36m<circle[39m
              [33mcx[39m=[32m"12"[39m
              [33mcy[39m=[32m"12"[39m
              [33mr[39m=[32m"10"[39m
            [36m/>[39m
          [36m</svg>[39m
          [0m START NOW[0m
        [36m</button>[39m
      [36m</div>[39m
      [36m<div[39m
        [33mclass[39m=[32m"db-right-col"[39m
      [36m>[39m
        [36m<div[39m
          [33mclass[39m=[32m"db-goal-card"[39m
        [36m>[39m
          [36m<div[39m
            [33mclass[39m=[32m"db-card-row"[39m
          [36m>[39m
            [36m<span[39m
              [33mclass[39m=[32m"db-label"[39m
            [36m>[39m
              [0mDaily Goal[0m
            [36m</span>[39m
          [36m</div>[39m
          [36m<div[39m
            [33mclass[39m=[32m"db-goal-body"[39m
          [36m>[39m
            [36m<div[39m
              [33mclass[39m=[32m"progress-ring"[39m
            [36m>[39m
              [36m<svg[39m
                [33mheight[39m=[32m"72"[39m
                [33mwidth[39m=[32m"72"[39m
              [36m>[39m
                [36m<circle[39m
                  [33mclass[39m=[32m"ring-bg"[39m
                  [33mcx[39m=[32m"36"[39m
          ...

Ignored nodes: comments, script, style
[36m<div[39m
  [33mclass[39m=[32m"main-content db-root"[39m
[36m>[39m
  [36m<header[39m
    [33mclass[39m=[32m"db-header"[39m
  [36m>[39m
    [36m<div>[39m
      [36m<div[39m
        [33mclass[39m=[32m"db-namaste"[39m
      [36m>[39m
        [0mαñ¿αñ«αñ╕αÑìαññαÑç,[0m
      [36m</div>[39m
      [36m<h1[39m
        [33mclass[39m=[32m"db-name"[39m
      [36m>[39m
        [0mTestUser[0m
        [0m ≡ƒæï[0m
      [36m</h1>[39m
      [36m<p[39m
        [33mclass[39m=[32m"db-subtitle"[39m
      [36m>[39m
        [0mReady to continue your Hindi journey?[0m
      [36m</p>[39m
    [36m</div>[39m
    [36m<div[39m
      [33mclass[39m=[32m"db-header-right"[39m
    [36m>[39m
      [36m<div[39m
        [33mclass[39m=[32m"db-streak"[39m
      [36m>[39m
        [36m<svg[39m
          [33maria-hidden[39m=[32m"true"[39m
          [33mclass[39m=[32m"lucide lucide-flame"[39m
          [33mfill[39m=[32m"currentColor"[39m
          [33mheight[39m=[32m"15"[39m
          [33mstroke[39m=[32m"currentColor"[39m
          [33mstroke-linecap[39m=[32m"round"[39m
          [33mstroke-linejoin[39m=[32m"round"[39m
          [33mstroke-width[39m=[32m"2"[39m
          [33mviewBox[39m=[32m"0 0 24 24"[39m
          [33mwidth[39m=[32m"15"[39m
          [33mxmlns[39m=[32m"http://www.w3.org/2000/svg"[39m
        [36m>[39m
          [36m<path[39m
            [33md[39m=[32m"M12 3q1 4 4 6.5t3 5.5a1 1 0 0 1-14 0 5 5 0 0 1 1-3 1 1 0 0 0 5 0c0-2-1.5-3-1.5-5q0-2 2.5-4"[39m
          [36m/>[39m
        [36m</svg>[39m
        [0m0[0m
        [0m Day[0m
        [0ms[0m
        [0m Streak[0m
      [36m</div>[39m
      [36m<div[39m
        [33mclass[39m=[32m"notification-container"[39m
      [36m>[39m
        [36m<div[39m
          [33mclass[39m=[32m"_nb"[39m
        [36m>[39m
          [36m<button[39m
            [33maria-label[39m=[32m"Notifications"[39m
            [33mclass[39m=[32m"db-icon-btn"[39m
          [36m>[39m
            [36m<svg[39m
              [33maria-hidden[39m=[32m"true"[39m
              [33mclass[39m=[32m"lucide lucide-bell"[39m
              [33mfill[39m=[32m"none"[39m
              [33mheight[39m=[32m"18"[39m
              [33mstroke[39m=[32m"currentColor"[39m
              [33mstroke-linecap[39m=[32m"round"[39m
              [33mstroke-linejoin[39m=[32m"round"[39m
              [33mstroke-width[39m=[32m"2"[39m
              [33mviewBox[39m=[32m"0 0 24 24"[39m
              [33mwidth[39m=[32m"18"[39m
              [33mxmlns[39m=[32m"http://www.w3.org/2000/svg"[39m
            [36m>[39m
              [36m<path[39m
                [33md[39m=[32m"M10.268 21a2 2 0 0 0 3.464 0"[39m
              [36m/>[39m
              [36m<path[39m
                [33md[39m=[32m"M3.262 15.326A1 1 0 0 0 4 17h16a1 1 0 0 0 .74-1.673C19.41 13.956 18 12.499 18 8A6 6 0 0 0 6 8c0 4.499-1.411 5.956-2.738 7.326"[39m
              [36m/>[39m
            [36m</svg>[39m
          [36m</button>[39m
        [36m</div>[39m
      [36m</div>[39m
      [36m<div[39m
        [33mclass[39m=[32m"profile-avatar-container"[39m
      [36m>[39m
        [36m<div[39m
          [33mclass[39m=[32m"profile-avatar"[39m
          [33mstyle[39m=[32m"cursor: pointer;"[39m
        [36m>[39m
          [36m<img[39m
            [33malt[39m=[32m"User avatar"[39m
            [33msrc[39m=[32m"https://api.dicebear.com/7.x/avataaars/svg?seed=TestUser"[39m
            [33mstyle[39m=[32m"width: 100%; height: 100%; object-fit: cover; border-radius: 50%;"[39m
          [36m/>[39m
        [36m</div>[39m
      [36m</div>[39m
    [36m</div>[39m
  [36m</header>[39m
  [36m<div[39m
    [33mclass[39m=[32m"db-top-grid"[39m
  [36m>[39m
    [36m<div[39m
      [33mclass[39m=[32m"db-hero"[39m
    [36m>[39m
      [36m<span[39m
        [33mclass[39m=[32m"db-hero-badge"[39m
      [36m>[39m
        [0mΓåÆ CONTINUE LEARNING[0m
      [36m</span>[39m
      [36m<h2[39m
        [33mclass[39m=[32m"db-hero-title"[39m
      [36m>[39m
        [0mCommon Phrases[0m
      [36m</h2>[39m
      [36m<p[39m
        [33mclass[39m=[32m"db-hero-hindi"[39m
      [36m>[39m
        [0mαñåαñ« αñ╡αñ╛αñòαÑìαñ»αñ╛αñéαñ╢[0m
      [36m</p>[39m
      [36m<p[39m
        [33mclass[39m=[32m"db-hero-desc"[39m
      [36m>[39m
        [0mMaster 10 essential greetings for daily conversation[0m
      [36m</p>[39m
      [36m<button[39m
        [33mclass[39m=[32m"db-start-btn"[39m
      [36m>[39m
        [36m<svg[39m
          [33maria-hidden[39m=[32m"true"[39m
          [33mclass[39m=[32m"lucide lucide-circle-play"[39m
          [33mfill[39m=[32m"none"[39m
          [33mheight[39m=[32m"18"[39m
          [33mstroke[39m=[32m"currentColor"[39m
          [33mstroke-linecap[39m=[32m"round"[39m
          [33mstroke-linejoin[39m=[32m"round"[39m
          [33mstroke-width[39m=[32m"2"[39m
          [33mviewBox[39m=[32m"0 0 24 24"[39m
          [33mwidth[39m=[32m"18"[39m
          [33mxmlns[39m=[32m"http://www.w3.org/2000/svg"[39m
        [36m>[39m
          [36m<path[39m
            [33md[39m=[32m"M9 9.003a1 1 0 0 1 1.517-.859l4.997 2.997a1 1 0 0 1 0 1.718l-4.997 2.997A1 1 0 0 1 9 14.996z"[39m
          [36m/>[39m
          [36m<circle[39m
            [33mcx[39m=[32m"12"[39m
            [33mcy[39m=[32m"12"[39m
            [33mr[39m=[32m"10"[39m
          [36m/>[39m
        [36m</svg>[39m
        [0m START NOW[0m
      [36m</button>[39m
    [36m</div>[39m
    [36m<div[39m
      [33mclass[39m=[32m"db-right-col"[39m
    [36m>[39m
      [36m<div[39m
        [33mclass[39m=[32m"db-goal-card"[39m
      [36m>[39m
        [36m<div[39m
          [33mclass[39m=[32m"db-card-row"[39m
        [36m>[39m
          [36m<span[39m
            [33mclass[39m=[32m"db-label"[39m
          [36m>[39m
            [0mDaily Goal[0m
          [36m</span>[39m
        [36m</div>[39m
        [36m<div[39m
          [33mclass[39m=[32m"db-goal-body"[39m
        [36m>[39m
          [36m<div[39m
            [33mclass[39m=[32m"progress-ring"[39m
          [36m>[39m
            [36m<svg[39m
              [33mheight[39m=[32m"72"[39m
              [33mwidth[39m=[32m"72"[39m
            [36m>[39m
              [36m<circle[39m
                [33mclass[39m=[32m"ring-bg"[39m
                [33mcx[39m=[32m"36"[39m
                [33mcy[39m=[32m"36"[39m
                [33mr[39m=[32m"30"[39m
              [36m/>[39m
              [36m<circle[39m
                [33mclass[39m=[32m"ring-fill"[39m
                [33mcx[39m=[32m"36"[39m
                [33mcy[39m=[32m"36"[39m
                [33mr[39m=[32m"30"[39m
                [33mstyle[39m=[32m"stroke-dasharray: 188; ...

Ignored nodes: comments, script, style
[36m<header[39m
  [33mclass[39m=[32m"db-header"[39m
[36m>[39m
  [36m<div>[39m
    [36m<div[39m
      [33mclass[39m=[32m"db-namaste"[39m
    [36m>[39m
      [0mαñ¿αñ«αñ╕αÑìαññαÑç,[0m
    [36m</div>[39m
    [36m<h1[39m
      [33mclass[39m=[32m"db-name"[39m
    [36m>[39m
      [0mTestUser[0m
      [0m ≡ƒæï[0m
    [36m</h1>[39m
    [36m<p[39m
      [33mclass[39m=[32m"db-subtitle"[39m
    [36m>[39m
      [0mReady to continue your Hindi journey?[0m
    [36m</p>[39m
  [36m</div>[39m
  [36m<div[39m
    [33mclass[39m=[32m"db-header-right"[39m
  [36m>[39m
    [36m<div[39m
      [33mclass[39m=[32m"db-streak"[39m
    [36m>[39m
      [36m<svg[39m
        [33maria-hidden[39m=[32m"true"[39m
        [33mclass[39m=[32m"lucide lucide-flame"[39m
        [33mfill[39m=[32m"currentColor"[39m
        [33mheight[39m=[32m"15"[39m
        [33mstroke[39m=[32m"currentColor"[39m
        [33mstroke-linecap[39m=[32m"round"[39m
        [33mstroke-linejoin[39m=[32m"round"[39m
        [33mstroke-width[39m=[32m"2"[39m
        [33mviewBox[39m=[32m"0 0 24 24"[39m
        [33mwidth[39m=[32m"15"[39m
        [33mxmlns[39m=[32m"http://www.w3.org/2000/svg"[39m
      [36m>[39m
        [36m<path[39m
          [33md[39m=[32m"M12 3q1 4 4 6.5t3 5.5a1 1 0 0 1-14 0 5 5 0 0 1 1-3 1 1 0 0 0 5 0c0-2-1.5-3-1.5-5q0-2 2.5-4"[39m
        [36m/>[39m
      [36m</svg>[39m
      [0m0[0m
      [0m Day[0m
      [0ms[0m
      [0m Streak[0m
    [36m</div>[39m
    [36m<div[39m
      [33mclass[39m=[32m"notification-container"[39m
    [36m>[39m
      [36m<div[39m
        [33mclass[39m=[32m"_nb"[39m
      [36m>[39m
        [36m<button[39m
          [33maria-label[39m=[32m"Notifications"[39m
          [33mclass[39m=[32m"db-icon-btn"[39m
        [36m>[39m
          [36m<svg[39m
            [33maria-hidden[39m=[32m"true"[39m
            [33mclass[39m=[32m"lucide lucide-bell"[39m
            [33mfill[39m=[32m"none"[39m
            [33mheight[39m=[32m"18"[39m
            [33mstroke[39m=[32m"currentColor"[39m
            [33mstroke-linecap[39m=[32m"round"[39m
            [33mstroke-linejoin[39m=[32m"round"[39m
            [33mstroke-width[39m=[32m"2"[39m
            [33mviewBox[39m=[32m"0 0 24 24"[39m
            [33mwidth[39m=[32m"18"[39m
            [33mxmlns[39m=[32m"http://www.w3.org/2000/svg"[39m
          [36m>[39m
            [36m<path[39m
              [33md[39m=[32m"M10.268 21a2 2 0 0 0 3.464 0"[39m
            [36m/>[39m
            [36m<path[39m
              [33md[39m=[32m"M3.262 15.326A1 1 0 0 0 4 17h16a1 1 0 0 0 .74-1.673C19.41 13.956 18 12.499 18 8A6 6 0 0 0 6 8c0 4.499-1.411 5.956-2.738 7.326"[39m
            [36m/>[39m
          [36m</svg>[39m
        [36m</button>[39m
      [36m</div>[39m
    [36m</div>[39m
    [36m<div[39m
      [33mclass[39m=[32m"profile-avatar-container"[39m
    [36m>[39m
      [36m<div[39m
        [33mclass[39m=[32m"profile-avatar"[39m
        [33mstyle[39m=[32m"cursor: pointer;"[39m
      [36m>[39m
        [36m<img[39m
          [33malt[39m=[32m"User avatar"[39m
          [33msrc[39m=[32m"https://api.dicebear.com/7.x/avataaars/svg?seed=TestUser"[39m
          [33mstyle[39m=[32m"width: 100%; height: 100%; object-fit: cover; border-radius: 50%;"[39m
        [36m/>[39m
      [36m</div>[39m
    [36m</div>[39m
  [36m</div>[39m
[36m</header>[39m

Ignored nodes: comments, script, style
[36m<div[39m
  [33mclass[39m=[32m"db-header-right"[39m
[36m>[39m
  [36m<div[39m
    [33mclass[39m=[32m"db-streak"[39m
  [36m>[39m
    [36m<svg[39m
      [33maria-hidden[39m=[32m"true"[39m
      [33mclass[39m=[32m"lucide lucide-flame"[39m
      [33mfill[39m=[32m"currentColor"[39m
      [33mheight[39m=[32m"15"[39m
      [33mstroke[39m=[32m"currentColor"[39m
      [33mstroke-linecap[39m=[32m"round"[39m
      [33mstroke-linejoin[39m=[32m"round"[39m
      [33mstroke-width[39m=[32m"2"[39m
      [33mviewBox[39m=[32m"0 0 24 24"[39m
      [33mwidth[39m=[32m"15"[39m
      [33mxmlns[39m=[32m"http://www.w3.org/2000/svg"[39m
    [36m>[39m
      [36m<path[39m
        [33md[39m=[32m"M12 3q1 4 4 6.5t3 5.5a1 1 0 0 1-14 0 5 5 0 0 1 1-3 1 1 0 0 0 5 0c0-2-1.5-3-1.5-5q0-2 2.5-4"[39m
      [36m/>[39m
    [36m</svg>[39m
    [0m0[0m
    [0m Day[0m
    [0ms[0m
    [0m Streak[0m
  [36m</div>[39m
  [36m<div[39m
    [33mclass[39m=[32m"notification-container"[39m
  [36m>[39m
    [36m<div[39m
      [33mclass[39m=[32m"_nb"[39m
    [36m>[39m
      [36m<button[39m
        [33maria-label[39m=[32m"Notifications"[39m
        [33mclass[39m=[32m"db-icon-btn"[39m
      [36m>[39m
        [36m<svg[39m
          [33maria-hidden[39m=[32m"true"[39m
          [33mclass[39m=[32m"lucide lucide-bell"[39m
          [33mfill[39m=[32m"none"[39m
          [33mheight[39m=[32m"18"[39m
          [33mstroke[39m=[32m"currentColor"[39m
          [33mstroke-linecap[39m=[32m"round"[39m
          [33mstroke-linejoin[39m=[32m"round"[39m
          [33mstroke-width[39m=[32m"2"[39m
          [33mviewBox[39m=[32m"0 0 24 24"[39m
          [33mwidth[39m=[32m"18"[39m
          [33mxmlns[39m=[32m"http://www.w3.org/2000/svg"[39m
        [36m>[39m
          [36m<path[39m
            [33md[39m=[32m"M10.268 21a2 2 0 0 0 3.464 0"[39m
          [36m/>[39m
          [36m<path[39m
            [33md[39m=[32m"M3.262 15.326A1 1 0 0 0 4 17h16a1 1 0 0 0 .74-1.673C19.41 13.956 18 12.499 18 8A6 6 0 0 0 6 8c0 4.499-1.411 5.956-2.738 7.326"[39m
          [36m/>[39m
        [36m</svg>[39m
      [36m</button>[39m
    [36m</div>[39m
  [36m</div>[39m
  [36m<div[39m
    [33mclass[39m=[32m"profile-avatar-container"[39m
  [36m>[39m
    [36m<div[39m
      [33mclass[39m=[32m"profile-avatar"[39m
      [33mstyle[39m=[32m"cursor: pointer;"[39m
    [36m>[39m
      [36m<img[39m
        [33malt[39m=[32m"User avatar"[39m
        [33msrc[39m=[32m"https://api.dicebear.com/7.x/avataaars/svg?seed=TestUser"[39m
        [33mstyle[39m=[32m"width: 100%; height: 100%; object-fit: cover; border-radius: 50%;"[39m
      [36m/>[39m
    [36m</div>[39m
  [36m</div>[39m
[36m</div>[39m

Ignored nodes: comments, script, style
[36m<div[39m
  [33mclass[39m=[32m"db-streak"[39m
[36m>[39m
  [36m<svg[39m
    [33maria-hidden[39m=[32m"true"[39m
    [33mclass[39m=[32m"lucide lucide-flame"[39m
    [33mfill[39m=[32m"currentColor"[39m
    [33mheight[39m=[32m"15"[39m
    [33mstroke[39m=[32m"currentColor"[39m
    [33mstroke-linecap[39m=[32m"round"[39m
    [33mstroke-linejoin[39m=[32m"round"[39m
    [33mstroke-width[39m=[32m"2"[39m
    [33mviewBox[39m=[32m"0 0 24 24"[39m
    [33mwidth[39m=[32m"15"[39m
    [33mxmlns[39m=[32m"http://www.w3.org/2000/svg"[39m
  [36m>[39m
    [36m<path[39m
      [33md[39m=[32m"M12 3q1 4 4 6.5t3 5.5a1 1 0 0 1-14 0 5 5 0 0 1 1-3 1 1 0 0 0 5 0c0-2-1.5-3-1.5-5q0-2 2.5-4"[39m
    [36m/>[39m
  [36m</svg>[39m
  [0m0[0m
  [0m Day[0m
  [0ms[0m
  [0m Streak[0m
[36m</div>[39m

(If this is intentional, then use the `*AllBy*` variant of the query (like `queryAllByText`, `getAllByText`, or `findAllByText`)).

Ignored nodes: comments, script, style
[36m<body>[39m
  [36m<div>[39m
    [36m<div[39m
      [33mclass[39m=[32m"main-content db-root"[39m
    [36m>[39m
      [36m<header[39m
        [33mclass[39m=[32m"db-header"[39m
      [36m>[39m
        [36m<div>[39m
          [36m<div[39m
            [33mclass[39m=[32m"db-namaste"[39m
          [36m>[39m
            [0mαñ¿αñ«αñ╕αÑìαññαÑç,[0m
          [36m</div>[39m
          [36m<h1[39m
            [33mclass[39m=[32m"db-name"[39m
          [36m>[39m
            [0mTestUser[0m
            [0m ≡ƒæï[0m
          [36m</h1>[39m
          [36m<p[39m
            [33mclass[39m=[32m"db-subtitle"[39m
          [36m>[39m
            [0mReady to continue your Hindi journey?[0m
          [36m</p>[39m
        [36m</div>[39m
        [36m<div[39m
          [33mclass[39m=[32m"db-header-right"[39m
        [36m>[39m
          [36m<div[39m
            [33mclass[39m=[32m"db-streak"[39m
          [36m>[39m
            [36m<svg[39m
              [33maria-hidden[39m=[32m"true"[39m
              [33mclass[39m=[32m"lucide lucide-flame"[39m
              [33mfill[39m=[32m"currentColor"[39m
              [33mheight[39m=[32m"15"[39m
              [33mstroke[39m=[32m"currentColor"[39m
              [33mstroke-linecap[39m=[32m"round"[39m
              [33mstroke-linejoin[39m=[32m"round"[39m
              [33mstroke-width[39m=[32m"2"[39m
              [33mviewBox[39m=[32m"0 0 24 24"[39m
              [33mwidth[39m=[32m"15"[39m
              [33mxmlns[39m=[32m"http://www.w3.org/2000/svg"[39m
            [36m>[39m
              [36m<path[39m
                [33md[39m=[32m"M12 3q1 4 4 6.5t3 5.5a1 1 0 0 1-14 0 5 5 0 0 1 1-3 1 1 0 0 0 5 0c0-2-1.5-3-1.5-5q0-2 2.5-4"[39m
              [36m/>[39m
            [36m</svg>[39m
            [0m0[0m
            [0m Day[0m
            [0ms[0m
            [0m Streak[0m
          [36m</div>[39m
          [36m<div[39m
            [33mclass[39m=[32m"notification-container"[39m
          [36m>[39m
            [36m<div[39m
              [33mclass[39m=[32m"_nb"[39m
            [36m>[39m
              [36m<button[39m
                [33maria-label[39m=[32m"Notifications"[39m
                [33mclass[39m=[32m"db-icon-btn"[39m
              [36m>[39m
                [36m<svg[39m
                  [33maria-hidden[39m=[32m"true"[39m
                  [33mclass[39m=[32m"lucide lucide-bell"[39m
                  [33mfill[39m=[32m"none"[39m
                  [33mheight[39m=[32m"18"[39m
                  [33mstroke[39m=[32m"currentColor"[39m
                  [33mstroke-linecap[39m=[32m"round"[39m
                  [33mstroke-linejoin[39m=[32m"round"[39m
                  [33mstroke-width[39m=[32m"2"[39m
                  [33mviewBox[39m=[32m"0 0 24 24"[39m
                  [33mwidth[39m=[32m"18"[39m
                  [33mxmlns[39m=[32m"http://www.w3.org/2000/svg"[39m
                [36m>[39m
                  [36m<path[39m
                    [33md[39m=[32m"M10.268 21a2 2 0 0 0 3.464 0"[39m
                  [36m/>[39m
                  [36m<path[39m
                    [33md[39m=[32m"M3.262 15.326A1 1 0 0 0 4 17h16a1 1 0 0 0 .74-1.673C19.41 13.956 18 12.499 18 8A6 6 0 0 0 6 8c0 4.499-1.411 5.956-2.738 7.326"[39m
                  [36m/>[39m
                [36m</svg>[39m
              [36m</button>[39m
            [36m</div>[39m
          [36m</div>[39m
          [36m<div[39m
            [33mclass[39m=[32m"profile-avatar-container"[39m
          [36m>[39m
            [36m<div[39m
              [33mclass[39m=[32m"profile-avatar"[39m
              [33mstyle[39m=[32m"cursor: pointer;"[39m
            [36m>[39m
              [36m<img[39m
                [33malt[39m=[32m"User avatar"[39m
                [33msrc[39m=[32m"https://api.dicebear.com/7.x/avataaars/svg?seed=TestUser"[39m
                [33mstyle[39m=[32m"width: 100%; height: 100%; object-fit: cover; border-radius: 50%;"[39m
              [36m/>[39m
            [36m</div>[39m
          [36m</div>[39m
        [36m</div>[39m
      [36m</header>[39m
      [36m<div[39m
        [33mclass[39m=[32m"db-top-grid"[39m
      [36m>[39m
        [36m<div[39m
          [33mclass[39m=[32m"db-hero"[39m
        [36m>[39m
          [36m<span[39m
            [33mclass[39m=[32m"db-hero-badge"[39m
          [36m>[39m
            [0mΓåÆ CONTINUE LEARNING[0m
          [36m</span>[39m
          [36m<h2[39m
            [33mclass[39m=[32m"db-hero-title"[39m
          [36m>[39m
            [0mCommon Phrases[0m
          [36m</h2>[39m
          [36m<p[39m
            [33mclass[39m=[32m"db-hero-hindi"[39m
          [36m>[39m
            [0mαñåαñ« αñ╡αñ╛αñòαÑìαñ»αñ╛αñéαñ╢[0m
          [36m</p>[39m
          [36m<p[39m
            [33mclass[39m=[32m"db-hero-desc"[39m
          [36m>[39m
            [0mMaster 10 essential greetings for daily conversation[0m
          [36m</p>[39m
          [36m<button[39m
            [33mclass[39m=[32m"db-start-btn"[39m
          [36m>[39m
            [36m<svg[39m
              [33maria-hidden[39m=[32m"true"[39m
              [33mclass[39m=[32m"lucide lucide-circle-play"[39m
              [33mfill[39m=[32m"none"[39m
              [33mheight[39m=[32m"18"[39m
              [33mstroke[39m=[32m"currentColor"[39m
              [33mstroke-linecap[39m=[32m"round"[39m
              [33mstroke-linejoin[39m=[32m"round"[39m
              [33mstroke-width[39m=[32m"2"[39m
              [33mviewBox[39m=[32m"0 0 24 24"[39m
              [33mwidth[39m=[32m"18"[39m
              [33mxmlns[39m=[32m"http://www.w3.org/2000/svg"[39m
            [36m>[39m
              [36m<path[39m
                [33md[39m=[32m"M9 9.003a1 1 0 0 1 1.517-.859l4.997 2.997a1 1 0 0 1 0 1.718l-4.997 2.997A1 1 0 0 1 9 14.996z"[39m
              [36m/>[39m
              [36m<circle[39m
                [33mcx[39m=[32m"12"[39m
                [33mcy[39m=[32m"12"[39m
                [33mr[39m=[32m"10"[39m
              [36m/>[39m
            [36m</svg>[39m
            [0m START NOW[0m
          [36m</button>[39m
        [36m</div>[39m
        [36m<div[39m
          [33mclass[39m=[32m"db-right-col"[39m
        [36m>[39m
          [36m<div[39m
            [33mclass[39m=[32m"db-goal-card"[39m
          [36m>[39m
            [36m<div[39m
              [33mclass[39m=[32m"db-card-row"[39m
            [36m>[39m
              [36m<span[39m
                [33mclass[39m=[32m"db-label"[39m
              [36m>[39m
                [0mDaily Goal[0m
              [36m</span>[39m
            [36m</div>[39m
            [36m<div[39m
              [33mclass[39m=[32m"db-goal-body"[39m
            [36m>[39m
              [36m<div[39m
       ...
 ├ù src/tests/Dashboard.test.jsx > Dashboard Component Tests > Should display daily goal progress correctly 82ms
   ΓåÆ Unable to find an element with the text: (content, element) => element.textContent.replace(/\s+/g, " ").includes("3/5 min today"). This could be because the text is broken up by multiple elements. In this case, you can provide a function for your text matcher to make your matcher more flexible.

Ignored nodes: comments, script, style
[36m<body>[39m
  [36m<div>[39m
    [36m<div[39m
      [33mclass[39m=[32m"main-content db-root"[39m
    [36m>[39m
      [36m<header[39m
        [33mclass[39m=[32m"db-header"[39m
      [36m>[39m
        [36m<div>[39m
          [36m<div[39m
            [33mclass[39m=[32m"db-namaste"[39m
          [36m>[39m
            [0mαñ¿αñ«αñ╕αÑìαññαÑç,[0m
          [36m</div>[39m
          [36m<h1[39m
            [33mclass[39m=[32m"db-name"[39m
          [36m>[39m
            [0mTestUser[0m
            [0m ≡ƒæï[0m
          [36m</h1>[39m
          [36m<p[39m
            [33mclass[39m=[32m"db-subtitle"[39m
          [36m>[39m
            [0mReady to continue your Hindi journey?[0m
          [36m</p>[39m
        [36m</div>[39m
        [36m<div[39m
          [33mclass[39m=[32m"db-header-right"[39m
        [36m>[39m
          [36m<div[39m
            [33mclass[39m=[32m"db-streak"[39m
          [36m>[39m
            [36m<svg[39m
              [33maria-hidden[39m=[32m"true"[39m
              [33mclass[39m=[32m"lucide lucide-flame"[39m
              [33mfill[39m=[32m"currentColor"[39m
              [33mheight[39m=[32m"15"[39m
              [33mstroke[39m=[32m"currentColor"[39m
              [33mstroke-linecap[39m=[32m"round"[39m
              [33mstroke-linejoin[39m=[32m"round"[39m
              [33mstroke-width[39m=[32m"2"[39m
              [33mviewBox[39m=[32m"0 0 24 24"[39m
              [33mwidth[39m=[32m"15"[39m
              [33mxmlns[39m=[32m"http://www.w3.org/2000/svg"[39m
            [36m>[39m
              [36m<path[39m
                [33md[39m=[32m"M12 3q1 4 4 6.5t3 5.5a1 1 0 0 1-14 0 5 5 0 0 1 1-3 1 1 0 0 0 5 0c0-2-1.5-3-1.5-5q0-2 2.5-4"[39m
              [36m/>[39m
            [36m</svg>[39m
            [0m1[0m
            [0m Day[0m
            [0m Streak[0m
          [36m</div>[39m
          [36m<div[39m
            [33mclass[39m=[32m"notification-container"[39m
          [36m>[39m
            [36m<div[39m
              [33mclass[39m=[32m"_nb"[39m
            [36m>[39m
              [36m<button[39m
                [33maria-label[39m=[32m"Notifications"[39m
                [33mclass[39m=[32m"db-icon-btn"[39m
              [36m>[39m
                [36m<svg[39m
                  [33maria-hidden[39m=[32m"true"[39m
                  [33mclass[39m=[32m"lucide lucide-bell"[39m
                  [33mfill[39m=[32m"none"[39m
                  [33mheight[39m=[32m"18"[39m
                  [33mstroke[39m=[32m"currentColor"[39m
                  [33mstroke-linecap[39m=[32m"round"[39m
                  [33mstroke-linejoin[39m=[32m"round"[39m
                  [33mstroke-width[39m=[32m"2"[39m
                  [33mviewBox[39m=[32m"0 0 24 24"[39m
                  [33mwidth[39m=[32m"18"[39m
                  [33mxmlns[39m=[32m"http://www.w3.org/2000/svg"[39m
                [36m>[39m
                  [36m<path[39m
                    [33md[39m=[32m"M10.268 21a2 2 0 0 0 3.464 0"[39m
                  [36m/>[39m
                  [36m<path[39m
                    [33md[39m=[32m"M3.262 15.326A1 1 0 0 0 4 17h16a1 1 0 0 0 .74-1.673C19.41 13.956 18 12.499 18 8A6 6 0 0 0 6 8c0 4.499-1.411 5.956-2.738 7.326"[39m
                  [36m/>[39m
                [36m</svg>[39m
              [36m</button>[39m
            [36m</div>[39m
          [36m</div>[39m
          [36m<div[39m
            [33mclass[39m=[32m"profile-avatar-container"[39m
          [36m>[39m
            [36m<div[39m
              [33mclass[39m=[32m"profile-avatar"[39m
              [33mstyle[39m=[32m"cursor: pointer;"[39m
            [36m>[39m
              [36m<img[39m
                [33malt[39m=[32m"User avatar"[39m
                [33msrc[39m=[32m"https://api.dicebear.com/7.x/avataaars/svg?seed=TestUser"[39m
                [33mstyle[39m=[32m"width: 100%; height: 100%; object-fit: cover; border-radius: 50%;"[39m
              [36m/>[39m
            [36m</div>[39m
          [36m</div>[39m
        [36m</div>[39m
      [36m</header>[39m
      [36m<div[39m
        [33mclass[39m=[32m"db-top-grid"[39m
      [36m>[39m
        [36m<div[39m
          [33mclass[39m=[32m"db-hero"[39m
        [36m>[39m
          [36m<span[39m
            [33mclass[39m=[32m"db-hero-badge"[39m
          [36m>[39m
            [0mΓåÆ CONTINUE LEARNING[0m
          [36m</span>[39m
          [36m<h2[39m
            [33mclass[39m=[32m"db-hero-title"[39m
          [36m>[39m
            [0mCommon Phrases[0m
          [36m</h2>[39m
          [36m<p[39m
            [33mclass[39m=[32m"db-hero-hindi"[39m
          [36m>[39m
            [0mαñåαñ« αñ╡αñ╛αñòαÑìαñ»αñ╛αñéαñ╢[0m
          [36m</p>[39m
          [36m<p[39m
            [33mclass[39m=[32m"db-hero-desc"[39m
          [36m>[39m
            [0mMaster 10 essential greetings for daily conversation[0m
          [36m</p>[39m
          [36m<button[39m
            [33mclass[39m=[32m"db-start-btn"[39m
          [36m>[39m
            [36m<svg[39m
              [33maria-hidden[39m=[32m"true"[39m
              [33mclass[39m=[32m"lucide lucide-circle-play"[39m
              [33mfill[39m=[32m"none"[39m
              [33mheight[39m=[32m"18"[39m
              [33mstroke[39m=[32m"currentColor"[39m
              [33mstroke-linecap[39m=[32m"round"[39m
              [33mstroke-linejoin[39m=[32m"round"[39m
              [33mstroke-width[39m=[32m"2"[39m
              [33mviewBox[39m=[32m"0 0 24 24"[39m
              [33mwidth[39m=[32m"18"[39m
              [33mxmlns[39m=[32m"http://www.w3.org/2000/svg"[39m
            [36m>[39m
              [36m<path[39m
                [33md[39m=[32m"M9 9.003a1 1 0 0 1 1.517-.859l4.997 2.997a1 1 0 0 1 0 1.718l-4.997 2.997A1 1 0 0 1 9 14.996z"[39m
              [36m/>[39m
              [36m<circle[39m
                [33mcx[39m=[32m"12"[39m
                [33mcy[39m=[32m"12"[39m
                [33mr[39m=[32m"10"[39m
              [36m/>[39m
            [36m</svg>[39m
            [0m START NOW[0m
          [36m</button>[39m
        [36m</div>[39m
        [36m<div[39m
          [33mclass[39m=[32m"db-right-col"[39m
        [36m>[39m
          [36m<div[39m
            [33mclass[39m=[32m"db-goal-card"[39m
          [36m>[39m
            [36m<div[39m
              [33mclass[39m=[32m"db-card-row"[39m
            [36m>[39m
              [36m<span[39m
                [33mclass[39m=[32m"db-label"[39m
              [36m>[39m
                [0mDaily Goal[0m
              [36m</span>[39m
            [36m</div>[39m
            [36m<div[39m
              [33mclass[39m=[32m"db-goal-body"[39m
            [36m>[39m
              [36m<div[39m
                [33mclass[3...
 Γ£ô src/tests/Community.test.jsx > Community Page ΓÇô Search Tests > Should show "No learners found" message when search returns empty 84ms
 Γ£ô src/tests/Community.test.jsx > Community Page ΓÇô Search Tests > Should include the search query text in the no-results message 94ms
 Γ£ô src/tests/LearningReport.test.jsx > LearningReport Component Tests > Overall Mastery View Tests > Should render all 4 skill progress bars 120ms
 Γ£ô src/tests/Leaderboard.test.jsx > Leaderboard ΓÇô Top 3 Podium > Should display rank-1 score as formatted pts 43ms
 Γ£ô src/tests/Leaderboard.test.jsx > Leaderboard ΓÇô Top 3 Podium > Should show "ΓÇö" for a podium entry with 0 weekly score 29ms
 Γ£ô src/tests/Leaderboard.test.jsx > Leaderboard ΓÇô Top 3 Podium > Should show "(You)" next to current user in podium 56ms
 Γ£ô src/tests/Settings.test.jsx > Settings Component Tests > Should change daily goal to 15 minutes 219ms
 Γ£ô src/tests/AccessibilityWidget.test.jsx > AccessibilityWidget Component Tests > Theme Tests > Should call updatePreferences with dark when Dark clicked 139ms
 Γ£ô src/tests/AccessibilityWidget.test.jsx > AccessibilityWidget Component Tests > Theme Tests > Should mark Dark button active when theme is dark 63ms
 Γ£ô src/tests/Dashboard.test.jsx > Dashboard Component Tests > Should cap progress at 100% when exceeded 57ms
 ├ù src/tests/Dashboard.test.jsx > Dashboard Component Tests > Should show 0% when no progress 96ms
   ΓåÆ Unable to find an element with the text: (content, element) => element.textContent.replace(/\s+/g, " ").includes("0/5 min today"). This could be because the text is broken up by multiple elements. In this case, you can provide a function for your text matcher to make your matcher more flexible.

Ignored nodes: comments, script, style
[36m<body>[39m
  [36m<div>[39m
    [36m<div[39m
      [33mclass[39m=[32m"main-content db-root"[39m
    [36m>[39m
      [36m<header[39m
        [33mclass[39m=[32m"db-header"[39m
      [36m>[39m
        [36m<div>[39m
          [36m<div[39m
            [33mclass[39m=[32m"db-namaste"[39m
          [36m>[39m
            [0mαñ¿αñ«αñ╕αÑìαññαÑç,[0m
          [36m</div>[39m
          [36m<h1[39m
            [33mclass[39m=[32m"db-name"[39m
          [36m>[39m
            [0mTestUser[0m
            [0m ≡ƒæï[0m
          [36m</h1>[39m
          [36m<p[39m
            [33mclass[39m=[32m"db-subtitle"[39m
          [36m>[39m
            [0mReady to continue your Hindi journey?[0m
          [36m</p>[39m
        [36m</div>[39m
        [36m<div[39m
          [33mclass[39m=[32m"db-header-right"[39m
        [36m>[39m
          [36m<div[39m
            [33mclass[39m=[32m"db-streak"[39m
          [36m>[39m
            [36m<svg[39m
              [33maria-hidden[39m=[32m"true"[39m
              [33mclass[39m=[32m"lucide lucide-flame"[39m
              [33mfill[39m=[32m"currentColor"[39m
              [33mheight[39m=[32m"15"[39m
              [33mstroke[39m=[32m"currentColor"[39m
              [33mstroke-linecap[39m=[32m"round"[39m
              [33mstroke-linejoin[39m=[32m"round"[39m
              [33mstroke-width[39m=[32m"2"[39m
              [33mviewBox[39m=[32m"0 0 24 24"[39m
              [33mwidth[39m=[32m"15"[39m
              [33mxmlns[39m=[32m"http://www.w3.org/2000/svg"[39m
            [36m>[39m
              [36m<path[39m
                [33md[39m=[32m"M12 3q1 4 4 6.5t3 5.5a1 1 0 0 1-14 0 5 5 0 0 1 1-3 1 1 0 0 0 5 0c0-2-1.5-3-1.5-5q0-2 2.5-4"[39m
              [36m/>[39m
            [36m</svg>[39m
            [0m1[0m
            [0m Day[0m
            [0m Streak[0m
          [36m</div>[39m
          [36m<div[39m
            [33mclass[39m=[32m"notification-container"[39m
          [36m>[39m
            [36m<div[39m
              [33mclass[39m=[32m"_nb"[39m
            [36m>[39m
              [36m<button[39m
                [33maria-label[39m=[32m"Notifications"[39m
                [33mclass[39m=[32m"db-icon-btn"[39m
              [36m>[39m
                [36m<svg[39m
                  [33maria-hidden[39m=[32m"true"[39m
                  [33mclass[39m=[32m"lucide lucide-bell"[39m
                  [33mfill[39m=[32m"none"[39m
                  [33mheight[39m=[32m"18"[39m
                  [33mstroke[39m=[32m"currentColor"[39m
                  [33mstroke-linecap[39m=[32m"round"[39m
                  [33mstroke-linejoin[39m=[32m"round"[39m
                  [33mstroke-width[39m=[32m"2"[39m
                  [33mviewBox[39m=[32m"0 0 24 24"[39m
                  [33mwidth[39m=[32m"18"[39m
                  [33mxmlns[39m=[32m"http://www.w3.org/2000/svg"[39m
                [36m>[39m
                  [36m<path[39m
                    [33md[39m=[32m"M10.268 21a2 2 0 0 0 3.464 0"[39m
                  [36m/>[39m
                  [36m<path[39m
                    [33md[39m=[32m"M3.262 15.326A1 1 0 0 0 4 17h16a1 1 0 0 0 .74-1.673C19.41 13.956 18 12.499 18 8A6 6 0 0 0 6 8c0 4.499-1.411 5.956-2.738 7.326"[39m
                  [36m/>[39m
                [36m</svg>[39m
              [36m</button>[39m
            [36m</div>[39m
          [36m</div>[39m
          [36m<div[39m
            [33mclass[39m=[32m"profile-avatar-container"[39m
          [36m>[39m
            [36m<div[39m
              [33mclass[39m=[32m"profile-avatar"[39m
              [33mstyle[39m=[32m"cursor: pointer;"[39m
            [36m>[39m
              [36m<img[39m
                [33malt[39m=[32m"User avatar"[39m
                [33msrc[39m=[32m"https://api.dicebear.com/7.x/avataaars/svg?seed=TestUser"[39m
                [33mstyle[39m=[32m"width: 100%; height: 100%; object-fit: cover; border-radius: 50%;"[39m
              [36m/>[39m
            [36m</div>[39m
          [36m</div>[39m
        [36m</div>[39m
      [36m</header>[39m
      [36m<div[39m
        [33mclass[39m=[32m"db-top-grid"[39m
      [36m>[39m
        [36m<div[39m
          [33mclass[39m=[32m"db-hero"[39m
        [36m>[39m
          [36m<span[39m
            [33mclass[39m=[32m"db-hero-badge"[39m
          [36m>[39m
            [0mΓåÆ CONTINUE LEARNING[0m
          [36m</span>[39m
          [36m<h2[39m
            [33mclass[39m=[32m"db-hero-title"[39m
          [36m>[39m
            [0mCommon Phrases[0m
          [36m</h2>[39m
          [36m<p[39m
            [33mclass[39m=[32m"db-hero-hindi"[39m
          [36m>[39m
            [0mαñåαñ« αñ╡αñ╛αñòαÑìαñ»αñ╛αñéαñ╢[0m
          [36m</p>[39m
          [36m<p[39m
            [33mclass[39m=[32m"db-hero-desc"[39m
          [36m>[39m
            [0mMaster 10 essential greetings for daily conversation[0m
          [36m</p>[39m
          [36m<button[39m
            [33mclass[39m=[32m"db-start-btn"[39m
          [36m>[39m
            [36m<svg[39m
              [33maria-hidden[39m=[32m"true"[39m
              [33mclass[39m=[32m"lucide lucide-circle-play"[39m
              [33mfill[39m=[32m"none"[39m
              [33mheight[39m=[32m"18"[39m
              [33mstroke[39m=[32m"currentColor"[39m
              [33mstroke-linecap[39m=[32m"round"[39m
              [33mstroke-linejoin[39m=[32m"round"[39m
              [33mstroke-width[39m=[32m"2"[39m
              [33mviewBox[39m=[32m"0 0 24 24"[39m
              [33mwidth[39m=[32m"18"[39m
              [33mxmlns[39m=[32m"http://www.w3.org/2000/svg"[39m
            [36m>[39m
              [36m<path[39m
                [33md[39m=[32m"M9 9.003a1 1 0 0 1 1.517-.859l4.997 2.997a1 1 0 0 1 0 1.718l-4.997 2.997A1 1 0 0 1 9 14.996z"[39m
              [36m/>[39m
              [36m<circle[39m
                [33mcx[39m=[32m"12"[39m
                [33mcy[39m=[32m"12"[39m
                [33mr[39m=[32m"10"[39m
              [36m/>[39m
            [36m</svg>[39m
            [0m START NOW[0m
          [36m</button>[39m
        [36m</div>[39m
        [36m<div[39m
          [33mclass[39m=[32m"db-right-col"[39m
        [36m>[39m
          [36m<div[39m
            [33mclass[39m=[32m"db-goal-card"[39m
          [36m>[39m
            [36m<div[39m
              [33mclass[39m=[32m"db-card-row"[39m
            [36m>[39m
              [36m<span[39m
                [33mclass[39m=[32m"db-label"[39m
              [36m>[39m
                [0mDaily Goal[0m
              [36m</span>[39m
            [36m</div>[39m
            [36m<div[39m
              [33mclass[39m=[32m"db-goal-body"[39m
            [36m>[39m
              [36m<div[39m
                [33mclass[3...
 Γ£ô src/tests/Sidebar.test.jsx > Sidebar Component Tests > CSS Class Tests > Should have correct nav-item class for all buttons 15ms
 Γ£ô src/tests/Sidebar.test.jsx > Sidebar Component Tests > CSS Class Tests > Should have branding-container class 18ms
 Γ£ô src/tests/Sidebar.test.jsx > Sidebar Component Tests > CSS Class Tests > Should have logo-image class on image 14ms
 Γ£ô src/tests/Sidebar.test.jsx > Sidebar Component Tests > Edge Cases > Should handle unknown pathname gracefully 16ms
 Γ£ô src/tests/Sidebar.test.jsx > Sidebar Component Tests > Edge Cases > Should not break with empty localStorage 31ms
 Γ£ô src/tests/LearningReport.test.jsx > LearningReport Component Tests > Overall Mastery View Tests > Should render Milestones & Unlocks card 136ms
 Γ£ô src/tests/Settings.test.jsx > Settings Component Tests > Should display active state for current daily goal 117ms
 Γ£ô src/tests/Leaderboard.test.jsx > Leaderboard ΓÇô Top 3 Podium > Should render three podium cards for a full top-3 50ms
 Γ£ô src/tests/AccessibilityWidget.test.jsx > AccessibilityWidget Component Tests > Theme Tests > Should mark Light button active when theme is light 47ms
 Γ£ô src/tests/AccessibilityWidget.test.jsx > AccessibilityWidget Component Tests > Dyslexia Font Tests > Should render Dyslexia Friendly Font section label 63ms
 Γ£ô src/tests/Community.test.jsx > Community Page ΓÇô Search Tests > Should filter the logged-in user out of search results 83ms
 Γ£ô src/tests/ResetPassword.test.jsx > ResetPassword Component Tests > Should allow user to fill both password fields 826ms
 Γ£ô src/tests/ResetPassword.test.jsx > ResetPassword Component Tests > Should require new password field 12ms
 Γ£ô src/tests/ResetPassword.test.jsx > ResetPassword Component Tests > Should require confirm password field 18ms
 ├ù src/tests/Dashboard.test.jsx > Dashboard Component Tests > Should display correct number of lessons completed from user data 60ms
   ΓåÆ Unable to find an element with the text: (c, e) => e.textContent.trim() === "5". This could be because the text is broken up by multiple elements. In this case, you can provide a function for your text matcher to make your matcher more flexible.

Ignored nodes: comments, script, style
[36m<div[39m
  [33mclass[39m=[32m"db-stat-label"[39m
[36m>[39m
  [0mLessons Completed[0m
[36m</div>[39m
 ├ù src/tests/Lessons.test.jsx > Lessons Page Component Tests > Rendering Tests > Should display day streak correctly 1265ms
   ΓåÆ Unable to find an element with the text: (content, element) => { return element.classList.contains("streak") && element.textContent.includes("1") && element.textContent.includes("Day Streak"); } (normalized from '(content, element) => {
          return element.classList.contains("streak") && element.textContent.includes("1") && element.textContent.includes("Day Streak");
        }'). This could be because the text is broken up by multiple elements. In this case, you can provide a function for your text matcher to make your matcher more flexible.

Ignored nodes: comments, script, style
[36m<body>[39m
  [36m<div>[39m
    [36m<div[39m
      [33mclass[39m=[32m"lessons-container"[39m
    [36m>[39m
      [36m<header[39m
        [33mclass[39m=[32m"content-header"[39m
      [36m>[39m
        [36m<div[39m
          [33mclass[39m=[32m"greeting"[39m
        [36m>[39m
          [36m<button[39m
            [33mstyle[39m=[32m"background: none; border: medium; display: flex; align-items: center; gap: 8px; color: var(--text-muted); margin-bottom: 8px; cursor: pointer; padding: 0px;"[39m
          [36m>[39m
            [36m<svg[39m
              [33maria-hidden[39m=[32m"true"[39m
              [33mclass[39m=[32m"lucide lucide-arrow-left"[39m
              [33mfill[39m=[32m"none"[39m
              [33mheight[39m=[32m"16"[39m
              [33mstroke[39m=[32m"currentColor"[39m
              [33mstroke-linecap[39m=[32m"round"[39m
              [33mstroke-linejoin[39m=[32m"round"[39m
              [33mstroke-width[39m=[32m"2"[39m
              [33mviewBox[39m=[32m"0 0 24 24"[39m
              [33mwidth[39m=[32m"16"[39m
              [33mxmlns[39m=[32m"http://www.w3.org/2000/svg"[39m
            [36m>[39m
              [36m<path[39m
                [33md[39m=[32m"m12 19-7-7 7-7"[39m
              [36m/>[39m
              [36m<path[39m
                [33md[39m=[32m"M19 12H5"[39m
              [36m/>[39m
            [36m</svg>[39m
            [0m Back to Dashboard[0m
          [36m</button>[39m
          [36m<h2>[39m
            [0mLessons[0m
          [36m</h2>[39m
          [36m<p>[39m
            [0mMaster the Hindi alphabet and basic conversation.[0m
          [36m</p>[39m
        [36m</div>[39m
        [36m<div[39m
          [33mclass[39m=[32m"db-header-right"[39m
        [36m>[39m
          [36m<div[39m
            [33mclass[39m=[32m"db-streak"[39m
          [36m>[39m
            [36m<svg[39m
              [33maria-hidden[39m=[32m"true"[39m
              [33mclass[39m=[32m"lucide lucide-flame"[39m
              [33mfill[39m=[32m"currentColor"[39m
              [33mheight[39m=[32m"15"[39m
              [33mstroke[39m=[32m"currentColor"[39m
              [33mstroke-linecap[39m=[32m"round"[39m
              [33mstroke-linejoin[39m=[32m"round"[39m
              [33mstroke-width[39m=[32m"2"[39m
              [33mviewBox[39m=[32m"0 0 24 24"[39m
              [33mwidth[39m=[32m"15"[39m
              [33mxmlns[39m=[32m"http://www.w3.org/2000/svg"[39m
            [36m>[39m
              [36m<path[39m
                [33md[39m=[32m"M12 3q1 4 4 6.5t3 5.5a1 1 0 0 1-14 0 5 5 0 0 1 1-3 1 1 0 0 0 5 0c0-2-1.5-3-1.5-5q0-2 2.5-4"[39m
              [36m/>[39m
            [36m</svg>[39m
            [0m0[0m
            [0m Day[0m
            [0ms[0m
            [0m Streak[0m
          [36m</div>[39m
          [36m<div[39m
            [33mclass[39m=[32m"notification-container"[39m
          [36m>[39m
            [36m<div[39m
              [33mclass[39m=[32m"_nb"[39m
            [36m>[39m
              [36m<button[39m
                [33maria-label[39m=[32m"Notifications"[39m
                [33mclass[39m=[32m"db-icon-btn"[39m
              [36m>[39m
                [36m<svg[39m
                  [33maria-hidden[39m=[32m"true"[39m
                  [33mclass[39m=[32m"lucide lucide-bell"[39m
                  [33mfill[39m=[32m"none"[39m
                  [33mheight[39m=[32m"18"[39m
                  [33mstroke[39m=[32m"currentColor"[39m
                  [33mstroke-linecap[39m=[32m"round"[39m
                  [33mstroke-linejoin[39m=[32m"round"[39m
                  [33mstroke-width[39m=[32m"2"[39m
                  [33mviewBox[39m=[32m"0 0 24 24"[39m
                  [33mwidth[39m=[32m"18"[39m
                  [33mxmlns[39m=[32m"http://www.w3.org/2000/svg"[39m
                [36m>[39m
                  [36m<path[39m
                    [33md[39m=[32m"M10.268 21a2 2 0 0 0 3.464 0"[39m
                  [36m/>[39m
                  [36m<path[39m
                    [33md[39m=[32m"M3.262 15.326A1 1 0 0 0 4 17h16a1 1 0 0 0 .74-1.673C19.41 13.956 18 12.499 18 8A6 6 0 0 0 6 8c0 4.499-1.411 5.956-2.738 7.326"[39m
                  [36m/>[39m
                [36m</svg>[39m
              [36m</button>[39m
            [36m</div>[39m
          [36m</div>[39m
          [36m<div[39m
            [33mclass[39m=[32m"profile-avatar-container"[39m
          [36m>[39m
            [36m<div[39m
              [33mclass[39m=[32m"profile-avatar"[39m
              [33mstyle[39m=[32m"cursor: pointer;"[39m
            [36m>[39m
              [36m<img[39m
                [33malt[39m=[32m"avatar"[39m
                [33msrc[39m=[32m"https://api.dicebear.com/7.x/avataaars/svg?seed=Learner"[39m
                [33mstyle[39m=[32m"width: 100%; height: 100%; object-fit: cover; border-radius: 50%;"[39m
              [36m/>[39m
            [36m</div>[39m
          [36m</div>[39m
        [36m</div>[39m
      [36m</header>[39m
      [36m<div[39m
        [33mclass[39m=[32m"chapters-scroll"[39m
      [36m>[39m
        [36m<div[39m
          [33mclass[39m=[32m"chapter-section"[39m
        [36m>[39m
          [36m<div[39m
            [33mclass[39m=[32m"chapter-header"[39m
            [33mstyle[39m=[32m"border-left: 5px solid rgb(230, 126, 34);"[39m
          [36m>[39m
            [36m<div>[39m
              [36m<h3[39m
                [33mstyle[39m=[32m"margin: 0px; font-size: 1.25rem;"[39m
              [36m>[39m
                [0mChapter 1: Mastering the Script[0m
              [36m</h3>[39m
              [36m<p[39m
                [33mstyle[39m=[32m"margin: 5px 0px 0px; opacity: 0.7; font-size: 0.875rem;"[39m
              [36m>[39m
                [0mHindi Varnamala (Vowels & Consonants)[0m
              [36m</p>[39m
            [36m</div>[39m
            [36m<span[39m
              [33mclass[39m=[32m"chapter-badge"[39m
            [36m>[39m
              [0m15[0m
              [0m Lessons[0m
            [36m</span>[39m
          [36m</div>[39m
          [36m<div[39m
            [33mclass[39m=[32m"lessons-grid"[39m
          [36m>[39m
            [36m<div[39m
              [33mclass[39m=[32m"lesson-card  "[39m
            [36m>[39m
              [36m<div[39m
                [33mclass[39m=[32m"lesson-icon"[39m
              [36m>[39m
                [36m<svg[39m
                  [33maria-hidden[39m=[32m"true"[39m
                  [33mclass[39m=[32m"lucide lucide-circle-play"[39m
                  [33mfill[39m=[32m"none"[39m
                  [33mheight[39m=[32m"24"[39m
                  [33mstroke[39m=[32m"#e67e22"[39m
                  [33mstroke-linecap[39m=...

Ignored nodes: comments, script, style
[36m<html>[39m
  [36m<head />[39m
  [36m<body>[39m
    [36m<div>[39m
      [36m<div[39m
        [33mclass[39m=[32m"lessons-container"[39m
      [36m>[39m
        [36m<header[39m
          [33mclass[39m=[32m"content-header"[39m
        [36m>[39m
          [36m<div[39m
            [33mclass[39m=[32m"greeting"[39m
          [36m>[39m
            [36m<button[39m
              [33mstyle[39m=[32m"background: none; border: medium; display: flex; align-items: center; gap: 8px; color: var(--text-muted); margin-bottom: 8px; cursor: pointer; padding: 0px;"[39m
            [36m>[39m
              [36m<svg[39m
                [33maria-hidden[39m=[32m"true"[39m
                [33mclass[39m=[32m"lucide lucide-arrow-left"[39m
                [33mfill[39m=[32m"none"[39m
                [33mheight[39m=[32m"16"[39m
                [33mstroke[39m=[32m"currentColor"[39m
                [33mstroke-linecap[39m=[32m"round"[39m
                [33mstroke-linejoin[39m=[32m"round"[39m
                [33mstroke-width[39m=[32m"2"[39m
                [33mviewBox[39m=[32m"0 0 24 24"[39m
                [33mwidth[39m=[32m"16"[39m
                [33mxmlns[39m=[32m"http://www.w3.org/2000/svg"[39m
              [36m>[39m
                [36m<path[39m
                  [33md[39m=[32m"m12 19-7-7 7-7"[39m
                [36m/>[39m
                [36m<path[39m
                  [33md[39m=[32m"M19 12H5"[39m
                [36m/>[39m
              [36m</svg>[39m
              [0m Back to Dashboard[0m
            [36m</button>[39m
            [36m<h2>[39m
              [0mLessons[0m
            [36m</h2>[39m
            [36m<p>[39m
              [0mMaster the Hindi alphabet and basic conversation.[0m
            [36m</p>[39m
          [36m</div>[39m
          [36m<div[39m
            [33mclass[39m=[32m"db-header-right"[39m
          [36m>[39m
            [36m<div[39m
              [33mclass[39m=[32m"db-streak"[39m
            [36m>[39m
              [36m<svg[39m
                [33maria-hidden[39m=[32m"true"[39m
                [33mclass[39m=[32m"lucide lucide-flame"[39m
                [33mfill[39m=[32m"currentColor"[39m
                [33mheight[39m=[32m"15"[39m
                [33mstroke[39m=[32m"currentColor"[39m
                [33mstroke-linecap[39m=[32m"round"[39m
                [33mstroke-linejoin[39m=[32m"round"[39m
                [33mstroke-width[39m=[32m"2"[39m
                [33mviewBox[39m=[32m"0 0 24 24"[39m
                [33mwidth[39m=[32m"15"[39m
                [33mxmlns[39m=[32m"http://www.w3.org/2000/svg"[39m
              [36m>[39m
                [36m<path[39m
                  [33md[39m=[32m"M12 3q1 4 4 6.5t3 5.5a1 1 0 0 1-14 0 5 5 0 0 1 1-3 1 1 0 0 0 5 0c0-2-1.5-3-1.5-5q0-2 2.5-4"[39m
                [36m/>[39m
              [36m</svg>[39m
              [0m0[0m
              [0m Day[0m
              [0ms[0m
              [0m Streak[0m
            [36m</div>[39m
            [36m<div[39m
              [33mclass[39m=[32m"notification-container"[39m
            [36m>[39m
              [36m<div[39m
                [33mclass[39m=[32m"_nb"[39m
              [36m>[39m
                [36m<button[39m
                  [33maria-label[39m=[32m"Notifications"[39m
                  [33mclass[39m=[32m"db-icon-btn"[39m
                [36m>[39m
                  [36m<svg[39m
                    [33maria-hidden[39m=[32m"true"[39m
                    [33mclass[39m=[32m"lucide lucide-bell"[39m
                    [33mfill[39m=[32m"none"[39m
                    [33mheight[39m=[32m"18"[39m
                    [33mstroke[39m=[32m"currentColor"[39m
                    [33mstroke-linecap[39m=[32m"round"[39m
                    [33mstroke-linejoin[39m=[32m"round"[39m
                    [33mstroke-width[39m=[32m"2"[39m
                    [33mviewBox[39m=[32m"0 0 24 24"[39m
                    [33mwidth[39m=[32m"18"[39m
                    [33mxmlns[39m=[32m"http://www.w3.org/2000/svg"[39m
                  [36m>[39m
                    [36m<path[39m
                      [33md[39m=[32m"M10.268 21a2 2 0 0 0 3.464 0"[39m
                    [36m/>[39m
                    [36m<path[39m
                      [33md[39m=[32m"M3.262 15.326A1 1 0 0 0 4 17h16a1 1 0 0 0 .74-1.673C19.41 13.956 18 12.499 18 8A6 6 0 0 0 6 8c0 4.499-1.411 5.956-2.738 7.326"[39m
                    [36m/>[39m
                  [36m</svg>[39m
                [36m</button>[39m
              [36m</div>[39m
            [36m</div>[39m
            [36m<div[39m
              [33mclass[39m=[32m"profile-avatar-container"[39m
            [36m>[39m
              [36m<div[39m
                [33mclass[39m=[32m"profile-avatar"[39m
                [33mstyle[39m=[32m"cursor: pointer;"[39m
              [36m>[39m
                [36m<img[39m
                  [33malt[39m=[32m"avatar"[39m
                  [33msrc[39m=[32m"https://api.dicebear.com/7.x/avataaars/svg?seed=Learner"[39m
                  [33mstyle[39m=[32m"width: 100%; height: 100%; object-fit: cover; border-radius: 50%;"[39m
                [36m/>[39m
              [36m</div>[39m
            [36m</div>[39m
          [36m</div>[39m
        [36m</header>[39m
        [36m<div[39m
          [33mclass[39m=[32m"chapters-scroll"[39m
        [36m>[39m
          [36m<div[39m
            [33mclass[39m=[32m"chapter-section"[39m
          [36m>[39m
            [36m<div[39m
              [33mclass[39m=[32m"chapter-header"[39m
              [33mstyle[39m=[32m"border-left: 5px solid rgb(230, 126, 34);"[39m
            [36m>[39m
              [36m<div>[39m
                [36m<h3[39m
                  [33mstyle[39m=[32m"margin: 0px; font-size: 1.25rem;"[39m
                [36m>[39m
                  [0mChapter 1: Mastering the Script[0m
                [36m</h3>[39m
                [36m<p[39m
                  [33mstyle[39m=[32m"margin: 5px 0px 0px; opacity: 0.7; font-size: 0.875rem;"[39m
                [36m>[39m
                  [0mHindi Varnamala (Vowels & Consonants)[0m
                [36m</p>[39m
              [36m</div>[39m
              [36m<span[39m
                [33mclass[39m=[32m"chapter-badge"[39m
              [36m>[39m
                [0m15[0m
                [0m Lessons[0m
              [36m</span>[39m
            [36m</div>[39m
            [36m<div[39m
              [33mclass[39m=[32m"lessons-grid"[39m
            [36m>[39m
              [36m<div[39m
                [33mclass[39m=[32m"lesson-card  "[39m
              [36m>[39m
                [36m<div[39m
                  [33mclass[39m=[32m"lesson-icon"[39m
                [36m>[39m
    ...
 Γ£ô src/tests/Sidebar.test.jsx > Sidebar Component Tests > Edge Cases > Should handle multiple rapid hover events 186ms
 Γ£ô src/tests/LearningReport.test.jsx > LearningReport Component Tests > Overall Mastery View Tests > Should render all 4 milestones 131ms
 Γ£ô src/tests/AccessibilityWidget.test.jsx > AccessibilityWidget Component Tests > Dyslexia Font Tests > Should show OFF text when dyslexiaFont is false 54ms
 Γ£ô src/tests/AccessibilityWidget.test.jsx > AccessibilityWidget Component Tests > Dyslexia Font Tests > Should show ON text when dyslexiaFont is true 70ms
 Γ£ô src/tests/Signup.test.jsx > Signup Component Tests > Should show error if password is too short 998ms
 Γ£ô src/tests/Leaderboard.test.jsx > Leaderboard ΓÇô Ranked List (4th+) > Should render lb-row elements for 4th place and beyond 134ms
 Γ£ô src/tests/Leaderboard.test.jsx > Leaderboard ΓÇô Ranked List (4th+) > Should display the PLAYER column header 70ms
 Γ£ô src/tests/Login.test.jsx > Login Component Tests > Should submit form with valid credentials 797ms
 ├ù src/tests/Dashboard.test.jsx > Dashboard Component Tests > Should fall back to localStorage when user has no completed lessons 70ms
   ΓåÆ Unable to find an element with the text: (c, e) => e.textContent.trim() === "3". This could be because the text is broken up by multiple elements. In this case, you can provide a function for your text matcher to make your matcher more flexible.

Ignored nodes: comments, script, style
[36m<div[39m
  [33mclass[39m=[32m"db-stat-label"[39m
[36m>[39m
  [0mLessons Completed[0m
[36m</div>[39m
 Γ£ô src/tests/Community.test.jsx > Community Page ΓÇô Search Tests > Should navigate to user profile when a search result card is clicked 196ms
 Γ£ô src/tests/ChatBot.test.jsx > ChatBot Component Tests > Input Field Tests > Input should be disabled while loading 334ms
 Γ£ô src/tests/LearningReport.test.jsx > LearningReport Component Tests > Overall Mastery View Tests > Should render milestone descriptions 128ms
 Γ£ô src/tests/Settings.test.jsx > Settings Component Tests > Should toggle edit profile mode 267ms
 Γ£ô src/tests/Leaderboard.test.jsx > Leaderboard ΓÇô Ranked List (4th+) > Should display the LESSONS column header 68ms
 Γ£ô src/tests/Leaderboard.test.jsx > Leaderboard ΓÇô Ranked List (4th+) > Should display the SCORE column header 64ms
 Γ£ô src/tests/Signup.test.jsx > Signup Component Tests > Should show warning when typing short password 123ms
 Γ£ô src/tests/Community.test.jsx > Community Page ΓÇô Search Tests > Should hide search results and restore friends view when input is cleared 102ms
 Γ£ô src/tests/Community.test.jsx > Community Page ΓÇô Search Tests > Should call the search API with the correct query string 72ms
 Γ£ô src/tests/AccessibilityWidget.test.jsx > AccessibilityWidget Component Tests > Dyslexia Font Tests > Should call updatePreferences toggling dyslexiaFont false ΓåÆ true 109ms
 Γ£ô src/tests/Dashboard.test.jsx > Dashboard Component Tests > Should navigate to lessons when START NOW clicked 160ms
 Γ£ô src/tests/LearningReport.test.jsx > LearningReport Component Tests > Overall Mastery View Tests > Should render Points This Week stat card 121ms
 Γ£ô src/tests/Community.test.jsx > Community Page ΓÇô Search Tests > Should NOT call the search API when input is empty on mount 30ms
 Γ£ô src/tests/Community.test.jsx > Community Page ΓÇô Search Tests > Should not crash when the search API fails 53ms
 Γ£ô src/tests/AccessibilityWidget.test.jsx > AccessibilityWidget Component Tests > Dyslexia Font Tests > Should call updatePreferences toggling dyslexiaFont true ΓåÆ false 98ms
 Γ£ô src/tests/AccessibilityWidget.test.jsx > AccessibilityWidget Component Tests > Dyslexia Font Tests > Should mark dyslexia button active when dyslexiaFont is true 65ms
 Γ£ô src/tests/Leaderboard.test.jsx > Leaderboard ΓÇô Ranked List (4th+) > Should display the username of a 4th-place entry in the list 58ms
 Γ£ô src/tests/Leaderboard.test.jsx > Leaderboard ΓÇô Ranked List (4th+) > Should show lessons count for a ranked-list entry 41ms
 Γ£ô src/tests/Leaderboard.test.jsx > Leaderboard ΓÇô Ranked List (4th+) > Should show "(You)" next to current user in ranked list 52ms
 Γ£ô src/tests/Dashboard.test.jsx > Dashboard Component Tests > Should navigate to lessons when Learn quick action clicked 128ms
 Γ£ô src/tests/LearningReport.test.jsx > LearningReport Component Tests > Overall Mastery View Tests > Should render Lessons Completed stat card 120ms
 Γ£ô src/tests/Community.test.jsx > Community Page ΓÇô Search Tests > Should use username as fallback display name when fullName is absent 75ms
 Γ£ô src/tests/AccessibilityWidget.test.jsx > AccessibilityWidget Component Tests > Dyslexia Font Tests > Should NOT mark dyslexia button active when dyslexiaFont is false 41ms
 Γ£ô src/tests/AccessibilityWidget.test.jsx > AccessibilityWidget Component Tests > Color Overlay Tests > Should render Reading Color Overlay section label 63ms
 Γ£ô src/tests/Leaderboard.test.jsx > Leaderboard ΓÇô Ranked List (4th+) > Should show "ΓÇö" for a ranked-list entry with 0 weekly score 45ms
 Γ£ô src/tests/Leaderboard.test.jsx > Leaderboard ΓÇô "Your Rank" Banner > Should show "Your rank" banner when current user is outside top 3 46ms
 ├ù src/tests/UserProfile.test.jsx > UserProfile ΓÇô Relationship: "friends" > Should show "Friends" button (disabled state) 1016ms
   ΓåÆ Found multiple elements with the role "button" and name `/Friends/i`

Here are the matching elements:

Ignored nodes: comments, script, style
[36m<button[39m
  [33mclass[39m=[32m"up-action-btn outline"[39m
  [33mdisabled[39m=[32m""[39m
[36m>[39m
  [36m<svg[39m
    [33maria-hidden[39m=[32m"true"[39m
    [33mclass[39m=[32m"lucide lucide-shield-check"[39m
    [33mfill[39m=[32m"none"[39m
    [33mheight[39m=[32m"16"[39m
    [33mstroke[39m=[32m"currentColor"[39m
    [33mstroke-linecap[39m=[32m"round"[39m
    [33mstroke-linejoin[39m=[32m"round"[39m
    [33mstroke-width[39m=[32m"2"[39m
    [33mviewBox[39m=[32m"0 0 24 24"[39m
    [33mwidth[39m=[32m"16"[39m
    [33mxmlns[39m=[32m"http://www.w3.org/2000/svg"[39m
  [36m>[39m
    [36m<path[39m
      [33md[39m=[32m"M20 13c0 5-3.5 7.5-7.66 8.95a1 1 0 0 1-.67-.01C7.5 20.5 4 18 4 13V6a1 1 0 0 1 1-1c2 0 4.5-1.2 6.24-2.72a1.17 1.17 0 0 1 1.52 0C14.51 3.81 17 5 19 5a1 1 0 0 1 1 1z"[39m
    [36m/>[39m
    [36m<path[39m
      [33md[39m=[32m"m9 12 2 2 4-4"[39m
    [36m/>[39m
  [36m</svg>[39m
  [0m Friends[0m
[36m</button>[39m

Ignored nodes: comments, script, style
[36m<button[39m
  [33mclass[39m=[32m"up-action-btn friends-btn"[39m
[36m>[39m
  [36m<svg[39m
    [33maria-hidden[39m=[32m"true"[39m
    [33mclass[39m=[32m"lucide lucide-users"[39m
    [33mfill[39m=[32m"none"[39m
    [33mheight[39m=[32m"16"[39m
    [33mstroke[39m=[32m"currentColor"[39m
    [33mstroke-linecap[39m=[32m"round"[39m
    [33mstroke-linejoin[39m=[32m"round"[39m
    [33mstroke-width[39m=[32m"2"[39m
    [33mviewBox[39m=[32m"0 0 24 24"[39m
    [33mwidth[39m=[32m"16"[39m
    [33mxmlns[39m=[32m"http://www.w3.org/2000/svg"[39m
  [36m>[39m
    [36m<path[39m
      [33md[39m=[32m"M16 21v-2a4 4 0 0 0-4-4H6a4 4 0 0 0-4 4v2"[39m
    [36m/>[39m
    [36m<path[39m
      [33md[39m=[32m"M16 3.128a4 4 0 0 1 0 7.744"[39m
    [36m/>[39m
    [36m<path[39m
      [33md[39m=[32m"M22 21v-2a4 4 0 0 0-3-3.87"[39m
    [36m/>[39m
    [36m<circle[39m
      [33mcx[39m=[32m"9"[39m
      [33mcy[39m=[32m"7"[39m
      [33mr[39m=[32m"4"[39m
    [36m/>[39m
  [36m</svg>[39m
  [0m [0m
  [0mView[0m
  [0m Friends[0m
[36m</button>[39m

(If this is intentional, then use the `*AllBy*` variant of the query (like `queryAllByText`, `getAllByText`, or `findAllByText`)).

Ignored nodes: comments, script, style
[36m<body>[39m
  [36m<div>[39m
    [36m<div[39m
      [33mclass[39m=[32m"up-profile-root"[39m
    [36m>[39m
      [36m<button[39m
        [33mclass[39m=[32m"up-back-btn"[39m
      [36m>[39m
        [36m<svg[39m
          [33maria-hidden[39m=[32m"true"[39m
          [33mclass[39m=[32m"lucide lucide-chevron-left"[39m
          [33mfill[39m=[32m"none"[39m
          [33mheight[39m=[32m"16"[39m
          [33mstroke[39m=[32m"currentColor"[39m
          [33mstroke-linecap[39m=[32m"round"[39m
          [33mstroke-linejoin[39m=[32m"round"[39m
          [33mstroke-width[39m=[32m"2"[39m
          [33mviewBox[39m=[32m"0 0 24 24"[39m
          [33mwidth[39m=[32m"16"[39m
          [33mxmlns[39m=[32m"http://www.w3.org/2000/svg"[39m
        [36m>[39m
          [36m<path[39m
            [33md[39m=[32m"m15 18-6-6 6-6"[39m
          [36m/>[39m
        [36m</svg>[39m
        [0m Back to Community[0m
      [36m</button>[39m
      [36m<div[39m
        [33mclass[39m=[32m"up-hero"[39m
      [36m>[39m
        [36m<img[39m
          [33malt[39m=[32m"alice"[39m
          [33mclass[39m=[32m"up-avatar"[39m
          [33msrc[39m=[32m"https://api.dicebear.com/7.x/avataaars/svg?seed=alice"[39m
        [36m/>[39m
        [36m<div[39m
          [33mclass[39m=[32m"up-hero-info"[39m
        [36m>[39m
          [36m<h1[39m
            [33mclass[39m=[32m"up-hero-name"[39m
          [36m>[39m
            [0mAlice Smith[0m
          [36m</h1>[39m
          [36m<p[39m
            [33mclass[39m=[32m"up-hero-handle"[39m
          [36m>[39m
            [0m@[0m
            [0malice[0m
          [36m</p>[39m
          [36m<p[39m
            [33mclass[39m=[32m"up-hero-bio"[39m
          [36m>[39m
            [0m"[0m
            [0mI love learning Hindi![0m
            [0m"[0m
          [36m</p>[39m
          [36m<div[39m
            [33mstyle[39m=[32m"margin-top: 12px; display: flex; align-items: center; gap: 6px;"[39m
          [36m>[39m
            [36m<svg[39m
              [33maria-hidden[39m=[32m"true"[39m
              [33mclass[39m=[32m"lucide lucide-users"[39m
              [33mfill[39m=[32m"none"[39m
              [33mheight[39m=[32m"14"[39m
              [33mstroke[39m=[32m"var(--text-muted)"[39m
              [33mstroke-linecap[39m=[32m"round"[39m
              [33mstroke-linejoin[39m=[32m"round"[39m
              [33mstroke-width[39m=[32m"2"[39m
              [33mviewBox[39m=[32m"0 0 24 24"[39m
              [33mwidth[39m=[32m"14"[39m
              [33mxmlns[39m=[32m"http://www.w3.org/2000/svg"[39m
            [36m>[39m
              [36m<path[39m
                [33md[39m=[32m"M16 21v-2a4 4 0 0 0-4-4H6a4 4 0 0 0-4 4v2"[39m
              [36m/>[39m
              [36m<path[39m
                [33md[39m=[32m"M16 3.128a4 4 0 0 1 0 7.744"[39m
              [36m/>[39m
              [36m<path[39m
                [33md[39m=[32m"M22 21v-2a4 4 0 0 0-3-3.87"[39m
              [36m/>[39m
              [36m<circle[39m
                [33mcx[39m=[32m"9"[39m
                [33mcy[39m=[32m"7"[39m
                [33mr[39m=[32m"4"[39m
              [36m/>[39m
            [36m</svg>[39m
            [36m<span[39m
              [33mstyle[39m=[32m"color: var(--text-muted); font-size: 0.83rem; font-weight: 600;"[39m
            [36m>[39m
              [0m2[0m
              [0m friend[0m
              [0ms[0m
            [36m</span>[39m
          [36m</div>[39m
        [36m</div>[39m
        [36m<div[39m
          [33mclass[39m=[32m"up-hero-actions"[39m
        [36m>[39m
          [36m<button[39m
            [33mclass[39m=[32m"up-action-btn outline"[39m
            [33mdisabled[39m=[32m""[39m
          [36m>[39m
            [36m<svg[39m
              [33maria-hidden[39m=[32m"true"[39m
              [33mclass[39m=[32m"lucide lucide-shield-check"[39m
              [33mfill[39m=[32m"none"[39m
              [33mheight[39m=[32m"16"[39m
              [33mstroke[39m=[32m"currentColor"[39m
              [33mstroke-linecap[39m=[32m"round"[39m
              [33mstroke-linejoin[39m=[32m"round"[39m
              [33mstroke-width[39m=[32m"2"[39m
              [33mviewBox[39m=[32m"0 0 24 24"[39m
              [33mwidth[39m=[32m"16"[39m
              [33mxmlns[39m=[32m"http://www.w3.org/2000/svg"[39m
            [36m>[39m
              [36m<path[39m
                [33md[39m=[32m"M20 13c0 5-3.5 7.5-7.66 8.95a1 1 0 0 1-.67-.01C7.5 20.5 4 18 4 13V6a1 1 0 0 1 1-1c2 0 4.5-1.2 6.24-2.72a1.17 1.17 0 0 1 1.52 0C14.51 3.81 17 5 19 5a1 1 0 0 1 1 1z"[39m
              [36m/>[39m
              [36m<path[39m
                [33md[39m=[32m"m9 12 2 2 4-4"[39m
              [36m/>[39m
            [36m</svg>[39m
            [0m Friends[0m
          [36m</button>[39m
          [36m<button[39m
            [33mclass[39m=[32m"up-action-btn friends-btn"[39m
          [36m>[39m
            [36m<svg[39m
              [33maria-hidden[39m=[32m"true"[39m
              [33mclass[39m=[32m"lucide lucide-users"[39m
              [33mfill[39m=[32m"none"[39m
              [33mheight[39m=[32m"16"[39m
              [33mstroke[39m=[32m"currentColor"[39m
              [33mstroke-linecap[39m=[32m"round"[39m
              [33mstroke-linejoin[39m=[32m"round"[39m
              [33mstroke-width[39m=[32m"2"[39m
              [33mviewBox[39m=[32m"0 0 24 24"[39m
              [33mwidth[39m=[32m"16"[39m
              [33mxmlns[39m=[32m"http://www.w3.org/2000/svg"[39m
            [36m>[39m
              [36m<path[39m
                [33md[39m=[32m"M16 21v-2a4 4 0 0 0-4-4H6a4 4 0 0 0-4 4v2"[39m
              [36m/>[39m
              [36m<path[39m
                [33md[39m=[32m"M16 3.128a4 4 0 0 1 0 7.744"[39m
              [36m/>[39m
              [36m<path[39m
                [33md[39m=[32m"M22 21v-2a4 4 0 0 0-3-3.87"[39m
              [36m/>[39m
              [36m<circle[39m
                [33mcx[39m=[32m"9"[39m
                [33mcy[39m=[32m"7"[39m
                [33mr[39m=[32m"4"[39m
              [36m/>[39m
            [36m</svg>[39m
            [0m [0m
            [0mView[0m
            [0m Friends[0m
          [36m</button>[39m
        [36m</div>[39m
      [36m</div>[39m
      [36m<div[39m
        [33mclass[39m=[32m"up-stats-grid"[39m
      [36m>[39m
        [36m<div[39m
          [33mclass[39m=[32m"up-stat-card"[39m
        [36m>[39m
          [36m<div[39m
            [33mclass[39m=[32m"up-stat-icon"[39m
            [33mstyle[39m=[32m"background: rgba(231, 76, 60, 0.12); color: rgb(231, 76, 60);"[39m
          [36m>[39m
            [36m<svg[39m
              [33maria-hidden[39...

Ignored nodes: comments, script, style
[36m<html>[39m
  [36m<head />[39m
  [36m<body>[39m
    [36m<div>[39m
      [36m<div[39m
        [33mclass[39m=[32m"up-profile-root"[39m
      [36m>[39m
        [36m<button[39m
          [33mclass[39m=[32m"up-back-btn"[39m
        [36m>[39m
          [36m<svg[39m
            [33maria-hidden[39m=[32m"true"[39m
            [33mclass[39m=[32m"lucide lucide-chevron-left"[39m
            [33mfill[39m=[32m"none"[39m
            [33mheight[39m=[32m"16"[39m
            [33mstroke[39m=[32m"currentColor"[39m
            [33mstroke-linecap[39m=[32m"round"[39m
            [33mstroke-linejoin[39m=[32m"round"[39m
            [33mstroke-width[39m=[32m"2"[39m
            [33mviewBox[39m=[32m"0 0 24 24"[39m
            [33mwidth[39m=[32m"16"[39m
            [33mxmlns[39m=[32m"http://www.w3.org/2000/svg"[39m
          [36m>[39m
            [36m<path[39m
              [33md[39m=[32m"m15 18-6-6 6-6"[39m
            [36m/>[39m
          [36m</svg>[39m
          [0m Back to Community[0m
        [36m</button>[39m
        [36m<div[39m
          [33mclass[39m=[32m"up-hero"[39m
        [36m>[39m
          [36m<img[39m
            [33malt[39m=[32m"alice"[39m
            [33mclass[39m=[32m"up-avatar"[39m
            [33msrc[39m=[32m"https://api.dicebear.com/7.x/avataaars/svg?seed=alice"[39m
          [36m/>[39m
          [36m<div[39m
            [33mclass[39m=[32m"up-hero-info"[39m
          [36m>[39m
            [36m<h1[39m
              [33mclass[39m=[32m"up-hero-name"[39m
            [36m>[39m
              [0mAlice Smith[0m
            [36m</h1>[39m
            [36m<p[39m
              [33mclass[39m=[32m"up-hero-handle"[39m
            [36m>[39m
              [0m@[0m
              [0malice[0m
            [36m</p>[39m
            [36m<p[39m
              [33mclass[39m=[32m"up-hero-bio"[39m
            [36m>[39m
              [0m"[0m
              [0mI love learning Hindi![0m
              [0m"[0m
            [36m</p>[39m
            [36m<div[39m
              [33mstyle[39m=[32m"margin-top: 12px; display: flex; align-items: center; gap: 6px;"[39m
            [36m>[39m
              [36m<svg[39m
                [33maria-hidden[39m=[32m"true"[39m
                [33mclass[39m=[32m"lucide lucide-users"[39m
                [33mfill[39m=[32m"none"[39m
                [33mheight[39m=[32m"14"[39m
                [33mstroke[39m=[32m"var(--text-muted)"[39m
                [33mstroke-linecap[39m=[32m"round"[39m
                [33mstroke-linejoin[39m=[32m"round"[39m
                [33mstroke-width[39m=[32m"2"[39m
                [33mviewBox[39m=[32m"0 0 24 24"[39m
                [33mwidth[39m=[32m"14"[39m
                [33mxmlns[39m=[32m"http://www.w3.org/2000/svg"[39m
              [36m>[39m
                [36m<path[39m
                  [33md[39m=[32m"M16 21v-2a4 4 0 0 0-4-4H6a4 4 0 0 0-4 4v2"[39m
                [36m/>[39m
                [36m<path[39m
                  [33md[39m=[32m"M16 3.128a4 4 0 0 1 0 7.744"[39m
                [36m/>[39m
                [36m<path[39m
                  [33md[39m=[32m"M22 21v-2a4 4 0 0 0-3-3.87"[39m
                [36m/>[39m
                [36m<circle[39m
                  [33mcx[39m=[32m"9"[39m
                  [33mcy[39m=[32m"7"[39m
                  [33mr[39m=[32m"4"[39m
                [36m/>[39m
              [36m</svg>[39m
              [36m<span[39m
                [33mstyle[39m=[32m"color: var(--text-muted); font-size: 0.83rem; font-weight: 600;"[39m
              [36m>[39m
                [0m2[0m
                [0m friend[0m
                [0ms[0m
              [36m</span>[39m
            [36m</div>[39m
          [36m</div>[39m
          [36m<div[39m
            [33mclass[39m=[32m"up-hero-actions"[39m
          [36m>[39m
            [36m<button[39m
              [33mclass[39m=[32m"up-action-btn outline"[39m
              [33mdisabled[39m=[32m""[39m
            [36m>[39m
              [36m<svg[39m
                [33maria-hidden[39m=[32m"true"[39m
                [33mclass[39m=[32m"lucide lucide-shield-check"[39m
                [33mfill[39m=[32m"none"[39m
                [33mheight[39m=[32m"16"[39m
                [33mstroke[39m=[32m"currentColor"[39m
                [33mstroke-linecap[39m=[32m"round"[39m
                [33mstroke-linejoin[39m=[32m"round"[39m
                [33mstroke-width[39m=[32m"2"[39m
                [33mviewBox[39m=[32m"0 0 24 24"[39m
                [33mwidth[39m=[32m"16"[39m
                [33mxmlns[39m=[32m"http://www.w3.org/2000/svg"[39m
              [36m>[39m
                [36m<path[39m
                  [33md[39m=[32m"M20 13c0 5-3.5 7.5-7.66 8.95a1 1 0 0 1-.67-.01C7.5 20.5 4 18 4 13V6a1 1 0 0 1 1-1c2 0 4.5-1.2 6.24-2.72a1.17 1.17 0 0 1 1.52 0C14.51 3.81 17 5 19 5a1 1 0 0 1 1 1z"[39m
                [36m/>[39m
                [36m<path[39m
                  [33md[39m=[32m"m9 12 2 2 4-4"[39m
                [36m/>[39m
              [36m</svg>[39m
              [0m Friends[0m
            [36m</button>[39m
            [36m<button[39m
              [33mclass[39m=[32m"up-action-btn friends-btn"[39m
            [36m>[39m
              [36m<svg[39m
                [33maria-hidden[39m=[32m"true"[39m
                [33mclass[39m=[32m"lucide lucide-users"[39m
                [33mfill[39m=[32m"none"[39m
                [33mheight[39m=[32m"16"[39m
                [33mstroke[39m=[32m"currentColor"[39m
                [33mstroke-linecap[39m=[32m"round"[39m
                [33mstroke-linejoin[39m=[32m"round"[39m
                [33mstroke-width[39m=[32m"2"[39m
                [33mviewBox[39m=[32m"0 0 24 24"[39m
                [33mwidth[39m=[32m"16"[39m
                [33mxmlns[39m=[32m"http://www.w3.org/2000/svg"[39m
              [36m>[39m
                [36m<path[39m
                  [33md[39m=[32m"M16 21v-2a4 4 0 0 0-4-4H6a4 4 0 0 0-4 4v2"[39m
                [36m/>[39m
                [36m<path[39m
                  [33md[39m=[32m"M16 3.128a4 4 0 0 1 0 7.744"[39m
                [36m/>[39m
                [36m<path[39m
                  [33md[39m=[32m"M22 21v-2a4 4 0 0 0-3-3.87"[39m
                [36m/>[39m
                [36m<circle[39m
                  [33mcx[39m=[32m"9"[39m
                  [33mcy[39m=[32m"7"[39m
                  [33mr[39m=[32m"4"[39m
                [36m/>[39m
              [36m</svg>[39m
              [0m [0m
              [0mView[0m
              [0m Friends[0m
            [36m</button>[39m
          [36m</div>[39m
        [36m</div>[39m
        [36m<div[39m
          [33mclass[39m=[32m"up-stats-grid"[39m
        ...
 Γ£ô src/tests/UserProfile.test.jsx > UserProfile ΓÇô Relationship: "friends" > Should NOT show Private Progress card 31ms
 Γ£ô src/tests/UserProfile.test.jsx > UserProfile ΓÇô Relationship: "self" > Should show stats for own profile 33ms
 Γ£ô src/tests/Dashboard.test.jsx > Dashboard Component Tests > Should navigate to leaderboard when Leaderboard quick action clicked 137ms
 Γ£ô src/tests/Community.test.jsx > Community Page ΓÇô Search Tests > Should render user-avatar img in search result cards 76ms
 Γ£ô src/tests/Community.test.jsx > Community Page ΓÇô Search Tests > Should render a ChevronRight svg icon inside each search result card 83ms
 Γ£ô src/tests/LearningReport.test.jsx > LearningReport Component Tests > Overall Mastery View Tests > Should render Tier Status as PRO 111ms
 Γ£ô src/tests/LearningReport.test.jsx > LearningReport Component Tests > Analytics Data Tests > Should show 0 weekly points when no daily scores 27ms
 Γ£ô src/tests/AccessibilityWidget.test.jsx > AccessibilityWidget Component Tests > Color Overlay Tests > Should render exactly 5 color overlay buttons 45ms
 Γ£ô src/tests/Leaderboard.test.jsx > Leaderboard ΓÇô "Your Rank" Banner > Should show the correct rank number in the banner 57ms
 Γ£ô src/tests/Leaderboard.test.jsx > Leaderboard ΓÇô "Your Rank" Banner > Should show weekly score in the banner when score > 0 47ms
 Γ£ô src/tests/ChatBot.test.jsx > ChatBot Component Tests > Send Message Tests > Should add user message to chat when send is clicked 453ms
 Γ£ô src/tests/Dashboard.test.jsx > Dashboard Component Tests > Should navigate to settings when Settings quick action clicked 114ms
 Γ£ô src/tests/Community.test.jsx > Community Page ΓÇô Mixed State Tests > Should show both friend requests and friends at the same time 23ms
 Γ£ô src/tests/Community.test.jsx > Community Page ΓÇô Mixed State Tests > Should hide friend requests section when no requests exist 17ms
 ├ù src/tests/LearningReport.test.jsx > LearningReport Component Tests > Analytics Data Tests > Should show correct total score in overall view 99ms
   ΓåÆ [2mexpect([22m[31melement[39m[2m).toHaveTextContent()[22m

Expected element to have text content:
[32m  80[39m
Received:
[31m  0[39m
 ├ù src/tests/UserProfile.test.jsx > UserProfile ΓÇô Relationship: "self" > Should NOT render any friend action button for own profile 50ms
   ΓåÆ [2mexpect([22m[31melement[39m[2m).not.toBeInTheDocument()[22m

[31mexpected document not to contain element, found <button
  class="up-action-btn friends-btn"
>
  <svg
    aria-hidden="true"
    class="lucide lucide-users"
    fill="none"
    height="16"
    stroke="currentColor"
    stroke-linecap="round"
    stroke-linejoin="round"
    stroke-width="2"
    viewBox="0 0 24 24"
    width="16"
    xmlns="http://www.w3.org/2000/svg"
  >
    <path
      d="M16 21v-2a4 4 0 0 0-4-4H6a4 4 0 0 0-4 4v2"
    />
    <path
      d="M16 3.128a4 4 0 0 1 0 7.744"
    />
    <path
      d="M22 21v-2a4 4 0 0 0-3-3.87"
    />
    <circle
      cx="9"
      cy="7"
      r="4"
    />
  </svg>
   
  View
   Friends
</button> instead[39m
 Γ£ô src/tests/UserProfile.test.jsx > UserProfile ΓÇô Relationship: "none" (stranger) > Should show Private Progress card instead of stats 26ms
 Γ£ô src/tests/UserProfile.test.jsx > UserProfile ΓÇô Relationship: "none" (stranger) > Should show "Add Friend" button 44ms
 Γ£ô src/tests/UserProfile.test.jsx > UserProfile ΓÇô Relationship: "none" (stranger) > Should NOT show stat cards 22ms
 Γ£ô src/tests/Leaderboard.test.jsx > Leaderboard ΓÇô "Your Rank" Banner > Should show "No score yet" in banner when weekly score is 0 54ms
 Γ£ô src/tests/Leaderboard.test.jsx > Leaderboard ΓÇô "Your Rank" Banner > Should NOT show "Your rank" banner when current user is in top 3 55ms
 Γ£ô src/tests/AccessibilityWidget.test.jsx > AccessibilityWidget Component Tests > Color Overlay Tests > Should call updatePreferences with colorOverlay "none" when None clicked 110ms
 Γ£ô src/tests/Community.test.jsx > Community Page ΓÇô Mixed State Tests > Should hide both sections during active search and restore on clear 127ms
 Γ£ô src/tests/Dashboard.test.jsx > Dashboard Component Tests > Should navigate to lessons when Lessons Completed card clicked 103ms
 Γ£ô src/tests/ResetPassword.test.jsx > ResetPassword Component Tests > Should show error when passwords do not match 794ms
 Γ£ô src/tests/LearningReport.test.jsx > LearningReport Component Tests > Analytics Data Tests > Should show correct lessons count in overall view 106ms
 Γ£ô src/tests/LearningReport.test.jsx > LearningReport Component Tests > Analytics Data Tests > Should show Low intensity when no lessons this week 26ms
 Γ£ô src/tests/LearningReport.test.jsx > LearningReport Component Tests > Analytics Data Tests > Should show High intensity when lessons completed this week 27ms
 Γ£ô src/tests/LearningReport.test.jsx > LearningReport Component Tests > Analytics Data Tests > Should show 0% goal when todayProgress is 0 34ms
 ├ù src/tests/LearningScreen.test.jsx > LearningScreen Component Tests > Should complete lesson and sync progress 1422ms
   ΓåÆ Unable to find an element with the text: Finish. This could be because the text is broken up by multiple elements. In this case, you can provide a function for your text matcher to make your matcher more flexible.

Ignored nodes: comments, script, style
[36m<body>[39m
  [36m<div>[39m
    [36m<div[39m
      [33mclass[39m=[32m"learning-container"[39m
    [36m>[39m
      [36m<div[39m
        [33mclass[39m=[32m"learning-header"[39m
      [36m>[39m
        [36m<button[39m
          [33mclass[39m=[32m"close-btn"[39m
        [36m>[39m
          [36m<svg[39m
            [33maria-hidden[39m=[32m"true"[39m
            [33mclass[39m=[32m"lucide lucide-x"[39m
            [33mfill[39m=[32m"none"[39m
            [33mheight[39m=[32m"24"[39m
            [33mstroke[39m=[32m"currentColor"[39m
            [33mstroke-linecap[39m=[32m"round"[39m
            [33mstroke-linejoin[39m=[32m"round"[39m
            [33mstroke-width[39m=[32m"2"[39m
            [33mviewBox[39m=[32m"0 0 24 24"[39m
            [33mwidth[39m=[32m"24"[39m
            [33mxmlns[39m=[32m"http://www.w3.org/2000/svg"[39m
          [36m>[39m
            [36m<path[39m
              [33md[39m=[32m"M18 6 6 18"[39m
            [36m/>[39m
            [36m<path[39m
              [33md[39m=[32m"m6 6 12 12"[39m
            [36m/>[39m
          [36m</svg>[39m
        [36m</button>[39m
        [36m<div[39m
          [33mclass[39m=[32m"progress-track"[39m
        [36m>[39m
          [36m<div[39m
            [33mclass[39m=[32m"progress-fill"[39m
            [33mstyle[39m=[32m"width: 28.57142857142857%; background-color: rgb(88, 204, 2);"[39m
          [36m/>[39m
        [36m</div>[39m
        [36m<button[39m
          [33maria-label[39m=[32m"Enter focus mode"[39m
          [33mclass[39m=[32m"focus-mode-btn"[39m
          [33mtitle[39m=[32m"Enter Focus Mode ΓÇö hide distractions"[39m
        [36m>[39m
          [36m<svg[39m
            [33maria-hidden[39m=[32m"true"[39m
            [33mclass[39m=[32m"lucide lucide-eye"[39m
            [33mfill[39m=[32m"none"[39m
            [33mheight[39m=[32m"18"[39m
            [33mstroke[39m=[32m"currentColor"[39m
            [33mstroke-linecap[39m=[32m"round"[39m
            [33mstroke-linejoin[39m=[32m"round"[39m
            [33mstroke-width[39m=[32m"2"[39m
            [33mviewBox[39m=[32m"0 0 24 24"[39m
            [33mwidth[39m=[32m"18"[39m
            [33mxmlns[39m=[32m"http://www.w3.org/2000/svg"[39m
          [36m>[39m
            [36m<path[39m
              [33md[39m=[32m"M2.062 12.348a1 1 0 0 1 0-.696 10.75 10.75 0 0 1 19.876 0 1 1 0 0 1 0 .696 10.75 10.75 0 0 1-19.876 0"[39m
            [36m/>[39m
            [36m<circle[39m
              [33mcx[39m=[32m"12"[39m
              [33mcy[39m=[32m"12"[39m
              [33mr[39m=[32m"3"[39m
            [36m/>[39m
          [36m</svg>[39m
          [36m<span>[39m
            [0mFocus[0m
          [36m</span>[39m
        [36m</button>[39m
      [36m</div>[39m
      [36m<div[39m
        [33mclass[39m=[32m"slide-content"[39m
      [36m>[39m
        [36m<h2[39m
          [33mclass[39m=[32m"quiz-question"[39m
        [36m>[39m
          [0mSelect 'Ten'[0m
        [36m</h2>[39m
        [36m<div[39m
          [33mclass[39m=[32m"options-grid fade-in grid-cols-3"[39m
          [33mstyle[39m=[32m"margin-top: 30px;"[39m
        [36m>[39m
          [36m<button[39m
            [33mclass[39m=[32m"option-btn 
                hindi-option
                 
                
                
                "[39m
          [36m>[39m
            [0mαñ¿αÑî[0m
          [36m</button>[39m
          [36m<button[39m
            [33mclass[39m=[32m"option-btn 
                hindi-option
                selected 
                correct
                
                "[39m
          [36m>[39m
            [0mαñªαñ╕[0m
          [36m</button>[39m
          [36m<button[39m
            [33mclass[39m=[32m"option-btn 
                hindi-option
                 
                
                
                "[39m
          [36m>[39m
            [0mαñåαñá[0m
          [36m</button>[39m
          [36m<button[39m
            [33mclass[39m=[32m"option-btn 
                hindi-option
                 
                
                
                "[39m
          [36m>[39m
            [0mαñ╕αñ╛αññ[0m
          [36m</button>[39m
        [36m</div>[39m
      [36m</div>[39m
      [36m<div[39m
        [33mclass[39m=[32m"learning-footer footer-success "[39m
      [36m>[39m
        [36m<div[39m
          [33mclass[39m=[32m"footer-feedback-content"[39m
        [36m>[39m
          [36m<div[39m
            [33mclass[39m=[32m"feedback-row"[39m
          [36m>[39m
            [36m<div[39m
              [33mclass[39m=[32m"icon-circle success"[39m
            [36m>[39m
              [36m<svg[39m
                [33maria-hidden[39m=[32m"true"[39m
                [33mclass[39m=[32m"lucide lucide-circle-check-big"[39m
                [33mfill[39m=[32m"none"[39m
                [33mheight[39m=[32m"20"[39m
                [33mstroke[39m=[32m"#2ecc71"[39m
                [33mstroke-linecap[39m=[32m"round"[39m
                [33mstroke-linejoin[39m=[32m"round"[39m
                [33mstroke-width[39m=[32m"2"[39m
                [33mviewBox[39m=[32m"0 0 24 24"[39m
                [33mwidth[39m=[32m"20"[39m
                [33mxmlns[39m=[32m"http://www.w3.org/2000/svg"[39m
              [36m>[39m
                [36m<path[39m
                  [33md[39m=[32m"M21.801 10A10 10 0 1 1 17 3.335"[39m
                [36m/>[39m
                [36m<path[39m
                  [33md[39m=[32m"m9 11 3 3L22 4"[39m
                [36m/>[39m
              [36m</svg>[39m
            [36m</div>[39m
            [36m<span[39m
              [33mclass[39m=[32m"feedback-text success"[39m
            [36m>[39m
              [0mExcellent![0m
            [36m</span>[39m
          [36m</div>[39m
        [36m</div>[39m
        [36m<button[39m
          [33mclass[39m=[32m"next-btn "[39m
        [36m>[39m
          [0mNext[0m
          [36m<svg[39m
            [33maria-hidden[39m=[32m"true"[39m
            [33mclass[39m=[32m"lucide lucide-chevron-right"[39m
            [33mfill[39m=[32m"none"[39m
            [33mheight[39m=[32m"20"[39m
            [33mstroke[39m=[32m"currentColor"[39m
            [33mstroke-linecap[39m=[32m"round"[39m
            [33mstroke-linejoin[39m=[32m"round"[39m
            [33mstroke-width[39m=[32m"2"[39m
            [33mviewBox[39m=[32m"0 0 24 24"[39m
            [33mwidth[39m=[32m"20"[39m
            [33mxmlns[39m=[32m"http://www.w3.org/2000/svg"[39m
          [36m>[39m
            [36m<path[39m
              [33md[39m=[32m"m9 18 6-6-6-6"[39m
            [36m/>[39m
          [36m</svg>[39m
        [36m</button>[39m
      [36m</div>[39m
    [36m</div>[39m
  [36m</div>[39m
[36m</body>[39m

Ignored nodes: comments, script, style
[36m<body>[39m
  [36m<div>[39m
    [36m<div[39m
      [33mclass[39m=[32m"learning-container"[39m
    [36m>[39m
      [36m<div[39m
        [33mclass[39m=[32m"learning-header"[39m
      [36m>[39m
        [36m<button[39m
          [33mclass[39m=[32m"close-btn"[39m
        [36m>[39m
          [36m<svg[39m
            [33maria-hidden[39m=[32m"true"[39m
            [33mclass[39m=[32m"lucide lucide-x"[39m
            [33mfill[39m=[32m"none"[39m
            [33mheight[39m=[32m"24"[39m
            [33mstroke[39m=[32m"currentColor"[39m
            [33mstroke-linecap[39m=[32m"round"[39m
            [33mstroke-linejoin[39m=[32m"round"[39m
            [33mstroke-width[39m=[32m"2"[39m
            [33mviewBox[39m=[32m"0 0 24 24"[39m
            [33mwidth[39m=[32m"24"[39m
            [33mxmlns[39m=[32m"http://www.w3.org/2000/svg"[39m
          [36m>[39m
            [36m<path[39m
              [33md[39m=[32m"M18 6 6 18"[39m
            [36m/>[39m
            [36m<path[39m
              [33md[39m=[32m"m6 6 12 12"[39m
            [36m/>[39m
          [36m</svg>[39m
        [36m</button>[39m
        [36m<div[39m
          [33mclass[39m=[32m"progress-track"[39m
        [36m>[39m
          [36m<div[39m
            [33mclass[39m=[32m"progress-fill"[39m
            [33mstyle[39m=[32m"width: 28.57142857142857%; background-color: rgb(88, 204, 2);"[39m
          [36m/>[39m
        [36m</div>[39m
        [36m<button[39m
          [33maria-label[39m=[32m"Enter focus mode"[39m
          [33mclass[39m=[32m"focus-mode-btn"[39m
          [33mtitle[39m=[32m"Enter Focus Mode ΓÇö hide distractions"[39m
        [36m>[39m
          [36m<svg[39m
            [33maria-hidden[39m=[32m"true"[39m
            [33mclass[39m=[32m"lucide lucide-eye"[39m
            [33mfill[39m=[32m"none"[39m
            [33mheight[39m=[32m"18"[39m
            [33mstroke[39m=[32m"currentColor"[39m
            [33mstroke-linecap[39m=[32m"round"[39m
            [33mstroke-linejoin[39m=[32m"round"[39m
            [33mstroke-width[39m=[32m"2"[39m
            [33mviewBox[39m=[32m"0 0 24 24"[39m
            [33mwidth[39m=[32m"18"[39m
            [33mxmlns[39m=[32m"http://www.w3.org/2000/svg"[39m
          [36m>[39m
            [36m<path[39m
              [33md[39m=[32m"M2.062 12.348a1 1 0 0 1 0-.696 10.75 10.75 0 0 1 19.876 0 1 1 0 0 1 0 .696 10.75 10.75 0 0 1-19.876 0"[39m
            [36m/>[39m
            [36m<circle[39m
              [33mcx[39m=[32m"12"[39m
              [33mcy[39m=[32m"12"[39m
              [33mr[39m=[32m"3"[39m
            [36m/>[39m
          [36m</svg>[39m
          [36m<span>[39m
            [0mFocus[0m
          [36m</span>[39m
        [36m</button>[39m
      [36m</div>[39m
      [36m<div[39m
        [33mclass[39m=[32m"slide-content"[39m
      [36m>[39m
        [36m<h2[39m
          [33mclass[39m=[32m"quiz-question"[39m
        [36m>[39m
          [0mSelect 'Ten'[0m
        [36m</h2>[39m
        [36m<div[39m
          [33mclass[39m=[32m"options-grid fade-in grid-cols-3"[39m
          [33mstyle[39m=[32m"margin-top: 30px;"[39m
        [36m>[39m
          [36m<button[39m
            [33mclass[39m=[32m"option-btn 
                hindi-option
                 
                
                
                "[39m
          [36m>[39m
            [0mαñ¿αÑî[0m
          [36m</button>[39m
          [36m<button[39m
            [33mclass[39m=[32m"option-btn 
                hindi-option
                selected 
                correct
                
                "[39m
          [36m>[39m
            [0mαñªαñ╕[0m
          [36m</button>[39m
          [36m<button[39m
            [33mclass[39m=[32m"option-btn 
                hindi-option
                 
                
                
                "[39m
          [36m>[39m
            [0mαñåαñá[0m
          [36m</button>[39m
          [36m<button[39m
            [33mclass[39m=[32m"option-btn 
                hindi-option
                 
                
                
                "[39m
          [36m>[39m
            [0mαñ╕αñ╛αññ[0m
          [36m</button>[39m
        [36m</div>[39m
      [36m</div>[39m
      [36m<div[39m
        [33mclass[39m=[32m"learning-footer footer-success "[39m
      [36m>[39m
        [36m<div[39m
          [33mclass[39m=[32m"footer-feedback-content"[39m
        [36m>[39m
          [36m<div[39m
            [33mclass[39m=[32m"feedback-row"[39m
          [36m>[39m
            [36m<div[39m
              [33mclass[39m=[32m"icon-circle success"[39m
            [36m>[39m
              [36m<svg[39m
                [33maria-hidden[39m=[32m"true"[39m
                [33mclass[39m=[32m"lucide lucide-circle-check-big"[39m
                [33mfill[39m=[32m"none"[39m
                [33mheight[39m=[32m"20"[39m
                [33mstroke[39m=[32m"#2ecc71"[39m
                [33mstroke-linecap[39m=[32m"round"[39m
                [33mstroke-linejoin[39m=[32m"round"[39m
                [33mstroke-width[39m=[32m"2"[39m
                [33mviewBox[39m=[32m"0 0 24 24"[39m
                [33mwidth[39m=[32m"20"[39m
                [33mxmlns[39m=[32m"http://www.w3.org/2000/svg"[39m
              [36m>[39m
                [36m<path[39m
                  [33md[39m=[32m"M21.801 10A10 10 0 1 1 17 3.335"[39m
                [36m/>[39m
                [36m<path[39m
                  [33md[39m=[32m"m9 11 3 3L22 4"[39m
                [36m/>[39m
              [36m</svg>[39m
            [36m</div>[39m
            [36m<span[39m
              [33mclass[39m=[32m"feedback-text success"[39m
            [36m>[39m
              [0mExcellent![0m
            [36m</span>[39m
          [36m</div>[39m
        [36m</div>[39m
        [36m<button[39m
          [33mclass[39m=[32m"next-btn "[39m
        [36m>[39m
          [0mNext[0m
          [36m<svg[39m
            [33maria-hidden[39m=[32m"true"[39m
            [33mclass[39m=[32m"lucide lucide-chevron-right"[39m
            [33mfill[39m=[32m"none"[39m
            [33mheight[39m=[32m"20"[39m
            [33mstroke[39m=[32m"currentColor"[39m
            [33mstroke-linecap[39m=[32m"round"[39m
            [33mstroke-linejoin[39m=[32m"round"[39m
            [33mstroke-width[39m=[32m"2"[39m
            [33mviewBox[39m=[32m"0 0 24 24"[39m
            [33mwidth[39m=[32m"20"[39m
            [33mxmlns[39m=[32m"http://www.w3.org/2000/svg"[39m
          [36m>[39m
            [36m<path[39m
              [33md[39m=[32m"m9 18 6-6-6-6"[39m
            [36m/>[39m
          [36m</svg>[39m
        [36m</button>[39m
      [36m</div>[39m
    [36m</div>[39m
  [36m</div>[39m
[36m</body>[39m
 Γåô src/tests/LearningScreen.test.jsx > LearningScreen Component Tests > Should display break notification after interval
 Γ£ô src/tests/Leaderboard.test.jsx > Leaderboard ΓÇô "Your Rank" Banner > Should render lb-my-rank div for the banner 44ms
 Γ£ô src/tests/Leaderboard.test.jsx > Leaderboard ΓÇô Refresh > Should call the API again when refresh button is clicked 95ms
 Γ£ô src/tests/AccessibilityWidget.test.jsx > AccessibilityWidget Component Tests > Color Overlay Tests > Should call updatePreferences with colorOverlay "yellow" when Yellow clicked 124ms
 Γ£ô src/tests/Login.test.jsx > Login Component Tests > Should display error message on failed login 700ms
 Γ£ô src/tests/UserProfile.test.jsx > UserProfile ΓÇô Relationship: "none" (stranger) > Should call the send friend-request API when Add Friend is clicked 96ms
 Γ£ô src/tests/UserProfile.test.jsx > UserProfile ΓÇô Relationship: "pending_sent" and "pending_received" > Should show "Request Sent" button when pending_sent 48ms
 Γ£ô src/tests/UserProfile.test.jsx > UserProfile ΓÇô Relationship: "pending_sent" and "pending_received" > Should show "Accept Request" button when pending_received 73ms
 Γ£ô src/tests/Leaderboard.test.jsx > Leaderboard ΓÇô Refresh > Should show loading state again while refreshing 93ms
 Γ£ô src/tests/ChatBot.test.jsx > ChatBot Component Tests > Send Message Tests > Should clear input after sending message 280ms
 Γ£ô src/tests/Dashboard.test.jsx > Dashboard Component Tests > Should open notification panel when notification bell clicked 140ms
 Γ£ô src/tests/LearningReport.test.jsx > LearningReport Component Tests > Analytics Data Tests > Should show 100% goal when todayProgress meets goal 33ms
 Γ£ô src/tests/AccessibilityWidget.test.jsx > AccessibilityWidget Component Tests > Color Overlay Tests > Should call updatePreferences with colorOverlay "blue" when Blue clicked 124ms
 Γ£ô src/tests/LearningReport.test.jsx > LearningReport Component Tests > Milestone Unlock Tests > Seed Sower should be locked when no lessons completed 114ms
 Γ£ô src/tests/AccessibilityWidget.test.jsx > AccessibilityWidget Component Tests > Color Overlay Tests > Should call updatePreferences with colorOverlay "green" when Green clicked 108ms
 Γ£ô src/tests/Dashboard.test.jsx > Dashboard Component Tests > Should navigate to settings when profile avatar clicked 170ms
 Γ£ô src/tests/LearningReport.test.jsx > LearningReport Component Tests > Milestone Unlock Tests > Seed Sower should be unlocked when 1 lesson completed 110ms
 Γ£ô src/tests/AccessibilityWidget.test.jsx > AccessibilityWidget Component Tests > Color Overlay Tests > Should call updatePreferences with colorOverlay "rose" when Rose clicked 108ms
 Γ£ô src/tests/AccessibilityWidget.test.jsx > AccessibilityWidget Component Tests > Color Overlay Tests > Should mark yellow button active when colorOverlay is yellow 64ms
 Γ£ô src/tests/Dashboard.test.jsx > Dashboard Component Tests > Should show notification panel when notification bell clicked 141ms
 Γ£ô src/tests/LearningReport.test.jsx > LearningReport Component Tests > Milestone Unlock Tests > Quick Learner should be locked when totalScore < 100 107ms
 Γ£ô src/tests/ChatBot.test.jsx > ChatBot Component Tests > Send Message Tests > Should call correct API endpoint when message is sent 295ms
 Γ£ô src/tests/AccessibilityWidget.test.jsx > AccessibilityWidget Component Tests > Color Overlay Tests > Should mark None button active when colorOverlay is none 62ms
 Γ£ô src/tests/AccessibilityWidget.test.jsx > AccessibilityWidget Component Tests > Color Overlay Tests > Should render all color button titles 63ms
 Γ£ô src/tests/Signup.test.jsx > Signup Component Tests > Should show error if passwords do not match 1011ms
 ├ù src/tests/Lessons.test.jsx > Lessons Page Component Tests > Data Fetching Tests > Should fetch progress from API on mount when token exists 1193ms
   ΓåÆ expected "vi.fn()" to be called with arguments: [ ΓÇª(2) ][90m

Number of calls: [1m0[22m
[39m

Ignored nodes: comments, script, style
[36m<html>[39m
  [36m<head />[39m
  [36m<body>[39m
    [36m<div>[39m
      [36m<div[39m
        [33mclass[39m=[32m"lessons-container"[39m
      [36m>[39m
        [36m<header[39m
          [33mclass[39m=[32m"content-header"[39m
        [36m>[39m
          [36m<div[39m
            [33mclass[39m=[32m"greeting"[39m
          [36m>[39m
            [36m<button[39m
              [33mstyle[39m=[32m"background: none; border: medium; display: flex; align-items: center; gap: 8px; color: var(--text-muted); margin-bottom: 8px; cursor: pointer; padding: 0px;"[39m
            [36m>[39m
              [36m<svg[39m
                [33maria-hidden[39m=[32m"true"[39m
                [33mclass[39m=[32m"lucide lucide-arrow-left"[39m
                [33mfill[39m=[32m"none"[39m
                [33mheight[39m=[32m"16"[39m
                [33mstroke[39m=[32m"currentColor"[39m
                [33mstroke-linecap[39m=[32m"round"[39m
                [33mstroke-linejoin[39m=[32m"round"[39m
                [33mstroke-width[39m=[32m"2"[39m
                [33mviewBox[39m=[32m"0 0 24 24"[39m
                [33mwidth[39m=[32m"16"[39m
                [33mxmlns[39m=[32m"http://www.w3.org/2000/svg"[39m
              [36m>[39m
                [36m<path[39m
                  [33md[39m=[32m"m12 19-7-7 7-7"[39m
                [36m/>[39m
                [36m<path[39m
                  [33md[39m=[32m"M19 12H5"[39m
                [36m/>[39m
              [36m</svg>[39m
              [0m Back to Dashboard[0m
            [36m</button>[39m
            [36m<h2>[39m
              [0mLessons[0m
            [36m</h2>[39m
            [36m<p>[39m
              [0mMaster the Hindi alphabet and basic conversation.[0m
            [36m</p>[39m
          [36m</div>[39m
          [36m<div[39m
            [33mclass[39m=[32m"db-header-right"[39m
          [36m>[39m
            [36m<div[39m
              [33mclass[39m=[32m"db-streak"[39m
            [36m>[39m
              [36m<svg[39m
                [33maria-hidden[39m=[32m"true"[39m
                [33mclass[39m=[32m"lucide lucide-flame"[39m
                [33mfill[39m=[32m"currentColor"[39m
                [33mheight[39m=[32m"15"[39m
                [33mstroke[39m=[32m"currentColor"[39m
                [33mstroke-linecap[39m=[32m"round"[39m
                [33mstroke-linejoin[39m=[32m"round"[39m
                [33mstroke-width[39m=[32m"2"[39m
                [33mviewBox[39m=[32m"0 0 24 24"[39m
                [33mwidth[39m=[32m"15"[39m
                [33mxmlns[39m=[32m"http://www.w3.org/2000/svg"[39m
              [36m>[39m
                [36m<path[39m
                  [33md[39m=[32m"M12 3q1 4 4 6.5t3 5.5a1 1 0 0 1-14 0 5 5 0 0 1 1-3 1 1 0 0 0 5 0c0-2-1.5-3-1.5-5q0-2 2.5-4"[39m
                [36m/>[39m
              [36m</svg>[39m
              [0m0[0m
              [0m Day[0m
              [0ms[0m
              [0m Streak[0m
            [36m</div>[39m
            [36m<div[39m
              [33mclass[39m=[32m"notification-container"[39m
            [36m>[39m
              [36m<div[39m
                [33mclass[39m=[32m"_nb"[39m
              [36m>[39m
                [36m<button[39m
                  [33maria-label[39m=[32m"Notifications"[39m
                  [33mclass[39m=[32m"db-icon-btn"[39m
                [36m>[39m
                  [36m<svg[39m
                    [33maria-hidden[39m=[32m"true"[39m
                    [33mclass[39m=[32m"lucide lucide-bell"[39m
                    [33mfill[39m=[32m"none"[39m
                    [33mheight[39m=[32m"18"[39m
                    [33mstroke[39m=[32m"currentColor"[39m
                    [33mstroke-linecap[39m=[32m"round"[39m
                    [33mstroke-linejoin[39m=[32m"round"[39m
                    [33mstroke-width[39m=[32m"2"[39m
                    [33mviewBox[39m=[32m"0 0 24 24"[39m
                    [33mwidth[39m=[32m"18"[39m
                    [33mxmlns[39m=[32m"http://www.w3.org/2000/svg"[39m
                  [36m>[39m
                    [36m<path[39m
                      [33md[39m=[32m"M10.268 21a2 2 0 0 0 3.464 0"[39m
                    [36m/>[39m
                    [36m<path[39m
                      [33md[39m=[32m"M3.262 15.326A1 1 0 0 0 4 17h16a1 1 0 0 0 .74-1.673C19.41 13.956 18 12.499 18 8A6 6 0 0 0 6 8c0 4.499-1.411 5.956-2.738 7.326"[39m
                    [36m/>[39m
                  [36m</svg>[39m
                [36m</button>[39m
              [36m</div>[39m
            [36m</div>[39m
            [36m<div[39m
              [33mclass[39m=[32m"profile-avatar-container"[39m
            [36m>[39m
              [36m<div[39m
                [33mclass[39m=[32m"profile-avatar"[39m
                [33mstyle[39m=[32m"cursor: pointer;"[39m
              [36m>[39m
                [36m<img[39m
                  [33malt[39m=[32m"avatar"[39m
                  [33msrc[39m=[32m"https://api.dicebear.com/7.x/avataaars/svg?seed=Learner"[39m
                  [33mstyle[39m=[32m"width: 100%; height: 100%; object-fit: cover; border-radius: 50%;"[39m
                [36m/>[39m
              [36m</div>[39m
            [36m</div>[39m
          [36m</div>[39m
        [36m</header>[39m
        [36m<div[39m
          [33mclass[39m=[32m"chapters-scroll"[39m
        [36m>[39m
          [36m<div[39m
            [33mclass[39m=[32m"chapter-section"[39m
          [36m>[39m
            [36m<div[39m
              [33mclass[39m=[32m"chapter-header"[39m
              [33mstyle[39m=[32m"border-left: 5px solid rgb(230, 126, 34);"[39m
            [36m>[39m
              [36m<div>[39m
                [36m<h3[39m
                  [33mstyle[39m=[32m"margin: 0px; font-size: 1.25rem;"[39m
                [36m>[39m
                  [0mChapter 1: Mastering the Script[0m
                [36m</h3>[39m
                [36m<p[39m
                  [33mstyle[39m=[32m"margin: 5px 0px 0px; opacity: 0.7; font-size: 0.875rem;"[39m
                [36m>[39m
                  [0mHindi Varnamala (Vowels & Consonants)[0m
                [36m</p>[39m
              [36m</div>[39m
              [36m<span[39m
                [33mclass[39m=[32m"chapter-badge"[39m
              [36m>[39m
                [0m15[0m
                [0m Lessons[0m
              [36m</span>[39m
            [36m</div>[39m
            [36m<div[39m
              [33mclass[39m=[32m"lessons-grid"[39m
            [36m>[39m
              [36m<div[39m
                [33mclass[39m=[32m"lesson-card  "[39m
              [36m>[39m
                [36m<div[39m
                  [33mclass[39m=[32m"lesson-icon"[39m
                [36m>[39m
    ...
 Γ£ô src/tests/LearningReport.test.jsx > LearningReport Component Tests > Milestone Unlock Tests > Quick Learner should be unlocked when totalScore >= 100 162ms
 Γ£ô src/tests/Login.test.jsx > Login Component Tests > Should display network error message when API fails 633ms
 Γ£ô src/tests/Dashboard.test.jsx > Dashboard Component Tests > Should hide notification panel when bell is clicked again 217ms
 Γ£ô src/tests/Dashboard.test.jsx > Dashboard Component Tests > Should sync progress with backend on mount 83ms
 Γ£ô src/tests/ChatBot.test.jsx > ChatBot Component Tests > Send Message Tests > Should include userProgress in API call 288ms
 Γ£ô src/tests/Lessons.test.jsx > Lessons Page Component Tests > Data Fetching Tests > Should fallback to localStorage if API fails 258ms
 Γ£ô src/tests/ResetPassword.test.jsx > ResetPassword Component Tests > Should not call API when passwords do not match 729ms
 Γ£ô src/tests/LearningReport.test.jsx > LearningReport Component Tests > Milestone Unlock Tests > Unstoppable should be locked when streak < 7 173ms
 Γ£ô src/tests/Dashboard.test.jsx > Dashboard Component Tests > Should update localStorage after successful sync 80ms
 Γ£ô src/tests/Dashboard.test.jsx > Dashboard Component Tests > Should not sync when user has no email 39ms
 Γ£ô src/tests/Settings.test.jsx > Settings Component Tests > Should update profile fields in edit mode 1352ms
 Γ£ô src/tests/Dashboard.test.jsx > Dashboard Component Tests > Should handle sync failure gracefully 66ms
 Γ£ô src/tests/Dashboard.test.jsx > Dashboard Component Tests > Should render weekly chart with correct data 58ms
 Γ£ô src/tests/LearningReport.test.jsx > LearningReport Component Tests > Milestone Unlock Tests > Unstoppable should be unlocked when streak >= 7 147ms
 Γ£ô src/tests/ChatBot.test.jsx > ChatBot Component Tests > Send Message Tests > Should include userInfo in API call 314ms
 Γ£ô src/tests/Dashboard.test.jsx > Dashboard Component Tests > Should highlight today in weekly chart 80ms
 Γ£ô src/tests/Dashboard.test.jsx > Dashboard Component Tests > Should have accessible notification button 53ms
 Γ£ô src/tests/NotificationBell.test.jsx > NotificationBell Component Tests > Rendering Tests > Should render the bell button 398ms
 Γ£ô src/tests/NotificationBell.test.jsx > NotificationBell Component Tests > Rendering Tests > Should apply default btnClassName db-icon-btn 55ms
 Γ£ô src/tests/NotificationBell.test.jsx > NotificationBell Component Tests > Rendering Tests > Should apply custom btnClassName when passed 36ms
 Γ£ô src/tests/Lessons.test.jsx > Lessons Page Component Tests > Data Fetching Tests > Should use localStorage if no token exists 232ms
 Γ£ô src/tests/LearningReport.test.jsx > LearningReport Component Tests > Milestone Unlock Tests > Linguist should be locked when lessons < 10 143ms
 Γ£ô src/tests/Dashboard.test.jsx > Dashboard Component Tests > Should have clickable elements with proper cursor 57ms
 Γ£ô src/tests/Dashboard.test.jsx > Dashboard Component Tests > Should handle empty daily scores 62ms
 Γ£ô src/tests/NotificationBell.test.jsx > NotificationBell Component Tests > Rendering Tests > Should NOT show badge when unreadCount is 0 12ms
 Γ£ô src/tests/NotificationBell.test.jsx > NotificationBell Component Tests > Rendering Tests > Should show badge with correct count when unreadCount > 0 16ms
 Γ£ô src/tests/NotificationBell.test.jsx > NotificationBell Component Tests > Rendering Tests > Should show 9+ in badge when unreadCount exceeds 9 10ms
 Γ£ô src/tests/NotificationBell.test.jsx > NotificationBell Component Tests > Rendering Tests > Should include unread count in aria-label 22ms
 Γ£ô src/tests/NotificationBell.test.jsx > NotificationBell Component Tests > Rendering Tests > Should NOT show panel on initial render 10ms
 Γ£ô src/tests/Dashboard.test.jsx > Dashboard Component Tests > Should handle undefined daily scores 68ms
 Γ£ô src/tests/Dashboard.test.jsx > Dashboard Component Tests > Should handle very high progress values 57ms
 Γ£ô src/tests/LearningReport.test.jsx > LearningReport Component Tests > Milestone Unlock Tests > Linguist should be unlocked when lessons >= 10 139ms
 Γ£ô src/tests/LearningReport.test.jsx > LearningReport Component Tests > Weekly Recommendation Tests > Should show low momentum message when weeklyPoints <= 50 30ms
 Γ£ô src/tests/LearningReport.test.jsx > LearningReport Component Tests > Weekly Recommendation Tests > Should show high momentum message when weeklyPoints > 50 37ms
 Γ£ô src/tests/LearningReport.test.jsx > LearningReport Component Tests > Navigation Tests > Should call navigate to /dashboard when Back button clicked 102ms
 Γ£ô src/tests/LearningReport.test.jsx > LearningReport Component Tests > CSS Structure Tests > Should render lr-root container 28ms
 Γ£ô src/tests/LearningReport.test.jsx > LearningReport Component Tests > CSS Structure Tests > Should render lr-header-nav 27ms
 Γ£ô src/tests/NotificationBell.test.jsx > NotificationBell Component Tests > Open / Close Tests > Should open notification panel when bell is clicked 128ms
 ├ù src/tests/Lessons.test.jsx > Lessons Page Component Tests > Interaction Tests > Should navigate to lesson when unlocked lesson is clicked 467ms
   ΓåÆ expected "vi.fn()" to be called with arguments: [ Array(2) ][90m

Received: 

[1m  1st vi.fn() call:

[22m[2m  [[22m
[32m-   "/learn",[90m
[32m-   {[90m
[32m-     "state": {[90m
[32m-       "lessonId": 1,[90m
[32m-     },[90m
[32m-   },[90m
[31m+   "/learn?id=1",[90m
[2m  ][22m
[39m[90m

Number of calls: [1m1[22m
[39m
 Γ£ô src/tests/NotificationBell.test.jsx > NotificationBell Component Tests > Open / Close Tests > Should close notification panel when bell is clicked again 129ms
 Γ£ô src/tests/Login.test.jsx > Login Component Tests > Should include rememberMe in login request when checked 848ms
 Γ£ô src/tests/Login.test.jsx > Login Component Tests > Should have link to forgot password page 19ms
 Γ£ô src/tests/Login.test.jsx > Login Component Tests > Should have link to signup page 14ms
 Γ£ô src/tests/Login.test.jsx > Login Component Tests > Should require email field 14ms
 Γ£ô src/tests/Login.test.jsx > Login Component Tests > Should require password field 13ms
 Γ£ô src/tests/Login.test.jsx > Login Component Tests > Should have email type for email input 15ms
 Γ£ô src/tests/LearningReport.test.jsx > LearningReport Component Tests > CSS Structure Tests > Should render lr-report-toggle 35ms
 Γ£ô src/tests/LearningReport.test.jsx > LearningReport Component Tests > CSS Structure Tests > Should render lr-weekly-grid in weekly view 35ms
 Γ£ô src/tests/ChatBot.test.jsx > ChatBot Component Tests > Send Message Tests > Should display bot reply after successful API response 502ms
 Γ£ô src/tests/ResetPassword.test.jsx > ResetPassword Component Tests > Should submit form with matching passwords 832ms
 Γ£ô src/tests/LearningReport.test.jsx > LearningReport Component Tests > CSS Structure Tests > Should render lr-overall-grid in overall view 154ms
 Γ£ô src/tests/LearningReport.test.jsx > LearningReport Component Tests > CSS Structure Tests > Should render lr-mini-card elements in weekly view 34ms
 Γ£ô src/tests/NotificationBell.test.jsx > NotificationBell Component Tests > Open / Close Tests > Should close panel when clicking outside 109ms
 Γ£ô src/tests/NotificationBell.test.jsx > NotificationBell Component Tests > Open / Close Tests > Should call markAllRead when panel is opened 83ms
 Γ£ô src/tests/Signup.test.jsx > Signup Component Tests > Should register successfully with valid data 1295ms
 ├ù src/tests/Lessons.test.jsx > Lessons Page Component Tests > Interaction Tests > Should navigate to lesson when completed lesson is clicked 347ms
   ΓåÆ expected "vi.fn()" to be called with arguments: [ Array(2) ][90m

Received: 

[1m  1st vi.fn() call:

[22m[2m  [[22m
[32m-   "/learn",[90m
[32m-   {[90m
[32m-     "state": {[90m
[32m-       "lessonId": 1,[90m
[32m-     },[90m
[32m-   },[90m
[31m+   "/learn?id=1",[90m
[2m  ][22m
[39m[90m

Number of calls: [1m1[22m
[39m
 Γ£ô src/tests/NotificationBell.test.jsx > NotificationBell Component Tests > Open / Close Tests > Should NOT call markAllRead when panel is closed 152ms
 Γ£ô src/tests/NotificationBell.test.jsx > NotificationBell Component Tests > Empty State Tests > Should show empty message when no notifications 81ms
 Γ£ô src/tests/ChatBot.test.jsx > ChatBot Component Tests > Send Message Tests > User message should have chatbot-msg-user class 375ms
 Γ£ô src/tests/NotificationBell.test.jsx > NotificationBell Component Tests > Empty State Tests > Should NOT show Clear all button when notifications list is empty 71ms
 Γ£ô src/tests/Lessons.test.jsx > Lessons Page Component Tests > Interaction Tests > Should NOT navigate when locked lesson is clicked 276ms
 Γ£ô src/tests/NotificationBell.test.jsx > NotificationBell Component Tests > Empty State Tests > Should show panel header title when opened 51ms
 Γ£ô src/tests/NotificationBell.test.jsx > NotificationBell Component Tests > Notification Item Tests > Should render notification title and message 94ms
 Γ£ô src/tests/ResetPassword.test.jsx > ResetPassword Component Tests > Should use token from URL params in API call 634ms
 Γ£ô src/tests/ChatBot.test.jsx > ChatBot Component Tests > Send Message Tests > Should NOT send message when input is only whitespace 270ms
 Γ£ô src/tests/NotificationBell.test.jsx > NotificationBell Component Tests > Notification Item Tests > Should render multiple notifications 116ms
 Γ£ô src/tests/Lessons.test.jsx > Lessons Page Component Tests > Visual State Tests > Should show lock icon for locked lessons 162ms
 Γ£ô src/tests/NotificationBell.test.jsx > NotificationBell Component Tests > Notification Item Tests > Should render action label button when actionPath and actionLabel exist 111ms
 Γ£ô src/tests/NotificationBell.test.jsx > NotificationBell Component Tests > Notification Item Tests > Should NOT render action button when actionPath is missing 104ms
 Γ£ô src/tests/NotificationBell.test.jsx > NotificationBell Component Tests > Notification Item Tests > Should show timestamp as "just now" for recent notifications 45ms
 Γ£ô src/tests/Lessons.test.jsx > Lessons Page Component Tests > Visual State Tests > Should show check icon/style for completed lessons 298ms
 Γ£ô src/tests/NotificationBell.test.jsx > NotificationBell Component Tests > Notification Item Tests > Should show minutes ago for notifications older than 60 seconds 77ms
 Γ£ô src/tests/Lessons.test.jsx > Lessons Page Component Tests > Visual State Tests > Should unlock next lesson when previous is completed 270ms
 Γ£ô src/tests/ChatBot.test.jsx > ChatBot Component Tests > Send Message Tests > Should not add duplicate messages when send is double-clicked 526ms
 Γ£ô src/tests/NotificationContext.test.jsx > NotificationContext ΓÇô Initial State > Should start with 0 notifications 97ms
 Γ£ô src/tests/NotificationBell.test.jsx > NotificationBell Component Tests > Notification Item Tests > Should close panel and navigate when action button is clicked 171ms
 Γ£ô src/tests/NotificationContext.test.jsx > NotificationContext ΓÇô Initial State > Should start with 0 unread count 18ms
 Γ£ô src/tests/NotificationContext.test.jsx > NotificationContext ΓÇô Initial State > Should start with no active toast 17ms
 Γ£ô src/tests/NotificationContext.test.jsx > NotificationContext ΓÇô Initial State > useNotifications should throw when used outside NotificationProvider 12ms
 Γ£ô src/tests/NotificationContext.test.jsx > NotificationContext ΓÇô triggerGoalReminder() > Should add a goal notification when progress < 100% 25ms
 Γ£ô src/tests/NotificationContext.test.jsx > NotificationContext ΓÇô triggerGoalReminder() > Goal notification should be of type "goal" 22ms
 Γ£ô src/tests/NotificationBell.test.jsx > NotificationBell Component Tests > Notification Type Tests > Should render inactivity notification without errors 72ms
 Γ£ô src/tests/NotificationBell.test.jsx > NotificationBell Component Tests > Notification Type Tests > Should render break notification without errors 90ms
 Γ£ô src/tests/NotificationContext.test.jsx > NotificationContext ΓÇô triggerGoalReminder() > Should set a toast for the goal notification 31ms
 Γ£ô src/tests/NotificationContext.test.jsx > NotificationContext ΓÇô triggerGoalReminder() > Should NOT add goal notification when goalReminders pref is false 32ms
 Γ£ô src/tests/NotificationContext.test.jsx > NotificationContext ΓÇô triggerGoalReminder() > Should increment unreadCount after goal notification 31ms
 Γ£ô src/tests/NotificationContext.test.jsx > NotificationContext ΓÇô triggerMilestone() > Should add a milestone notification 29ms
 Γ£ô src/tests/ForgotPassword.test.jsx > ForgotPassword Component Tests > Should render forgot password form 331ms
 Γ£ô src/tests/ForgotPassword.test.jsx > ForgotPassword Component Tests > Should have link to login page 15ms
 Γ£ô src/tests/NotificationBell.test.jsx > NotificationBell Component Tests > Notification Type Tests > Should render goal notification without errors 76ms
 Γ£ô src/tests/UserContext.test.jsx > NotificationContext ΓÇô Initial State > Should start with 0 notifications 68ms
 Γ£ô src/tests/UserContext.test.jsx > NotificationContext ΓÇô Initial State > Should start with 0 unread count 9ms
 Γ£ô src/tests/UserContext.test.jsx > NotificationContext ΓÇô Initial State > Should start with no active toast 10ms
 Γ£ô src/tests/ChatBot.test.jsx > ChatBot Component Tests > Enter Key Tests > Should send message when Enter key is pressed 256ms
 Γ£ô src/tests/Signup.test.jsx > Signup Component Tests > Should display error when email already exists 1216ms
 Γ£ô src/tests/ResetPassword.test.jsx > ResetPassword Component Tests > Should display success message after password reset 797ms
 Γ£ô src/tests/NotificationContext.test.jsx > NotificationContext ΓÇô triggerMilestone() > Milestone notification should be of type "milestone" 30ms
 Γ£ô src/tests/NotificationContext.test.jsx > NotificationContext ΓÇô triggerMilestone() > Should NOT add milestone notification when milestoneAlerts pref is false 30ms
 Γ£ô src/tests/NotificationContext.test.jsx > NotificationContext ΓÇô triggerEncouragement() > Should add an encouragement notification 31ms
 Γ£ô src/tests/NotificationBell.test.jsx > NotificationBell Component Tests > Notification Type Tests > Should render milestone notification without errors 61ms
 Γ£ô src/tests/NotificationBell.test.jsx > NotificationBell Component Tests > Notification Type Tests > Should render encouragement notification without errors 75ms
 Γ£ô src/tests/UserContext.test.jsx > NotificationContext ΓÇô Initial State > useNotifications should throw when used outside NotificationProvider 15ms
 Γ£ô src/tests/UserContext.test.jsx > NotificationContext ΓÇô triggerGoalReminder() > Should add a goal notification when progress < 100% 27ms
 Γ£ô src/tests/UserContext.test.jsx > NotificationContext ΓÇô triggerGoalReminder() > Goal notification should be of type "goal" 33ms
 Γ£ô src/tests/UserContext.test.jsx > NotificationContext ΓÇô triggerGoalReminder() > Should set a toast for the goal notification 30ms
 Γ£ô src/tests/NotificationContext.test.jsx > NotificationContext ΓÇô triggerEncouragement() > Encouragement notification should be of type "encouragement" 31ms
 Γ£ô src/tests/NotificationContext.test.jsx > NotificationContext ΓÇô dismissToast() > Should clear the toast when dismissToast is called 62ms
 Γ£ô src/tests/DailyStudyPlan.test.jsx > DailyStudyPlan Component Tests > Structure Tests > Should render the plan card container 67ms
 Γ£ô src/tests/NotificationBell.test.jsx > NotificationBell Component Tests > Notification Type Tests > Should render unknown type notification with fallback Bell icon 45ms
 Γ£ô src/tests/ChatBot.test.jsx > ChatBot Component Tests > Enter Key Tests > Should NOT send message when Shift+Enter is pressed 227ms
 Γ£ô src/tests/UserContext.test.jsx > NotificationContext ΓÇô triggerGoalReminder() > Should NOT add goal notification when goalReminders pref is false 35ms
 Γ£ô src/tests/UserContext.test.jsx > NotificationContext ΓÇô triggerGoalReminder() > Should increment unreadCount after goal notification 28ms
 Γ£ô src/tests/UserContext.test.jsx > NotificationContext ΓÇô triggerMilestone() > Should add a milestone notification 32ms
 Γ£ô src/tests/UserContext.test.jsx > NotificationContext ΓÇô triggerMilestone() > Milestone notification should be of type "milestone" 31ms
 Γ£ô src/tests/NotificationContext.test.jsx > NotificationContext ΓÇô dismissToast() > Should keep notifications list intact after dismissing toast 62ms
 Γ£ô src/tests/NotificationContext.test.jsx > NotificationContext ΓÇô markAllRead() > Should set unreadCount to 0 after markAllRead 68ms
 Γ£ô src/tests/NotificationBell.test.jsx > NotificationBell Component Tests > Clear All Tests > Should show Clear all button when notifications exist 102ms
 Γ£ô src/tests/ForgotPassword.test.jsx > ForgotPassword Component Tests > Should allow user to enter email 350ms
 Γ£ô src/tests/UserContext.test.jsx > NotificationContext ΓÇô triggerMilestone() > Should NOT add milestone notification when milestoneAlerts pref is false 30ms
 Γ£ô src/tests/UserContext.test.jsx > NotificationContext ΓÇô triggerEncouragement() > Should add an encouragement notification 31ms
 Γ£ô src/tests/UserContext.test.jsx > NotificationContext ΓÇô triggerEncouragement() > Encouragement notification should be of type "encouragement" 31ms
 Γ£ô src/tests/NotificationBell.test.jsx > NotificationBell Component Tests > Clear All Tests > Should call clearAll when Clear all is clicked 147ms
 Γ£ô src/tests/NotificationContext.test.jsx > NotificationContext ΓÇô markAllRead() > Should keep notifications in the list after markAllRead 56ms
 Γ£ô src/tests/NotificationContext.test.jsx > NotificationContext ΓÇô clearAll() > Should remove all notifications after clearAll 63ms
 Γ£ô src/tests/DailyStudyPlan.test.jsx > DailyStudyPlan Component Tests > Structure Tests > Should render AI Coach badge 40ms
 Γ£ô src/tests/DailyStudyPlan.test.jsx > DailyStudyPlan Component Tests > Structure Tests > Should render Today's Study Plan heading 16ms
 Γ£ô src/tests/UserContext.test.jsx > NotificationContext ΓÇô dismissToast() > Should clear the toast when dismissToast is called 64ms
 Γ£ô src/tests/UserContext.test.jsx > NotificationContext ΓÇô dismissToast() > Should keep notifications list intact after dismissing toast 62ms
 Γ£ô src/tests/Layout.test.jsx > Layout Component Tests > Rendering Tests > Should render the Layout component 116ms
 Γ£ô src/tests/Layout.test.jsx > Layout Component Tests > Rendering Tests > Should render Sidebar component 39ms
 Γ£ô src/tests/Layout.test.jsx > Layout Component Tests > Rendering Tests > Should render main content area 47ms
 Γ£ô src/tests/ChatBot.test.jsx > ChatBot Component Tests > Loading & Typing Indicator Tests > Should show typing indicator while waiting for API response 296ms
 Γ£ô src/tests/NotificationContext.test.jsx > NotificationContext ΓÇô clearAll() > Should reset unreadCount to 0 after clearAll 62ms
 Γ£ô src/tests/NotificationContext.test.jsx > NotificationContext ΓÇô Throttle (MIN_GAP_MS) > Should NOT add a second notification fired within the 5-min throttle window 63ms
 Γ£ô src/tests/DailyStudyPlan.test.jsx > DailyStudyPlan Component Tests > Structure Tests > Should render refresh button 262ms
 Γ£ô src/tests/DailyStudyPlan.test.jsx > DailyStudyPlan Component Tests > Structure Tests > Should render plan body container 9ms
 Γ£ô src/tests/DailyStudyPlan.test.jsx > DailyStudyPlan Component Tests > Structure Tests > Should render plan header container 6ms
 Γ£ô src/tests/DailyStudyPlan.test.jsx > DailyStudyPlan Component Tests > Loading State Tests > Should show shimmer loader while fetching 18ms
 Γ£ô src/tests/DailyStudyPlan.test.jsx > DailyStudyPlan Component Tests > Loading State Tests > Should show both shimmer lines while loading 10ms
 Γ£ô src/tests/DailyStudyPlan.test.jsx > DailyStudyPlan Component Tests > Loading State Tests > Should disable refresh button while loading 38ms
 Γ£ô src/tests/UserContext.test.jsx > NotificationContext ΓÇô markAllRead() > Should set unreadCount to 0 after markAllRead 64ms
 Γ£ô src/tests/UserContext.test.jsx > NotificationContext ΓÇô markAllRead() > Should keep notifications in the list after markAllRead 62ms
 Γ£ô src/tests/Layout.test.jsx > Layout Component Tests > Rendering Tests > Should have correct CSS class structure 31ms
 Γ£ô src/tests/Layout.test.jsx > Layout Component Tests > Rendering Tests > Should render with proper semantic HTML structure 23ms
 Γ£ô src/tests/Layout.test.jsx > Layout Component Tests > Outlet Rendering Tests > Should render dashboard content through Outlet 28ms
 Γ£ô src/tests/Layout.test.jsx > Layout Component Tests > Outlet Rendering Tests > Should render lessons content through Outlet 15ms
 Γ£ô src/tests/Layout.test.jsx > Layout Component Tests > Outlet Rendering Tests > Should render settings content through Outlet 17ms
 Γ£ô src/tests/NotificationContext.test.jsx > NotificationContext ΓÇô Throttle (MIN_GAP_MS) > Should allow a notification after the 5-min throttle window passes 61ms
 Γ£ô src/tests/NotificationContext.test.jsx > NotificationContext ΓÇô Quiet Hours > Should NOT push a notification during quiet hours (e.g. 11pm) 31ms
 Γ£ô src/tests/NotificationContext.test.jsx > NotificationContext ΓÇô Quiet Hours > Should push a notification outside quiet hours (e.g. noon) 33ms
 Γ£ô src/tests/DailyStudyPlan.test.jsx > DailyStudyPlan Component Tests > Loading State Tests > Should hide shimmer after plan is loaded 30ms
 Γ£ô src/tests/DailyStudyPlan.test.jsx > DailyStudyPlan Component Tests > Loading State Tests > Should enable refresh button after loading completes 67ms
 Γ£ô src/tests/DailyStudyPlan.test.jsx > DailyStudyPlan Component Tests > Success State Tests > Should display plan text after successful fetch 24ms
 Γ£ô src/tests/ResetPassword.test.jsx > ResetPassword Component Tests > Should navigate to login after successful password reset 669ms
 Γ£ô src/tests/UserContext.test.jsx > NotificationContext ΓÇô clearAll() > Should remove all notifications after clearAll 54ms
 Γ£ô src/tests/UserContext.test.jsx > NotificationContext ΓÇô clearAll() > Should reset unreadCount to 0 after clearAll 55ms
 ├ù src/tests/Settings.test.jsx > Settings Component Tests > Should save profile changes 2896ms
   ΓåÆ [2mexpect([22m[31melement[39m[2m).not.toBeInTheDocument()[22m

[31mexpected document not to contain element, found <button
  class="toggle-btn active"
  style="padding: 12px 30px;"
>
  Save Profile
</button> instead[39m

Ignored nodes: comments, script, style
[36m<html>[39m
  [36m<head />[39m
  [36m<body>[39m
    [36m<div>[39m
      [36m<div>[39m
        [36m<header[39m
          [33mclass[39m=[32m"content-header"[39m
        [36m>[39m
          [36m<div[39m
            [33mclass[39m=[32m"greeting"[39m
          [36m>[39m
            [36m<h2>[39m
              [0mSettings[0m
            [36m</h2>[39m
            [36m<p>[39m
              [0mManage your experience, profile, and preferences.[0m
            [36m</p>[39m
          [36m</div>[39m
        [36m</header>[39m
        [36m<div[39m
          [33mclass[39m=[32m"dashboard-grid"[39m
        [36m>[39m
          [36m<div[39m
            [33mclass[39m=[32m"stat-card"[39m
            [33mstyle[39m=[32m"grid-column: span 2;"[39m
          [36m>[39m
            [36m<div[39m
              [33mstyle[39m=[32m"display: flex; align-items: center; justify-content: space-between; margin-bottom: 20px;"[39m
            [36m>[39m
              [36m<div[39m
                [33mstyle[39m=[32m"display: flex; align-items: center; gap: 10px;"[39m
              [36m>[39m
                [36m<svg[39m
                  [33maria-hidden[39m=[32m"true"[39m
                  [33mclass[39m=[32m"lucide lucide-user"[39m
                  [33mfill[39m=[32m"none"[39m
                  [33mheight[39m=[32m"24"[39m
                  [33mstroke[39m=[32m"#e67e22"[39m
                  [33mstroke-linecap[39m=[32m"round"[39m
                  [33mstroke-linejoin[39m=[32m"round"[39m
                  [33mstroke-width[39m=[32m"2"[39m
                  [33mviewBox[39m=[32m"0 0 24 24"[39m
                  [33mwidth[39m=[32m"24"[39m
                  [33mxmlns[39m=[32m"http://www.w3.org/2000/svg"[39m
                [36m>[39m
                  [36m<path[39m
                    [33md[39m=[32m"M19 21v-2a4 4 0 0 0-4-4H9a4 4 0 0 0-4 4v2"[39m
                  [36m/>[39m
                  [36m<circle[39m
                    [33mcx[39m=[32m"12"[39m
                    [33mcy[39m=[32m"7"[39m
                    [33mr[39m=[32m"4"[39m
                  [36m/>[39m
                [36m</svg>[39m
                [36m<h3>[39m
                  [0mProfile Information[0m
                [36m</h3>[39m
              [36m</div>[39m
              [36m<button[39m
                [33mclass[39m=[32m"toggle-btn active"[39m
                [33mstyle[39m=[32m"padding: 8px 16px;"[39m
              [36m>[39m
                [0mCancel[0m
              [36m</button>[39m
            [36m</div>[39m
            [36m<div[39m
              [33mclass[39m=[32m"settings-row"[39m
              [33mstyle[39m=[32m"align-items: flex-start; gap: 15px; flex-direction: column;"[39m
            [36m>[39m
              [36m<div[39m
                [33mstyle[39m=[32m"width: 100%;"[39m
              [36m>[39m
                [36m<div[39m
                  [33mclass[39m=[32m"setting-info"[39m
                  [33mstyle[39m=[32m"margin-bottom: 12px;"[39m
                [36m>[39m
                  [36m<span[39m
                    [33mclass[39m=[32m"setting-label"[39m
                  [36m>[39m
                    [0mProfile Avatar[0m
                  [36m</span>[39m
                  [36m<span[39m
                    [33mclass[39m=[32m"setting-desc"[39m
                  [36m>[39m
                    [0mChoose a preset avatar or upload your own image.[0m
                  [36m</span>[39m
                [36m</div>[39m
                [36m<div[39m
                  [33mstyle[39m=[32m"display: flex; align-items: center; gap: 15px; margin-bottom: 15px;"[39m
                [36m>[39m
                  [36m<img[39m
                    [33malt[39m=[32m"Current avatar"[39m
                    [33msrc[39m=[32m"https://api.dicebear.com/7.x/avataaars/svg?seed=testuser"[39m
                    [33mstyle[39m=[32m"width: 80px; height: 80px; border-radius: 50%; border: 3px solid var(--accent-color); object-fit: cover;"[39m
                  [36m/>[39m
                  [36m<div>[39m
                    [36m<div[39m
                      [33mstyle[39m=[32m"font-weight: 600; margin-bottom: 4px;"[39m
                    [36m>[39m
                      [0mCurrent Avatar[0m
                    [36m</div>[39m
                    [36m<div[39m
                      [33mstyle[39m=[32m"font-size: 0.85rem; color: var(--text-muted);"[39m
                    [36m>[39m
                      [0mPreset Avatar[0m
                    [36m</div>[39m
                  [36m</div>[39m
                [36m</div>[39m
                [36m<div[39m
                  [33mstyle[39m=[32m"margin-bottom: 15px;"[39m
                [36m>[39m
                  [36m<div[39m
                    [33mstyle[39m=[32m"font-size: 0.9rem; font-weight: 600; margin-bottom: 10px; color: var(--text-main);"[39m
                  [36m>[39m
                    [0mPreset Avatars[0m
                  [36m</div>[39m
                  [36m<div[39m
                    [33mstyle[39m=[32m"margin-bottom: 15px;"[39m
                  [36m>[39m
                    [36m<div[39m
                      [33mstyle[39m=[32m"display: grid; grid-template-columns: repeat(3, 100px); gap: 20px; justify-content: start;"[39m
                    [36m>[39m
                      [36m<div[39m
                        [33mstyle[39m=[32m"cursor: pointer; border: 2px solid var(--border-color); border-radius: 50%; padding: 3px; transition: all 0.2s; background: var(--card-bg); width: 100px; height: 100px;"[39m
                      [36m>[39m
                        [36m<img[39m
                          [33malt[39m=[32m"Male avatar 1"[39m
                          [33msrc[39m=[32m"https://api.dicebear.com/7.x/avataaars/svg?seed=John&backgroundColor=b6e3f4"[39m
                          [33mstyle[39m=[32m"width: 100%; height: 100%; border-radius: 50%;"[39m
                        [36m/>[39m
                      [36m</div>[39m
                      [36m<div[39m
                        [33mstyle[39m=[32m"cursor: pointer; border: 2px solid var(--border-color); border-radius: 50%; padding: 3px; transition: all 0.2s; background: var(--card-bg); width: 100px; height: 100px;"[39m
                      [36m>[39m
                        [36m<img[39m
                          [33malt[39m=[32m"Male avatar 2"[39m
                          [33msrc[39m=[32m"https://api.dicebear.com/7.x/avataaars/svg?seed=Robert&backgroundColor=c0aede"[39m
                          [33mstyle[39m=[32m"width: 100%; height: 100%; border-radius: 50%;"[39m
                        [36m/>[39m
                      [36m</div>[39m
                      [36m<div[39m
                        [33mstyle[39m=[32m"cursor: po...
 Γ£ô src/tests/Layout.test.jsx > Layout Component Tests > Outlet Rendering Tests > Should render child routes inside main content area 34ms
 Γ£ô src/tests/Layout.test.jsx > Layout Component Tests > Layout Structure Tests > Should have sidebar as first child 41ms
 Γ£ô src/tests/Layout.test.jsx > Layout Component Tests > Layout Structure Tests > Should have main content wrapper as second child 42ms
 Γ£ô src/tests/NotificationContext.test.jsx > NotificationContext ΓÇô updateNotifPrefs() > Should update a preference value 31ms
 Γ£ô src/tests/NotificationContext.test.jsx > NotificationContext ΓÇô updateNotifPrefs() > Should persist updated prefs to localStorage 34ms
 Γ£ô src/tests/NotificationContext.test.jsx > NotificationContext ΓÇô updateNotifPrefs() > Should merge partial pref updates without losing other prefs 27ms
 Γ£ô src/tests/NotificationContext.test.jsx > NotificationContext ΓÇô updateNotifPrefs() > Should restore prefs from localStorage on mount 38ms
 Γ£ô src/tests/DailyStudyPlan.test.jsx > DailyStudyPlan Component Tests > Success State Tests > Should render plan inside db-ai-plan-text container 16ms
 Γ£ô src/tests/DailyStudyPlan.test.jsx > DailyStudyPlan Component Tests > Success State Tests > Should NOT show error when plan loads successfully 12ms
 Γ£ô src/tests/DailyStudyPlan.test.jsx > DailyStudyPlan Component Tests > Success State Tests > Should NOT show placeholder text when plan is loaded 12ms
 Γ£ô src/tests/DailyStudyPlan.test.jsx > DailyStudyPlan Component Tests > Success State Tests > Should call axios.post with correct endpoint 14ms
 Γ£ô src/tests/DailyStudyPlan.test.jsx > DailyStudyPlan Component Tests > Success State Tests > Should send completedLessons in request payload 11ms
 Γ£ô src/tests/DailyStudyPlan.test.jsx > DailyStudyPlan Component Tests > Success State Tests > Should send streak in request payload 10ms
 Γ£ô src/tests/DailyStudyPlan.test.jsx > DailyStudyPlan Component Tests > Success State Tests > Should send dailyGoalMinutes in request payload 17ms
 Γ£ô src/tests/ForgotPassword.test.jsx > ForgotPassword Component Tests > Should send OTP request successfully 467ms
 Γ£ô src/tests/ChatBot.test.jsx > ChatBot Component Tests > Loading & Typing Indicator Tests > Should render 3 typing dots in indicator 278ms
 Γ£ô src/tests/UserContext.test.jsx > NotificationContext ΓÇô Throttle (MIN_GAP_MS) > Should NOT add a second notification fired within the 5-min throttle window 61ms
 Γ£ô src/tests/UserContext.test.jsx > NotificationContext ΓÇô Throttle (MIN_GAP_MS) > Should allow a notification after the 5-min throttle window passes 67ms
 Γ£ô src/tests/NotificationToast.test.jsx > NotificationToast Component Tests > Null / Hidden State > Should render nothing when toast is null 38ms
 Γ£ô src/tests/NotificationToast.test.jsx > NotificationToast Component Tests > Null / Hidden State > Should render nothing when toast is undefined 4ms
 Γ£ô src/tests/Layout.test.jsx > Layout Component Tests > Layout Structure Tests > Should maintain layout structure across different routes 51ms
 Γ£ô src/tests/Layout.test.jsx > Layout Component Tests > Container Tests > Should have dashboard-container as wrapper element 41ms
 Γ£ô src/tests/Layout.test.jsx > Layout Component Tests > Container Tests > Should maintain consistent container structure 31ms
 Γ£ô src/tests/Layout.test.jsx > Layout Component Tests > Container Tests > Should render as a div element 22ms
 Γ£ô src/tests/DailyStudyPlan.test.jsx > DailyStudyPlan Component Tests > Error State Tests > Should show error message when API call fails 28ms
 Γ£ô src/tests/DailyStudyPlan.test.jsx > DailyStudyPlan Component Tests > Error State Tests > Should render error inside db-ai-error element 19ms
 Γ£ô src/tests/DailyStudyPlan.test.jsx > DailyStudyPlan Component Tests > Error State Tests > Should NOT show shimmer when error occurs 22ms
 Γ£ô src/tests/DailyStudyPlan.test.jsx > DailyStudyPlan Component Tests > Error State Tests > Should NOT show plan text when error occurs 13ms
 Γ£ô src/tests/DailyStudyPlan.test.jsx > DailyStudyPlan Component Tests > Error State Tests > Should enable refresh button after error 44ms
 Γ£ô src/tests/UserContext.test.jsx > NotificationContext ΓÇô Quiet Hours > Should NOT push a notification during quiet hours (e.g. 11pm) 28ms
 Γ£ô src/tests/UserContext.test.jsx > NotificationContext ΓÇô Quiet Hours > Should push a notification outside quiet hours (e.g. noon) 30ms
 Γ£ô src/tests/UserContext.test.jsx > NotificationContext ΓÇô updateNotifPrefs() > Should update a preference value 31ms
 Γ£ô src/tests/UserContext.test.jsx > NotificationContext ΓÇô updateNotifPrefs() > Should persist updated prefs to localStorage 31ms
 Γ£ô src/tests/googleSpeechService.test.js > Google Speech Service Tests > Successful Transcription > should transcribe audio with single result 20ms
 Γ£ô src/tests/googleSpeechService.test.js > Google Speech Service Tests > Successful Transcription > should combine multiple transcription results 13ms
 Γ£ô src/tests/googleSpeechService.test.js > Google Speech Service Tests > Successful Transcription > should return empty string when no speech detected 15ms
 Γ£ô src/tests/googleSpeechService.test.js > Google Speech Service Tests > Successful Transcription > should return empty string when results is undefined 15ms
 Γ£ô src/tests/googleSpeechService.test.js > Google Speech Service Tests > Speech Context (Phrase Boosting) > should include speech context when phrases provided 16ms
 Γ£ô src/tests/googleSpeechService.test.js > Google Speech Service Tests > Speech Context (Phrase Boosting) > should not include speech context when no phrases provided 14ms
 Γ£ô src/tests/UserContext.test.jsx > NotificationContext ΓÇô updateNotifPrefs() > Should merge partial pref updates without losing other prefs 33ms
 Γ£ô src/tests/UserContext.test.jsx > NotificationContext ΓÇô updateNotifPrefs() > Should restore prefs from localStorage on mount 29ms
 Γ£ô src/tests/Layout.test.jsx > Layout Component Tests > Main Content Tests > Should render main element with correct tag 28ms
 Γ£ô src/tests/Layout.test.jsx > Layout Component Tests > Main Content Tests > Should wrap Outlet component in main element 34ms
 Γ£ô src/tests/Layout.test.jsx > Layout Component Tests > Integration Tests > Should work with Outlet for nested routing 31ms
 Γ£ô src/tests/NotificationToast.test.jsx > NotificationToast Component Tests > Rendering Tests > Should render toast when toast object exists 339ms
 Γ£ô src/tests/NotificationToast.test.jsx > NotificationToast Component Tests > Rendering Tests > Should display toast title 22ms
 Γ£ô src/tests/NotificationToast.test.jsx > NotificationToast Component Tests > Rendering Tests > Should display toast message 19ms
 Γ£ô src/tests/DailyStudyPlan.test.jsx > DailyStudyPlan Component Tests > Placeholder State Tests > Should show placeholder when no plan and not loading and no error 17ms
 Γ£ô src/tests/DailyStudyPlan.test.jsx > DailyStudyPlan Component Tests > Placeholder State Tests > Should render placeholder inside db-ai-placeholder class 29ms
 Γ£ô src/tests/DailyStudyPlan.test.jsx > DailyStudyPlan Component Tests > Cache Tests > Should use cached plan when snapshot matches 17ms
 Γ£ô src/tests/DailyStudyPlan.test.jsx > DailyStudyPlan Component Tests > Cache Tests > Should save plan to sessionStorage after fetch 28ms
 Γ£ô src/tests/DailyStudyPlan.test.jsx > DailyStudyPlan Component Tests > Cache Tests > Should save snapshot to sessionStorage after fetch 16ms
 Γ£ô src/tests/Signup.test.jsx > Signup Component Tests > Should show loading state during registration 998ms
 Γ£ô src/tests/googleSpeechService.test.js > Google Speech Service Tests > Speech Context (Phrase Boosting) > should not include speech context when empty array provided 16ms
 Γ£ô src/tests/googleSpeechService.test.js > Google Speech Service Tests > Request Body Structure > should send correct audio encoding format 15ms
 Γ£ô src/tests/googleSpeechService.test.js > Google Speech Service Tests > Request Body Structure > should send correct language code 16ms
 Γ£ô src/tests/googleSpeechService.test.js > Google Speech Service Tests > Request Body Structure > should enable automatic punctuation 16ms
 Γ£ô src/tests/googleSpeechService.test.js > Google Speech Service Tests > Request Body Structure > should use default model 15ms
 Γ£ô src/tests/googleSpeechService.test.js > Google Speech Service Tests > Request Body Structure > should include base64 audio content 16ms
 Γ£ô src/tests/ChatBot.test.jsx > ChatBot Component Tests > Loading & Typing Indicator Tests > Should hide typing indicator after API response 315ms
 Γ£ô src/tests/NotificationToast.test.jsx > NotificationToast Component Tests > Rendering Tests > Should render dismiss (X) button 99ms
 Γ£ô src/tests/NotificationToast.test.jsx > NotificationToast Component Tests > Rendering Tests > Should render action button when actionLabel exists 55ms
 Γ£ô src/tests/NotificationToast.test.jsx > NotificationToast Component Tests > Rendering Tests > Should NOT render action button when actionLabel is missing 33ms
 Γ£ô src/tests/googleSpeechService.test.js > Google Speech Service Tests > Error Handling > should throw error when API call fails 26ms
 Γ£ô src/tests/googleSpeechService.test.js > Google Speech Service Tests > Error Handling > should throw error when network fails 6ms
 Γ£ô src/tests/googleSpeechService.test.js > Google Speech Service Tests > Error Handling > should handle FileReader error 16ms
 Γ£ô src/tests/googleSpeechService.test.js > Google Speech Service Tests > Error Handling > should handle API rate limiting error 16ms
 Γ£ô src/tests/googleSpeechService.test.js > Google Speech Service Tests > Error Handling > should handle unauthorized error 15ms
 Γ£ô src/tests/googleSpeechService.test.js > Google Speech Service Tests > Base64 Encoding > should correctly extract base64 from data URL 14ms
 Γ£ô src/tests/googleSpeechService.test.js > Google Speech Service Tests > Base64 Encoding > should handle different audio formats in data URL 16ms
 Γ£ô src/tests/soundUtils.test.js > Sound Utils Tests > playCorrectSound > should create oscillator and gain nodes 7ms
 Γ£ô src/tests/soundUtils.test.js > Sound Utils Tests > playCorrectSound > should connect oscillator to gain node 4ms
 Γ£ô src/tests/soundUtils.test.js > Sound Utils Tests > playCorrectSound > should connect gain node to destination 2ms
 Γ£ô src/tests/soundUtils.test.js > Sound Utils Tests > playCorrectSound > should use sine wave type 2ms
 Γ£ô src/tests/soundUtils.test.js > Sound Utils Tests > playCorrectSound > should set correct frequency (C5 to G5) 2ms
 Γ£ô src/tests/soundUtils.test.js > Sound Utils Tests > playCorrectSound > should set gain envelope 2ms
 Γ£ô src/tests/soundUtils.test.js > Sound Utils Tests > playCorrectSound > should start and stop oscillator 1ms
 Γ£ô src/tests/soundUtils.test.js > Sound Utils Tests > playCorrectSound > should resume AudioContext if suspended 1ms
 Γ£ô src/tests/soundUtils.test.js > Sound Utils Tests > playCorrectSound > should not play when sound effects disabled 1ms
 Γ£ô src/tests/soundUtils.test.js > Sound Utils Tests > playIncorrectSound > should use triangle wave type 1ms
 Γ£ô src/tests/soundUtils.test.js > Sound Utils Tests > playIncorrectSound > should set correct frequency (150Hz to 100Hz) 1ms
 Γ£ô src/tests/soundUtils.test.js > Sound Utils Tests > playClickSound > should use sine wave type 1ms
 Γ£ô src/tests/soundUtils.test.js > Sound Utils Tests > playClickSound > should set correct frequency (800Hz to 400Hz) 1ms
 Γ£ô src/tests/soundUtils.test.js > Sound Utils Tests > playNavigationSound > should use triangle wave type 1ms
 Γ£ô src/tests/soundUtils.test.js > Sound Utils Tests > playNavigationSound > should set correct frequency (200Hz to 300Hz) 1ms
 Γ£ô src/tests/soundUtils.test.js > Sound Utils Tests > AudioContext Singleton > should reuse same AudioContext instance 1ms
 Γ£ô src/tests/DailyStudyPlan.test.jsx > DailyStudyPlan Component Tests > Cache Tests > Should bypass cache and call API when forceRefresh is true 114ms
 Γ£ô src/tests/NotificationToast.test.jsx > NotificationToast Component Tests > Rendering Tests > Should have aria role="alert" for accessibility 30ms
 Γ£ô src/tests/NotificationToast.test.jsx > NotificationToast Component Tests > Rendering Tests > Should have aria-live="polite" attribute 29ms
 Γ£ô src/tests/NotificationToast.test.jsx > NotificationToast Component Tests > Emoji and Type Tests > Should show ≡ƒæï emoji for type "inactivity" 14ms
 Γ£ô src/tests/NotificationToast.test.jsx > NotificationToast Component Tests > Emoji and Type Tests > Should show Γÿò emoji for type "break" 15ms
 Γ£ô src/tests/NotificationToast.test.jsx > NotificationToast Component Tests > Emoji and Type Tests > Should show ≡ƒÄ» emoji for type "goal" 6ms
 Γ£ô src/tests/NotificationToast.test.jsx > NotificationToast Component Tests > Emoji and Type Tests > Should show ≡ƒÅå emoji for type "milestone" 9ms
 Γ£ô src/tests/NotificationToast.test.jsx > NotificationToast Component Tests > Emoji and Type Tests > Should show Γ¡É emoji for type "encouragement" 15ms
 Γ£ô src/tests/Layout.test.jsx > Layout Component Tests > Integration Tests > Should maintain sidebar across all routes 56ms
 Γ£ô src/tests/Layout.test.jsx > Layout Component Tests > Component Isolation Tests > Should render Layout independently of child routes 30ms
 Γ£ô src/tests/Layout.test.jsx > Layout Component Tests > Component Isolation Tests > Should not break when no child routes are defined 20ms
 Γ£ô src/tests/ForgotPassword.test.jsx > ForgotPassword Component Tests > Should display success message after OTP sent 465ms
 Γ£ô src/tests/Practice.test.jsx > Practice Component Tests > Rendering Tests > Should render subtitle text 71ms
 Γ£ô src/tests/Practice.test.jsx > Practice Component Tests > Rendering Tests > Should render placeholder content text 10ms
 Γ£ô src/tests/Practice.test.jsx > Practice Component Tests > Rendering Tests > Should render streak pill with 5 Day Streak 11ms
 Γ£ô src/tests/Practice.test.jsx > Practice Component Tests > Rendering Tests > Should render notification bell button 5ms
 Γ£ô src/tests/ResetPassword.test.jsx > ResetPassword Component Tests > Should display error for invalid token 590ms
 Γ£ô src/tests/DailyStudyPlan.test.jsx > DailyStudyPlan Component Tests > Refresh Button Tests > Should call API when refresh button is clicked 91ms
 Γ£ô src/tests/NotificationToast.test.jsx > NotificationToast Component Tests > Emoji and Type Tests > Should show ≡ƒöö fallback emoji for unknown type 15ms
 Γ£ô src/tests/NotificationToast.test.jsx > NotificationToast Component Tests > Dismiss Tests > Should call dismissToast when X button is clicked 40ms
 Γ£ô src/tests/NotificationToast.test.jsx > NotificationToast Component Tests > Dismiss Tests > Should auto-dismiss after 6 seconds 6ms
 Γ£ô src/tests/NotificationToast.test.jsx > NotificationToast Component Tests > Dismiss Tests > Should NOT auto-dismiss before 6 seconds 5ms
 Γ£ô src/tests/NotificationToast.test.jsx > NotificationToast Component Tests > Dismiss Tests > Should reset timer when a new toast appears 10ms
 Γ£ô src/tests/NotificationToast.test.jsx > NotificationToast Component Tests > Action Button Tests > Should call dismissToast when action button is clicked 24ms
 Γ£ô src/tests/Practice.test.jsx > Practice Component Tests > Rendering Tests > Should render profile avatar with correct image 7ms
 Γ£ô src/tests/Practice.test.jsx > Practice Component Tests > CSS Structure Tests > Should render content-header 5ms
 Γ£ô src/tests/Practice.test.jsx > Practice Component Tests > CSS Structure Tests > Should render greeting container 6ms
 Γ£ô src/tests/Practice.test.jsx > Practice Component Tests > CSS Structure Tests > Should render header-stats container 4ms
 Γ£ô src/tests/Practice.test.jsx > Practice Component Tests > CSS Structure Tests > Should render dashboard-grid container 13ms
 Γ£ô src/tests/Practice.test.jsx > Practice Component Tests > CSS Structure Tests > Should render profile-avatar container 10ms
 Γ£ô src/tests/Practice.test.jsx > Practice Component Tests > Accessibility Tests > Should have alt text on profile avatar image 5ms
 Γ£ô src/tests/Practice.test.jsx > Practice Component Tests > Accessibility Tests > Should render header as a header element 4ms
 ├ù src/tests/Settings.test.jsx > Settings Component Tests > Should update age and gender fields 565ms
   ΓåÆ Found multiple elements with the role "combobox"

Here are the matching elements:

Ignored nodes: comments, script, style
[36m<select[39m
  [33mstyle[39m=[32m"width: 100%; padding: 10px; border-radius: 8px; border: 1px solid var(--border-color); background: var(--input-bg); color: var(--text-main);"[39m
[36m>[39m
  [36m<option[39m
    [33mvalue[39m=[32m""[39m
  [36m>[39m
    [0mSelect gender[0m
  [36m</option>[39m
  [36m<option[39m
    [33mvalue[39m=[32m"male"[39m
  [36m>[39m
    [0mMale[0m
  [36m</option>[39m
  [36m<option[39m
    [33mvalue[39m=[32m"female"[39m
  [36m>[39m
    [0mFemale[0m
  [36m</option>[39m
  [36m<option[39m
    [33mvalue[39m=[32m"other"[39m
  [36m>[39m
    [0mOther[0m
  [36m</option>[39m
  [36m<option[39m
    [33mvalue[39m=[32m"prefer-not-to-say"[39m
  [36m>[39m
    [0mPrefer not to say[0m
  [36m</option>[39m
[36m</select>[39m

Ignored nodes: comments, script, style
[36m<select[39m
  [33mstyle[39m=[32m"padding: 6px 10px; border-radius: 8px; border: 1px solid var(--border-color); background: var(--input-bg); color: var(--text-main); font-size: 0.85rem;"[39m
[36m>[39m
  [36m<option[39m
    [33mvalue[39m=[32m"0"[39m
  [36m>[39m
    [0m12 AM[0m
  [36m</option>[39m
  [36m<option[39m
    [33mvalue[39m=[32m"1"[39m
  [36m>[39m
    [0m1 AM[0m
  [36m</option>[39m
  [36m<option[39m
    [33mvalue[39m=[32m"2"[39m
  [36m>[39m
    [0m2 AM[0m
  [36m</option>[39m
  [36m<option[39m
    [33mvalue[39m=[32m"3"[39m
  [36m>[39m
    [0m3 AM[0m
  [36m</option>[39m
  [36m<option[39m
    [33mvalue[39m=[32m"4"[39m
  [36m>[39m
    [0m4 AM[0m
  [36m</option>[39m
  [36m<option[39m
    [33mvalue[39m=[32m"5"[39m
  [36m>[39m
    [0m5 AM[0m
  [36m</option>[39m
  [36m<option[39m
    [33mvalue[39m=[32m"6"[39m
  [36m>[39m
    [0m6 AM[0m
  [36m</option>[39m
  [36m<option[39m
    [33mvalue[39m=[32m"7"[39m
  [36m>[39m
    [0m7 AM[0m
  [36m</option>[39m
  [36m<option[39m
    [33mvalue[39m=[32m"8"[39m
  [36m>[39m
    [0m8 AM[0m
  [36m</option>[39m
  [36m<option[39m
    [33mvalue[39m=[32m"9"[39m
  [36m>[39m
    [0m9 AM[0m
  [36m</option>[39m
  [36m<option[39m
    [33mvalue[39m=[32m"10"[39m
  [36m>[39m
    [0m10 AM[0m
  [36m</option>[39m
  [36m<option[39m
    [33mvalue[39m=[32m"11"[39m
  [36m>[39m
    [0m11 AM[0m
  [36m</option>[39m
  [36m<option[39m
    [33mvalue[39m=[32m"12"[39m
  [36m>[39m
    [0m12 PM[0m
  [36m</option>[39m
  [36m<option[39m
    [33mvalue[39m=[32m"13"[39m
  [36m>[39m
    [0m1 PM[0m
  [36m</option>[39m
  [36m<option[39m
    [33mvalue[39m=[32m"14"[39m
  [36m>[39m
    [0m2 PM[0m
  [36m</option>[39m
  [36m<option[39m
    [33mvalue[39m=[32m"15"[39m
  [36m>[39m
    [0m3 PM[0m
  [36m</option>[39m
  [36m<option[39m
    [33mvalue[39m=[32m"16"[39m
  [36m>[39m
    [0m4 PM[0m
  [36m</option>[39m
  [36m<option[39m
    [33mvalue[39m=[32m"17"[39m
  [36m>[39m
    [0m5 PM[0m
  [36m</option>[39m
  [36m<option[39m
    [33mvalue[39m=[32m"18"[39m
  [36m>[39m
    [0m6 PM[0m
  [36m</option>[39m
  [36m<option[39m
    [33mvalue[39m=[32m"19"[39m
  [36m>[39m
    [0m7 PM[0m
  [36m</option>[39m
  [36m<option[39m
    [33mvalue[39m=[32m"20"[39m
  [36m>[39m
    [0m8 PM[0m
  [36m</option>[39m
  [36m<option[39m
    [33mvalue[39m=[32m"21"[39m
  [36m>[39m
    [0m9 PM[0m
  [36m</option>[39m
  [36m<option[39m
    [33mvalue[39m=[32m"22"[39m
  [36m>[39m
    [0m10 PM[0m
  [36m</option>[39m
  [36m<option[39m
    [33mvalue[39m=[32m"23"[39m
  [36m>[39m
    [0m11 PM[0m
  [36m</option>[39m
[36m</select>[39m

Ignored nodes: comments, script, style
[36m<select[39m
  [33mstyle[39m=[32m"padding: 6px 10px; border-radius: 8px; border: 1px solid var(--border-color); background: var(--input-bg); color: var(--text-main); font-size: 0.85rem;"[39m
[36m>[39m
  [36m<option[39m
    [33mvalue[39m=[32m"0"[39m
  [36m>[39m
    [0m12 AM[0m
  [36m</option>[39m
  [36m<option[39m
    [33mvalue[39m=[32m"1"[39m
  [36m>[39m
    [0m1 AM[0m
  [36m</option>[39m
  [36m<option[39m
    [33mvalue[39m=[32m"2"[39m
  [36m>[39m
    [0m2 AM[0m
  [36m</option>[39m
  [36m<option[39m
    [33mvalue[39m=[32m"3"[39m
  [36m>[39m
    [0m3 AM[0m
  [36m</option>[39m
  [36m<option[39m
    [33mvalue[39m=[32m"4"[39m
  [36m>[39m
    [0m4 AM[0m
  [36m</option>[39m
  [36m<option[39m
    [33mvalue[39m=[32m"5"[39m
  [36m>[39m
    [0m5 AM[0m
  [36m</option>[39m
  [36m<option[39m
    [33mvalue[39m=[32m"6"[39m
  [36m>[39m
    [0m6 AM[0m
  [36m</option>[39m
  [36m<option[39m
    [33mvalue[39m=[32m"7"[39m
  [36m>[39m
    [0m7 AM[0m
  [36m</option>[39m
  [36m<option[39m
    [33mvalue[39m=[32m"8"[39m
  [36m>[39m
    [0m8 AM[0m
  [36m</option>[39m
  [36m<option[39m
    [33mvalue[39m=[32m"9"[39m
  [36m>[39m
    [0m9 AM[0m
  [36m</option>[39m
  [36m<option[39m
    [33mvalue[39m=[32m"10"[39m
  [36m>[39m
    [0m10 AM[0m
  [36m</option>[39m
  [36m<option[39m
    [33mvalue[39m=[32m"11"[39m
  [36m>[39m
    [0m11 AM[0m
  [36m</option>[39m
  [36m<option[39m
    [33mvalue[39m=[32m"12"[39m
  [36m>[39m
    [0m12 PM[0m
  [36m</option>[39m
  [36m<option[39m
    [33mvalue[39m=[32m"13"[39m
  [36m>[39m
    [0m1 PM[0m
  [36m</option>[39m
  [36m<option[39m
    [33mvalue[39m=[32m"14"[39m
  [36m>[39m
    [0m2 PM[0m
  [36m</option>[39m
  [36m<option[39m
    [33mvalue[39m=[32m"15"[39m
  [36m>[39m
    [0m3 PM[0m
  [36m</option>[39m
  [36m<option[39m
    [33mvalue[39m=[32m"16"[39m
  [36m>[39m
    [0m4 PM[0m
  [36m</option>[39m
  [36m<option[39m
    [33mvalue[39m=[32m"17"[39m
  [36m>[39m
    [0m5 PM[0m
  [36m</option>[39m
  [36m<option[39m
    [33mvalue[39m=[32m"18"[39m
  [36m>[39m
    [0m6 PM[0m
  [36m</option>[39m
  [36m<option[39m
    [33mvalue[39m=[32m"19"[39m
  [36m>[39m
    [0m7 PM[0m
  [36m</option>[39m
  [36m<option[39m
    [33mvalue[39m=[32m"20"[39m
  [36m>[39m
    [0m8 PM[0m
  [36m</option>[39m
  [36m<option[39m
    [33mvalue[39m=[32m"21"[39m
  [36m>[39m
    [0m9 PM[0m
  [36m</option>[39m
  [36m<option[39m
    [33mvalue[39m=[32m"22"[39m
  [36m>[39m
    [0m10 PM[0m
  [36m</option>[39m
  [36m<option[39m
    [33mvalue[39m=[32m"23"[39m
  [36m>[39m
    [0m11 PM[0m
  [36m</option>[39m
[36m</select>[39m

(If this is intentional, then use the `*AllBy*` variant of the query (like `queryAllByText`, `getAllByText`, or `findAllByText`)).

Ignored nodes: comments, script, style
[36m<body>[39m
  [36m<div>[39m
    [36m<div>[39m
      [36m<header[39m
        [33mclass[39m=[32m"content-header"[39m
      [36m>[39m
        [36m<div[39m
          [33mclass[39m=[32m"greeting"[39m
        [36m>[39m
          [36m<h2>[39m
            [0mSettings[0m
          [36m</h2>[39m
          [36m<p>[39m
            [0mManage your experience, profile, and preferences.[0m
          [36m</p>[39m
        [36m</div>[39m
      [36m</header>[39m
      [36m<div[39m
        [33mclass[39m=[32m"dashboard-grid"[39m
      [36m>[39m
        [36m<div[39m
          [33mclass[39m=[32m"stat-card"[39m
          [33mstyle[39m=[32m"grid-column: span 2;"[39m
        [36m>[39m
          [36m<div[39m
            [33mstyle[39m=[32m"display: flex; align-items: center; justify-content: space-between; margin-bottom: 20px;"[39m
          [36m>[39m
            [36m<div[39m
              [33mstyle[39m=[32m"display: flex; align-items: center; gap: 10px;"[39m
            [36m>[39m
              [36m<svg[39m
                [33maria-hidden[39m=[32m"true"[39m
                [33mclass[39m=[32m"lucide lucide-user"[39m
                [33mfill[39m=[32m"none"[39m
                [33mheight[39m=[32m"24"[39m
                [33mstroke[39m=[32m"#e67e22"[39m
                [33mstroke-linecap[39m=[32m"round"[39m
                [33mstroke-linejoin[39m=[32m"round"[39m
                [33mstroke-width[39m=[32m"2"[39m
                [33mviewBox[39m=[32m"0 0 24 24"[39m
                [33mwidth[39m=[32m"24"[39m
                [33mxmlns[39m=[32m"http://www.w3.org/2000/svg"[39m
              [36m>[39m
                [36m<path[39m
                  [33md[39m=[32m"M19 21v-2a4 4 0 0 0-4-4H9a4 4 0 0 0-4 4v2"[39m
                [36m/>[39m
                [36m<circle[39m
                  [33mcx[39m=[32m"12"[39m
                  [33mcy[39m=[32m"7"[39m
                  [33mr[39m=[32m"4"[39m
                [36m/>[39m
              [36m</svg>[39m
              [36m<h3>[39m
                [0mProfile Information[0m
              [36m</h3>[39m
            [36m</div>[39m
            [36m<button[39m
              [33mclass[39m=[32m"toggle-btn active"[39m
              [33mstyle[39m=[32m"padding: 8px 16px;"[39m
            [36m>[39m
              [0mCancel[0m
            [36m</button>[39m
          [36m</div>[39m
          [36m<div[39m
            [33mclass[39m=[32m"settings-row"[39m
            [33mstyle[39m=[32m"align-items: flex-start; gap: 15px; flex-direction: column;"[39m
          [36m>[39m
            [36m<div[39m
              [33mstyle[39m=[32m"width: 100%;"[39m
            [36m>[39m
              [36m<div[39m
                [33mclass[39m=[32m"setting-info"[39m
                [33mstyle[39m=[32m"margin-bottom: 12px;"[39m
              [36m>[39m
                [36m<span[39m
                  [33mclass[39m=[32m"setting-label"[39m
                [36m>[39m
                  [0mProfile Avatar[0m
                [36m</span>[39m
                [36m<span[39m
                  [33mclass[39m=[32m"setting-desc"[39m
                [36m>[39m
                  [0mChoose a preset avatar or upload your own image.[0m
                [36m</span>[39m
              [36m</div>[39m
              [36m<div[39m
                [33mstyle[39m=[32m"display: flex; align-items: center; gap: 15px; margin-bottom: 15px;"[39m
              [36m>[39m
                [36m<img[39m
                  [33malt[39m=[32m"Current avatar"[39m
                  [33msrc[39m=[32m"https://api.dicebear.com/7.x/avataaars/svg?seed=testuser"[39m
                  [33mstyle[39m=[32m"width: 80px; height: 80px; border-radius: 50%; border: 3px solid var(--accent-color); object-fit: cover;"[39m
                [36m/>[39m
                [36m<div>[39m
                  [36m<div[39m
                    [33mstyle[39m=[32m"font-weight: 600; margin-bottom: 4px;"[39m
                  [36m>[39m
                    [0mCurrent Avatar[0m
                  [36m</div>[39m
                  [36m<div[39m
                    [33mstyle[39m=[32m"font-size: 0.85rem; color: var(--text-muted);"[39m
                  [36m>[39m
                    [0mPreset Avatar[0m
                  [36m</div>[39m
                [36m</div>[39m
              [36m</div>[39m
              [36m<div[39m
                [33mstyle[39m=[32m"margin-bottom: 15px;"[39m
              [36m>[39m
                [36m<div[39m
                  [33mstyle[39m=[32m"font-size: 0.9rem; font-weight: 600; margin-bottom: 10px; color: var(--text-main);"[39m
                [36m>[39m
                  [0mPreset Avatars[0m
                [36m</div>[39m
                [36m<div[39m
                  [33mstyle[39m=[32m"margin-bottom: 15px;"[39m
                [36m>[39m
                  [36m<div[39m
                    [33mstyle[39m=[32m"display: grid; grid-template-columns: repeat(3, 100px); gap: 20px; justify-content: start;"[39m
                  [36m>[39m
                    [36m<div[39m
                      [33mstyle[39m=[32m"cursor: pointer; border: 2px solid var(--border-color); border-radius: 50%; padding: 3px; transition: all 0.2s; background: var(--card-bg); width: 100px; height: 100px;"[39m
                    [36m>[39m
                      [36m<img[39m
                        [33malt[39m=[32m"Male avatar 1"[39m
                        [33msrc[39m=[32m"https://api.dicebear.com/7.x/avataaars/svg?seed=John&backgroundColor=b6e3f4"[39m
                        [33mstyle[39m=[32m"width: 100%; height: 100%; border-radius: 50%;"[39m
                      [36m/>[39m
                    [36m</div>[39m
                    [36m<div[39m
                      [33mstyle[39m=[32m"cursor: pointer; border: 2px solid var(--border-color); border-radius: 50%; padding: 3px; transition: all 0.2s; background: var(--card-bg); width: 100px; height: 100px;"[39m
                    [36m>[39m
                      [36m<img[39m
                        [33malt[39m=[32m"Male avatar 2"[39m
                        [33msrc[39m=[32m"https://api.dicebear.com/7.x/avataaars/svg?seed=Robert&backgroundColor=c0aede"[39m
                        [33mstyle[39m=[32m"width: 100%; height: 100%; border-radius: 50%;"[39m
                      [36m/>[39m
                    [36m</div>[39m
                    [36m<div[39m
                      [33mstyle[39m=[32m"cursor: pointer; border: 2px solid var(--border-color); border-radius: 50%; padding: 3px; transition: all 0.2s; background: var(--card-bg); width: 100px; height: 100px;"[39m
                    [36m>[39m
                      [36m<img[39m
                        [33malt[39m=[32m"Male avatar 3"[39m
                    ...
 Γ£ô src/tests/Layout.test.jsx > Layout Component Tests > Accessibility Tests > Should use semantic main element for content 181ms
 Γ£ô src/tests/Layout.test.jsx > Layout Component Tests > Accessibility Tests > Should have proper landmark structure 46ms
 Γ£ô src/tests/Layout.test.jsx > Layout Component Tests > CSS Class Tests > Should apply dashboard-container class to wrapper 15ms
 Γ£ô src/tests/Layout.test.jsx > Layout Component Tests > CSS Class Tests > Should apply main-content class to main element 24ms
 Γ£ô src/tests/NotificationToast.test.jsx > NotificationToast Component Tests > Action Button Tests > Should render progress bar element 15ms
 Γ£ô src/tests/NotificationToast.test.jsx > NotificationToast Component Tests > Action Button Tests > Should render toast wrapper with correct class 5ms
 Γ£ô src/tests/NotificationToast.test.jsx > NotificationToast Component Tests > Content Verification Tests > Should display title inside _toast-title element 5ms
 Γ£ô src/tests/NotificationToast.test.jsx > NotificationToast Component Tests > Content Verification Tests > Should display message inside _toast-msg element 7ms
 Γ£ô src/tests/NotificationToast.test.jsx > NotificationToast Component Tests > Content Verification Tests > Should render toast row wrapper 8ms
 Γ£ô src/tests/NotificationToast.test.jsx > NotificationToast Component Tests > Content Verification Tests > Should render emoji inside _toast-emoji span 9ms
 Γ£ô src/tests/ChatBot.test.jsx > ChatBot Component Tests > Loading & Typing Indicator Tests > Send button should be disabled while loading 275ms
 Γ£ô src/tests/DailyStudyPlan.test.jsx > DailyStudyPlan Component Tests > Refresh Button Tests > Should show loading state when refresh clicked 108ms
 Γ£ô src/tests/DailyStudyPlan.test.jsx > DailyStudyPlan Component Tests > Refresh Button Tests > Should clear previous error when refresh is clicked 92ms
 Γ£ô src/tests/Layout.test.jsx > Layout Component Tests > CSS Class Tests > Should maintain CSS classes across route changes 38ms
 Γ£ô src/tests/Layout.test.jsx > Layout Component Tests > Edge Cases > Should handle empty Outlet gracefully 18ms
 Γ£ô src/tests/Layout.test.jsx > Layout Component Tests > Edge Cases > Should render without errors 16ms
 Γ£ô src/tests/Layout.test.jsx > Layout Component Tests > Edge Cases > Should maintain structure when rapidly switching routes 64ms
 Γ£ô src/tests/Settings.test.jsx > Settings Component Tests > Should enforce bio character limit 170ms
 Γ£ô src/tests/Layout.test.jsx > Layout Component Tests > Component Hierarchy Tests > Should have correct parent-child relationship 12ms
 Γ£ô src/tests/Layout.test.jsx > Layout Component Tests > Component Hierarchy Tests > Should nest Outlet content inside main element 13ms
 Γ£ô src/tests/Layout.test.jsx > Layout Component Tests > Component Hierarchy Tests > Should preserve hierarchy across different routes 15ms
 Γ£ô src/tests/ChatBot.test.jsx > ChatBot Component Tests > Error Handling Tests > Should show error message when API call fails 280ms
 Γ£ô src/tests/ForgotPassword.test.jsx > ForgotPassword Component Tests > Should display error for non-existent email 435ms
 Γ£ô src/tests/Signup.test.jsx > Signup Component Tests > Should display generic error on network failure 882ms
 Γ£ô src/tests/ResetPassword.test.jsx > ResetPassword Component Tests > Should display generic error when no response message 581ms
 Γ£ô src/tests/ChatBot.test.jsx > ChatBot Component Tests > Error Handling Tests > Should re-enable input after API returns success: false 253ms
 Γ£ô src/tests/ForgotPassword.test.jsx > ForgotPassword Component Tests > Should move to step 2 after OTP sent 359ms
 Γ£ô src/tests/Settings.test.jsx > Settings Component Tests > Should cancel profile editing 600ms
 Γ£ô src/tests/ChatBot.test.jsx > ChatBot Component Tests > Error Handling Tests > Should re-enable input after API error 245ms
 Γ£ô src/tests/Settings.test.jsx > Settings Component Tests > Should select preset male avatar 279ms
 Γ£ô src/tests/ChatBot.test.jsx > ChatBot Component Tests > Error Handling Tests > Error message should be shown as a bot message 266ms
 Γ£ô src/tests/ResetPassword.test.jsx > ResetPassword Component Tests > Should handle API error with custom message 572ms
 Γ£ô src/tests/Settings.test.jsx > Settings Component Tests > Should select preset female avatar 234ms
 Γåô src/tests/Settings.test.jsx > Settings Component Tests > Should handle custom avatar upload
 Γ£ô src/tests/Settings.test.jsx > Settings Component Tests > Should display login history 55ms
 Γ£ô src/tests/Settings.test.jsx > Settings Component Tests > Should display message when no login history 46ms
 Γ£ô src/tests/ResetPassword.test.jsx > ResetPassword Component Tests > Should show success message with green styling 609ms
 Γ£ô src/tests/ChatBot.test.jsx > ChatBot Component Tests > Conversation History Tests > Should pass conversation history in subsequent messages 780ms
 Γ£ô src/tests/Settings.test.jsx > Settings Component Tests > Should handle profile save error gracefully 538ms
 Γ£ô src/tests/ChatBot.test.jsx > ChatBot Component Tests > Conversation History Tests > Should skip greeting from history passed to API 251ms
 Γ£ô src/tests/Settings.test.jsx > Settings Component Tests > Should show saving state during profile update 266ms
 Γ£ô src/tests/Settings.test.jsx > Settings Component Tests > Should display fallback avatar when user has no avatar 43ms
 Γ£ô src/tests/Settings.test.jsx > Settings Component Tests > Should display fallback username when user has no username 64ms
 Γ£ô src/tests/ResetPassword.test.jsx > ResetPassword Component Tests > Should show error message with default error styling 550ms
 Γ£ô src/tests/ChatBot.test.jsx > ChatBot Component Tests > Conversation History Tests > Should accumulate multiple messages in the chat 634ms
 Γ£ô src/tests/ChatBot.test.jsx > ChatBot Component Tests > CSS Structure Tests > Should render chatbot-window div 5ms
 Γ£ô src/tests/ChatBot.test.jsx > ChatBot Component Tests > CSS Structure Tests > Should render chatbot-messages container 7ms
 Γ£ô src/tests/ChatBot.test.jsx > ChatBot Component Tests > CSS Structure Tests > Should render chatbot-input-area container 5ms
 Γ£ô src/tests/ChatBot.test.jsx > ChatBot Component Tests > CSS Structure Tests > Should render chatbot-send-btn 5ms
 Γ£ô src/tests/ChatBot.test.jsx > ChatBot Component Tests > CSS Structure Tests > FAB should have chatbot-fab class 6ms
 Γ£ô src/tests/ResetPassword.test.jsx > ResetPassword Component Tests > Should clear error message when submitting again 1303ms
 Γ£ô src/tests/ResetPassword.test.jsx > ResetPassword Component Tests > Should have correct input styling with padding for icons 22ms
 Γ£ô src/tests/ResetPassword.test.jsx > ResetPassword Component Tests > Should have password inputs with marginBottom: 0 20ms
 Γ£ô src/tests/ResetPassword.test.jsx > ResetPassword Component Tests > Should have labels for password inputs 12ms
 Γ£ô src/tests/ResetPassword.test.jsx > ResetPassword Component Tests > Should have appropriate placeholders 6ms
 Γ£ô src/tests/ResetPassword.test.jsx > ResetPassword Component Tests > Should have alt text for logo 7ms
 Γ£ô src/tests/ResetPassword.test.jsx > ResetPassword Component Tests > Should have correct CSS class structure 8ms
 Γ£ô src/tests/ResetPassword.test.jsx > ResetPassword Component Tests > Should have input-group class for form fields 8ms
 Γ£ô src/tests/ResetPassword.test.jsx > ResetPassword Component Tests > Should handle form submission via Enter key 533ms
 Γ£ô src/tests/ResetPassword.test.jsx > ResetPassword Component Tests > Should handle empty form submission 45ms
 Γ£ô src/tests/ResetPassword.test.jsx > ResetPassword Component Tests > Should handle very long passwords 3216ms
 Γ£ô src/tests/ResetPassword.test.jsx > ResetPassword Component Tests > Should handle special characters in password 666ms
 Γ£ô src/tests/ResetPassword.test.jsx > ResetPassword Component Tests > Should complete full password reset flow 803ms

 Test Files  8 failed | 17 passed (25)
      Tests  24 failed | 690 passed | 2 skipped (716)
   Start at  07:10:30
   Duration  21.33s (transform 7.96s, setup 11.49s, import 23.85s, tests 103.69s, environment 45.26s)

